=========================================
=== CBP-1.0 / T002: IDLE-SYSTEM BASELINE ===
=== Timestamp (UTC): 2026-09-15 12:12:18 UTC ===
=========================================

--- UPTIME & LOAD AVERAGE ---
 12:12:18 up 0 min,  0 user,  load average: 0.07, 0.02, 0.00

--- MEMORY & SWAP (free -h) ---
               total        used        free      shared  buff/cache   available
Mem:           954Mi       241Mi       711Mi       792Ki       147Mi       713Mi
Swap:          3.0Gi          0B       3.0Gi

--- VMSTAT SAMPLING (1s x 10 intervals) ---
procs -----------memory---------- ---swap-- -----io---- -system-- ------cpu-----
 r  b   swpd   free   buff  cache   si   so    bi    bo   in   cs us sy id wa st
 1  0      0 728432  19900 130828    0    0 10853  1473  652 3480 31 27 34  8  0
 1  0      0 728432  19900 130828    0    0     0     0  135  195  0  0 91  9  0
 1  0      0 728432  19900 130828    0    0     0     0  136  207  0  0 91  9  0
 1  0      0 728432  19900 130828    0    0     0   468  136  209  0  0 91  9  0
 1  0      0 728432  19900 130828    0    0     0     0  131  189  0  0 91  9  0
 1  1      0 728432  19900 130828    0    0     0     0  121  177  0  0 91  9  0
 1  0      0 728432  19900 130828    0    0     0     0  129  193  0  0 92  8  0
 1  0      0 728432  19900 130828    0    0     0     0   48   47  0  0 100  0  0
 1  0      0 728432  19900 130828    0    0     0     0   54   47  0  0 100  0  0
 1  0      0 728432  19900 130828    0    0     0    56   40   51  0  0 100  0  0

--- IOSTAT SAMPLING (1s x 10 intervals) ---
iostat not found, installing sysstat may be required

=========================================
=== T002 IDLE BASELINE COMPLETE ===
=========================================
