=========================================
=== CBP-1.0 / T010: CPU SINGLE-THREAD ===
=== Timestamp (UTC): 2026-09-15 12:13:28 UTC ===
=========================================
Running sysbench CPU test (threads=1, max-prime=20000, time=60s)...
sysbench 1.0.20 (using system LuaJIT 2.1.0-beta3)

Running the test with following options:
Number of threads: 1
Initializing random number generator from current time


Prime numbers limit: 20000

Initializing worker threads...

Threads started!

CPU speed:
    events per second:  1048.45

General statistics:
    total time:                          60.0003s
    total number of events:              62909

Latency (ms):
         min:                                    0.94
         avg:                                    0.95
         max:                                    5.90
         95th percentile:                        1.01
         sum:                                59984.92

Threads fairness:
    events (avg/stddev):           62909.0000/0.00
    execution time (avg/stddev):   59.9849/0.00

=========================================
=== T010 COMPLETE ===
=========================================
