=========================================
=== CBP-1.0 / T011: CPU MULTI-THREAD (1 CORES) ===
=== Timestamp (UTC): 2026-09-15 12:14:29 UTC ===
=========================================
Running sysbench CPU test (threads=1, max-prime=20000, time=60s)...
sysbench 1.0.20 (using system LuaJIT 2.1.0-beta3)

Running the test with following options:
Number of threads: 1
Initializing random number generator from current time


Prime numbers limit: 20000

Initializing worker threads...

Threads started!

CPU speed:
    events per second:  1046.10

General statistics:
    total time:                          60.0007s
    total number of events:              62769

Latency (ms):
         min:                                    0.94
         avg:                                    0.96
         max:                                    8.82
         95th percentile:                        1.03
         sum:                                59986.33

Threads fairness:
    events (avg/stddev):           62769.0000/0.00
    execution time (avg/stddev):   59.9863/0.00

=========================================
=== T011 COMPLETE ===
=========================================
