=========================================
=== CBP-1.0 / T031: SEQUENTIAL STORAGE THROUGHPUT ===
=== Timestamp (UTC): 2026-09-15 12:20:38 UTC ===
=========================================

--- Part 1: Sequential Write (1MB, iodepth=16, direct=1) ---
seq_write: (g=0): rw=write, bs=(R) 1024KiB-1024KiB, (W) 1024KiB-1024KiB, (T) 1024KiB-1024KiB, ioengine=libaio, iodepth=16
fio-3.33
Starting 1 process
seq_write: Laying out IO file (1 file / 4096MiB)

seq_write: (groupid=0, jobs=1): err= 0: pid=4889: Tue Sep 15 12:21:38 2026
  write: IOPS=1566, BW=1566MiB/s (1642MB/s)(91.8GiB/60010msec); 0 zone resets
    slat (usec): min=19, max=6407, avg=49.09, stdev=49.37
    clat (usec): min=753, max=90034, avg=10166.47, stdev=3361.20
     lat (usec): min=912, max=90086, avg=10215.56, stdev=3360.77
    clat percentiles (usec):
     |  1.00th=[ 7308],  5.00th=[ 7963], 10.00th=[ 8356], 20.00th=[ 8979],
     | 30.00th=[ 9372], 40.00th=[ 9634], 50.00th=[ 9896], 60.00th=[10159],
     | 70.00th=[10421], 80.00th=[10814], 90.00th=[11469], 95.00th=[12256],
     | 99.00th=[15008], 99.50th=[21103], 99.90th=[66323], 99.95th=[68682],
     | 99.99th=[76022]
   bw (  MiB/s): min= 1394, max= 1704, per=100.00%, avg=1567.39, stdev=62.19, samples=119
   iops        : min= 1394, max= 1704, avg=1567.39, stdev=62.19, samples=119
  lat (usec)   : 1000=0.01%
  lat (msec)   : 2=0.01%, 4=0.01%, 10=52.62%, 20=46.83%, 50=0.26%
  lat (msec)   : 100=0.27%
  cpu          : usr=6.14%, sys=2.04%, ctx=94334, majf=0, minf=12
  IO depths    : 1=0.1%, 2=0.1%, 4=0.1%, 8=0.1%, 16=100.0%, 32=0.0%, >=64=0.0%
     submit    : 0=0.0%, 4=100.0%, 8=0.0%, 16=0.0%, 32=0.0%, 64=0.0%, >=64=0.0%
     complete  : 0=0.0%, 4=100.0%, 8=0.0%, 16=0.1%, 32=0.0%, 64=0.0%, >=64=0.0%
     issued rwts: total=0,93979,0,0 short=0,0,0,0 dropped=0,0,0,0
     latency   : target=0, window=0, percentile=100.00%, depth=16

Run status group 0 (all jobs):
  WRITE: bw=1566MiB/s (1642MB/s), 1566MiB/s-1566MiB/s (1642MB/s-1642MB/s), io=91.8GiB (98.5GB), run=60010-60010msec

Disk stats (read/write):
  vda: ios=0/93955, merge=0/99, ticks=0/954447, in_queue=954447, util=92.13%

--- Part 2: Sequential Read (1MB, iodepth=16, direct=1) ---
seq_read: (g=0): rw=read, bs=(R) 1024KiB-1024KiB, (W) 1024KiB-1024KiB, (T) 1024KiB-1024KiB, ioengine=libaio, iodepth=16
fio-3.33
Starting 1 process

seq_read: (groupid=0, jobs=1): err= 0: pid=4894: Tue Sep 15 12:22:38 2026
  read: IOPS=2620, BW=2621MiB/s (2748MB/s)(154GiB/60007msec)
    slat (usec): min=4, max=296, avg= 8.93, stdev= 2.74
    clat (usec): min=727, max=11081, avg=6095.84, stdev=584.31
     lat (usec): min=735, max=11088, avg=6104.76, stdev=584.21
    clat percentiles (usec):
     |  1.00th=[ 4555],  5.00th=[ 5211], 10.00th=[ 5407], 20.00th=[ 5669],
     | 30.00th=[ 5800], 40.00th=[ 5932], 50.00th=[ 6128], 60.00th=[ 6259],
     | 70.00th=[ 6390], 80.00th=[ 6521], 90.00th=[ 6783], 95.00th=[ 7046],
     | 99.00th=[ 7439], 99.50th=[ 7635], 99.90th=[ 8094], 99.95th=[ 8291],
     | 99.99th=[ 9372]
   bw (  MiB/s): min= 2568, max= 2646, per=100.00%, avg=2621.45, stdev=16.16, samples=119
   iops        : min= 2568, max= 2646, avg=2621.45, stdev=16.16, samples=119
  lat (usec)   : 750=0.01%
  lat (msec)   : 2=0.03%, 4=0.37%, 10=99.59%, 20=0.01%
  cpu          : usr=0.83%, sys=2.89%, ctx=155145, majf=0, minf=529
  IO depths    : 1=0.1%, 2=0.1%, 4=0.1%, 8=0.1%, 16=100.0%, 32=0.0%, >=64=0.0%
     submit    : 0=0.0%, 4=100.0%, 8=0.0%, 16=0.0%, 32=0.0%, 64=0.0%, >=64=0.0%
     complete  : 0=0.0%, 4=100.0%, 8=0.0%, 16=0.1%, 32=0.0%, 64=0.0%, >=64=0.0%
     issued rwts: total=157251,0,0,0 short=0,0,0,0 dropped=0,0,0,0
     latency   : target=0, window=0, percentile=100.00%, depth=16

Run status group 0 (all jobs):
   READ: bw=2621MiB/s (2748MB/s), 2621MiB/s-2621MiB/s (2748MB/s-2748MB/s), io=154GiB (165GB), run=60007-60007msec

Disk stats (read/write):
  vda: ios=156968/44, merge=0/6, ticks=956993/5, in_queue=956998, util=97.38%

=========================================
=== T031 COMPLETE ===
=========================================
