=========================================
=== CBP-1.0 / T052: MIXED OLTP SCALING (Scale 10) ===
=== Duration per test: 180s, Interval: 5s ===
=== Timestamp (UTC): 2026-09-15 12:26:59 UTC ===
=========================================

------------------------------------------------------------
=== Running Mixed OLTP: Clients=1, Threads=1, Duration=180s ===
------------------------------------------------------------
pgbench (18.6 (Debian 18.6-1.pgdg12+2))
starting vacuum...end.
progress: 5.0 s, 2097.2 tps, lat 0.476 ms stddev 0.276, 0 failed
progress: 10.0 s, 2150.0 tps, lat 0.465 ms stddev 0.221, 0 failed
progress: 15.0 s, 2160.8 tps, lat 0.462 ms stddev 0.123, 0 failed
progress: 20.0 s, 2171.0 tps, lat 0.460 ms stddev 0.065, 0 failed
progress: 25.0 s, 2156.4 tps, lat 0.463 ms stddev 0.059, 0 failed
progress: 30.0 s, 2145.2 tps, lat 0.466 ms stddev 0.187, 0 failed
progress: 35.0 s, 2195.0 tps, lat 0.455 ms stddev 0.055, 0 failed
progress: 40.0 s, 2190.6 tps, lat 0.456 ms stddev 0.069, 0 failed
progress: 45.0 s, 2184.2 tps, lat 0.457 ms stddev 0.177, 0 failed
progress: 50.0 s, 1978.2 tps, lat 0.505 ms stddev 0.225, 0 failed
progress: 55.0 s, 2136.2 tps, lat 0.468 ms stddev 0.060, 0 failed
progress: 60.0 s, 2160.6 tps, lat 0.462 ms stddev 0.051, 0 failed
progress: 65.0 s, 2153.2 tps, lat 0.464 ms stddev 0.179, 0 failed
progress: 70.0 s, 2164.8 tps, lat 0.461 ms stddev 0.062, 0 failed
progress: 75.0 s, 2164.8 tps, lat 0.461 ms stddev 0.055, 0 failed
progress: 80.0 s, 2156.2 tps, lat 0.463 ms stddev 0.093, 0 failed
progress: 85.0 s, 2126.0 tps, lat 0.470 ms stddev 0.173, 0 failed
progress: 90.0 s, 2018.0 tps, lat 0.495 ms stddev 0.325, 0 failed
progress: 95.0 s, 2088.2 tps, lat 0.478 ms stddev 0.237, 0 failed
progress: 100.0 s, 2092.2 tps, lat 0.477 ms stddev 0.193, 0 failed
progress: 105.0 s, 2130.4 tps, lat 0.469 ms stddev 0.183, 0 failed
progress: 110.0 s, 2044.6 tps, lat 0.489 ms stddev 0.328, 0 failed
progress: 115.0 s, 2197.0 tps, lat 0.455 ms stddev 0.150, 0 failed
progress: 120.0 s, 2194.2 tps, lat 0.455 ms stddev 0.053, 0 failed
progress: 125.0 s, 2188.2 tps, lat 0.457 ms stddev 0.101, 0 failed
progress: 130.0 s, 2195.2 tps, lat 0.455 ms stddev 0.181, 0 failed
progress: 135.0 s, 2201.0 tps, lat 0.454 ms stddev 0.054, 0 failed
progress: 140.0 s, 2205.0 tps, lat 0.453 ms stddev 0.054, 0 failed
progress: 145.0 s, 2202.6 tps, lat 0.453 ms stddev 0.054, 0 failed
progress: 150.0 s, 2142.0 tps, lat 0.466 ms stddev 0.186, 0 failed
progress: 155.0 s, 2202.0 tps, lat 0.454 ms stddev 0.056, 0 failed
progress: 160.0 s, 2158.8 tps, lat 0.463 ms stddev 0.055, 0 failed
progress: 165.0 s, 2187.2 tps, lat 0.457 ms stddev 0.055, 0 failed
progress: 170.0 s, 2005.2 tps, lat 0.498 ms stddev 0.267, 0 failed
progress: 175.0 s, 2136.6 tps, lat 0.467 ms stddev 0.054, 0 failed
progress: 180.0 s, 2141.6 tps, lat 0.466 ms stddev 0.056, 0 failed
transaction type: <builtin: TPC-B (sort of)>
scaling factor: 10
query mode: simple
number of clients: 1
number of threads: 1
maximum number of tries: 1
duration: 180 s
number of transactions actually processed: 386103
number of failed transactions: 0 (0.000%)
latency average = 0.466 ms
latency stddev = 0.156 ms
initial connection time = 4.193 ms
tps = 2145.058567 (without initial connection time)
statement latencies in milliseconds and failures:
         0.001           0 \set aid random(1, 100000 * :scale)
         0.000           0 \set bid random(1, 1 * :scale)
         0.000           0 \set tid random(1, 10 * :scale)
         0.000           0 \set delta random(-5000, 5000)
         0.021           0 BEGIN;
         0.082           0 UPDATE pgbench_accounts SET abalance = abalance + :delta WHERE aid = :aid;
         0.062           0 SELECT abalance FROM pgbench_accounts WHERE aid = :aid;
         0.071           0 UPDATE pgbench_tellers SET tbalance = tbalance + :delta WHERE tid = :tid;
         0.065           0 UPDATE pgbench_branches SET bbalance = bbalance + :delta WHERE bid = :bid;
         0.048           0 INSERT INTO pgbench_history (tid, bid, aid, delta, mtime) VALUES (:tid, :bid, :aid, :delta, CURRENT_TIMESTAMP);
         0.115           0 END;

------------------------------------------------------------
=== Running Mixed OLTP: Clients=4, Threads=1, Duration=180s ===
------------------------------------------------------------
pgbench (18.6 (Debian 18.6-1.pgdg12+2))
starting vacuum...end.
progress: 5.0 s, 2044.6 tps, lat 1.951 ms stddev 0.324, 0 failed
progress: 10.0 s, 2065.4 tps, lat 1.937 ms stddev 0.484, 0 failed
progress: 15.0 s, 2055.0 tps, lat 1.946 ms stddev 0.280, 0 failed
progress: 20.0 s, 2056.4 tps, lat 1.945 ms stddev 0.309, 0 failed
progress: 25.0 s, 2058.0 tps, lat 1.944 ms stddev 0.455, 0 failed
progress: 30.0 s, 2051.0 tps, lat 1.949 ms stddev 0.298, 0 failed
progress: 35.0 s, 2074.4 tps, lat 1.928 ms stddev 0.284, 0 failed
progress: 40.0 s, 2055.8 tps, lat 1.945 ms stddev 0.306, 0 failed
progress: 45.0 s, 1925.0 tps, lat 2.078 ms stddev 0.664, 0 failed
progress: 50.0 s, 2049.2 tps, lat 1.952 ms stddev 0.289, 0 failed
progress: 55.0 s, 2050.6 tps, lat 1.950 ms stddev 0.290, 0 failed
progress: 60.0 s, 2025.4 tps, lat 1.975 ms stddev 0.440, 0 failed
progress: 65.0 s, 2029.8 tps, lat 1.970 ms stddev 0.339, 0 failed
progress: 70.0 s, 2031.2 tps, lat 1.969 ms stddev 0.298, 0 failed
progress: 75.0 s, 2021.2 tps, lat 1.979 ms stddev 0.482, 0 failed
progress: 80.0 s, 2034.4 tps, lat 1.966 ms stddev 0.289, 0 failed
progress: 85.0 s, 2037.4 tps, lat 1.963 ms stddev 0.288, 0 failed
progress: 90.0 s, 2030.2 tps, lat 1.970 ms stddev 0.447, 0 failed
progress: 95.0 s, 2041.2 tps, lat 1.959 ms stddev 0.290, 0 failed
progress: 100.0 s, 2035.8 tps, lat 1.964 ms stddev 0.291, 0 failed
progress: 105.0 s, 1923.2 tps, lat 2.079 ms stddev 0.498, 0 failed
progress: 110.0 s, 2026.0 tps, lat 1.974 ms stddev 0.436, 0 failed
progress: 115.0 s, 2042.0 tps, lat 1.959 ms stddev 0.290, 0 failed
progress: 120.0 s, 2039.8 tps, lat 1.960 ms stddev 0.296, 0 failed
progress: 125.0 s, 2028.0 tps, lat 1.972 ms stddev 0.492, 0 failed
progress: 130.0 s, 2035.0 tps, lat 1.965 ms stddev 0.290, 0 failed
progress: 135.0 s, 2045.4 tps, lat 1.955 ms stddev 0.297, 0 failed
progress: 140.0 s, 2034.6 tps, lat 1.966 ms stddev 0.300, 0 failed
progress: 145.0 s, 1911.6 tps, lat 2.092 ms stddev 0.841, 0 failed
progress: 150.0 s, 2034.6 tps, lat 1.965 ms stddev 0.300, 0 failed
progress: 155.0 s, 2035.8 tps, lat 1.965 ms stddev 0.292, 0 failed
progress: 160.0 s, 2027.4 tps, lat 1.972 ms stddev 0.444, 0 failed
progress: 165.0 s, 1924.4 tps, lat 2.078 ms stddev 0.519, 0 failed
progress: 170.0 s, 2045.2 tps, lat 1.956 ms stddev 0.361, 0 failed
progress: 175.0 s, 2061.0 tps, lat 1.941 ms stddev 0.284, 0 failed
progress: 180.0 s, 2057.4 tps, lat 1.943 ms stddev 0.288, 0 failed
transaction type: <builtin: TPC-B (sort of)>
scaling factor: 10
query mode: simple
number of clients: 4
number of threads: 1
maximum number of tries: 1
duration: 180 s
number of transactions actually processed: 365221
number of failed transactions: 0 (0.000%)
latency average = 1.971 ms
latency stddev = 0.391 ms
initial connection time = 11.892 ms
tps = 2029.086978 (without initial connection time)
statement latencies in milliseconds and failures:
         0.001           0 \set aid random(1, 100000 * :scale)
         0.000           0 \set bid random(1, 1 * :scale)
         0.000           0 \set tid random(1, 10 * :scale)
         0.000           0 \set delta random(-5000, 5000)
         0.098           0 BEGIN;
         0.122           0 UPDATE pgbench_accounts SET abalance = abalance + :delta WHERE aid = :aid;
         0.372           0 SELECT abalance FROM pgbench_accounts WHERE aid = :aid;
         0.319           0 UPDATE pgbench_tellers SET tbalance = tbalance + :delta WHERE tid = :tid;
         0.392           0 UPDATE pgbench_branches SET bbalance = bbalance + :delta WHERE bid = :bid;
         0.234           0 INSERT INTO pgbench_history (tid, bid, aid, delta, mtime) VALUES (:tid, :bid, :aid, :delta, CURRENT_TIMESTAMP);
         0.433           0 END;

------------------------------------------------------------
=== Running Mixed OLTP: Clients=8, Threads=1, Duration=180s ===
------------------------------------------------------------
pgbench (18.6 (Debian 18.6-1.pgdg12+2))
starting vacuum...end.
progress: 5.0 s, 1902.4 tps, lat 4.185 ms stddev 0.525, 0 failed
progress: 10.0 s, 1929.6 tps, lat 4.146 ms stddev 0.346, 0 failed
progress: 15.0 s, 1927.2 tps, lat 4.150 ms stddev 0.390, 0 failed
progress: 20.0 s, 1893.2 tps, lat 4.226 ms stddev 0.934, 0 failed
progress: 25.0 s, 1914.0 tps, lat 4.180 ms stddev 0.971, 0 failed
progress: 30.0 s, 1926.0 tps, lat 4.152 ms stddev 0.654, 0 failed
progress: 35.0 s, 1934.2 tps, lat 4.136 ms stddev 0.707, 0 failed
progress: 40.0 s, 1805.0 tps, lat 4.431 ms stddev 0.908, 0 failed
progress: 45.0 s, 1929.6 tps, lat 4.146 ms stddev 0.721, 0 failed
progress: 50.0 s, 1885.0 tps, lat 4.243 ms stddev 0.507, 0 failed
progress: 55.0 s, 1931.8 tps, lat 4.140 ms stddev 0.368, 0 failed
progress: 60.0 s, 1922.2 tps, lat 4.163 ms stddev 0.729, 0 failed
progress: 65.0 s, 1929.2 tps, lat 4.146 ms stddev 0.396, 0 failed
progress: 70.0 s, 1923.8 tps, lat 4.158 ms stddev 0.368, 0 failed
progress: 75.0 s, 1926.0 tps, lat 4.153 ms stddev 0.375, 0 failed
progress: 80.0 s, 1924.6 tps, lat 4.156 ms stddev 0.701, 0 failed
progress: 85.0 s, 1937.4 tps, lat 4.129 ms stddev 0.349, 0 failed
progress: 90.0 s, 1931.2 tps, lat 4.141 ms stddev 0.355, 0 failed
progress: 95.0 s, 1933.2 tps, lat 4.138 ms stddev 0.345, 0 failed
progress: 100.0 s, 1810.4 tps, lat 4.419 ms stddev 1.067, 0 failed
progress: 105.0 s, 1936.8 tps, lat 4.130 ms stddev 0.360, 0 failed
progress: 110.0 s, 1934.2 tps, lat 4.136 ms stddev 0.349, 0 failed
progress: 115.0 s, 1923.2 tps, lat 4.158 ms stddev 0.715, 0 failed
progress: 120.0 s, 1937.2 tps, lat 4.129 ms stddev 0.365, 0 failed
progress: 125.0 s, 1938.6 tps, lat 4.126 ms stddev 0.410, 0 failed
progress: 130.0 s, 1935.8 tps, lat 4.132 ms stddev 0.350, 0 failed
progress: 135.0 s, 1929.6 tps, lat 4.146 ms stddev 0.703, 0 failed
progress: 140.0 s, 1932.0 tps, lat 4.140 ms stddev 0.346, 0 failed
progress: 145.0 s, 1937.6 tps, lat 4.129 ms stddev 0.346, 0 failed
progress: 150.0 s, 1935.2 tps, lat 4.133 ms stddev 0.348, 0 failed
progress: 155.0 s, 1929.8 tps, lat 4.145 ms stddev 0.755, 0 failed
progress: 160.0 s, 1791.8 tps, lat 4.465 ms stddev 0.652, 0 failed
progress: 165.0 s, 1915.2 tps, lat 4.177 ms stddev 0.361, 0 failed
progress: 170.0 s, 1918.4 tps, lat 4.170 ms stddev 0.355, 0 failed
progress: 175.0 s, 1908.6 tps, lat 4.189 ms stddev 0.728, 0 failed
progress: 180.0 s, 1911.0 tps, lat 4.187 ms stddev 0.408, 0 failed
transaction type: <builtin: TPC-B (sort of)>
scaling factor: 10
query mode: simple
number of clients: 8
number of threads: 1
maximum number of tries: 1
duration: 180 s
number of transactions actually processed: 344663
number of failed transactions: 0 (0.000%)
latency average = 4.177 ms
latency stddev = 0.581 ms
initial connection time = 21.024 ms
tps = 1914.864177 (without initial connection time)
statement latencies in milliseconds and failures:
         0.001           0 \set aid random(1, 100000 * :scale)
         0.000           0 \set bid random(1, 1 * :scale)
         0.000           0 \set tid random(1, 10 * :scale)
         0.000           0 \set delta random(-5000, 5000)
         0.165           0 BEGIN;
         0.227           0 UPDATE pgbench_accounts SET abalance = abalance + :delta WHERE aid = :aid;
         0.748           0 SELECT abalance FROM pgbench_accounts WHERE aid = :aid;
         0.678           0 UPDATE pgbench_tellers SET tbalance = tbalance + :delta WHERE tid = :tid;
         0.951           0 UPDATE pgbench_branches SET bbalance = bbalance + :delta WHERE bid = :bid;
         0.538           0 INSERT INTO pgbench_history (tid, bid, aid, delta, mtime) VALUES (:tid, :bid, :aid, :delta, CURRENT_TIMESTAMP);
         0.869           0 END;

------------------------------------------------------------
=== Running Mixed OLTP: Clients=16, Threads=1, Duration=180s ===
------------------------------------------------------------
pgbench (18.6 (Debian 18.6-1.pgdg12+2))
starting vacuum...end.
progress: 5.0 s, 1783.0 tps, lat 8.894 ms stddev 1.259, 0 failed
progress: 10.0 s, 1825.0 tps, lat 8.766 ms stddev 0.731, 0 failed
progress: 15.0 s, 1784.4 tps, lat 8.965 ms stddev 1.121, 0 failed
progress: 20.0 s, 1823.8 tps, lat 8.772 ms stddev 1.766, 0 failed
progress: 25.0 s, 1836.6 tps, lat 8.711 ms stddev 0.716, 0 failed
progress: 30.0 s, 1834.8 tps, lat 8.720 ms stddev 0.727, 0 failed
progress: 35.0 s, 1800.4 tps, lat 8.887 ms stddev 0.949, 0 failed
progress: 40.0 s, 1816.6 tps, lat 8.807 ms stddev 1.837, 0 failed
progress: 45.0 s, 1824.6 tps, lat 8.767 ms stddev 0.726, 0 failed
progress: 50.0 s, 1818.2 tps, lat 8.801 ms stddev 0.784, 0 failed
progress: 55.0 s, 1776.6 tps, lat 9.004 ms stddev 1.120, 0 failed
progress: 60.0 s, 1813.6 tps, lat 8.824 ms stddev 1.774, 0 failed
progress: 65.0 s, 1825.8 tps, lat 8.761 ms stddev 0.739, 0 failed
progress: 70.0 s, 1826.6 tps, lat 8.757 ms stddev 0.716, 0 failed
progress: 75.0 s, 1822.4 tps, lat 8.781 ms stddev 0.738, 0 failed
progress: 80.0 s, 1818.2 tps, lat 8.797 ms stddev 1.763, 0 failed
progress: 85.0 s, 1825.2 tps, lat 8.766 ms stddev 0.716, 0 failed
progress: 90.0 s, 1821.0 tps, lat 8.784 ms stddev 0.773, 0 failed
progress: 95.0 s, 1686.2 tps, lat 9.492 ms stddev 1.122, 0 failed
progress: 100.0 s, 1804.2 tps, lat 8.868 ms stddev 1.826, 0 failed
progress: 105.0 s, 1827.6 tps, lat 8.753 ms stddev 0.727, 0 failed
progress: 110.0 s, 1822.4 tps, lat 8.781 ms stddev 0.737, 0 failed
progress: 115.0 s, 1802.6 tps, lat 8.874 ms stddev 0.882, 0 failed
progress: 120.0 s, 1827.6 tps, lat 8.753 ms stddev 0.707, 0 failed
progress: 125.0 s, 1825.4 tps, lat 8.764 ms stddev 0.724, 0 failed
progress: 130.0 s, 1816.6 tps, lat 8.807 ms stddev 0.791, 0 failed
progress: 135.0 s, 1801.2 tps, lat 8.884 ms stddev 0.802, 0 failed
progress: 140.0 s, 1810.2 tps, lat 8.838 ms stddev 0.767, 0 failed
progress: 145.0 s, 1804.6 tps, lat 8.866 ms stddev 0.885, 0 failed
progress: 150.0 s, 1820.2 tps, lat 8.788 ms stddev 0.746, 0 failed
progress: 155.0 s, 1677.2 tps, lat 9.537 ms stddev 1.088, 0 failed
progress: 160.0 s, 1806.6 tps, lat 8.859 ms stddev 0.887, 0 failed
progress: 165.0 s, 1828.8 tps, lat 8.748 ms stddev 0.713, 0 failed
progress: 170.0 s, 1824.2 tps, lat 8.770 ms stddev 0.719, 0 failed
progress: 175.0 s, 1821.4 tps, lat 8.784 ms stddev 0.790, 0 failed
progress: 180.0 s, 1826.0 tps, lat 8.763 ms stddev 0.711, 0 failed
transaction type: <builtin: TPC-B (sort of)>
scaling factor: 10
query mode: simple
number of clients: 16
number of threads: 1
maximum number of tries: 1
duration: 180 s
number of transactions actually processed: 325565
number of failed transactions: 0 (0.000%)
latency average = 8.844 ms
latency stddev = 1.042 ms
initial connection time = 40.044 ms
tps = 1808.821414 (without initial connection time)
statement latencies in milliseconds and failures:
         0.001           0 \set aid random(1, 100000 * :scale)
         0.000           0 \set bid random(1, 1 * :scale)
         0.000           0 \set tid random(1, 10 * :scale)
         0.000           0 \set delta random(-5000, 5000)
         0.406           0 BEGIN;
         0.373           0 UPDATE pgbench_accounts SET abalance = abalance + :delta WHERE aid = :aid;
         1.569           0 SELECT abalance FROM pgbench_accounts WHERE aid = :aid;
         1.517           0 UPDATE pgbench_tellers SET tbalance = tbalance + :delta WHERE tid = :tid;
         2.415           0 UPDATE pgbench_branches SET bbalance = bbalance + :delta WHERE bid = :bid;
         0.961           0 INSERT INTO pgbench_history (tid, bid, aid, delta, mtime) VALUES (:tid, :bid, :aid, :delta, CURRENT_TIMESTAMP);
         1.601           0 END;

------------------------------------------------------------
=== Running Mixed OLTP: Clients=32, Threads=1, Duration=180s ===
------------------------------------------------------------
pgbench (18.6 (Debian 18.6-1.pgdg12+2))
starting vacuum...end.
progress: 5.0 s, 1634.6 tps, lat 19.228 ms stddev 3.079, 0 failed
progress: 10.0 s, 1707.6 tps, lat 18.742 ms stddev 1.712, 0 failed
progress: 15.0 s, 1712.2 tps, lat 18.689 ms stddev 1.734, 0 failed
progress: 20.0 s, 1708.6 tps, lat 18.731 ms stddev 1.741, 0 failed
progress: 25.0 s, 1711.4 tps, lat 18.692 ms stddev 1.728, 0 failed
progress: 30.0 s, 1699.4 tps, lat 18.830 ms stddev 2.181, 0 failed
progress: 35.0 s, 1731.8 tps, lat 18.479 ms stddev 1.693, 0 failed
progress: 40.0 s, 1735.8 tps, lat 18.434 ms stddev 1.710, 0 failed
progress: 45.0 s, 1729.6 tps, lat 18.501 ms stddev 1.748, 0 failed
progress: 50.0 s, 1720.6 tps, lat 18.597 ms stddev 2.176, 0 failed
progress: 55.0 s, 1735.8 tps, lat 18.431 ms stddev 1.722, 0 failed
progress: 60.0 s, 1739.0 tps, lat 18.401 ms stddev 1.661, 0 failed
progress: 65.0 s, 1735.0 tps, lat 18.444 ms stddev 1.786, 0 failed
progress: 70.0 s, 1737.6 tps, lat 18.418 ms stddev 1.739, 0 failed
progress: 75.0 s, 1742.4 tps, lat 18.366 ms stddev 1.703, 0 failed
progress: 80.0 s, 1742.0 tps, lat 18.369 ms stddev 1.681, 0 failed
progress: 85.0 s, 1730.8 tps, lat 18.482 ms stddev 1.778, 0 failed
progress: 90.0 s, 1642.0 tps, lat 19.485 ms stddev 2.144, 0 failed
progress: 95.0 s, 1627.0 tps, lat 19.676 ms stddev 2.133, 0 failed
progress: 100.0 s, 1702.4 tps, lat 18.793 ms stddev 1.957, 0 failed
progress: 105.0 s, 1731.2 tps, lat 18.485 ms stddev 1.766, 0 failed
progress: 110.0 s, 1724.0 tps, lat 18.558 ms stddev 2.070, 0 failed
progress: 115.0 s, 1741.6 tps, lat 18.376 ms stddev 1.673, 0 failed
progress: 120.0 s, 1732.8 tps, lat 18.464 ms stddev 1.898, 0 failed
progress: 125.0 s, 1736.0 tps, lat 18.431 ms stddev 1.763, 0 failed
progress: 130.0 s, 1725.4 tps, lat 18.546 ms stddev 1.722, 0 failed
progress: 135.0 s, 1719.2 tps, lat 18.613 ms stddev 1.863, 0 failed
progress: 140.0 s, 1730.4 tps, lat 18.495 ms stddev 1.667, 0 failed
progress: 145.0 s, 1724.2 tps, lat 18.553 ms stddev 1.753, 0 failed
progress: 150.0 s, 1723.6 tps, lat 18.568 ms stddev 1.786, 0 failed
progress: 155.0 s, 1694.8 tps, lat 18.884 ms stddev 2.017, 0 failed
progress: 160.0 s, 1734.4 tps, lat 18.445 ms stddev 1.695, 0 failed
progress: 165.0 s, 1731.0 tps, lat 18.484 ms stddev 1.683, 0 failed
progress: 170.0 s, 1734.6 tps, lat 18.448 ms stddev 1.719, 0 failed
progress: 175.0 s, 1733.6 tps, lat 18.460 ms stddev 1.793, 0 failed
progress: 180.0 s, 1742.6 tps, lat 18.365 ms stddev 1.691, 0 failed
transaction type: <builtin: TPC-B (sort of)>
scaling factor: 10
query mode: simple
number of clients: 32
number of threads: 1
maximum number of tries: 1
duration: 180 s
number of transactions actually processed: 309457
number of failed transactions: 0 (0.000%)
latency average = 18.608 ms
latency stddev = 1.915 ms
initial connection time = 78.767 ms
tps = 1719.219309 (without initial connection time)
statement latencies in milliseconds and failures:
         0.001           0 \set aid random(1, 100000 * :scale)
         0.000           0 \set bid random(1, 1 * :scale)
         0.000           0 \set tid random(1, 10 * :scale)
         0.000           0 \set delta random(-5000, 5000)
         0.875           0 BEGIN;
         0.687           0 UPDATE pgbench_accounts SET abalance = abalance + :delta WHERE aid = :aid;
         3.273           0 SELECT abalance FROM pgbench_accounts WHERE aid = :aid;
         3.655           0 UPDATE pgbench_tellers SET tbalance = tbalance + :delta WHERE tid = :tid;
         6.132           0 UPDATE pgbench_branches SET bbalance = bbalance + :delta WHERE bid = :bid;
         1.247           0 INSERT INTO pgbench_history (tid, bid, aid, delta, mtime) VALUES (:tid, :bid, :aid, :delta, CURRENT_TIMESTAMP);
         2.738           0 END;

=========================================
=== T052 COMPLETE ===
=========================================
