=========================================
=== CBP-1.0 / T053: SELECT-ONLY SCALING (Scale 10) ===
=== Duration per test: 120s, Interval: 5s ===
=== Timestamp (UTC): 2026-09-15 12:42:26 UTC ===
=========================================

------------------------------------------------------------
=== Running SELECT-Only: Clients=1, Threads=1, Duration=120s ===
------------------------------------------------------------
pgbench (18.6 (Debian 18.6-1.pgdg12+2))
starting vacuum...end.
progress: 5.0 s, 15530.4 tps, lat 0.064 ms stddev 0.020, 0 failed
progress: 10.0 s, 16234.8 tps, lat 0.061 ms stddev 0.021, 0 failed
progress: 15.0 s, 16478.6 tps, lat 0.060 ms stddev 0.014, 0 failed
progress: 20.0 s, 16007.5 tps, lat 0.062 ms stddev 0.057, 0 failed
progress: 25.0 s, 16514.1 tps, lat 0.060 ms stddev 0.007, 0 failed
progress: 30.0 s, 16548.0 tps, lat 0.060 ms stddev 0.008, 0 failed
progress: 35.0 s, 16535.5 tps, lat 0.060 ms stddev 0.006, 0 failed
progress: 40.0 s, 16430.1 tps, lat 0.060 ms stddev 0.011, 0 failed
progress: 45.0 s, 16490.6 tps, lat 0.060 ms stddev 0.006, 0 failed
progress: 50.0 s, 16539.8 tps, lat 0.060 ms stddev 0.006, 0 failed
progress: 55.0 s, 16542.0 tps, lat 0.060 ms stddev 0.006, 0 failed
progress: 60.0 s, 16499.7 tps, lat 0.060 ms stddev 0.010, 0 failed
progress: 65.0 s, 16559.9 tps, lat 0.060 ms stddev 0.006, 0 failed
progress: 70.0 s, 16536.7 tps, lat 0.060 ms stddev 0.006, 0 failed
progress: 75.0 s, 16539.0 tps, lat 0.060 ms stddev 0.006, 0 failed
progress: 80.0 s, 16520.3 tps, lat 0.060 ms stddev 0.011, 0 failed
progress: 85.0 s, 16514.2 tps, lat 0.060 ms stddev 0.006, 0 failed
progress: 90.0 s, 16606.8 tps, lat 0.060 ms stddev 0.006, 0 failed
progress: 95.0 s, 16612.8 tps, lat 0.060 ms stddev 0.006, 0 failed
progress: 100.0 s, 16505.2 tps, lat 0.060 ms stddev 0.011, 0 failed
progress: 105.0 s, 16492.4 tps, lat 0.060 ms stddev 0.006, 0 failed
progress: 110.0 s, 16495.0 tps, lat 0.060 ms stddev 0.006, 0 failed
progress: 115.0 s, 16465.4 tps, lat 0.060 ms stddev 0.006, 0 failed
progress: 120.0 s, 16454.6 tps, lat 0.060 ms stddev 0.011, 0 failedtransaction type: <builtin: select only>
scaling factor: 10
query mode: simple
number of clients: 1
number of threads: 1
maximum number of tries: 1
duration: 120 s
number of transactions actually processed: 1973267
number of failed transactions: 0 (0.000%)
latency average = 0.060 ms
latency stddev = 0.015 ms
initial connection time = 4.809 ms
tps = 16444.517518 (without initial connection time)
statement latencies in milliseconds and failures:
         0.000           0 \set aid random(1, 100000 * :scale)
         0.060           0 SELECT abalance FROM pgbench_accounts WHERE aid = :aid;


------------------------------------------------------------
=== Running SELECT-Only: Clients=4, Threads=1, Duration=120s ===
------------------------------------------------------------
pgbench (18.6 (Debian 18.6-1.pgdg12+2))
starting vacuum...end.
progress: 5.0 s, 13279.3 tps, lat 0.300 ms stddev 0.063, 0 failed
progress: 10.0 s, 13476.5 tps, lat 0.296 ms stddev 0.039, 0 failed
progress: 15.0 s, 13457.5 tps, lat 0.297 ms stddev 0.044, 0 failed
progress: 20.0 s, 13481.6 tps, lat 0.296 ms stddev 0.039, 0 failed
progress: 25.0 s, 13492.0 tps, lat 0.296 ms stddev 0.038, 0 failed
progress: 30.0 s, 13482.1 tps, lat 0.296 ms stddev 0.039, 0 failed
progress: 35.0 s, 13446.2 tps, lat 0.297 ms stddev 0.050, 0 failed
progress: 40.0 s, 13515.6 tps, lat 0.296 ms stddev 0.038, 0 failed
progress: 45.0 s, 13521.0 tps, lat 0.295 ms stddev 0.038, 0 failed
progress: 50.0 s, 13521.0 tps, lat 0.295 ms stddev 0.037, 0 failed
progress: 55.0 s, 13498.2 tps, lat 0.296 ms stddev 0.043, 0 failed
progress: 60.0 s, 13507.5 tps, lat 0.296 ms stddev 0.038, 0 failed
progress: 65.0 s, 13506.1 tps, lat 0.296 ms stddev 0.038, 0 failed
progress: 70.0 s, 13506.0 tps, lat 0.296 ms stddev 0.038, 0 failed
progress: 75.0 s, 13478.7 tps, lat 0.296 ms stddev 0.044, 0 failed
progress: 80.0 s, 13482.2 tps, lat 0.296 ms stddev 0.038, 0 failed
progress: 85.0 s, 13489.4 tps, lat 0.296 ms stddev 0.038, 0 failed
progress: 90.0 s, 13472.0 tps, lat 0.296 ms stddev 0.039, 0 failed
progress: 95.0 s, 13470.1 tps, lat 0.297 ms stddev 0.044, 0 failed
progress: 100.0 s, 13485.7 tps, lat 0.296 ms stddev 0.038, 0 failed
progress: 105.0 s, 13497.3 tps, lat 0.296 ms stddev 0.038, 0 failed
progress: 110.0 s, 13510.5 tps, lat 0.296 ms stddev 0.038, 0 failed
progress: 115.0 s, 13472.6 tps, lat 0.296 ms stddev 0.043, 0 failed
transaction type: <builtin: select only>
scaling factor: 10
query mode: simple
number of clients: 4
number of threads: 1
maximum number of tries: 1
duration: 120 s
number of transactions actually processed: 1617896
number of failed transactions: 0 (0.000%)
latency average = 0.296 ms
latency stddev = 0.041 ms
initial connection time = 11.880 ms
tps = 13483.745600 (without initial connection time)
statement latencies in milliseconds and failures:
         0.000           0 \set aid random(1, 100000 * :scale)
         0.296           0 SELECT abalance FROM pgbench_accounts WHERE aid = :aid;
progress: 120.0 s, 13529.4 tps, lat 0.295 ms stddev 0.038, 0 failed

------------------------------------------------------------
=== Running SELECT-Only: Clients=8, Threads=1, Duration=120s ===
------------------------------------------------------------
pgbench (18.6 (Debian 18.6-1.pgdg12+2))
starting vacuum...end.
progress: 5.0 s, 12800.9 tps, lat 0.622 ms stddev 0.134, 0 failed
progress: 10.0 s, 13122.7 tps, lat 0.609 ms stddev 0.077, 0 failed
progress: 15.0 s, 13055.4 tps, lat 0.612 ms stddev 0.070, 0 failed
progress: 20.0 s, 13113.7 tps, lat 0.610 ms stddev 0.071, 0 failed
progress: 25.0 s, 13108.4 tps, lat 0.610 ms stddev 0.068, 0 failed
progress: 30.0 s, 13008.2 tps, lat 0.615 ms stddev 0.076, 0 failed
progress: 35.0 s, 13083.4 tps, lat 0.611 ms stddev 0.070, 0 failed
progress: 40.0 s, 13008.3 tps, lat 0.615 ms stddev 0.070, 0 failed
progress: 45.0 s, 13026.8 tps, lat 0.614 ms stddev 0.072, 0 failed
progress: 50.0 s, 12991.4 tps, lat 0.615 ms stddev 0.076, 0 failed
progress: 55.0 s, 13015.6 tps, lat 0.614 ms stddev 0.070, 0 failed
progress: 60.0 s, 12992.9 tps, lat 0.615 ms stddev 0.069, 0 failed
progress: 65.0 s, 13135.6 tps, lat 0.609 ms stddev 0.074, 0 failed
progress: 70.0 s, 13102.7 tps, lat 0.610 ms stddev 0.109, 0 failed
progress: 75.0 s, 13144.6 tps, lat 0.608 ms stddev 0.069, 0 failed
progress: 80.0 s, 13162.5 tps, lat 0.607 ms stddev 0.068, 0 failed
progress: 85.0 s, 13155.6 tps, lat 0.608 ms stddev 0.066, 0 failed
progress: 90.0 s, 13131.8 tps, lat 0.609 ms stddev 0.072, 0 failed
progress: 95.0 s, 13137.1 tps, lat 0.608 ms stddev 0.066, 0 failed
progress: 100.0 s, 13159.0 tps, lat 0.607 ms stddev 0.066, 0 failed
progress: 105.0 s, 13164.8 tps, lat 0.607 ms stddev 0.066, 0 failed
progress: 110.0 s, 13121.1 tps, lat 0.609 ms stddev 0.073, 0 failed
progress: 115.0 s, 13168.8 tps, lat 0.607 ms stddev 0.070, 0 failed
transaction type: <builtin: select only>
scaling factor: 10
query mode: simple
number of clients: 8
number of threads: 1
maximum number of tries: 1
duration: 120 s
number of transactions actually processed: 1570382
number of failed transactions: 0 (0.000%)
latency average = 0.611 ms
latency stddev = 0.076 ms
initial connection time = 21.042 ms
tps = 13088.724189 (without initial connection time)
statement latencies in milliseconds and failures:
         0.000           0 \set aid random(1, 100000 * :scale)
         0.610           0 SELECT abalance FROM pgbench_accounts WHERE aid = :aid;
progress: 120.0 s, 13163.4 tps, lat 0.607 ms stddev 0.066, 0 failed

------------------------------------------------------------
=== Running SELECT-Only: Clients=16, Threads=1, Duration=120s ===
------------------------------------------------------------
pgbench (18.6 (Debian 18.6-1.pgdg12+2))
starting vacuum...end.
progress: 5.0 s, 12106.0 tps, lat 1.310 ms stddev 0.330, 0 failed
progress: 10.0 s, 12677.6 tps, lat 1.261 ms stddev 0.125, 0 failed
progress: 15.0 s, 12720.7 tps, lat 1.257 ms stddev 0.120, 0 failed
progress: 20.0 s, 12725.6 tps, lat 1.257 ms stddev 0.123, 0 failed
progress: 25.0 s, 12708.2 tps, lat 1.258 ms stddev 0.128, 0 failed
progress: 30.0 s, 12722.3 tps, lat 1.257 ms stddev 0.122, 0 failed
progress: 35.0 s, 12700.9 tps, lat 1.259 ms stddev 0.122, 0 failed
progress: 40.0 s, 12704.8 tps, lat 1.259 ms stddev 0.123, 0 failed
progress: 45.0 s, 12719.0 tps, lat 1.257 ms stddev 0.137, 0 failed
progress: 50.0 s, 12752.1 tps, lat 1.254 ms stddev 0.122, 0 failed
progress: 55.0 s, 12734.5 tps, lat 1.256 ms stddev 0.122, 0 failed
progress: 60.0 s, 12720.7 tps, lat 1.257 ms stddev 0.119, 0 failed
progress: 65.0 s, 12713.5 tps, lat 1.258 ms stddev 0.131, 0 failed
progress: 70.0 s, 12694.8 tps, lat 1.260 ms stddev 0.121, 0 failed
progress: 75.0 s, 12705.0 tps, lat 1.259 ms stddev 0.121, 0 failed
progress: 80.0 s, 12720.7 tps, lat 1.257 ms stddev 0.119, 0 failed
progress: 85.0 s, 12673.7 tps, lat 1.262 ms stddev 0.126, 0 failed
progress: 90.0 s, 12720.7 tps, lat 1.257 ms stddev 0.123, 0 failed
progress: 95.0 s, 12690.7 tps, lat 1.260 ms stddev 0.120, 0 failed
progress: 100.0 s, 12693.4 tps, lat 1.260 ms stddev 0.120, 0 failed
progress: 105.0 s, 12696.1 tps, lat 1.260 ms stddev 0.128, 0 failed
progress: 110.0 s, 12702.6 tps, lat 1.259 ms stddev 0.122, 0 failed
progress: 115.0 s, 12691.4 tps, lat 1.260 ms stddev 0.131, 0 failed
transaction type: <builtin: select only>
scaling factor: 10
query mode: simple
number of clients: 16
number of threads: 1
maximum number of tries: 1
duration: 120 s
number of transactions actually processed: 1521977
number of failed transactions: 0 (0.000%)
latency average = 1.260 ms
latency stddev = 0.138 ms
initial connection time = 39.898 ms
tps = 12686.793243 (without initial connection time)
statement latencies in milliseconds and failures:
         0.000           0 \set aid random(1, 100000 * :scale)
         1.260           0 SELECT abalance FROM pgbench_accounts WHERE aid = :aid;
progress: 120.0 s, 12697.1 tps, lat 1.260 ms stddev 0.121, 0 failed

------------------------------------------------------------
=== Running SELECT-Only: Clients=32, Threads=1, Duration=120s ===
------------------------------------------------------------
pgbench (18.6 (Debian 18.6-1.pgdg12+2))
starting vacuum...end.
progress: 5.0 s, 11406.6 tps, lat 2.761 ms stddev 0.737, 0 failed
progress: 10.0 s, 12038.8 tps, lat 2.657 ms stddev 0.296, 0 failed
progress: 15.0 s, 12166.4 tps, lat 2.629 ms stddev 0.250, 0 failed
progress: 20.0 s, 12143.0 tps, lat 2.635 ms stddev 0.256, 0 failed
progress: 25.0 s, 12239.3 tps, lat 2.614 ms stddev 0.249, 0 failed
progress: 30.0 s, 12220.3 tps, lat 2.618 ms stddev 0.263, 0 failed
progress: 35.0 s, 12228.0 tps, lat 2.616 ms stddev 0.244, 0 failed
progress: 40.0 s, 12134.4 tps, lat 2.636 ms stddev 0.338, 0 failed
progress: 45.0 s, 12190.5 tps, lat 2.624 ms stddev 0.249, 0 failed
progress: 50.0 s, 12220.7 tps, lat 2.618 ms stddev 0.242, 0 failed
progress: 55.0 s, 12210.9 tps, lat 2.620 ms stddev 0.253, 0 failed
progress: 60.0 s, 12206.7 tps, lat 2.621 ms stddev 0.251, 0 failed
progress: 65.0 s, 12223.5 tps, lat 2.617 ms stddev 0.256, 0 failed
progress: 70.0 s, 12259.5 tps, lat 2.610 ms stddev 0.238, 0 failed
progress: 75.0 s, 12261.2 tps, lat 2.609 ms stddev 0.239, 0 failed
progress: 80.0 s, 12247.5 tps, lat 2.612 ms stddev 0.261, 0 failed
progress: 85.0 s, 12263.6 tps, lat 2.609 ms stddev 0.238, 0 failed
progress: 90.0 s, 12309.4 tps, lat 2.599 ms stddev 0.234, 0 failed
progress: 95.0 s, 12284.6 tps, lat 2.604 ms stddev 0.233, 0 failed
progress: 100.0 s, 12265.8 tps, lat 2.608 ms stddev 0.255, 0 failed
progress: 105.0 s, 12247.5 tps, lat 2.612 ms stddev 0.234, 0 failed
progress: 110.0 s, 12255.8 tps, lat 2.610 ms stddev 0.233, 0 failed
progress: 115.0 s, 12292.6 tps, lat 2.603 ms stddev 0.244, 0 failed
progress: 120.0 s, 12273.1 tps, lat 2.607 ms stddev 0.246, 0 failed
transaction type: <builtin: select only>
scaling factor: 10
query mode: simple
number of clients: 32
number of threads: 1
maximum number of tries: 1
duration: 120 s
number of transactions actually processed: 1462980
number of failed transactions: 0 (0.000%)
latency average = 2.622 ms
latency stddev = 0.289 ms
initial connection time = 75.916 ms
tps = 12198.507941 (without initial connection time)
statement latencies in milliseconds and failures:
         0.000           0 \set aid random(1, 100000 * :scale)
         2.622           0 SELECT abalance FROM pgbench_accounts WHERE aid = :aid;

=========================================
=== T053 COMPLETE ===
=========================================
