=========================================
=== CBP-1.0 / T011: CPU MULTI-THREAD (4 CORES) ===
=== Timestamp (UTC): 2026-09-14 07:11:26 UTC ===
=========================================
Running sysbench CPU test (threads=4, max-prime=20000, time=60s)...
sysbench 1.0.20 (using system LuaJIT 2.1.0-beta3)

Running the test with following options:
Number of threads: 4
Initializing random number generator from current time


Prime numbers limit: 20000

Initializing worker threads...

Threads started!

CPU speed:
    events per second:  5172.01

General statistics:
    total time:                          60.0007s
    total number of events:              310331

Latency (ms):
         min:                                    0.77
         avg:                                    0.77
         max:                                    4.30
         95th percentile:                        0.78
         sum:                               239924.41

Threads fairness:
    events (avg/stddev):           77582.7500/25.90
    execution time (avg/stddev):   59.9811/0.00

=========================================
=== T011 COMPLETE ===
=========================================
