=========================================
=== CBP-1.0 / T020: MEMORY PERFORMANCE ===
=== Timestamp (UTC): 2026-09-14 07:18:21 UTC ===
=========================================

--- Part 1: Memory Write Throughput (threads=4) ---
sysbench 1.0.20 (using system LuaJIT 2.1.0-beta3)

Running the test with following options:
Number of threads: 4
Initializing random number generator from current time


Running memory speed test with the following options:
  block size: 1024KiB
  total size: 65536MiB
  operation: write
  scope: global

Initializing worker threads...

Threads started!

Total operations: 65536 (59916.09 per second)

65536.00 MiB transferred (59916.09 MiB/sec)


General statistics:
    total time:                          1.0924s
    total number of events:              65536

Latency (ms):
         min:                                    0.06
         avg:                                    0.07
         max:                                    0.23
         95th percentile:                        0.07
         sum:                                 4347.42

Threads fairness:
    events (avg/stddev):           16384.0000/0.00
    execution time (avg/stddev):   1.0869/0.00


--- Part 2: Memory Read Throughput (threads=4) ---
sysbench 1.0.20 (using system LuaJIT 2.1.0-beta3)

Running the test with following options:
Number of threads: 4
Initializing random number generator from current time


Running memory speed test with the following options:
  block size: 1024KiB
  total size: 65536MiB
  operation: read
  scope: global

Initializing worker threads...

Threads started!

Total operations: 65536 (58678.84 per second)

65536.00 MiB transferred (58678.84 MiB/sec)


General statistics:
    total time:                          1.1155s
    total number of events:              65536

Latency (ms):
         min:                                    0.04
         avg:                                    0.07
         max:                                    0.14
         95th percentile:                        0.07
         sum:                                 4423.11

Threads fairness:
    events (avg/stddev):           16384.0000/0.00
    execution time (avg/stddev):   1.1058/0.01


=========================================
=== T020 COMPLETE ===
=========================================
