=========================================
=== CBP-1.0 / T031: SEQUENTIAL STORAGE THROUGHPUT ===
=== Timestamp (UTC): 2026-09-14 07:19:14 UTC ===
=========================================

--- Part 1: Sequential Write (1MB, iodepth=16, direct=1) ---
seq_write: (g=0): rw=write, bs=(R) 1024KiB-1024KiB, (W) 1024KiB-1024KiB, (T) 1024KiB-1024KiB, ioengine=libaio, iodepth=16
fio-3.33
Starting 1 process
seq_write: Laying out IO file (1 file / 4096MiB)

seq_write: (groupid=0, jobs=1): err= 0: pid=5188: Mon Sep 14 07:20:14 2026
  write: IOPS=240, BW=240MiB/s (252MB/s)(14.1GiB/60060msec); 0 zone resets
    slat (usec): min=34, max=62315, avg=123.79, stdev=1693.92
    clat (msec): min=3, max=125, avg=66.46, stdev= 6.12
     lat (msec): min=5, max=125, avg=66.58, stdev= 5.88
    clat percentiles (msec):
     |  1.00th=[   43],  5.00th=[   65], 10.00th=[   66], 20.00th=[   66],
     | 30.00th=[   66], 40.00th=[   67], 50.00th=[   67], 60.00th=[   67],
     | 70.00th=[   68], 80.00th=[   68], 90.00th=[   68], 95.00th=[   69],
     | 99.00th=[   77], 99.50th=[  102], 99.90th=[  122], 99.95th=[  125],
     | 99.99th=[  126]
   bw (  KiB/s): min=221184, max=284672, per=100.00%, avg=246016.00, stdev=4293.97, samples=120
   iops        : min=  216, max=  278, avg=240.25, stdev= 4.19, samples=120
  lat (msec)   : 4=0.05%, 10=0.14%, 20=0.19%, 50=0.78%, 100=98.30%
  lat (msec)   : 250=0.54%
  cpu          : usr=0.87%, sys=1.44%, ctx=14268, majf=0, minf=10
  IO depths    : 1=0.1%, 2=0.1%, 4=0.1%, 8=0.1%, 16=99.9%, 32=0.0%, >=64=0.0%
     submit    : 0=0.0%, 4=100.0%, 8=0.0%, 16=0.0%, 32=0.0%, 64=0.0%, >=64=0.0%
     complete  : 0=0.0%, 4=100.0%, 8=0.0%, 16=0.1%, 32=0.0%, 64=0.0%, >=64=0.0%
     issued rwts: total=0,14430,0,0 short=0,0,0,0 dropped=0,0,0,0
     latency   : target=0, window=0, percentile=100.00%, depth=16

Run status group 0 (all jobs):
  WRITE: bw=240MiB/s (252MB/s), 240MiB/s-240MiB/s (252MB/s-252MB/s), io=14.1GiB (15.1GB), run=60060-60060msec

Disk stats (read/write):
  nvme0n1: ios=0/57888, merge=0/110, ticks=0/3702582, in_queue=3702583, util=96.67%

--- Part 2: Sequential Read (1MB, iodepth=16, direct=1) ---
seq_read: (g=0): rw=read, bs=(R) 1024KiB-1024KiB, (W) 1024KiB-1024KiB, (T) 1024KiB-1024KiB, ioengine=libaio, iodepth=16
fio-3.33
Starting 1 process

seq_read: (groupid=0, jobs=1): err= 0: pid=5236: Mon Sep 14 07:21:14 2026
  read: IOPS=240, BW=240MiB/s (252MB/s)(14.1GiB/60064msec)
    slat (usec): min=11, max=315, avg=42.80, stdev=14.66
    clat (msec): min=5, max=125, avg=66.52, stdev= 2.74
     lat (msec): min=5, max=125, avg=66.56, stdev= 2.73
    clat percentiles (msec):
     |  1.00th=[   65],  5.00th=[   67], 10.00th=[   67], 20.00th=[   67],
     | 30.00th=[   67], 40.00th=[   67], 50.00th=[   67], 60.00th=[   67],
     | 70.00th=[   67], 80.00th=[   67], 90.00th=[   67], 95.00th=[   67],
     | 99.00th=[   68], 99.50th=[   69], 99.90th=[   71], 99.95th=[   96],
     | 99.99th=[  122]
   bw (  KiB/s): min=229376, max=284672, per=100.00%, avg=246118.40, stdev=3908.08, samples=120
   iops        : min=  224, max=  278, avg=240.35, stdev= 3.82, samples=120
  lat (msec)   : 10=0.06%, 20=0.08%, 50=0.11%, 100=99.70%, 250=0.05%
  cpu          : usr=0.21%, sys=1.31%, ctx=14432, majf=0, minf=530
  IO depths    : 1=0.1%, 2=0.1%, 4=0.1%, 8=0.1%, 16=99.9%, 32=0.0%, >=64=0.0%
     submit    : 0=0.0%, 4=100.0%, 8=0.0%, 16=0.0%, 32=0.0%, 64=0.0%, >=64=0.0%
     complete  : 0=0.0%, 4=100.0%, 8=0.0%, 16=0.1%, 32=0.0%, 64=0.0%, >=64=0.0%
     issued rwts: total=14436,0,0,0 short=0,0,0,0 dropped=0,0,0,0
     latency   : target=0, window=0, percentile=100.00%, depth=16

Run status group 0 (all jobs):
   READ: bw=240MiB/s (252MB/s), 240MiB/s-240MiB/s (252MB/s-252MB/s), io=14.1GiB (15.1GB), run=60064-60064msec

Disk stats (read/write):
  nvme0n1: ios=57649/6, merge=0/2, ticks=3736204/4, in_queue=3736208, util=97.88%

=========================================
=== T031 COMPLETE ===
=========================================
