=========================================
=== CBP-1.0 / T050: POSTGRESQL ENVIRONMENT CAPTURE ===
=== Timestamp (UTC): 2026-09-14 07:30:24 UTC ===
=========================================

--- Versions ---
psql (PostgreSQL) 15.19 (Debian 15.19-0+deb12u1)
pgbench (PostgreSQL) 15.19 (Debian 15.19-0+deb12u1)

--- Service Status ---
● postgresql.service - PostgreSQL RDBMS
     Loaded: loaded (/lib/systemd/system/postgresql.service; enabled; preset: enabled)
     Active: active (exited) since Mon 2026-09-14 07:08:28 UTC; 21min ago
    Process: 4508 ExecStart=/bin/true (code=exited, status=0/SUCCESS)
   Main PID: 4508 (code=exited, status=0/SUCCESS)
        CPU: 1ms

Sep 14 07:08:28 cm-test-t2astandard4 systemd[1]: Starting postgresql.service - PostgreSQL RDBMS...
Sep 14 07:08:28 cm-test-t2astandard4 systemd[1]: Finished postgresql.service - PostgreSQL RDBMS.

--- PostgreSQL Engine Version ---
PostgreSQL 15.19 (Debian 15.19-0+deb12u1) on aarch64-unknown-linux-gnu, compiled by gcc (Debian 12.2.0-14+deb12u1) 12.2.0, 64-bit

--- Data Directory & Mount ---
Data Directory: /var/lib/postgresql/15/main
Filesystem     Type  Size  Used Avail Use% Mounted on
/dev/nvme0n1p1 ext4   49G  2.3G   45G   5% /

--- Key PostgreSQL Performance Settings (Out-of-the-Box Defaults) ---
              name               | setting | unit |       source       
---------------------------------+---------+------+--------------------
 checkpoint_completion_target    | 0.9     |      | default
 effective_cache_size            | 524288  | 8kB  | default
 fsync                           | on      |      | default
 maintenance_work_mem            | 65536   | kB   | default
 max_connections                 | 100     |      | configuration file
 max_parallel_workers            | 8       |      | default
 max_parallel_workers_per_gather | 2       |      | default
 max_wal_size                    | 1024    | MB   | configuration file
 max_worker_processes            | 8       |      | default
 min_wal_size                    | 80      | MB   | configuration file
 shared_buffers                  | 16384   | 8kB  | configuration file
 synchronous_commit              | on      |      | default
 wal_buffers                     | 512     | 8kB  | default
 work_mem                        | 4096    | kB   | default
(14 rows)

CREATE DATABASE

=========================================
=== T050 COMPLETE ===
=========================================
