=========================================
=== CBP-1.0 / T052: MIXED OLTP SCALING (Scale 10) ===
=== Duration per test: 180s, Interval: 5s ===
=== Timestamp (UTC): 2026-09-14 07:31:20 UTC ===
=========================================

------------------------------------------------------------
=== Running Mixed OLTP: Clients=1, Threads=1, Duration=180s ===
------------------------------------------------------------
pgbench (15.19 (Debian 15.19-0+deb12u1))
starting vacuum...end.
progress: 5.0 s, 994.0 tps, lat 1.005 ms stddev 4.947, 0 failed
progress: 10.0 s, 1067.2 tps, lat 0.937 ms stddev 0.087, 0 failed
progress: 15.0 s, 1068.8 tps, lat 0.935 ms stddev 0.243, 0 failed
progress: 20.0 s, 1048.0 tps, lat 0.954 ms stddev 0.098, 0 failed
progress: 25.0 s, 1044.6 tps, lat 0.957 ms stddev 0.551, 0 failed
progress: 30.0 s, 1061.2 tps, lat 0.942 ms stddev 0.098, 0 failed
progress: 35.0 s, 1017.8 tps, lat 0.982 ms stddev 0.209, 0 failed
progress: 40.0 s, 1084.4 tps, lat 0.922 ms stddev 0.104, 0 failed
progress: 45.0 s, 1050.2 tps, lat 0.952 ms stddev 0.203, 0 failed
progress: 50.0 s, 1092.8 tps, lat 0.915 ms stddev 0.076, 0 failed
progress: 55.0 s, 1084.8 tps, lat 0.921 ms stddev 0.263, 0 failed
progress: 60.0 s, 1060.6 tps, lat 0.942 ms stddev 0.210, 0 failed
progress: 65.0 s, 1062.6 tps, lat 0.941 ms stddev 0.626, 0 failed
progress: 70.0 s, 1005.6 tps, lat 0.994 ms stddev 0.234, 0 failed
progress: 75.0 s, 1027.6 tps, lat 0.973 ms stddev 0.237, 0 failed
progress: 80.0 s, 1086.6 tps, lat 0.920 ms stddev 0.258, 0 failed
progress: 85.0 s, 1080.6 tps, lat 0.925 ms stddev 0.198, 0 failed
progress: 90.0 s, 1091.8 tps, lat 0.916 ms stddev 0.233, 0 failed
progress: 95.0 s, 1085.2 tps, lat 0.921 ms stddev 0.203, 0 failed
progress: 100.0 s, 1077.0 tps, lat 0.928 ms stddev 0.589, 0 failed
progress: 105.0 s, 1108.0 tps, lat 0.902 ms stddev 0.183, 0 failed
progress: 110.0 s, 1076.8 tps, lat 0.928 ms stddev 0.217, 0 failed
progress: 115.0 s, 1073.2 tps, lat 0.931 ms stddev 0.238, 0 failed
progress: 120.0 s, 1066.8 tps, lat 0.937 ms stddev 0.203, 0 failed
progress: 125.0 s, 1103.6 tps, lat 0.906 ms stddev 0.181, 0 failed
progress: 130.0 s, 999.8 tps, lat 1.000 ms stddev 0.938, 0 failed
progress: 135.0 s, 1017.0 tps, lat 0.983 ms stddev 0.814, 0 failed
progress: 140.0 s, 1053.4 tps, lat 0.949 ms stddev 0.623, 0 failed
progress: 145.0 s, 1085.4 tps, lat 0.921 ms stddev 0.553, 0 failed
progress: 150.0 s, 1092.8 tps, lat 0.915 ms stddev 0.606, 0 failed
progress: 155.0 s, 1082.8 tps, lat 0.923 ms stddev 0.566, 0 failed
progress: 160.0 s, 1052.2 tps, lat 0.950 ms stddev 0.244, 0 failed
progress: 165.0 s, 1051.2 tps, lat 0.948 ms stddev 0.162, 0 failed
progress: 170.0 s, 1078.6 tps, lat 0.929 ms stddev 0.590, 0 failed
progress: 175.0 s, 1102.0 tps, lat 0.907 ms stddev 0.301, 0 failed
progress: 180.0 s, 1091.4 tps, lat 0.916 ms stddev 0.216, 0 failed
transaction type: <builtin: TPC-B (sort of)>
scaling factor: 10
query mode: simple
number of clients: 1
number of threads: 1
maximum number of tries: 1
duration: 180 s
number of transactions actually processed: 191632
number of failed transactions: 0 (0.000%)
latency average = 0.939 ms
latency stddev = 0.885 ms
initial connection time = 2.402 ms
tps = 1064.635992 (without initial connection time)
statement latencies in milliseconds and failures:
         0.001           0  \set aid random(1, 100000 * :scale)
         0.000           0  \set bid random(1, 1 * :scale)
         0.000           0  \set tid random(1, 10 * :scale)
         0.000           0  \set delta random(-5000, 5000)
         0.030           0  BEGIN;
         0.112           0  UPDATE pgbench_accounts SET abalance = abalance + :delta WHERE aid = :aid;
         0.082           0  SELECT abalance FROM pgbench_accounts WHERE aid = :aid;
         0.083           0  UPDATE pgbench_tellers SET tbalance = tbalance + :delta WHERE tid = :tid;
         0.076           0  UPDATE pgbench_branches SET bbalance = bbalance + :delta WHERE bid = :bid;
         0.060           0  INSERT INTO pgbench_history (tid, bid, aid, delta, mtime) VALUES (:tid, :bid, :aid, :delta, CURRENT_TIMESTAMP);
         0.496           0  END;

------------------------------------------------------------
=== Running Mixed OLTP: Clients=4, Threads=4, Duration=180s ===
------------------------------------------------------------
pgbench (15.19 (Debian 15.19-0+deb12u1))
starting vacuum...end.
progress: 5.0 s, 2533.2 tps, lat 1.576 ms stddev 0.809, 0 failed
progress: 10.0 s, 2636.6 tps, lat 1.516 ms stddev 0.438, 0 failed
progress: 15.0 s, 2625.0 tps, lat 1.523 ms stddev 0.857, 0 failed
progress: 20.0 s, 2666.0 tps, lat 1.500 ms stddev 0.432, 0 failed
progress: 25.0 s, 2631.4 tps, lat 1.519 ms stddev 0.394, 0 failed
progress: 30.0 s, 2554.8 tps, lat 1.565 ms stddev 0.849, 0 failed
progress: 35.0 s, 2557.0 tps, lat 1.563 ms stddev 0.709, 0 failed
progress: 40.0 s, 2586.4 tps, lat 1.546 ms stddev 0.500, 0 failed
progress: 45.0 s, 2621.0 tps, lat 1.525 ms stddev 0.797, 0 failed
progress: 50.0 s, 2631.2 tps, lat 1.519 ms stddev 0.408, 0 failed
progress: 55.0 s, 2604.6 tps, lat 1.535 ms stddev 0.463, 0 failed
progress: 60.0 s, 2714.6 tps, lat 1.473 ms stddev 0.793, 0 failed
progress: 65.0 s, 2613.0 tps, lat 1.530 ms stddev 0.743, 0 failed
progress: 70.0 s, 2649.2 tps, lat 1.509 ms stddev 0.367, 0 failed
progress: 75.0 s, 2674.0 tps, lat 1.495 ms stddev 0.736, 0 failed
progress: 80.0 s, 2769.2 tps, lat 1.444 ms stddev 0.326, 0 failed
progress: 85.0 s, 2764.2 tps, lat 1.446 ms stddev 0.317, 0 failed
progress: 90.0 s, 2805.2 tps, lat 1.425 ms stddev 0.721, 0 failed
progress: 95.0 s, 2727.8 tps, lat 1.466 ms stddev 0.814, 0 failed
progress: 100.0 s, 2771.6 tps, lat 1.442 ms stddev 0.720, 0 failed
progress: 105.0 s, 2775.6 tps, lat 1.440 ms stddev 0.306, 0 failed
progress: 110.0 s, 2747.8 tps, lat 1.455 ms stddev 0.339, 0 failed
progress: 115.0 s, 2726.0 tps, lat 1.467 ms stddev 0.749, 0 failed
progress: 120.0 s, 2679.0 tps, lat 1.492 ms stddev 0.313, 0 failed
progress: 125.0 s, 2624.0 tps, lat 1.523 ms stddev 1.018, 0 failed
progress: 130.0 s, 2541.2 tps, lat 1.573 ms stddev 0.544, 0 failed
progress: 135.0 s, 2577.8 tps, lat 1.551 ms stddev 0.766, 0 failed
progress: 140.0 s, 2540.4 tps, lat 1.573 ms stddev 0.357, 0 failed
progress: 145.0 s, 2540.8 tps, lat 1.573 ms stddev 0.344, 0 failed
progress: 150.0 s, 2521.0 tps, lat 1.586 ms stddev 0.785, 0 failed
progress: 155.0 s, 2558.4 tps, lat 1.562 ms stddev 0.351, 0 failed
progress: 160.0 s, 2516.4 tps, lat 1.589 ms stddev 0.879, 0 failed
progress: 165.0 s, 2550.4 tps, lat 1.567 ms stddev 0.770, 0 failed
progress: 170.0 s, 2584.0 tps, lat 1.547 ms stddev 0.382, 0 failed
progress: 175.0 s, 2530.2 tps, lat 1.580 ms stddev 0.350, 0 failed
progress: 180.0 s, 2497.2 tps, lat 1.601 ms stddev 0.822, 0 failed
transaction type: <builtin: TPC-B (sort of)>
scaling factor: 10
query mode: simple
number of clients: 4
number of threads: 4
maximum number of tries: 1
duration: 180 s
number of transactions actually processed: 473235
number of failed transactions: 0 (0.000%)
latency average = 1.521 ms
latency stddev = 0.630 ms
initial connection time = 5.170 ms
tps = 2629.068800 (without initial connection time)
statement latencies in milliseconds and failures:
         0.002           0  \set aid random(1, 100000 * :scale)
         0.001           0  \set bid random(1, 1 * :scale)
         0.000           0  \set tid random(1, 10 * :scale)
         0.000           0  \set delta random(-5000, 5000)
         0.053           0  BEGIN;
         0.170           0  UPDATE pgbench_accounts SET abalance = abalance + :delta WHERE aid = :aid;
         0.111           0  SELECT abalance FROM pgbench_accounts WHERE aid = :aid;
         0.132           0  UPDATE pgbench_tellers SET tbalance = tbalance + :delta WHERE tid = :tid;
         0.210           0  UPDATE pgbench_branches SET bbalance = bbalance + :delta WHERE bid = :bid;
         0.098           0  INSERT INTO pgbench_history (tid, bid, aid, delta, mtime) VALUES (:tid, :bid, :aid, :delta, CURRENT_TIMESTAMP);
         0.745           0  END;

------------------------------------------------------------
=== Running Mixed OLTP: Clients=8, Threads=4, Duration=180s ===
------------------------------------------------------------
pgbench (15.19 (Debian 15.19-0+deb12u1))
starting vacuum...end.
progress: 5.0 s, 3712.6 tps, lat 2.150 ms stddev 0.851, 0 failed
progress: 10.0 s, 3707.3 tps, lat 2.157 ms stddev 1.139, 0 failed
progress: 15.0 s, 3677.4 tps, lat 2.174 ms stddev 0.774, 0 failed
progress: 20.0 s, 3541.8 tps, lat 2.257 ms stddev 1.158, 0 failed
progress: 25.0 s, 3504.8 tps, lat 2.281 ms stddev 0.824, 0 failed
progress: 30.0 s, 3572.8 tps, lat 2.238 ms stddev 1.492, 0 failed
progress: 35.0 s, 3682.6 tps, lat 2.171 ms stddev 1.658, 0 failed
progress: 40.0 s, 3840.2 tps, lat 2.082 ms stddev 1.095, 0 failed
progress: 45.0 s, 3861.4 tps, lat 2.071 ms stddev 0.783, 0 failed
progress: 50.0 s, 3890.8 tps, lat 2.055 ms stddev 1.086, 0 failed
progress: 55.0 s, 4018.8 tps, lat 1.989 ms stddev 0.713, 0 failed
progress: 60.0 s, 3862.2 tps, lat 2.070 ms stddev 1.905, 0 failed
progress: 65.0 s, 3676.8 tps, lat 2.174 ms stddev 2.033, 0 failed
progress: 70.0 s, 3695.8 tps, lat 2.164 ms stddev 1.373, 0 failed
progress: 75.0 s, 3750.4 tps, lat 2.132 ms stddev 0.731, 0 failed
progress: 80.0 s, 3852.0 tps, lat 2.076 ms stddev 1.087, 0 failed
progress: 85.0 s, 3893.6 tps, lat 2.053 ms stddev 1.053, 0 failed
progress: 90.0 s, 3828.6 tps, lat 2.089 ms stddev 0.742, 0 failed
progress: 95.0 s, 3728.0 tps, lat 2.145 ms stddev 2.082, 0 failed
progress: 100.0 s, 3725.4 tps, lat 2.146 ms stddev 0.776, 0 failed
progress: 105.0 s, 3991.2 tps, lat 2.003 ms stddev 1.076, 0 failed
progress: 110.0 s, 3895.0 tps, lat 2.053 ms stddev 0.706, 0 failed
progress: 115.0 s, 4018.8 tps, lat 1.989 ms stddev 1.043, 0 failed
progress: 120.0 s, 3942.4 tps, lat 2.028 ms stddev 0.713, 0 failed
progress: 125.0 s, 3853.0 tps, lat 2.075 ms stddev 2.004, 0 failed
progress: 130.0 s, 4285.0 tps, lat 1.866 ms stddev 0.653, 0 failed
progress: 135.0 s, 4058.6 tps, lat 1.970 ms stddev 1.032, 0 failed
progress: 140.0 s, 4023.8 tps, lat 1.987 ms stddev 0.785, 0 failed
progress: 145.0 s, 3988.8 tps, lat 2.004 ms stddev 1.040, 0 failed
progress: 150.0 s, 3886.6 tps, lat 2.057 ms stddev 1.118, 0 failed
progress: 155.0 s, 4050.8 tps, lat 1.974 ms stddev 0.700, 0 failed
progress: 160.0 s, 3713.0 tps, lat 2.153 ms stddev 2.662, 0 failed
progress: 165.0 s, 3855.2 tps, lat 2.074 ms stddev 0.742, 0 failed
progress: 170.0 s, 3759.2 tps, lat 2.127 ms stddev 1.285, 0 failed
progress: 175.0 s, 3727.2 tps, lat 2.145 ms stddev 0.762, 0 failed
progress: 180.0 s, 3782.6 tps, lat 2.114 ms stddev 1.103, 0 failed
transaction type: <builtin: TPC-B (sort of)>
scaling factor: 10
query mode: simple
number of clients: 8
number of threads: 4
maximum number of tries: 1
duration: 180 s
number of transactions actually processed: 689279
number of failed transactions: 0 (0.000%)
latency average = 2.088 ms
latency stddev = 1.225 ms
initial connection time = 6.456 ms
tps = 3829.280997 (without initial connection time)
statement latencies in milliseconds and failures:
         0.002           0  \set aid random(1, 100000 * :scale)
         0.001           0  \set bid random(1, 1 * :scale)
         0.001           0  \set tid random(1, 10 * :scale)
         0.000           0  \set delta random(-5000, 5000)
         0.074           0  BEGIN;
         0.169           0  UPDATE pgbench_accounts SET abalance = abalance + :delta WHERE aid = :aid;
         0.136           0  SELECT abalance FROM pgbench_accounts WHERE aid = :aid;
         0.197           0  UPDATE pgbench_tellers SET tbalance = tbalance + :delta WHERE tid = :tid;
         0.503           0  UPDATE pgbench_branches SET bbalance = bbalance + :delta WHERE bid = :bid;
         0.128           0  INSERT INTO pgbench_history (tid, bid, aid, delta, mtime) VALUES (:tid, :bid, :aid, :delta, CURRENT_TIMESTAMP);
         0.878           0  END;

------------------------------------------------------------
=== Running Mixed OLTP: Clients=16, Threads=4, Duration=180s ===
------------------------------------------------------------
pgbench (15.19 (Debian 15.19-0+deb12u1))
starting vacuum...end.
progress: 5.0 s, 3981.2 tps, lat 4.006 ms stddev 2.917, 0 failed
progress: 10.0 s, 4121.2 tps, lat 3.881 ms stddev 2.235, 0 failed
progress: 15.0 s, 4060.8 tps, lat 3.939 ms stddev 1.974, 0 failed
progress: 20.0 s, 4205.0 tps, lat 3.803 ms stddev 2.224, 0 failed
progress: 25.0 s, 4024.0 tps, lat 3.974 ms stddev 1.992, 0 failed
progress: 30.0 s, 4198.2 tps, lat 3.810 ms stddev 2.228, 0 failed
progress: 35.0 s, 4017.6 tps, lat 3.981 ms stddev 4.110, 0 failed
progress: 40.0 s, 4195.6 tps, lat 3.811 ms stddev 1.968, 0 failed
progress: 45.0 s, 4155.6 tps, lat 3.850 ms stddev 2.185, 0 failed
progress: 50.0 s, 4244.0 tps, lat 3.769 ms stddev 1.899, 0 failed
progress: 55.0 s, 4241.4 tps, lat 3.771 ms stddev 2.182, 0 failed
progress: 60.0 s, 4169.3 tps, lat 3.837 ms stddev 1.915, 0 failed
progress: 65.0 s, 4108.8 tps, lat 3.893 ms stddev 3.988, 0 failed
progress: 70.0 s, 4108.4 tps, lat 3.873 ms stddev 1.935, 0 failed
progress: 75.0 s, 4112.4 tps, lat 3.909 ms stddev 2.271, 0 failed
progress: 80.0 s, 4198.8 tps, lat 3.809 ms stddev 2.552, 0 failed
progress: 85.0 s, 4058.4 tps, lat 3.941 ms stddev 2.021, 0 failed
progress: 90.0 s, 4140.0 tps, lat 3.863 ms stddev 1.927, 0 failed
progress: 95.0 s, 4020.7 tps, lat 3.978 ms stddev 4.106, 0 failed
progress: 100.0 s, 4101.8 tps, lat 3.899 ms stddev 1.988, 0 failed
progress: 105.0 s, 4093.9 tps, lat 3.907 ms stddev 2.016, 0 failed
progress: 110.0 s, 4092.8 tps, lat 3.908 ms stddev 1.976, 0 failed
progress: 115.0 s, 4130.2 tps, lat 3.873 ms stddev 1.963, 0 failed
progress: 120.0 s, 4143.4 tps, lat 3.860 ms stddev 1.951, 0 failed
progress: 125.0 s, 4047.0 tps, lat 3.930 ms stddev 2.331, 0 failed
progress: 130.0 s, 4127.8 tps, lat 3.897 ms stddev 2.796, 0 failed
progress: 135.0 s, 4239.6 tps, lat 3.772 ms stddev 1.938, 0 failed
progress: 140.0 s, 4129.0 tps, lat 3.874 ms stddev 1.887, 0 failed
progress: 145.0 s, 4102.0 tps, lat 3.899 ms stddev 2.003, 0 failed
progress: 150.0 s, 4114.2 tps, lat 3.888 ms stddev 1.965, 0 failed
progress: 155.0 s, 4163.2 tps, lat 3.842 ms stddev 1.918, 0 failed
progress: 160.0 s, 3930.4 tps, lat 4.069 ms stddev 4.441, 0 failed
progress: 165.0 s, 4203.6 tps, lat 3.806 ms stddev 1.943, 0 failed
progress: 170.0 s, 4297.8 tps, lat 3.721 ms stddev 1.890, 0 failed
progress: 175.0 s, 4253.6 tps, lat 3.760 ms stddev 1.875, 0 failed
progress: 180.0 s, 4246.6 tps, lat 3.767 ms stddev 1.931, 0 failed
transaction type: <builtin: TPC-B (sort of)>
scaling factor: 10
query mode: simple
number of clients: 16
number of threads: 4
maximum number of tries: 1
duration: 180 s
number of transactions actually processed: 743908
number of failed transactions: 0 (0.000%)
latency average = 3.870 ms
latency stddev = 2.412 ms
initial connection time = 12.016 ms
tps = 4132.510103 (without initial connection time)
statement latencies in milliseconds and failures:
         0.002           0  \set aid random(1, 100000 * :scale)
         0.001           0  \set bid random(1, 1 * :scale)
         0.001           0  \set tid random(1, 10 * :scale)
         0.001           0  \set delta random(-5000, 5000)
         0.141           0  BEGIN;
         0.219           0  UPDATE pgbench_accounts SET abalance = abalance + :delta WHERE aid = :aid;
         0.223           0  SELECT abalance FROM pgbench_accounts WHERE aid = :aid;
         0.493           0  UPDATE pgbench_tellers SET tbalance = tbalance + :delta WHERE tid = :tid;
         1.410           0  UPDATE pgbench_branches SET bbalance = bbalance + :delta WHERE bid = :bid;
         0.197           0  INSERT INTO pgbench_history (tid, bid, aid, delta, mtime) VALUES (:tid, :bid, :aid, :delta, CURRENT_TIMESTAMP);
         1.184           0  END;

------------------------------------------------------------
=== Running Mixed OLTP: Clients=32, Threads=4, Duration=180s ===
------------------------------------------------------------
pgbench (15.19 (Debian 15.19-0+deb12u1))
starting vacuum...end.
progress: 5.0 s, 3878.2 tps, lat 8.204 ms stddev 6.207, 0 failed
progress: 10.0 s, 3940.2 tps, lat 8.119 ms stddev 5.010, 0 failed
progress: 15.0 s, 3943.2 tps, lat 8.115 ms stddev 4.961, 0 failed
progress: 20.0 s, 3860.4 tps, lat 8.288 ms stddev 5.226, 0 failed
progress: 25.0 s, 3946.8 tps, lat 8.106 ms stddev 4.959, 0 failed
progress: 30.0 s, 4062.8 tps, lat 7.876 ms stddev 4.860, 0 failed
progress: 35.0 s, 3791.8 tps, lat 8.435 ms stddev 8.145, 0 failed
progress: 40.0 s, 4057.6 tps, lat 7.885 ms stddev 4.938, 0 failed
progress: 45.0 s, 3928.2 tps, lat 8.147 ms stddev 4.982, 0 failed
progress: 50.0 s, 3908.8 tps, lat 8.184 ms stddev 5.041, 0 failed
progress: 55.0 s, 3970.2 tps, lat 8.059 ms stddev 4.917, 0 failed
progress: 60.0 s, 3862.6 tps, lat 8.283 ms stddev 5.038, 0 failed
progress: 65.0 s, 3971.0 tps, lat 8.057 ms stddev 4.938, 0 failed
progress: 70.0 s, 3833.6 tps, lat 8.343 ms stddev 6.671, 0 failed
progress: 75.0 s, 3922.6 tps, lat 8.158 ms stddev 5.243, 0 failed
progress: 80.0 s, 4129.8 tps, lat 7.749 ms stddev 5.213, 0 failed
progress: 85.0 s, 4211.4 tps, lat 7.597 ms stddev 4.800, 0 failed
progress: 90.0 s, 4040.8 tps, lat 7.916 ms stddev 5.168, 0 failed
progress: 95.0 s, 4014.0 tps, lat 7.972 ms stddev 4.938, 0 failed
progress: 100.0 s, 3709.4 tps, lat 8.622 ms stddev 9.120, 0 failed
progress: 105.0 s, 3973.0 tps, lat 8.055 ms stddev 5.285, 0 failed
progress: 110.0 s, 4289.2 tps, lat 7.461 ms stddev 4.701, 0 failed
progress: 115.0 s, 4284.9 tps, lat 7.463 ms stddev 4.689, 0 failed
progress: 120.0 s, 4318.3 tps, lat 7.412 ms stddev 4.511, 0 failed
progress: 125.0 s, 4217.1 tps, lat 7.586 ms stddev 5.032, 0 failed
progress: 130.0 s, 4031.5 tps, lat 7.936 ms stddev 6.592, 0 failed
progress: 135.0 s, 4129.5 tps, lat 7.745 ms stddev 4.969, 0 failed
progress: 140.0 s, 4009.0 tps, lat 7.983 ms stddev 5.123, 0 failed
progress: 145.0 s, 4163.2 tps, lat 7.685 ms stddev 4.909, 0 failed
progress: 150.0 s, 4190.6 tps, lat 7.635 ms stddev 4.791, 0 failed
progress: 155.0 s, 4341.6 tps, lat 7.368 ms stddev 4.694, 0 failed
progress: 160.0 s, 3972.6 tps, lat 8.054 ms stddev 8.200, 0 failed
progress: 165.0 s, 4280.4 tps, lat 7.475 ms stddev 4.717, 0 failed
progress: 170.0 s, 4237.8 tps, lat 7.547 ms stddev 4.692, 0 failed
progress: 175.0 s, 4396.4 tps, lat 7.280 ms stddev 4.541, 0 failed
progress: 180.0 s, 4427.1 tps, lat 7.225 ms stddev 4.505, 0 failed
transaction type: <builtin: TPC-B (sort of)>
scaling factor: 10
query mode: simple
number of clients: 32
number of threads: 4
maximum number of tries: 1
duration: 180 s
number of transactions actually processed: 731259
number of failed transactions: 0 (0.000%)
latency average = 7.875 ms
latency stddev = 5.429 ms
initial connection time = 22.377 ms
tps = 4061.900209 (without initial connection time)
statement latencies in milliseconds and failures:
         0.001           0  \set aid random(1, 100000 * :scale)
         0.001           0  \set bid random(1, 1 * :scale)
         0.001           0  \set tid random(1, 10 * :scale)
         0.000           0  \set delta random(-5000, 5000)
         0.278           0  BEGIN;
         0.348           0  UPDATE pgbench_accounts SET abalance = abalance + :delta WHERE aid = :aid;
         0.422           0  SELECT abalance FROM pgbench_accounts WHERE aid = :aid;
         1.539           0  UPDATE pgbench_tellers SET tbalance = tbalance + :delta WHERE tid = :tid;
         3.513           0  UPDATE pgbench_branches SET bbalance = bbalance + :delta WHERE bid = :bid;
         0.305           0  INSERT INTO pgbench_history (tid, bid, aid, delta, mtime) VALUES (:tid, :bid, :aid, :delta, CURRENT_TIMESTAMP);
         1.468           0  END;

=========================================
=== T052 COMPLETE ===
=========================================
