=========================================
=== CBP-1.0 / T053: SELECT-ONLY SCALING (Scale 10) ===
=== Duration per test: 120s, Interval: 5s ===
=== Timestamp (UTC): 2026-09-14 07:47:11 UTC ===
=========================================

------------------------------------------------------------
=== Running SELECT-Only: Clients=1, Threads=1, Duration=120s ===
------------------------------------------------------------
pgbench (15.19 (Debian 15.19-0+deb12u1))
starting vacuum...end.
progress: 5.0 s, 13349.9 tps, lat 0.075 ms stddev 0.013, 0 failed
progress: 10.0 s, 14487.1 tps, lat 0.069 ms stddev 0.009, 0 failed
progress: 15.0 s, 14862.6 tps, lat 0.067 ms stddev 0.008, 0 failed
progress: 20.0 s, 14624.7 tps, lat 0.068 ms stddev 0.008, 0 failed
progress: 25.0 s, 14724.0 tps, lat 0.068 ms stddev 0.008, 0 failed
progress: 30.0 s, 14684.7 tps, lat 0.068 ms stddev 0.008, 0 failed
progress: 35.0 s, 14530.0 tps, lat 0.069 ms stddev 0.008, 0 failed
progress: 40.0 s, 14607.8 tps, lat 0.068 ms stddev 0.008, 0 failed
progress: 45.0 s, 14700.7 tps, lat 0.068 ms stddev 0.008, 0 failed
progress: 50.0 s, 14758.3 tps, lat 0.068 ms stddev 0.008, 0 failed
progress: 55.0 s, 14569.7 tps, lat 0.068 ms stddev 0.008, 0 failed
progress: 60.0 s, 14743.2 tps, lat 0.068 ms stddev 0.008, 0 failed
progress: 65.0 s, 14763.4 tps, lat 0.068 ms stddev 0.008, 0 failed
progress: 70.0 s, 14745.8 tps, lat 0.068 ms stddev 0.008, 0 failed
progress: 75.0 s, 14430.5 tps, lat 0.069 ms stddev 0.008, 0 failed
progress: 80.0 s, 14839.8 tps, lat 0.067 ms stddev 0.008, 0 failed
progress: 85.0 s, 14429.6 tps, lat 0.069 ms stddev 0.009, 0 failed
progress: 90.0 s, 14695.1 tps, lat 0.068 ms stddev 0.009, 0 failed
progress: 95.0 s, 14873.0 tps, lat 0.067 ms stddev 0.008, 0 failed
progress: 100.0 s, 14603.1 tps, lat 0.068 ms stddev 0.008, 0 failed
progress: 105.0 s, 14498.3 tps, lat 0.069 ms stddev 0.008, 0 failed
progress: 110.0 s, 14840.0 tps, lat 0.067 ms stddev 0.009, 0 failed
progress: 115.0 s, 14661.2 tps, lat 0.068 ms stddev 0.008, 0 failed
progress: 120.0 s, 14534.6 tps, lat 0.069 ms stddev 0.009, 0 failed
transaction type: <builtin: select only>
scaling factor: 10
query mode: simple
number of clients: 1
number of threads: 1
maximum number of tries: 1
duration: 120 s
number of transactions actually processed: 1752787
number of failed transactions: 0 (0.000%)
latency average = 0.068 ms
latency stddev = 0.009 ms
initial connection time = 2.216 ms
tps = 14606.815900 (without initial connection time)
statement latencies in milliseconds and failures:
         0.000           0  \set aid random(1, 100000 * :scale)
         0.068           0  SELECT abalance FROM pgbench_accounts WHERE aid = :aid;

------------------------------------------------------------
=== Running SELECT-Only: Clients=4, Threads=4, Duration=120s ===
------------------------------------------------------------
pgbench (15.19 (Debian 15.19-0+deb12u1))
starting vacuum...end.
progress: 5.0 s, 40588.8 tps, lat 0.098 ms stddev 0.039, 0 failed
progress: 10.0 s, 41028.4 tps, lat 0.097 ms stddev 0.015, 0 failed
progress: 15.0 s, 40500.5 tps, lat 0.098 ms stddev 0.014, 0 failed
progress: 20.0 s, 42621.9 tps, lat 0.093 ms stddev 0.016, 0 failed
progress: 25.0 s, 41803.0 tps, lat 0.095 ms stddev 0.018, 0 failed
progress: 30.0 s, 42964.3 tps, lat 0.092 ms stddev 0.016, 0 failed
progress: 35.0 s, 39986.1 tps, lat 0.099 ms stddev 0.014, 0 failed
progress: 40.0 s, 40104.7 tps, lat 0.099 ms stddev 0.016, 0 failed
progress: 45.0 s, 41330.8 tps, lat 0.096 ms stddev 0.018, 0 failed
progress: 50.0 s, 40724.7 tps, lat 0.098 ms stddev 0.015, 0 failed
progress: 55.0 s, 40833.2 tps, lat 0.097 ms stddev 0.015, 0 failed
progress: 60.0 s, 42654.2 tps, lat 0.093 ms stddev 0.015, 0 failed
progress: 65.0 s, 44592.9 tps, lat 0.089 ms stddev 0.017, 0 failed
progress: 70.0 s, 41263.0 tps, lat 0.096 ms stddev 0.016, 0 failed
progress: 75.0 s, 40970.9 tps, lat 0.097 ms stddev 0.034, 0 failed
progress: 80.0 s, 41385.8 tps, lat 0.096 ms stddev 0.014, 0 failed
progress: 85.0 s, 41124.1 tps, lat 0.097 ms stddev 0.016, 0 failed
progress: 90.0 s, 41081.7 tps, lat 0.097 ms stddev 0.014, 0 failed
progress: 95.0 s, 41369.1 tps, lat 0.096 ms stddev 0.014, 0 failed
progress: 100.0 s, 42780.6 tps, lat 0.093 ms stddev 0.017, 0 failed
progress: 105.0 s, 41674.4 tps, lat 0.095 ms stddev 0.018, 0 failed
progress: 110.0 s, 41750.2 tps, lat 0.095 ms stddev 0.015, 0 failed
progress: 115.0 s, 43532.0 tps, lat 0.091 ms stddev 0.015, 0 failed
transaction type: <builtin: select only>
scaling factor: 10
query mode: simple
number of clients: 4
number of threads: 4
maximum number of tries: 1
duration: 120 s
number of transactions actually processed: 4993426
number of failed transactions: 0 (0.000%)
latency average = 0.095 ms
latency stddev = 0.018 ms
initial connection time = 3.907 ms
tps = 41613.165712 (without initial connection time)
statement latencies in milliseconds and failures:
         0.001           0  \set aid random(1, 100000 * :scale)
         0.095           0  SELECT abalance FROM pgbench_accounts WHERE aid = :aid;

------------------------------------------------------------
=== Running SELECT-Only: Clients=8, Threads=4, Duration=120s ===
------------------------------------------------------------
pgbench (15.19 (Debian 15.19-0+deb12u1))
starting vacuum...end.
progress: 5.0 s, 35425.3 tps, lat 0.224 ms stddev 0.104, 0 failed
progress: 10.0 s, 36285.2 tps, lat 0.219 ms stddev 0.082, 0 failed
progress: 15.0 s, 37531.0 tps, lat 0.212 ms stddev 0.090, 0 failed
progress: 20.0 s, 36061.9 tps, lat 0.221 ms stddev 0.088, 0 failed
progress: 25.0 s, 37775.7 tps, lat 0.211 ms stddev 0.082, 0 failed
progress: 30.0 s, 36916.8 tps, lat 0.216 ms stddev 0.094, 0 failed
progress: 35.0 s, 39051.2 tps, lat 0.204 ms stddev 0.061, 0 failed
progress: 40.0 s, 35641.7 tps, lat 0.223 ms stddev 0.094, 0 failed
progress: 45.0 s, 36749.8 tps, lat 0.217 ms stddev 0.093, 0 failed
progress: 50.0 s, 35970.2 tps, lat 0.221 ms stddev 0.100, 0 failed
progress: 55.0 s, 35950.2 tps, lat 0.222 ms stddev 0.082, 0 failed
progress: 60.0 s, 35014.1 tps, lat 0.227 ms stddev 0.085, 0 failed
progress: 65.0 s, 35743.7 tps, lat 0.223 ms stddev 0.105, 0 failed
progress: 70.0 s, 36431.4 tps, lat 0.218 ms stddev 0.096, 0 failed
progress: 75.0 s, 37047.9 tps, lat 0.215 ms stddev 0.087, 0 failed
progress: 80.0 s, 36621.3 tps, lat 0.217 ms stddev 0.082, 0 failed
progress: 85.0 s, 36530.9 tps, lat 0.218 ms stddev 0.099, 0 failed
progress: 90.0 s, 36112.5 tps, lat 0.220 ms stddev 0.092, 0 failed
progress: 95.0 s, 35009.6 tps, lat 0.227 ms stddev 0.088, 0 failed
progress: 100.0 s, 34482.0 tps, lat 0.231 ms stddev 0.094, 0 failed
progress: 105.0 s, 37409.6 tps, lat 0.213 ms stddev 0.089, 0 failed
progress: 110.0 s, 34754.6 tps, lat 0.229 ms stddev 0.083, 0 failed
progress: 115.0 s, 36832.8 tps, lat 0.216 ms stddev 0.095, 0 failed
progress: 120.0 s, 34558.8 tps, lat 0.230 ms stddev 0.106, 0 failed
transaction type: <builtin: select only>
scaling factor: 10
query mode: simple
number of clients: 8
number of threads: 4
maximum number of tries: 1
duration: 120 s
number of transactions actually processed: 4349544
number of failed transactions: 0 (0.000%)
latency average = 0.220 ms
latency stddev = 0.091 ms
initial connection time = 7.564 ms
tps = 36248.307235 (without initial connection time)
statement latencies in milliseconds and failures:
         0.001           0  \set aid random(1, 100000 * :scale)
         0.219           0  SELECT abalance FROM pgbench_accounts WHERE aid = :aid;

------------------------------------------------------------
=== Running SELECT-Only: Clients=16, Threads=4, Duration=120s ===
------------------------------------------------------------
pgbench (15.19 (Debian 15.19-0+deb12u1))
starting vacuum...end.
progress: 5.0 s, 34725.9 tps, lat 0.459 ms stddev 0.147, 0 failed
progress: 10.0 s, 35148.2 tps, lat 0.454 ms stddev 0.085, 0 failed
progress: 15.0 s, 35876.3 tps, lat 0.445 ms stddev 0.091, 0 failed
progress: 20.0 s, 35628.0 tps, lat 0.448 ms stddev 0.086, 0 failed
progress: 25.0 s, 36031.2 tps, lat 0.443 ms stddev 0.076, 0 failed
progress: 30.0 s, 36038.2 tps, lat 0.443 ms stddev 0.081, 0 failed
progress: 35.0 s, 36428.4 tps, lat 0.438 ms stddev 0.089, 0 failed
progress: 40.0 s, 35897.6 tps, lat 0.445 ms stddev 0.082, 0 failed
progress: 45.0 s, 36943.4 tps, lat 0.432 ms stddev 0.083, 0 failed
progress: 50.0 s, 36490.7 tps, lat 0.438 ms stddev 0.080, 0 failed
progress: 55.0 s, 35890.6 tps, lat 0.445 ms stddev 0.083, 0 failed
progress: 60.0 s, 37820.7 tps, lat 0.422 ms stddev 0.084, 0 failed
progress: 65.0 s, 36176.3 tps, lat 0.442 ms stddev 0.080, 0 failed
progress: 70.0 s, 35947.3 tps, lat 0.444 ms stddev 0.076, 0 failed
progress: 75.0 s, 36088.4 tps, lat 0.443 ms stddev 0.076, 0 failed
progress: 80.0 s, 35262.4 tps, lat 0.453 ms stddev 0.087, 0 failed
progress: 85.0 s, 35914.6 tps, lat 0.445 ms stddev 0.094, 0 failed
progress: 90.0 s, 35292.2 tps, lat 0.453 ms stddev 0.093, 0 failed
progress: 95.0 s, 37235.8 tps, lat 0.429 ms stddev 0.091, 0 failed
progress: 100.0 s, 36806.0 tps, lat 0.434 ms stddev 0.085, 0 failed
progress: 105.0 s, 35799.6 tps, lat 0.446 ms stddev 0.086, 0 failed
progress: 110.0 s, 34983.4 tps, lat 0.457 ms stddev 0.083, 0 failed
progress: 115.0 s, 37225.0 tps, lat 0.429 ms stddev 0.093, 0 failed
progress: 120.0 s, 36620.6 tps, lat 0.436 ms stddev 0.082, 0 failed
transaction type: <builtin: select only>
scaling factor: 10
query mode: simple
number of clients: 16
number of threads: 4
maximum number of tries: 1
duration: 120 s
number of transactions actually processed: 4331363
number of failed transactions: 0 (0.000%)
latency average = 0.442 ms
latency stddev = 0.088 ms
initial connection time = 11.813 ms
tps = 36098.031336 (without initial connection time)
statement latencies in milliseconds and failures:
         0.001           0  \set aid random(1, 100000 * :scale)
         0.442           0  SELECT abalance FROM pgbench_accounts WHERE aid = :aid;

------------------------------------------------------------
=== Running SELECT-Only: Clients=32, Threads=4, Duration=120s ===
------------------------------------------------------------
pgbench (15.19 (Debian 15.19-0+deb12u1))
starting vacuum...end.
progress: 5.0 s, 33158.4 tps, lat 0.960 ms stddev 0.458, 0 failed
progress: 10.0 s, 33227.3 tps, lat 0.962 ms stddev 0.261, 0 failed
progress: 15.0 s, 34165.2 tps, lat 0.936 ms stddev 0.217, 0 failed
progress: 20.0 s, 38340.4 tps, lat 0.834 ms stddev 0.176, 0 failed
progress: 25.0 s, 35167.0 tps, lat 0.909 ms stddev 0.216, 0 failed
progress: 30.0 s, 33159.2 tps, lat 0.964 ms stddev 0.233, 0 failed
progress: 35.0 s, 32852.0 tps, lat 0.973 ms stddev 0.264, 0 failed
progress: 40.0 s, 33172.8 tps, lat 0.964 ms stddev 0.256, 0 failed
progress: 45.0 s, 33050.1 tps, lat 0.967 ms stddev 0.339, 0 failed
progress: 50.0 s, 31733.4 tps, lat 1.007 ms stddev 0.390, 0 failed
progress: 55.0 s, 33673.6 tps, lat 0.949 ms stddev 0.267, 0 failed
progress: 60.0 s, 34128.7 tps, lat 0.937 ms stddev 0.241, 0 failed
progress: 65.0 s, 35408.3 tps, lat 0.903 ms stddev 0.238, 0 failed
progress: 70.0 s, 34805.9 tps, lat 0.918 ms stddev 0.258, 0 failed
progress: 75.0 s, 33281.1 tps, lat 0.961 ms stddev 0.276, 0 failed
progress: 80.0 s, 33466.0 tps, lat 0.955 ms stddev 0.221, 0 failed
progress: 85.0 s, 33681.2 tps, lat 0.949 ms stddev 0.236, 0 failed
progress: 90.0 s, 33465.1 tps, lat 0.955 ms stddev 0.279, 0 failed
progress: 95.0 s, 33199.7 tps, lat 0.963 ms stddev 0.250, 0 failed
progress: 100.0 s, 33635.3 tps, lat 0.950 ms stddev 0.250, 0 failed
progress: 105.0 s, 33621.7 tps, lat 0.951 ms stddev 0.332, 0 failed
progress: 110.0 s, 35014.8 tps, lat 0.913 ms stddev 0.388, 0 failed
progress: 115.0 s, 34734.9 tps, lat 0.920 ms stddev 0.340, 0 failed
progress: 120.0 s, 35283.4 tps, lat 0.906 ms stddev 0.304, 0 failed
transaction type: <builtin: select only>
scaling factor: 10
query mode: simple
number of clients: 32
number of threads: 4
maximum number of tries: 1
duration: 120 s
number of transactions actually processed: 4077151
number of failed transactions: 0 (0.000%)
latency average = 0.941 ms
latency stddev = 0.287 ms
initial connection time = 22.554 ms
tps = 33979.613537 (without initial connection time)
statement latencies in milliseconds and failures:
         0.001           0  \set aid random(1, 100000 * :scale)
         0.940           0  SELECT abalance FROM pgbench_accounts WHERE aid = :aid;

=========================================
=== T053 COMPLETE ===
=========================================
