=========================================
=== CBP-1.0 / T020: MEMORY PERFORMANCE ===
=== Timestamp (UTC): 2026-09-14 05:33:47 UTC ===
=========================================

--- Part 1: Memory Write Throughput (threads=4) ---
sysbench 1.0.20 (using system LuaJIT 2.1.0-beta3)

Running the test with following options:
Number of threads: 4
Initializing random number generator from current time


Running memory speed test with the following options:
  block size: 1024KiB
  total size: 65536MiB
  operation: write
  scope: global

Initializing worker threads...

Threads started!

Total operations: 65536 (27368.43 per second)

65536.00 MiB transferred (27368.43 MiB/sec)


General statistics:
    total time:                          2.3923s
    total number of events:              65536

Latency (ms):
         min:                                    0.08
         avg:                                    0.14
         max:                                    0.82
         95th percentile:                        0.19
         sum:                                 9495.77

Threads fairness:
    events (avg/stddev):           16384.0000/0.00
    execution time (avg/stddev):   2.3739/0.01


--- Part 2: Memory Read Throughput (threads=4) ---
sysbench 1.0.20 (using system LuaJIT 2.1.0-beta3)

Running the test with following options:
Number of threads: 4
Initializing random number generator from current time


Running memory speed test with the following options:
  block size: 1024KiB
  total size: 65536MiB
  operation: read
  scope: global

Initializing worker threads...

Threads started!

Total operations: 65536 (46140.38 per second)

65536.00 MiB transferred (46140.38 MiB/sec)


General statistics:
    total time:                          1.4181s
    total number of events:              65536

Latency (ms):
         min:                                    0.05
         avg:                                    0.09
         max:                                    1.17
         95th percentile:                        0.11
         sum:                                 5599.54

Threads fairness:
    events (avg/stddev):           16384.0000/0.00
    execution time (avg/stddev):   1.3999/0.01


=========================================
=== T020 COMPLETE ===
=========================================
