=========================================
=== CBP-1.0 / T030: STORAGE IDENTIFICATION ===
=== Timestamp (UTC): 2026-09-14 05:34:13 UTC ===
=========================================

--- Block Device Hierarchy (lsblk) ---
NAME     SIZE TYPE FSTYPE MOUNTPOINTS ROTA MODEL          DISC-MAX DISC-ZERO
sda       50G disk                       0 PersistentDisk       4G         0
├─sda1  49.9G part ext4   /              0                      4G         0
├─sda14    3M part                       0                      4G         0
└─sda15  124M part vfat   /boot/efi      0                      4G         0

--- Mount Options ---
/dev/sda1 on / type ext4 (rw,relatime,discard,errors=remount-ro)
/dev/sda15 on /boot/efi type vfat (rw,relatime,fmask=0022,dmask=0022,codepage=437,iocharset=ascii,shortname=mixed,utf8,errors=remount-ro)

--- Disk Free (df -hT) ---
Filesystem     Type      Size  Used Avail Use% Mounted on
udev           devtmpfs  7.8G     0  7.8G   0% /dev
tmpfs          tmpfs     1.6G  484K  1.6G   1% /run
/dev/sda1      ext4       49G  2.4G   45G   6% /
tmpfs          tmpfs     7.9G  1.1M  7.9G   1% /dev/shm
tmpfs          tmpfs     5.0M     0  5.0M   0% /run/lock
efivarfs       efivarfs  256K   26K  226K  11% /sys/firmware/efi/efivars
/dev/sda15     vfat      124M   12M  112M  10% /boot/efi
tmpfs          tmpfs     1.6G     0  1.6G   0% /run/user/1001

--- Sysfs Disk Queue & Scheduler ---
Device: sda
  scheduler: [none] mq-deadline 
  nr_requests: 10240
  rotational (0=SSD/NVMe, 1=HDD): 0
  read_ahead_kb: 128

=========================================
=== T030 COMPLETE ===
=========================================
