=========================================
=== CBP-1.0 / T031: SEQUENTIAL STORAGE THROUGHPUT ===
=== Timestamp (UTC): 2026-09-14 05:34:35 UTC ===
=========================================

--- Part 1: Sequential Write (1MB, iodepth=16, direct=1) ---
seq_write: (g=0): rw=write, bs=(R) 1024KiB-1024KiB, (W) 1024KiB-1024KiB, (T) 1024KiB-1024KiB, ioengine=libaio, iodepth=16
fio-3.33
Starting 1 process
seq_write: Laying out IO file (1 file / 4096MiB)

seq_write: (groupid=0, jobs=1): err= 0: pid=4930: Mon Sep 14 05:35:36 2026
  write: IOPS=240, BW=240MiB/s (252MB/s)(14.1GiB/60067msec); 0 zone resets
    slat (usec): min=52, max=62610, avg=231.31, stdev=1732.58
    clat (msec): min=3, max=125, avg=66.34, stdev= 6.18
     lat (msec): min=6, max=125, avg=66.57, stdev= 5.94
    clat percentiles (msec):
     |  1.00th=[   41],  5.00th=[   65], 10.00th=[   66], 20.00th=[   66],
     | 30.00th=[   66], 40.00th=[   67], 50.00th=[   67], 60.00th=[   67],
     | 70.00th=[   67], 80.00th=[   68], 90.00th=[   68], 95.00th=[   69],
     | 99.00th=[   81], 99.50th=[  104], 99.90th=[  122], 99.95th=[  124],
     | 99.99th=[  126]
   bw (  KiB/s): min=243712, max=284672, per=100.00%, avg=246340.98, stdev=3665.51, samples=119
   iops        : min=  238, max=  278, avg=240.56, stdev= 3.58, samples=119
  lat (msec)   : 4=0.01%, 10=0.14%, 20=0.25%, 50=0.85%, 100=98.21%
  lat (msec)   : 250=0.55%
  cpu          : usr=2.86%, sys=2.72%, ctx=14208, majf=0, minf=10
  IO depths    : 1=0.1%, 2=0.1%, 4=0.1%, 8=0.1%, 16=99.9%, 32=0.0%, >=64=0.0%
     submit    : 0=0.0%, 4=100.0%, 8=0.0%, 16=0.0%, 32=0.0%, 64=0.0%, >=64=0.0%
     complete  : 0=0.0%, 4=100.0%, 8=0.0%, 16=0.1%, 32=0.0%, 64=0.0%, >=64=0.0%
     issued rwts: total=0,14434,0,0 short=0,0,0,0 dropped=0,0,0,0
     latency   : target=0, window=0, percentile=100.00%, depth=16

Run status group 0 (all jobs):
  WRITE: bw=240MiB/s (252MB/s), 240MiB/s-240MiB/s (252MB/s-252MB/s), io=14.1GiB (15.1GB), run=60067-60067msec

Disk stats (read/write):
  sda: ios=0/57723, merge=0/115, ticks=0/3700853, in_queue=3700858, util=93.15%

--- Part 2: Sequential Read (1MB, iodepth=16, direct=1) ---
seq_read: (g=0): rw=read, bs=(R) 1024KiB-1024KiB, (W) 1024KiB-1024KiB, (T) 1024KiB-1024KiB, ioengine=libaio, iodepth=16
fio-3.33
Starting 1 process

seq_read: (groupid=0, jobs=1): err= 0: pid=4970: Mon Sep 14 05:36:36 2026
  read: IOPS=240, BW=240MiB/s (252MB/s)(14.1GiB/60067msec)
    slat (usec): min=16, max=770, avg=73.92, stdev=29.79
    clat (msec): min=14, max=125, avg=66.49, stdev= 2.66
     lat (msec): min=14, max=125, avg=66.56, stdev= 2.66
    clat percentiles (msec):
     |  1.00th=[   64],  5.00th=[   66], 10.00th=[   66], 20.00th=[   66],
     | 30.00th=[   67], 40.00th=[   67], 50.00th=[   67], 60.00th=[   67],
     | 70.00th=[   67], 80.00th=[   68], 90.00th=[   68], 95.00th=[   68],
     | 99.00th=[   69], 99.50th=[   70], 99.90th=[   73], 99.95th=[   96],
     | 99.99th=[  121]
   bw (  KiB/s): min=243712, max=284672, per=100.00%, avg=246362.35, stdev=3639.75, samples=119
   iops        : min=  238, max=  278, avg=240.59, stdev= 3.55, samples=119
  lat (msec)   : 20=0.06%, 50=0.24%, 100=99.65%, 250=0.04%
  cpu          : usr=0.65%, sys=2.46%, ctx=14430, majf=0, minf=530
  IO depths    : 1=0.1%, 2=0.1%, 4=0.1%, 8=0.1%, 16=99.9%, 32=0.0%, >=64=0.0%
     submit    : 0=0.0%, 4=100.0%, 8=0.0%, 16=0.0%, 32=0.0%, 64=0.0%, >=64=0.0%
     complete  : 0=0.0%, 4=100.0%, 8=0.0%, 16=0.1%, 32=0.0%, 64=0.0%, >=64=0.0%
     issued rwts: total=14435,0,0,0 short=0,0,0,0 dropped=0,0,0,0
     latency   : target=0, window=0, percentile=100.00%, depth=16

Run status group 0 (all jobs):
   READ: bw=240MiB/s (252MB/s), 240MiB/s-240MiB/s (252MB/s-252MB/s), io=14.1GiB (15.1GB), run=60067-60067msec

Disk stats (read/write):
  sda: ios=57639/49, merge=0/11, ticks=3732147/55, in_queue=3732203, util=96.46%

=========================================
=== T031 COMPLETE ===
=========================================
