=========================================
=== CBP-1.0 / T032: RANDOM STORAGE IOPS & LATENCY ===
=== Timestamp (UTC): 2026-09-14 05:37:00 UTC ===
=========================================

--- Part 1: Random Read (4K, iodepth=32, numjobs=4) ---
rand_read: (g=0): rw=randread, bs=(R) 4096B-4096B, (W) 4096B-4096B, (T) 4096B-4096B, ioengine=libaio, iodepth=32
...
fio-3.33
Starting 4 processes
rand_read: Laying out IO file (1 file / 4096MiB)

rand_read: (groupid=0, jobs=4): err= 0: pid=5048: Mon Sep 14 05:38:20 2026
  read: IOPS=7718, BW=30.1MiB/s (31.6MB/s)(1809MiB/60018msec)
    slat (usec): min=3, max=2386, avg=27.88, stdev=30.64
    clat (usec): min=265, max=53935, avg=16551.12, stdev=2880.02
     lat (usec): min=283, max=53953, avg=16579.00, stdev=2882.43
    clat percentiles (usec):
     |  1.00th=[ 1188],  5.00th=[15926], 10.00th=[16319], 20.00th=[16581],
     | 30.00th=[16909], 40.00th=[16909], 50.00th=[16909], 60.00th=[17171],
     | 70.00th=[17171], 80.00th=[17433], 90.00th=[17695], 95.00th=[17957],
     | 99.00th=[18744], 99.50th=[19530], 99.90th=[25560], 99.95th=[38011],
     | 99.99th=[44303]
   bw (  KiB/s): min=29777, max=135043, per=100.00%, avg=30913.19, stdev=2399.69, samples=476
   iops        : min= 7444, max=33762, avg=7728.18, stdev=599.95, samples=476
  lat (usec)   : 500=0.05%, 750=0.24%, 1000=0.37%
  lat (msec)   : 2=1.72%, 4=0.83%, 10=0.06%, 20=96.36%, 50=0.36%
  lat (msec)   : 100=0.01%
  cpu          : usr=2.47%, sys=7.73%, ctx=299374, majf=0, minf=176
  IO depths    : 1=0.1%, 2=0.1%, 4=0.1%, 8=0.1%, 16=0.1%, 32=100.0%, >=64=0.0%
     submit    : 0=0.0%, 4=100.0%, 8=0.0%, 16=0.0%, 32=0.0%, 64=0.0%, >=64=0.0%
     complete  : 0=0.0%, 4=100.0%, 8=0.0%, 16=0.0%, 32=0.1%, 64=0.0%, >=64=0.0%
     issued rwts: total=463229,0,0,0 short=0,0,0,0 dropped=0,0,0,0
     latency   : target=0, window=0, percentile=100.00%, depth=32

Run status group 0 (all jobs):
   READ: bw=30.1MiB/s (31.6MB/s), 30.1MiB/s-30.1MiB/s (31.6MB/s-31.6MB/s), io=1809MiB (1897MB), run=60018-60018msec

Disk stats (read/write):
  sda: ios=462775/5, merge=0/1, ticks=7635053/88, in_queue=7635142, util=81.25%

--- Part 2: Random Write (4K, iodepth=32, numjobs=4) ---
rand_write: (g=0): rw=randwrite, bs=(R) 4096B-4096B, (W) 4096B-4096B, (T) 4096B-4096B, ioengine=libaio, iodepth=32
...
fio-3.33
Starting 4 processes

rand_write: (groupid=0, jobs=4): err= 0: pid=5075: Mon Sep 14 05:39:20 2026
  write: IOPS=7542, BW=29.5MiB/s (30.9MB/s)(1768MiB/60019msec); 0 zone resets
    slat (usec): min=4, max=15917, avg=23.30, stdev=99.88
    clat (usec): min=653, max=33834, avg=16942.03, stdev=1704.90
     lat (usec): min=667, max=33882, avg=16965.33, stdev=1704.14
    clat percentiles (usec):
     |  1.00th=[11994],  5.00th=[15270], 10.00th=[15926], 20.00th=[16450],
     | 30.00th=[16712], 40.00th=[16909], 50.00th=[16909], 60.00th=[17171],
     | 70.00th=[17433], 80.00th=[17695], 90.00th=[18220], 95.00th=[18744],
     | 99.00th=[20579], 99.50th=[21627], 99.90th=[25560], 99.95th=[27657],
     | 99.99th=[30278]
   bw (  KiB/s): min=29552, max=51065, per=100.00%, avg=30213.00, stdev=483.15, samples=476
   iops        : min= 7388, max=12766, avg=7553.18, stdev=120.78, samples=476
  lat (usec)   : 750=0.01%, 1000=0.03%
  lat (msec)   : 2=0.29%, 4=0.33%, 10=0.15%, 20=97.62%, 50=1.58%
  cpu          : usr=1.89%, sys=5.69%, ctx=305376, majf=0, minf=40
  IO depths    : 1=0.1%, 2=0.1%, 4=0.1%, 8=0.1%, 16=0.1%, 32=100.0%, >=64=0.0%
     submit    : 0=0.0%, 4=100.0%, 8=0.0%, 16=0.0%, 32=0.0%, 64=0.0%, >=64=0.0%
     complete  : 0=0.0%, 4=100.0%, 8=0.0%, 16=0.0%, 32=0.1%, 64=0.0%, >=64=0.0%
     issued rwts: total=0,452701,0,0 short=0,0,0,0 dropped=0,0,0,0
     latency   : target=0, window=0, percentile=100.00%, depth=32

Run status group 0 (all jobs):
  WRITE: bw=29.5MiB/s (30.9MB/s), 29.5MiB/s-29.5MiB/s (30.9MB/s-30.9MB/s), io=1768MiB (1854MB), run=60019-60019msec

Disk stats (read/write):
  sda: ios=0/451783, merge=0/16, ticks=0/7593612, in_queue=7593619, util=78.39%

--- Part 3: Mixed Random 70/30 (4K, iodepth=32, numjobs=4) ---
rand_rw7030: (g=0): rw=randrw, bs=(R) 4096B-4096B, (W) 4096B-4096B, (T) 4096B-4096B, ioengine=libaio, iodepth=32
...
fio-3.33
Starting 4 processes

rand_rw7030: (groupid=0, jobs=4): err= 0: pid=5103: Mon Sep 14 05:40:21 2026
  read: IOPS=5275, BW=20.6MiB/s (21.6MB/s)(1237MiB/60020msec)
    slat (usec): min=3, max=18107, avg=24.70, stdev=110.11
    clat (usec): min=397, max=36283, avg=16966.79, stdev=1675.26
     lat (usec): min=564, max=36312, avg=16991.49, stdev=1671.43
    clat percentiles (usec):
     |  1.00th=[12387],  5.00th=[15270], 10.00th=[15926], 20.00th=[16319],
     | 30.00th=[16712], 40.00th=[16909], 50.00th=[16909], 60.00th=[17171],
     | 70.00th=[17433], 80.00th=[17695], 90.00th=[18220], 95.00th=[18744],
     | 99.00th=[20579], 99.50th=[21627], 99.90th=[26870], 99.95th=[29230],
     | 99.99th=[33162]
   bw (  KiB/s): min=19888, max=35441, per=100.00%, avg=21133.36, stdev=347.56, samples=476
   iops        : min= 4972, max= 8860, avg=5283.26, stdev=86.89, samples=476
  write: IOPS=2268, BW=9074KiB/s (9291kB/s)(532MiB/60020msec); 0 zone resets
    slat (usec): min=4, max=18677, avg=27.42, stdev=167.13
    clat (usec): min=444, max=35361, avg=16865.72, stdev=1773.13
     lat (usec): min=462, max=35370, avg=16893.14, stdev=1767.82
    clat percentiles (usec):
     |  1.00th=[10552],  5.00th=[15139], 10.00th=[15795], 20.00th=[16319],
     | 30.00th=[16581], 40.00th=[16909], 50.00th=[16909], 60.00th=[17171],
     | 70.00th=[17433], 80.00th=[17695], 90.00th=[17957], 95.00th=[18744],
     | 99.00th=[20317], 99.50th=[21627], 99.90th=[26870], 99.95th=[28967],
     | 99.99th=[33162]
   bw (  KiB/s): min= 7856, max=15920, per=100.00%, avg=9082.71, stdev=191.39, samples=476
   iops        : min= 1964, max= 3980, avg=2270.45, stdev=47.85, samples=476
  lat (usec)   : 500=0.01%, 750=0.01%, 1000=0.01%
  lat (msec)   : 2=0.10%, 4=0.41%, 10=0.35%, 20=97.51%, 50=1.61%
  cpu          : usr=2.11%, sys=6.25%, ctx=280301, majf=0, minf=53
  IO depths    : 1=0.1%, 2=0.1%, 4=0.1%, 8=0.1%, 16=0.1%, 32=100.0%, >=64=0.0%
     submit    : 0=0.0%, 4=100.0%, 8=0.0%, 16=0.0%, 32=0.0%, 64=0.0%, >=64=0.0%
     complete  : 0=0.0%, 4=100.0%, 8=0.0%, 16=0.0%, 32=0.1%, 64=0.0%, >=64=0.0%
     issued rwts: total=316634,136151,0,0 short=0,0,0,0 dropped=0,0,0,0
     latency   : target=0, window=0, percentile=100.00%, depth=32

Run status group 0 (all jobs):
   READ: bw=20.6MiB/s (21.6MB/s), 20.6MiB/s-20.6MiB/s (21.6MB/s-21.6MB/s), io=1237MiB (1297MB), run=60020-60020msec
  WRITE: bw=9074KiB/s (9291kB/s), 9074KiB/s-9074KiB/s (9291kB/s-9291kB/s), io=532MiB (558MB), run=60020-60020msec

Disk stats (read/write):
  sda: ios=315957/135866, merge=0/13, ticks=5335475/2273633, in_queue=7609113, util=80.01%

=========================================
=== T032 COMPLETE ===
=========================================
