=========================================
=== CBP-1.0 / T051: POSTGRESQL INIT SCALE 10 ===
=== Timestamp (UTC): 2026-09-14 05:46:02 UTC ===
=========================================
Initializing pgbench database (scale 10) on database 'cloudmark'...
dropping old tables...
NOTICE:  table "pgbench_accounts" does not exist, skipping
NOTICE:  table "pgbench_branches" does not exist, skipping
NOTICE:  table "pgbench_history" does not exist, skipping
NOTICE:  table "pgbench_tellers" does not exist, skipping
creating tables...
generating data (client-side)...
100000 of 1000000 tuples (10%) done (elapsed 0.18 s, remaining 1.62 s)
200000 of 1000000 tuples (20%) done (elapsed 0.46 s, remaining 1.85 s)
300000 of 1000000 tuples (30%) done (elapsed 0.74 s, remaining 1.72 s)
400000 of 1000000 tuples (40%) done (elapsed 0.92 s, remaining 1.38 s)
500000 of 1000000 tuples (50%) done (elapsed 1.20 s, remaining 1.20 s)
600000 of 1000000 tuples (60%) done (elapsed 1.51 s, remaining 1.00 s)
700000 of 1000000 tuples (70%) done (elapsed 1.79 s, remaining 0.77 s)
800000 of 1000000 tuples (80%) done (elapsed 2.05 s, remaining 0.51 s)
900000 of 1000000 tuples (90%) done (elapsed 2.38 s, remaining 0.26 s)
1000000 of 1000000 tuples (100%) done (elapsed 2.55 s, remaining 0.00 s)
vacuuming...
creating primary keys...
done in 3.74 s (drop tables 0.00 s, create tables 0.02 s, client-side generate 2.70 s, vacuum 0.26 s, primary keys 0.76 s).

--- Database & Relation Sizes ---
    table_name    | total_size | data_size  | index_size 
------------------+------------+------------+------------
 pgbench_accounts | 150 MB     | 128 MB     | 21 MB
 pgbench_branches | 56 kB      | 8192 bytes | 16 kB
 pgbench_tellers  | 56 kB      | 8192 bytes | 16 kB
 pgbench_history  | 0 bytes    | 0 bytes    | 0 bytes
(4 rows)


--- Total Database Size ---
157 MB

=========================================
=== T051 COMPLETE ===
=========================================
