Setting up swapspace version 1, size = 2 GiB (2147479552 bytes)
no label, UUID=0bac0bca-7ee1-43c6-bb28-25b68ca18914
Get:1 file:/etc/apt/mirrors/debian.list Mirrorlist [30 B]
Get:5 file:/etc/apt/mirrors/debian-security.list Mirrorlist [39 B]
Hit:2 https://deb.debian.org/debian bookworm InRelease
Get:3 https://deb.debian.org/debian bookworm-updates InRelease [55.4 kB]
Get:4 https://deb.debian.org/debian bookworm-backports InRelease [59.4 kB]
Get:6 https://deb.debian.org/debian-security bookworm-security InRelease [34.8 kB]
Get:7 https://packages.cloud.google.com/apt google-compute-engine-bookworm-stable InRelease [1321 B]
Get:8 https://deb.debian.org/debian-security bookworm-security/main Sources [247 kB]
Get:9 https://deb.debian.org/debian-security bookworm-security/main amd64 Packages [338 kB]
Get:10 https://packages.cloud.google.com/apt cloud-sdk-bookworm InRelease [1478 B]
Get:11 https://packages.cloud.google.com/apt cloud-sdk-bookworm/main amd64 Packages [945 kB]
Get:12 https://packages.cloud.google.com/apt cloud-sdk-bookworm/main all Packages [297 kB]
Fetched 1980 kB in 3s (696 kB/s)
Reading package lists...
Reading package lists...
Building dependency tree...
Reading state information...
The following additional packages will be installed:
  ibverbs-providers libaio1 libboost-iostreams1.74.0 libboost-thread1.74.0
  libc-l10n libcommon-sense-perl libdaxctl1 libfmt9 libgdbm-compat4 libgfapi0
  libgfrpc0 libgfxdr0 libglusterfs0 libibverbs1 libiperf0 libjson-perl
  libjson-xs-perl libllvm14 libluajit2-5.1-2 libluajit2-5.1-common libmariadb3
  libnbd0 libndctl6 libnl-3-200 libnl-route-3-200 libnuma1 libperl5.36
  libpmem1 libpmemblk1 libpq5 librados2 librbd1 librdmacm1 libsctp1
  libsensors-config libsensors5 libtypes-serialiser-perl libxslt1.1 libz3-4
  locales mariadb-common mysql-common perl perl-modules-5.36 postgresql-15
  postgresql-client-15 postgresql-client-common postgresql-common ssl-cert
Suggested packages:
  fio-examples gnuplot gfio lksctp-tools lm-sensors perl-doc
  libterm-readline-gnu-perl | libterm-readline-perl-perl make
  libtap-harness-archive-perl postgresql-doc postgresql-doc-15 isag
The following NEW packages will be installed:
  fio ibverbs-providers iperf3 libaio1 libboost-iostreams1.74.0
  libboost-thread1.74.0 libc-l10n libcommon-sense-perl libdaxctl1 libfmt9
  libgdbm-compat4 libgfapi0 libgfrpc0 libgfxdr0 libglusterfs0 libibverbs1
  libiperf0 libjson-perl libjson-xs-perl libllvm14 libluajit2-5.1-2
  libluajit2-5.1-common libmariadb3 libnbd0 libndctl6 libnl-3-200
  libnl-route-3-200 libnuma1 libperl5.36 libpmem1 libpmemblk1 libpq5 librados2
  librbd1 librdmacm1 libsctp1 libsensors-config libsensors5
  libtypes-serialiser-perl libxslt1.1 libz3-4 locales mariadb-common
  mysql-common perl perl-modules-5.36 postgresql postgresql-15
  postgresql-client-15 postgresql-client-common postgresql-common
  postgresql-contrib ssl-cert sysbench sysstat
0 upgraded, 55 newly installed, 0 to remove and 1 not upgraded.
Need to get 82.6 MB of archives.
After this operation, 319 MB of additional disk space will be used.
Get:1 file:/etc/apt/mirrors/debian.list Mirrorlist [30 B]
Get:54 file:/etc/apt/mirrors/debian-security.list Mirrorlist [39 B]
Get:2 https://deb.debian.org/debian bookworm/main amd64 perl-modules-5.36 all 5.36.0-7+deb12u3 [2815 kB]
Get:3 https://deb.debian.org/debian bookworm/main amd64 libgdbm-compat4 amd64 1.23-3 [48.2 kB]
Get:4 https://deb.debian.org/debian bookworm/main amd64 libperl5.36 amd64 5.36.0-7+deb12u3 [4196 kB]
Get:5 https://deb.debian.org/debian bookworm/main amd64 perl amd64 5.36.0-7+deb12u3 [239 kB]
Get:6 https://deb.debian.org/debian bookworm/main amd64 libsctp1 amd64 1.0.19+dfsg-2 [29.7 kB]
Get:7 https://deb.debian.org/debian bookworm/main amd64 libiperf0 amd64 3.12-1+deb12u2 [91.2 kB]
Get:8 https://deb.debian.org/debian bookworm/main amd64 iperf3 amd64 3.12-1+deb12u2 [34.0 kB]
Get:9 https://deb.debian.org/debian bookworm/main amd64 libjson-perl all 4.10000-1 [87.5 kB]
Get:10 https://deb.debian.org/debian bookworm/main amd64 postgresql-client-common all 248+deb12u1 [35.2 kB]
Get:11 https://deb.debian.org/debian bookworm/main amd64 ssl-cert all 1.1.2 [21.1 kB]
Get:12 https://deb.debian.org/debian bookworm/main amd64 postgresql-common all 248+deb12u1 [179 kB]
Get:13 https://deb.debian.org/debian bookworm/main amd64 libc-l10n all 2.36-9+deb12u14 [676 kB]
Get:14 https://deb.debian.org/debian bookworm/main amd64 locales all 2.36-9+deb12u14 [3906 kB]
Get:15 https://deb.debian.org/debian bookworm/main amd64 libaio1 amd64 0.3.113-4 [13.4 kB]
Get:16 https://deb.debian.org/debian bookworm/main amd64 libgfxdr0 amd64 10.3-5 [3106 kB]
Get:17 https://deb.debian.org/debian bookworm/main amd64 libglusterfs0 amd64 10.3-5 [3347 kB]
Get:18 https://deb.debian.org/debian bookworm/main amd64 libgfrpc0 amd64 10.3-5 [3131 kB]
Get:19 https://deb.debian.org/debian bookworm/main amd64 libgfapi0 amd64 10.3-5 [3158 kB]
Get:20 https://deb.debian.org/debian bookworm/main amd64 libnl-3-200 amd64 3.7.0-0.2+b1 [63.1 kB]
Get:21 https://deb.debian.org/debian bookworm/main amd64 libnl-route-3-200 amd64 3.7.0-0.2+b1 [185 kB]
Get:22 https://deb.debian.org/debian bookworm/main amd64 libibverbs1 amd64 44.0-2 [60.7 kB]
Get:23 https://deb.debian.org/debian bookworm/main amd64 libnbd0 amd64 1.14.2-1 [66.0 kB]
Get:24 https://deb.debian.org/debian bookworm/main amd64 libnuma1 amd64 2.0.16-1 [21.0 kB]
Get:25 https://deb.debian.org/debian bookworm/main amd64 libdaxctl1 amd64 76.1-1 [21.1 kB]
Get:26 https://deb.debian.org/debian bookworm/main amd64 libndctl6 amd64 76.1-1 [61.7 kB]
Get:27 https://deb.debian.org/debian bookworm/main amd64 libpmem1 amd64 1.12.1-2 [90.0 kB]
Get:28 https://deb.debian.org/debian bookworm/main amd64 libpmemblk1 amd64 1.12.1-2 [75.7 kB]
Get:29 https://deb.debian.org/debian bookworm/main amd64 libboost-iostreams1.74.0 amd64 1.74.0+ds1-21 [240 kB]
Get:30 https://deb.debian.org/debian bookworm/main amd64 libboost-thread1.74.0 amd64 1.74.0+ds1-21 [257 kB]
Get:31 https://deb.debian.org/debian bookworm/main amd64 libfmt9 amd64 9.1.0+ds1-2 [113 kB]
Get:32 https://deb.debian.org/debian bookworm/main amd64 librdmacm1 amd64 44.0-2 [68.6 kB]
Get:33 https://deb.debian.org/debian bookworm/main amd64 librados2 amd64 16.2.15+ds-0+deb12u2 [3252 kB]
Get:34 https://deb.debian.org/debian bookworm/main amd64 librbd1 amd64 16.2.15+ds-0+deb12u2 [2405 kB]
Get:35 https://deb.debian.org/debian bookworm/main amd64 fio amd64 3.33-3 [538 kB]
Get:36 https://deb.debian.org/debian bookworm/main amd64 ibverbs-providers amd64 44.0-2 [335 kB]
Get:37 https://deb.debian.org/debian bookworm/main amd64 libcommon-sense-perl amd64 3.75-3 [23.0 kB]
Get:38 https://deb.debian.org/debian bookworm/main amd64 libtypes-serialiser-perl all 1.01-1 [12.2 kB]
Get:39 https://deb.debian.org/debian bookworm/main amd64 libjson-xs-perl amd64 4.040-1~deb12u1 [92.4 kB]
Get:40 https://deb.debian.org/debian bookworm/main amd64 libz3-4 amd64 4.8.12-3.1 [7216 kB]
Get:41 https://deb.debian.org/debian bookworm/main amd64 libllvm14 amd64 1:14.0.6-12 [21.8 MB]
Get:42 https://deb.debian.org/debian bookworm/main amd64 libluajit2-5.1-common all 2.1-20230119-1 [46.6 kB]
Get:43 https://deb.debian.org/debian bookworm/main amd64 libluajit2-5.1-2 amd64 2.1-20230119-1 [258 kB]
Get:44 https://deb.debian.org/debian bookworm/main amd64 mysql-common all 5.8+1.1.0 [6636 B]
Get:45 https://deb.debian.org/debian bookworm/main amd64 mariadb-common all 1:10.11.18-0+deb12u1 [27.0 kB]
Get:46 https://deb.debian.org/debian bookworm/main amd64 libmariadb3 amd64 1:10.11.18-0+deb12u1 [176 kB]
Get:47 https://deb.debian.org/debian bookworm/main amd64 libsensors-config all 1:3.6.0-7.1 [14.3 kB]
Get:48 https://deb.debian.org/debian bookworm/main amd64 libsensors5 amd64 1:3.6.0-7.1 [34.2 kB]
Get:49 https://deb.debian.org/debian bookworm/main amd64 libxslt1.1 amd64 1.1.35-1+deb12u4 [232 kB]
Get:50 https://deb.debian.org/debian bookworm/main amd64 postgresql all 15+248+deb12u1 [10.2 kB]
Get:51 https://deb.debian.org/debian bookworm/main amd64 postgresql-contrib all 15+248+deb12u1 [10.2 kB]
Get:52 https://deb.debian.org/debian bookworm/main amd64 sysbench amd64 1.0.20+ds-5 [114 kB]
Get:53 https://deb.debian.org/debian bookworm/main amd64 sysstat amd64 12.6.1-1 [596 kB]
Get:55 https://deb.debian.org/debian-security bookworm-security/main amd64 libpq5 amd64 15.19-0+deb12u1 [203 kB]
Get:56 https://deb.debian.org/debian-security bookworm-security/main amd64 postgresql-client-15 amd64 15.19-0+deb12u1 [1759 kB]
Get:57 https://deb.debian.org/debian-security bookworm-security/main amd64 postgresql-15 amd64 15.19-0+deb12u1 [17.0 MB]
Preconfiguring packages ...
/usr/bin/deb-systemd-helper was not called from dpkg. Exiting.
/usr/bin/deb-systemd-helper was not called from dpkg. Exiting.
Failed to stop iperf3.service: Unit iperf3.service not loaded.
Fetched 82.6 MB in 31s (2642 kB/s)
Selecting previously unselected package perl-modules-5.36.
(Reading database ... 
(Reading database ... 5%
(Reading database ... 10%
(Reading database ... 15%
(Reading database ... 20%
(Reading database ... 25%
(Reading database ... 30%
(Reading database ... 35%
(Reading database ... 40%
(Reading database ... 45%
(Reading database ... 50%
(Reading database ... 55%
(Reading database ... 60%
(Reading database ... 65%
(Reading database ... 70%
(Reading database ... 75%
(Reading database ... 80%
(Reading database ... 85%
(Reading database ... 90%
(Reading database ... 95%
(Reading database ... 100%
(Reading database ... 58105 files and directories currently installed.)
Preparing to unpack .../00-perl-modules-5.36_5.36.0-7+deb12u3_all.deb ...
Unpacking perl-modules-5.36 (5.36.0-7+deb12u3) ...
Selecting previously unselected package libgdbm-compat4:amd64.
Preparing to unpack .../01-libgdbm-compat4_1.23-3_amd64.deb ...
Unpacking libgdbm-compat4:amd64 (1.23-3) ...
Selecting previously unselected package libperl5.36:amd64.
Preparing to unpack .../02-libperl5.36_5.36.0-7+deb12u3_amd64.deb ...
Unpacking libperl5.36:amd64 (5.36.0-7+deb12u3) ...
Selecting previously unselected package perl.
Preparing to unpack .../03-perl_5.36.0-7+deb12u3_amd64.deb ...
Unpacking perl (5.36.0-7+deb12u3) ...
Selecting previously unselected package libsctp1:amd64.
Preparing to unpack .../04-libsctp1_1.0.19+dfsg-2_amd64.deb ...
Unpacking libsctp1:amd64 (1.0.19+dfsg-2) ...
Selecting previously unselected package libiperf0:amd64.
Preparing to unpack .../05-libiperf0_3.12-1+deb12u2_amd64.deb ...
Unpacking libiperf0:amd64 (3.12-1+deb12u2) ...
Selecting previously unselected package iperf3.
Preparing to unpack .../06-iperf3_3.12-1+deb12u2_amd64.deb ...
Unpacking iperf3 (3.12-1+deb12u2) ...
Selecting previously unselected package libjson-perl.
Preparing to unpack .../07-libjson-perl_4.10000-1_all.deb ...
Unpacking libjson-perl (4.10000-1) ...
Selecting previously unselected package postgresql-client-common.
Preparing to unpack .../08-postgresql-client-common_248+deb12u1_all.deb ...
Unpacking postgresql-client-common (248+deb12u1) ...
Selecting previously unselected package ssl-cert.
Preparing to unpack .../09-ssl-cert_1.1.2_all.deb ...
Unpacking ssl-cert (1.1.2) ...
Selecting previously unselected package postgresql-common.
Preparing to unpack .../10-postgresql-common_248+deb12u1_all.deb ...
Adding 'diversion of /usr/bin/pg_config to /usr/bin/pg_config.libpq-dev by postgresql-common'
Unpacking postgresql-common (248+deb12u1) ...
Selecting previously unselected package libc-l10n.
Preparing to unpack .../11-libc-l10n_2.36-9+deb12u14_all.deb ...
Unpacking libc-l10n (2.36-9+deb12u14) ...
Selecting previously unselected package locales.
Preparing to unpack .../12-locales_2.36-9+deb12u14_all.deb ...
Unpacking locales (2.36-9+deb12u14) ...
Selecting previously unselected package libaio1:amd64.
Preparing to unpack .../13-libaio1_0.3.113-4_amd64.deb ...
Unpacking libaio1:amd64 (0.3.113-4) ...
Selecting previously unselected package libgfxdr0:amd64.
Preparing to unpack .../14-libgfxdr0_10.3-5_amd64.deb ...
Unpacking libgfxdr0:amd64 (10.3-5) ...
Selecting previously unselected package libglusterfs0:amd64.
Preparing to unpack .../15-libglusterfs0_10.3-5_amd64.deb ...
Unpacking libglusterfs0:amd64 (10.3-5) ...
Selecting previously unselected package libgfrpc0:amd64.
Preparing to unpack .../16-libgfrpc0_10.3-5_amd64.deb ...
Unpacking libgfrpc0:amd64 (10.3-5) ...
Selecting previously unselected package libgfapi0:amd64.
Preparing to unpack .../17-libgfapi0_10.3-5_amd64.deb ...
Unpacking libgfapi0:amd64 (10.3-5) ...
Selecting previously unselected package libnl-3-200:amd64.
Preparing to unpack .../18-libnl-3-200_3.7.0-0.2+b1_amd64.deb ...
Unpacking libnl-3-200:amd64 (3.7.0-0.2+b1) ...
Selecting previously unselected package libnl-route-3-200:amd64.
Preparing to unpack .../19-libnl-route-3-200_3.7.0-0.2+b1_amd64.deb ...
Unpacking libnl-route-3-200:amd64 (3.7.0-0.2+b1) ...
Selecting previously unselected package libibverbs1:amd64.
Preparing to unpack .../20-libibverbs1_44.0-2_amd64.deb ...
Unpacking libibverbs1:amd64 (44.0-2) ...
Selecting previously unselected package libnbd0.
Preparing to unpack .../21-libnbd0_1.14.2-1_amd64.deb ...
Unpacking libnbd0 (1.14.2-1) ...
Selecting previously unselected package libnuma1:amd64.
Preparing to unpack .../22-libnuma1_2.0.16-1_amd64.deb ...
Unpacking libnuma1:amd64 (2.0.16-1) ...
Selecting previously unselected package libdaxctl1:amd64.
Preparing to unpack .../23-libdaxctl1_76.1-1_amd64.deb ...
Unpacking libdaxctl1:amd64 (76.1-1) ...
Selecting previously unselected package libndctl6:amd64.
Preparing to unpack .../24-libndctl6_76.1-1_amd64.deb ...
Unpacking libndctl6:amd64 (76.1-1) ...
Selecting previously unselected package libpmem1:amd64.
Preparing to unpack .../25-libpmem1_1.12.1-2_amd64.deb ...
Unpacking libpmem1:amd64 (1.12.1-2) ...
Selecting previously unselected package libpmemblk1:amd64.
Preparing to unpack .../26-libpmemblk1_1.12.1-2_amd64.deb ...
Unpacking libpmemblk1:amd64 (1.12.1-2) ...
Selecting previously unselected package libboost-iostreams1.74.0:amd64.
Preparing to unpack .../27-libboost-iostreams1.74.0_1.74.0+ds1-21_amd64.deb ...
Unpacking libboost-iostreams1.74.0:amd64 (1.74.0+ds1-21) ...
Selecting previously unselected package libboost-thread1.74.0:amd64.
Preparing to unpack .../28-libboost-thread1.74.0_1.74.0+ds1-21_amd64.deb ...
Unpacking libboost-thread1.74.0:amd64 (1.74.0+ds1-21) ...
Selecting previously unselected package libfmt9:amd64.
Preparing to unpack .../29-libfmt9_9.1.0+ds1-2_amd64.deb ...
Unpacking libfmt9:amd64 (9.1.0+ds1-2) ...
Selecting previously unselected package librdmacm1:amd64.
Preparing to unpack .../30-librdmacm1_44.0-2_amd64.deb ...
Unpacking librdmacm1:amd64 (44.0-2) ...
Selecting previously unselected package librados2.
Preparing to unpack .../31-librados2_16.2.15+ds-0+deb12u2_amd64.deb ...
Unpacking librados2 (16.2.15+ds-0+deb12u2) ...
Selecting previously unselected package librbd1.
Preparing to unpack .../32-librbd1_16.2.15+ds-0+deb12u2_amd64.deb ...
Unpacking librbd1 (16.2.15+ds-0+deb12u2) ...
Selecting previously unselected package fio.
Preparing to unpack .../33-fio_3.33-3_amd64.deb ...
Unpacking fio (3.33-3) ...
Selecting previously unselected package ibverbs-providers:amd64.
Preparing to unpack .../34-ibverbs-providers_44.0-2_amd64.deb ...
Unpacking ibverbs-providers:amd64 (44.0-2) ...
Selecting previously unselected package libcommon-sense-perl:amd64.
Preparing to unpack .../35-libcommon-sense-perl_3.75-3_amd64.deb ...
Unpacking libcommon-sense-perl:amd64 (3.75-3) ...
Selecting previously unselected package libtypes-serialiser-perl.
Preparing to unpack .../36-libtypes-serialiser-perl_1.01-1_all.deb ...
Unpacking libtypes-serialiser-perl (1.01-1) ...
Selecting previously unselected package libjson-xs-perl.
Preparing to unpack .../37-libjson-xs-perl_4.040-1~deb12u1_amd64.deb ...
Unpacking libjson-xs-perl (4.040-1~deb12u1) ...
Selecting previously unselected package libz3-4:amd64.
Preparing to unpack .../38-libz3-4_4.8.12-3.1_amd64.deb ...
Unpacking libz3-4:amd64 (4.8.12-3.1) ...
Selecting previously unselected package libllvm14:amd64.
Preparing to unpack .../39-libllvm14_1%3a14.0.6-12_amd64.deb ...
Unpacking libllvm14:amd64 (1:14.0.6-12) ...
Selecting previously unselected package libluajit2-5.1-common.
Preparing to unpack .../40-libluajit2-5.1-common_2.1-20230119-1_all.deb ...
Unpacking libluajit2-5.1-common (2.1-20230119-1) ...
Selecting previously unselected package libluajit2-5.1-2:amd64.
Preparing to unpack .../41-libluajit2-5.1-2_2.1-20230119-1_amd64.deb ...
Unpacking libluajit2-5.1-2:amd64 (2.1-20230119-1) ...
Selecting previously unselected package mysql-common.
Preparing to unpack .../42-mysql-common_5.8+1.1.0_all.deb ...
Unpacking mysql-common (5.8+1.1.0) ...
Selecting previously unselected package mariadb-common.
Preparing to unpack .../43-mariadb-common_1%3a10.11.18-0+deb12u1_all.deb ...
Unpacking mariadb-common (1:10.11.18-0+deb12u1) ...
Selecting previously unselected package libmariadb3:amd64.
Preparing to unpack .../44-libmariadb3_1%3a10.11.18-0+deb12u1_amd64.deb ...
Unpacking libmariadb3:amd64 (1:10.11.18-0+deb12u1) ...
Selecting previously unselected package libpq5:amd64.
Preparing to unpack .../45-libpq5_15.19-0+deb12u1_amd64.deb ...
Unpacking libpq5:amd64 (15.19-0+deb12u1) ...
Selecting previously unselected package libsensors-config.
Preparing to unpack .../46-libsensors-config_1%3a3.6.0-7.1_all.deb ...
Unpacking libsensors-config (1:3.6.0-7.1) ...
Selecting previously unselected package libsensors5:amd64.
Preparing to unpack .../47-libsensors5_1%3a3.6.0-7.1_amd64.deb ...
Unpacking libsensors5:amd64 (1:3.6.0-7.1) ...
Selecting previously unselected package libxslt1.1:amd64.
Preparing to unpack .../48-libxslt1.1_1.1.35-1+deb12u4_amd64.deb ...
Unpacking libxslt1.1:amd64 (1.1.35-1+deb12u4) ...
Selecting previously unselected package postgresql-client-15.
Preparing to unpack .../49-postgresql-client-15_15.19-0+deb12u1_amd64.deb ...
Unpacking postgresql-client-15 (15.19-0+deb12u1) ...
Selecting previously unselected package postgresql-15.
Preparing to unpack .../50-postgresql-15_15.19-0+deb12u1_amd64.deb ...
Unpacking postgresql-15 (15.19-0+deb12u1) ...
Selecting previously unselected package postgresql.
Preparing to unpack .../51-postgresql_15+248+deb12u1_all.deb ...
Unpacking postgresql (15+248+deb12u1) ...
Selecting previously unselected package postgresql-contrib.
Preparing to unpack .../52-postgresql-contrib_15+248+deb12u1_all.deb ...
Unpacking postgresql-contrib (15+248+deb12u1) ...
Selecting previously unselected package sysbench.
Preparing to unpack .../53-sysbench_1.0.20+ds-5_amd64.deb ...
Unpacking sysbench (1.0.20+ds-5) ...
Selecting previously unselected package sysstat.
Preparing to unpack .../54-sysstat_12.6.1-1_amd64.deb ...
Unpacking sysstat (12.6.1-1) ...
Setting up mysql-common (5.8+1.1.0) ...
update-alternatives: using /etc/mysql/my.cnf.fallback to provide /etc/mysql/my.cnf (my.cnf) in auto mode
Setting up libc-l10n (2.36-9+deb12u14) ...
Setting up libboost-iostreams1.74.0:amd64 (1.74.0+ds1-21) ...
Setting up libsensors-config (1:3.6.0-7.1) ...
Setting up libpq5:amd64 (15.19-0+deb12u1) ...
Setting up libnbd0 (1.14.2-1) ...
Setting up libluajit2-5.1-common (2.1-20230119-1) ...
Setting up locales (2.36-9+deb12u14) ...
Generating locales (this might take a while)...
Generation complete.
Setting up libglusterfs0:amd64 (10.3-5) ...
Setting up mariadb-common (1:10.11.18-0+deb12u1) ...
update-alternatives: using /etc/mysql/mariadb.cnf to provide /etc/mysql/my.cnf (my.cnf) in auto mode
Setting up perl-modules-5.36 (5.36.0-7+deb12u3) ...
Setting up libz3-4:amd64 (4.8.12-3.1) ...
Setting up ssl-cert (1.1.2) ...
Setting up libmariadb3:amd64 (1:10.11.18-0+deb12u1) ...
Setting up libgdbm-compat4:amd64 (1.23-3) ...
Setting up libsensors5:amd64 (1:3.6.0-7.1) ...
Setting up libdaxctl1:amd64 (76.1-1) ...
Setting up libfmt9:amd64 (9.1.0+ds1-2) ...
Setting up libllvm14:amd64 (1:14.0.6-12) ...
Setting up libnuma1:amd64 (2.0.16-1) ...
Setting up libsctp1:amd64 (1.0.19+dfsg-2) ...
Setting up libxslt1.1:amd64 (1.1.35-1+deb12u4) ...
Setting up libnl-3-200:amd64 (3.7.0-0.2+b1) ...
Setting up libndctl6:amd64 (76.1-1) ...
Setting up libaio1:amd64 (0.3.113-4) ...
Setting up libpmem1:amd64 (1.12.1-2) ...
Setting up libluajit2-5.1-2:amd64 (2.1-20230119-1) ...
Setting up sysstat (12.6.1-1) ...

Creating config file /etc/default/sysstat with new version
update-alternatives: using /usr/bin/sar.sysstat to provide /usr/bin/sar (sar) in auto mode
Created symlink /etc/systemd/system/sysstat.service.wants/sysstat-collect.timer → /lib/systemd/system/sysstat-collect.timer.

Created symlink /etc/systemd/system/sysstat.service.wants/sysstat-summary.timer → /lib/systemd/system/sysstat-summary.timer.

Created symlink /etc/systemd/system/multi-user.target.wants/sysstat.service → /lib/systemd/system/sysstat.service.

Setting up libperl5.36:amd64 (5.36.0-7+deb12u3) ...
Setting up libgfxdr0:amd64 (10.3-5) ...
Setting up libboost-thread1.74.0:amd64 (1.74.0+ds1-21) ...
Setting up sysbench (1.0.20+ds-5) ...
Setting up libnl-route-3-200:amd64 (3.7.0-0.2+b1) ...
Setting up perl (5.36.0-7+deb12u3) ...
Setting up libiperf0:amd64 (3.12-1+deb12u2) ...
Setting up libpmemblk1:amd64 (1.12.1-2) ...
Setting up libjson-perl (4.10000-1) ...
Setting up libgfrpc0:amd64 (10.3-5) ...
Setting up postgresql-client-common (248+deb12u1) ...
Setting up libibverbs1:amd64 (44.0-2) ...
Setting up ibverbs-providers:amd64 (44.0-2) ...
Setting up iperf3 (3.12-1+deb12u2) ...
Setting up libcommon-sense-perl:amd64 (3.75-3) ...
Setting up postgresql-client-15 (15.19-0+deb12u1) ...
update-alternatives: using /usr/share/postgresql/15/man/man1/psql.1.gz to provide /usr/share/man/man1/psql.1.gz (psql.1.gz) in auto mode
Setting up postgresql-common (248+deb12u1) ...

Creating config file /etc/postgresql-common/createcluster.conf with new version
Building PostgreSQL dictionaries from installed myspell/hunspell packages...
Removing obsolete dictionary files:
Created symlink /etc/systemd/system/multi-user.target.wants/postgresql.service → /lib/systemd/system/postgresql.service.

Setting up libgfapi0:amd64 (10.3-5) ...
Setting up libtypes-serialiser-perl (1.01-1) ...
Setting up postgresql-15 (15.19-0+deb12u1) ...
Creating new PostgreSQL cluster 15/main ...
/usr/lib/postgresql/15/bin/initdb -D /var/lib/postgresql/15/main --auth-local peer --auth-host scram-sha-256 --no-instructions
The files belonging to this database system will be owned by user "postgres".
This user must also own the server process.

The database cluster will be initialized with locale "C.UTF-8".
The default database encoding has accordingly been set to "UTF8".
The default text search configuration will be set to "english".

Data page checksums are disabled.

fixing permissions on existing directory /var/lib/postgresql/15/main ... ok
creating subdirectories ... ok
selecting dynamic shared memory implementation ... posix
selecting default max_connections ... 100
selecting default shared_buffers ... 128MB
selecting default time zone ... Etc/UTC
creating configuration files ... ok
running bootstrap script ... ok
performing post-bootstrap initialization ... ok
syncing data to disk ... ok
update-alternatives: using /usr/share/postgresql/15/man/man1/postmaster.1.gz to provide /usr/share/man/man1/postmaster.1.gz (postmaster.1.gz) in auto mode
Setting up libjson-xs-perl (4.040-1~deb12u1) ...
Setting up librdmacm1:amd64 (44.0-2) ...
Setting up librados2 (16.2.15+ds-0+deb12u2) ...
Setting up librbd1 (16.2.15+ds-0+deb12u2) ...
Setting up postgresql-contrib (15+248+deb12u1) ...
Setting up postgresql (15+248+deb12u1) ...
Setting up fio (3.33-3) ...
Processing triggers for man-db (2.11.2-2) ...
Processing triggers for libc-bin (2.36-9+deb12u14) ...
