=========================================
=== CBP-1.0 / T001: SYSTEM CHARACTERIZATION ===
=== Timestamp (UTC): 2026-09-14 08:35:50 UTC ===
=========================================

--- UNAME ---
Linux cm-test-e2micro 6.1.0-53-cloud-amd64 #1 SMP PREEMPT_DYNAMIC Debian 6.1.187-1 (2026-09-07) x86_64 GNU/Linux

--- OS RELEASE ---
PRETTY_NAME="Debian GNU/Linux 12 (bookworm)"
NAME="Debian GNU/Linux"
VERSION_ID="12"
VERSION="12 (bookworm)"
VERSION_CODENAME=bookworm
ID=debian
HOME_URL="https://www.debian.org/"
SUPPORT_URL="https://www.debian.org/support"
BUG_REPORT_URL="https://bugs.debian.org/"

--- CPU ARCHITECTURE & DETAILS (lscpu) ---
Architecture:                            x86_64
CPU op-mode(s):                          32-bit, 64-bit
Address sizes:                           48 bits physical, 48 bits virtual
Byte Order:                              Little Endian
CPU(s):                                  2
On-line CPU(s) list:                     0,1
Vendor ID:                               AuthenticAMD
Model name:                              AMD EPYC 7B12
CPU family:                              23
Model:                                   49
Thread(s) per core:                      2
Core(s) per socket:                      1
Socket(s):                               1
Stepping:                                0
BogoMIPS:                                4499.99
Flags:                                   fpu vme de pse tsc msr pae mce cx8 apic sep mtrr pge mca cmov pat pse36 clflush mmx fxsr sse sse2 ht syscall nx mmxext fxsr_opt pdpe1gb rdtscp lm constant_tsc rep_good nopl nonstop_tsc cpuid extd_apicid tsc_known_freq pni pclmulqdq ssse3 fma cx16 sse4_1 sse4_2 x2apic movbe popcnt aes xsave avx f16c rdrand hypervisor lahf_lm cmp_legacy cr8_legacy abm sse4a misalignsse 3dnowprefetch osvw topoext ssbd ibrs ibpb stibp vmmcall fsgsbase tsc_adjust bmi1 avx2 smep bmi2 rdseed adx smap clflushopt clwb sha_ni xsaveopt xsavec xgetbv1 clzero xsaveerptr arat umip rdpid
Hypervisor vendor:                       KVM
Virtualization type:                     full
L1d cache:                               32 KiB (1 instance)
L1i cache:                               32 KiB (1 instance)
L2 cache:                                512 KiB (1 instance)
L3 cache:                                16 MiB (1 instance)
NUMA node(s):                            1
NUMA node0 CPU(s):                       0,1
Vulnerability Gather data sampling:      Not affected
Vulnerability Indirect target selection: Not affected
Vulnerability Itlb multihit:             Not affected
Vulnerability L1tf:                      Not affected
Vulnerability Mds:                       Not affected
Vulnerability Meltdown:                  Not affected
Vulnerability Mmio stale data:           Not affected
Vulnerability Reg file data sampling:    Not affected
Vulnerability Retbleed:                  Mitigation; untrained return thunk; SMT enabled with STIBP protection
Vulnerability Spec rstack overflow:      Mitigation; safe RET
Vulnerability Spec store bypass:         Mitigation; Speculative Store Bypass disabled via prctl
Vulnerability Spectre v1:                Mitigation; usercopy/swapgs barriers and __user pointer sanitization
Vulnerability Spectre v2:                Mitigation; Retpolines; IBPB conditional; STIBP always-on; RSB filling; PBRSB-eIBRS Not affected; BHI Not affected
Vulnerability Srbds:                     Not affected
Vulnerability Tsa:                       Not affected
Vulnerability Tsx async abort:           Not affected
Vulnerability Vmscape:                   Not affected

--- DETECTED CORES (nproc) ---
2

--- MEMORY (free -h) ---
               total        used        free      shared  buff/cache   available
Mem:           969Mi       411Mi       122Mi        12Mi       595Mi       558Mi
Swap:          2.0Gi       1.0Mi       2.0Gi

--- MEMORY DETAILED (cat /proc/meminfo) ---
MemTotal:         993232 kB
MemFree:          125468 kB
MemAvailable:     571640 kB
Buffers:           27872 kB
Cached:           535620 kB
SwapCached:           16 kB
Active:           239260 kB
Inactive:         455848 kB
Active(anon):       3464 kB
Inactive(anon):   141228 kB
Active(file):     235796 kB
Inactive(file):   314620 kB
Unevictable:           0 kB
Mlocked:               0 kB
SwapTotal:       2097148 kB
SwapFree:        2096112 kB
Dirty:               344 kB
Writeback:             0 kB
AnonPages:        130760 kB
Mapped:           167912 kB
Shmem:             13008 kB
KReclaimable:      46360 kB
Slab:              70332 kB
SReclaimable:      46360 kB
SUnreclaim:        23972 kB

--- BLOCK DEVICES (lsblk) ---
NAME     SIZE TYPE FSTYPE MOUNTPOINTS ROTA MODEL          DISC-MAX DISC-ZERO
sda       30G disk                       1 PersistentDisk       4G         0
├─sda1  29.9G part ext4   /              1                      4G         0
├─sda14    3M part                       1                      4G         0
└─sda15  124M part vfat   /boot/efi      1                      4G         0

--- FILESYSTEM DISK USAGE (df -hT) ---
Filesystem     Type      Size  Used Avail Use% Mounted on
udev           devtmpfs  447M     0  447M   0% /dev
tmpfs          tmpfs      97M  476K   97M   1% /run
/dev/sda1      ext4       30G  4.4G   24G  16% /
tmpfs          tmpfs     485M  1.1M  484M   1% /dev/shm
tmpfs          tmpfs     5.0M     0  5.0M   0% /run/lock
efivarfs       efivarfs  256K   26K  226K  11% /sys/firmware/efi/efivars
/dev/sda15     vfat      124M   12M  112M  10% /boot/efi
tmpfs          tmpfs      97M     0   97M   0% /run/user/1001

--- MOUNT DETAILS ---
/dev/sda1 on / type ext4 (rw,relatime,discard,errors=remount-ro)
/dev/sda15 on /boot/efi type vfat (rw,relatime,fmask=0022,dmask=0022,codepage=437,iocharset=ascii,shortname=mixed,utf8,errors=remount-ro)

--- VIRTUALIZATION DETECTION ---
google

--- DMI SYSTEM INFO (dmidecode proxy if readable) ---
Product Name: Google Compute Engine
Sys Vendor:   Google
BIOS Version: Google

=========================================
=== T001 CHARACTERIZATION COMPLETE ===
=========================================
