=========================================
=== CBP-1.0 / T002: IDLE-SYSTEM BASELINE ===
=== Timestamp (UTC): 2026-09-14 08:36:04 UTC ===
=========================================

--- UPTIME & LOAD AVERAGE ---
 08:36:04 up 2 min,  0 user,  load average: 0.48, 0.31, 0.12

--- MEMORY & SWAP (free -h) ---
               total        used        free      shared  buff/cache   available
Mem:           969Mi       403Mi       122Mi        13Mi       604Mi       566Mi
Swap:          2.0Gi       1.0Mi       2.0Gi

--- VMSTAT SAMPLING (1s x 10 intervals) ---
procs -----------memory---------- ---swap-- -----io---- -system-- ------cpu-----
 r  b   swpd   free   buff  cache   si   so    bi    bo   in   cs us sy id wa st
 1  0   1036 125468  28064 591192    0    3  1939  2473  484  858  6  6 78 10  0
 1  0   1036 125468  28064 591192    0    0     0     0  130  139  1  0 100  0  0
 1  0   1036 125468  28064 591192    0    0     0     0   82   80  0  0 100  0  0
 1  0   1036 125468  28064 591192    0    0     0    88   70   67  0  0 100  0  0
 1  0   1036 125468  28064 591192    0    0     0     0   68   66  0  0 100  0  0
 1  0   1036 125468  28064 591192    0    0     0     0   61   58  0  0 100  0  0
 1  0   1036 125468  28064 591192    0    0     0     0   52   56  0  0 100  0  0
 1  0   1036 125468  28064 591192    0    0     0     0   50   48  0  0 100  0  0
 1  0   1036 125468  28064 591192    0    0     0     0   48   47  0  0 100  0  0
 1  0   1036 125468  28064 591192    0    0     0     0   97  118  0  0 100  0  0

--- IOSTAT SAMPLING (1s x 10 intervals) ---
Linux 6.1.0-53-cloud-amd64 (cm-test-e2micro) 	09/14/26 	_x86_64_	(2 CPU)

avg-cpu:  %user   %nice %system %iowait  %steal   %idle
           5.94    0.00    5.24    9.44    0.09   79.29

Device            r/s     rkB/s   rrqm/s  %rrqm r_await rareq-sz     w/s     wkB/s   wrqm/s  %wrqm w_await wareq-sz     d/s     dkB/s   drqm/s  %drqm d_await dareq-sz     f/s f_await  aqu-sz  %util
sda             89.55   3616.22    12.59  12.32    3.52    40.38  128.60   6795.48   139.84  52.09   12.19    52.84    3.76   4557.70     0.00   0.00    0.74  1212.68   57.44    0.09    1.89  16.41


avg-cpu:  %user   %nice %system %iowait  %steal   %idle
           0.00    0.00    0.99    0.50    0.00   98.51

Device            r/s     rkB/s   rrqm/s  %rrqm r_await rareq-sz     w/s     wkB/s   wrqm/s  %wrqm w_await wareq-sz     d/s     dkB/s   drqm/s  %drqm d_await dareq-sz     f/s f_await  aqu-sz  %util
sda              0.00      0.00     0.00   0.00    0.00     0.00  102.00    516.00     1.00   0.97    1.23     5.06    0.00      0.00     0.00   0.00    0.00     0.00    0.00    0.00    0.12   1.60


avg-cpu:  %user   %nice %system %iowait  %steal   %idle
           0.00    0.00    0.00    0.50    0.00   99.50

Device            r/s     rkB/s   rrqm/s  %rrqm r_await rareq-sz     w/s     wkB/s   wrqm/s  %wrqm w_await wareq-sz     d/s     dkB/s   drqm/s  %drqm d_await dareq-sz     f/s f_await  aqu-sz  %util
sda              0.00      0.00     0.00   0.00    0.00     0.00   26.00    136.00     8.00  23.53    1.50     5.23    0.00      0.00     0.00   0.00    0.00     0.00    0.00    0.00    0.04   0.00


avg-cpu:  %user   %nice %system %iowait  %steal   %idle
           0.00    0.00    0.00    0.00    0.00  100.00

Device            r/s     rkB/s   rrqm/s  %rrqm r_await rareq-sz     w/s     wkB/s   wrqm/s  %wrqm w_await wareq-sz     d/s     dkB/s   drqm/s  %drqm d_await dareq-sz     f/s f_await  aqu-sz  %util


avg-cpu:  %user   %nice %system %iowait  %steal   %idle
           0.00    0.00    0.00    0.00    0.00  100.00

Device            r/s     rkB/s   rrqm/s  %rrqm r_await rareq-sz     w/s     wkB/s   wrqm/s  %wrqm w_await wareq-sz     d/s     dkB/s   drqm/s  %drqm d_await dareq-sz     f/s f_await  aqu-sz  %util


avg-cpu:  %user   %nice %system %iowait  %steal   %idle
           0.00    0.00    0.00    0.00    0.00  100.00

Device            r/s     rkB/s   rrqm/s  %rrqm r_await rareq-sz     w/s     wkB/s   wrqm/s  %wrqm w_await wareq-sz     d/s     dkB/s   drqm/s  %drqm d_await dareq-sz     f/s f_await  aqu-sz  %util


avg-cpu:  %user   %nice %system %iowait  %steal   %idle
           0.00    0.00    0.00    0.00    0.00  100.00

Device            r/s     rkB/s   rrqm/s  %rrqm r_await rareq-sz     w/s     wkB/s   wrqm/s  %wrqm w_await wareq-sz     d/s     dkB/s   drqm/s  %drqm d_await dareq-sz     f/s f_await  aqu-sz  %util
sda              0.00      0.00     0.00   0.00    0.00     0.00    2.00     16.00     2.00  50.00    1.50     8.00    0.00      0.00     0.00   0.00    0.00     0.00    2.00    0.00    0.00   0.00


avg-cpu:  %user   %nice %system %iowait  %steal   %idle
           0.00    0.00    0.00    0.00    0.00  100.00

Device            r/s     rkB/s   rrqm/s  %rrqm r_await rareq-sz     w/s     wkB/s   wrqm/s  %wrqm w_await wareq-sz     d/s     dkB/s   drqm/s  %drqm d_await dareq-sz     f/s f_await  aqu-sz  %util
sda              0.00      0.00     0.00   0.00    0.00     0.00    3.00     72.00     0.00   0.00    1.00    24.00    0.00      0.00     0.00   0.00    0.00     0.00    0.00    0.00    0.00   0.00


avg-cpu:  %user   %nice %system %iowait  %steal   %idle
           0.00    0.00    0.00    0.00    0.00  100.00

Device            r/s     rkB/s   rrqm/s  %rrqm r_await rareq-sz     w/s     wkB/s   wrqm/s  %wrqm w_await wareq-sz     d/s     dkB/s   drqm/s  %drqm d_await dareq-sz     f/s f_await  aqu-sz  %util


avg-cpu:  %user   %nice %system %iowait  %steal   %idle
           0.00    0.00    0.00    0.00    0.00  100.00

Device            r/s     rkB/s   rrqm/s  %rrqm r_await rareq-sz     w/s     wkB/s   wrqm/s  %wrqm w_await wareq-sz     d/s     dkB/s   drqm/s  %drqm d_await dareq-sz     f/s f_await  aqu-sz  %util



=========================================
=== T002 IDLE BASELINE COMPLETE ===
=========================================
