=========================================
=== CBP-1.0 / T012: CPU SUSTAINED TEST (300s) ===
=== Timestamp (UTC): 2026-09-14 08:39:01 UTC ===
=========================================
Running 300s sustained sysbench CPU test with 5s progress reporting...
sysbench 1.0.20 (using system LuaJIT 2.1.0-beta3)

Running the test with following options:
Number of threads: 2
Report intermediate results every 5 second(s)
Initializing random number generator from current time


Prime numbers limit: 20000

Initializing worker threads...

Threads started!

[ 5s ] thds: 2 eps: 1021.44 lat (ms,95%): 1.34
[ 10s ] thds: 2 eps: 195.21 lat (ms,95%): 1.39
[ 15s ] thds: 2 eps: 195.20 lat (ms,95%): 1.39
[ 20s ] thds: 2 eps: 195.60 lat (ms,95%): 1.42
[ 25s ] thds: 2 eps: 194.79 lat (ms,95%): 1.42
[ 30s ] thds: 2 eps: 195.21 lat (ms,95%): 1.42
[ 35s ] thds: 2 eps: 194.80 lat (ms,95%): 1.39
[ 40s ] thds: 2 eps: 196.20 lat (ms,95%): 1.39
[ 45s ] thds: 2 eps: 194.80 lat (ms,95%): 1.39
[ 50s ] thds: 2 eps: 195.58 lat (ms,95%): 1.44
[ 55s ] thds: 2 eps: 194.21 lat (ms,95%): 1.39
[ 60s ] thds: 2 eps: 193.39 lat (ms,95%): 1.52
[ 65s ] thds: 2 eps: 193.21 lat (ms,95%): 1.47
[ 70s ] thds: 2 eps: 195.20 lat (ms,95%): 1.47
[ 75s ] thds: 2 eps: 194.00 lat (ms,95%): 1.44
[ 80s ] thds: 2 eps: 195.39 lat (ms,95%): 1.42
[ 85s ] thds: 2 eps: 194.58 lat (ms,95%): 1.39
[ 90s ] thds: 2 eps: 193.83 lat (ms,95%): 1.55
[ 95s ] thds: 2 eps: 193.19 lat (ms,95%): 1.50
[ 100s ] thds: 2 eps: 194.80 lat (ms,95%): 1.42
[ 105s ] thds: 2 eps: 194.00 lat (ms,95%): 1.44
[ 110s ] thds: 2 eps: 195.40 lat (ms,95%): 1.44
[ 115s ] thds: 2 eps: 194.40 lat (ms,95%): 1.44
[ 120s ] thds: 2 eps: 194.00 lat (ms,95%): 1.52
[ 125s ] thds: 2 eps: 193.80 lat (ms,95%): 1.55
[ 130s ] thds: 2 eps: 195.00 lat (ms,95%): 1.44
[ 135s ] thds: 2 eps: 194.60 lat (ms,95%): 1.44
[ 140s ] thds: 2 eps: 194.40 lat (ms,95%): 1.47
[ 145s ] thds: 2 eps: 193.99 lat (ms,95%): 1.47
[ 150s ] thds: 2 eps: 195.21 lat (ms,95%): 1.42
[ 155s ] thds: 2 eps: 194.40 lat (ms,95%): 1.44
[ 160s ] thds: 2 eps: 195.60 lat (ms,95%): 1.44
[ 165s ] thds: 2 eps: 194.53 lat (ms,95%): 1.44
[ 170s ] thds: 2 eps: 194.47 lat (ms,95%): 1.42
[ 175s ] thds: 2 eps: 193.40 lat (ms,95%): 1.61
[ 180s ] thds: 2 eps: 193.00 lat (ms,95%): 1.52
[ 185s ] thds: 2 eps: 193.79 lat (ms,95%): 1.50
[ 190s ] thds: 2 eps: 194.62 lat (ms,95%): 1.42
[ 195s ] thds: 2 eps: 195.00 lat (ms,95%): 1.39
[ 200s ] thds: 2 eps: 195.01 lat (ms,95%): 1.42
[ 205s ] thds: 2 eps: 193.39 lat (ms,95%): 1.50
[ 210s ] thds: 2 eps: 194.41 lat (ms,95%): 1.47
[ 215s ] thds: 2 eps: 193.60 lat (ms,95%): 1.52
[ 220s ] thds: 2 eps: 195.40 lat (ms,95%): 1.42
[ 225s ] thds: 2 eps: 194.60 lat (ms,95%): 1.39
[ 230s ] thds: 2 eps: 195.20 lat (ms,95%): 1.42
[ 235s ] thds: 2 eps: 195.00 lat (ms,95%): 1.39
[ 240s ] thds: 2 eps: 193.80 lat (ms,95%): 1.50
[ 245s ] thds: 2 eps: 193.80 lat (ms,95%): 1.52
[ 250s ] thds: 2 eps: 195.60 lat (ms,95%): 1.42
[ 255s ] thds: 2 eps: 194.80 lat (ms,95%): 1.42
[ 260s ] thds: 2 eps: 194.79 lat (ms,95%): 1.42
[ 265s ] thds: 2 eps: 192.80 lat (ms,95%): 1.47
[ 270s ] thds: 2 eps: 193.21 lat (ms,95%): 1.50
[ 275s ] thds: 2 eps: 151.46 lat (ms,95%): 219.36
[ 280s ] thds: 2 eps: 140.91 lat (ms,95%): 219.36
[ 285s ] thds: 2 eps: 192.80 lat (ms,95%): 1.52
[ 290s ] thds: 2 eps: 194.00 lat (ms,95%): 1.52
[ 295s ] thds: 2 eps: 191.80 lat (ms,95%): 1.61
[ 300s ] thds: 2 eps: 191.79 lat (ms,95%): 1.67
CPU speed:
    events per second:   206.78

General statistics:
    total time:                          300.0902s
    total number of events:              62054

Latency (ms):
         min:                                    0.69
         avg:                                    9.66
         max:                                  471.10
         95th percentile:                        1.47
         sum:                               599690.93

Threads fairness:
    events (avg/stddev):           31027.0000/47.00
    execution time (avg/stddev):   299.8455/0.00

=========================================
=== T012 COMPLETE ===
=========================================
