=========================================
=== CBP-1.0 / T020: MEMORY PERFORMANCE ===
=== Timestamp (UTC): 2026-09-14 08:44:15 UTC ===
=========================================

--- Part 1: Memory Write Throughput (threads=2) ---
sysbench 1.0.20 (using system LuaJIT 2.1.0-beta3)

Running the test with following options:
Number of threads: 2
Initializing random number generator from current time


Running memory speed test with the following options:
  block size: 1024KiB
  total size: 65536MiB
  operation: write
  scope: global

Initializing worker threads...

Threads started!

Total operations: 65536 (27495.06 per second)

65536.00 MiB transferred (27495.06 MiB/sec)


General statistics:
    total time:                          2.3819s
    total number of events:              65536

Latency (ms):
         min:                                    0.04
         avg:                                    0.07
         max:                                    0.65
         95th percentile:                        0.09
         sum:                                 4739.01

Threads fairness:
    events (avg/stddev):           32768.0000/0.00
    execution time (avg/stddev):   2.3695/0.00


--- Part 2: Memory Read Throughput (threads=2) ---
sysbench 1.0.20 (using system LuaJIT 2.1.0-beta3)

Running the test with following options:
Number of threads: 2
Initializing random number generator from current time


Running memory speed test with the following options:
  block size: 1024KiB
  total size: 65536MiB
  operation: read
  scope: global

Initializing worker threads...

Threads started!

Total operations: 65536 (14481.34 per second)

65536.00 MiB transferred (14481.34 MiB/sec)


General statistics:
    total time:                          4.5241s
    total number of events:              65536

Latency (ms):
         min:                                    0.02
         avg:                                    0.14
         max:                                  219.66
         95th percentile:                        0.05
         sum:                                 9024.49

Threads fairness:
    events (avg/stddev):           32768.0000/0.00
    execution time (avg/stddev):   4.5122/0.00


=========================================
=== T020 COMPLETE ===
=========================================
