=========================================
=== CBP-1.0 / T031: SEQUENTIAL STORAGE THROUGHPUT ===
=== Timestamp (UTC): 2026-09-14 08:44:55 UTC ===
=========================================

--- Part 1: Sequential Write (1MB, iodepth=16, direct=1) ---
seq_write: (g=0): rw=write, bs=(R) 1024KiB-1024KiB, (W) 1024KiB-1024KiB, (T) 1024KiB-1024KiB, ioengine=libaio, iodepth=16
fio-3.33
Starting 1 process
seq_write: Laying out IO file (1 file / 4096MiB)

seq_write: (groupid=0, jobs=1): err= 0: pid=4883: Mon Sep 14 08:45:56 2026
  write: IOPS=101, BW=102MiB/s (107MB/s)(6117MiB/60152msec); 0 zone resets
    slat (usec): min=30, max=148438, avg=402.79, stdev=6447.52
    clat (msec): min=8, max=296, avg=156.90, stdev=21.47
     lat (msec): min=10, max=296, avg=157.30, stdev=20.47
    clat percentiles (msec):
     |  1.00th=[   56],  5.00th=[  155], 10.00th=[  157], 20.00th=[  157],
     | 30.00th=[  157], 40.00th=[  157], 50.00th=[  157], 60.00th=[  157],
     | 70.00th=[  159], 80.00th=[  159], 90.00th=[  159], 95.00th=[  161],
     | 99.00th=[  255], 99.50th=[  275], 99.90th=[  296], 99.95th=[  296],
     | 99.99th=[  296]
   bw (  KiB/s): min=79872, max=112640, per=100.00%, avg=104140.80, stdev=3898.94, samples=120
   iops        : min=   78, max=  110, avg=101.70, stdev= 3.81, samples=120
  lat (msec)   : 10=0.11%, 20=0.25%, 50=0.57%, 100=1.03%, 250=96.94%
  lat (msec)   : 500=1.10%
  cpu          : usr=0.60%, sys=0.94%, ctx=5974, majf=0, minf=12
  IO depths    : 1=0.1%, 2=0.1%, 4=0.1%, 8=0.1%, 16=99.8%, 32=0.0%, >=64=0.0%
     submit    : 0=0.0%, 4=100.0%, 8=0.0%, 16=0.0%, 32=0.0%, 64=0.0%, >=64=0.0%
     complete  : 0=0.0%, 4=100.0%, 8=0.0%, 16=0.1%, 32=0.0%, 64=0.0%, >=64=0.0%
     issued rwts: total=0,6117,0,0 short=0,0,0,0 dropped=0,0,0,0
     latency   : target=0, window=0, percentile=100.00%, depth=16

Run status group 0 (all jobs):
  WRITE: bw=102MiB/s (107MB/s), 102MiB/s-102MiB/s (107MB/s-107MB/s), io=6117MiB (6414MB), run=60152-60152msec

Disk stats (read/write):
  sda: ios=23/24620, merge=16/122, ticks=94/3712784, in_queue=3712894, util=97.64%

--- Part 2: Sequential Read (1MB, iodepth=16, direct=1) ---
seq_read: (g=0): rw=read, bs=(R) 1024KiB-1024KiB, (W) 1024KiB-1024KiB, (T) 1024KiB-1024KiB, ioengine=libaio, iodepth=16
fio-3.33
Starting 1 process

seq_read: (groupid=0, jobs=1): err= 0: pid=4920: Mon Sep 14 08:46:57 2026
  read: IOPS=120, BW=120MiB/s (126MB/s)(7228MiB/60132msec)
    slat (usec): min=18, max=2285, avg=78.87, stdev=65.29
    clat (msec): min=21, max=249, avg=132.99, stdev= 7.36
     lat (msec): min=21, max=249, avg=133.07, stdev= 7.34
    clat percentiles (msec):
     |  1.00th=[  132],  5.00th=[  133], 10.00th=[  133], 20.00th=[  133],
     | 30.00th=[  133], 40.00th=[  134], 50.00th=[  134], 60.00th=[  134],
     | 70.00th=[  134], 80.00th=[  134], 90.00th=[  134], 95.00th=[  136],
     | 99.00th=[  136], 99.50th=[  138], 99.90th=[  190], 99.95th=[  226],
     | 99.99th=[  251]
   bw (  KiB/s): min=110592, max=161792, per=100.00%, avg=123101.87, stdev=3762.26, samples=120
   iops        : min=  108, max=  158, avg=120.22, stdev= 3.67, samples=120
  lat (msec)   : 50=0.32%, 100=0.26%, 250=99.42%
  cpu          : usr=0.27%, sys=1.26%, ctx=7233, majf=0, minf=530
  IO depths    : 1=0.1%, 2=0.1%, 4=0.1%, 8=0.1%, 16=99.8%, 32=0.0%, >=64=0.0%
     submit    : 0=0.0%, 4=100.0%, 8=0.0%, 16=0.0%, 32=0.0%, 64=0.0%, >=64=0.0%
     complete  : 0=0.0%, 4=100.0%, 8=0.0%, 16=0.1%, 32=0.0%, 64=0.0%, >=64=0.0%
     issued rwts: total=7228,0,0,0 short=0,0,0,0 dropped=0,0,0,0
     latency   : target=0, window=0, percentile=100.00%, depth=16

Run status group 0 (all jobs):
   READ: bw=120MiB/s (126MB/s), 120MiB/s-120MiB/s (126MB/s-126MB/s), io=7228MiB (7579MB), run=60132-60132msec

Disk stats (read/write):
  sda: ios=28796/6, merge=0/2, ticks=3729047/791, in_queue=3729842, util=98.14%

=========================================
=== T031 COMPLETE ===
=========================================
