=========================================
=== CBP-1.0 / T032: RANDOM STORAGE IOPS & LATENCY ===
=== Timestamp (UTC): 2026-09-14 08:47:12 UTC ===
=========================================

--- Part 1: Random Read (4K, iodepth=32, numjobs=4) ---
rand_read: (g=0): rw=randread, bs=(R) 4096B-4096B, (W) 4096B-4096B, (T) 4096B-4096B, ioengine=libaio, iodepth=32
...
fio-3.33
Starting 4 processes
rand_read: Laying out IO file (1 file / 4096MiB)

rand_read: (groupid=0, jobs=4): err= 0: pid=4980: Mon Sep 14 08:48:54 2026
  read: IOPS=152, BW=611KiB/s (625kB/s)(36.3MiB/60881msec)
    slat (usec): min=3, max=452, avg=48.48, stdev=16.93
    clat (msec): min=3, max=1721, avg=837.01, stdev=125.04
     lat (msec): min=3, max=1721, avg=837.05, stdev=125.05
    clat percentiles (msec):
     |  1.00th=[    9],  5.00th=[  835], 10.00th=[  844], 20.00th=[  844],
     | 30.00th=[  844], 40.00th=[  844], 50.00th=[  844], 60.00th=[  852],
     | 70.00th=[  852], 80.00th=[  852], 90.00th=[  860], 95.00th=[  860],
     | 99.00th=[  961], 99.50th=[ 1351], 99.90th=[ 1636], 99.95th=[ 1703],
     | 99.99th=[ 1720]
   bw (  KiB/s): min=   40, max= 1632, per=100.00%, avg=622.64, stdev=69.32, samples=472
   iops        : min=   10, max=  408, avg=155.66, stdev=17.33, samples=472
  lat (msec)   : 4=0.05%, 10=1.18%, 20=0.16%, 50=0.08%, 100=0.08%
  lat (msec)   : 250=0.25%, 500=0.41%, 750=0.40%, 1000=96.52%, 2000=0.87%
  cpu          : usr=0.10%, sys=0.24%, ctx=9180, majf=0, minf=168
  IO depths    : 1=0.1%, 2=0.1%, 4=0.2%, 8=0.3%, 16=0.7%, 32=98.7%, >=64=0.0%
     submit    : 0=0.0%, 4=100.0%, 8=0.0%, 16=0.0%, 32=0.0%, 64=0.0%, >=64=0.0%
     complete  : 0=0.0%, 4=100.0%, 8=0.0%, 16=0.0%, 32=0.1%, 64=0.0%, >=64=0.0%
     issued rwts: total=9292,0,0,0 short=0,0,0,0 dropped=0,0,0,0
     latency   : target=0, window=0, percentile=100.00%, depth=32

Run status group 0 (all jobs):
   READ: bw=611KiB/s (625kB/s), 611KiB/s-611KiB/s (625kB/s-625kB/s), io=36.3MiB (38.1MB), run=60881-60881msec

Disk stats (read/write):
  sda: ios=9309/8, merge=0/3, ticks=7749632/6831, in_queue=7756463, util=98.41%

--- Part 2: Random Write (4K, iodepth=32, numjobs=4) ---
rand_write: (g=0): rw=randwrite, bs=(R) 4096B-4096B, (W) 4096B-4096B, (T) 4096B-4096B, ioengine=libaio, iodepth=32
...
fio-3.33
Starting 4 processes

rand_write: (groupid=0, jobs=4): err= 0: pid=5009: Mon Sep 14 08:49:55 2026
  write: IOPS=302, BW=1210KiB/s (1239kB/s)(71.4MiB/60424msec); 0 zone resets
    slat (usec): min=3, max=430184, avg=1145.65, stdev=20101.07
    clat (usec): min=1048, max=854693, avg=421463.79, stdev=111486.95
     lat (usec): min=1052, max=950623, avg=422609.43, stdev=110368.33
    clat percentiles (msec):
     |  1.00th=[   24],  5.00th=[  188], 10.00th=[  409], 20.00th=[  422],
     | 30.00th=[  422], 40.00th=[  422], 50.00th=[  426], 60.00th=[  426],
     | 70.00th=[  426], 80.00th=[  426], 90.00th=[  439], 95.00th=[  617],
     | 99.00th=[  802], 99.50th=[  827], 99.90th=[  844], 99.95th=[  844],
     | 99.99th=[  852]
   bw (  KiB/s): min=  224, max= 2112, per=99.97%, avg=1210.53, stdev=77.01, samples=480
   iops        : min=   56, max=  528, avg=302.62, stdev=19.25, samples=480
  lat (msec)   : 2=0.36%, 4=0.18%, 10=0.14%, 20=0.25%, 50=0.73%
  lat (msec)   : 100=1.21%, 250=3.59%, 500=85.30%, 750=6.28%, 1000=1.96%
  cpu          : usr=0.13%, sys=0.47%, ctx=16505, majf=0, minf=42
  IO depths    : 1=0.1%, 2=0.1%, 4=0.1%, 8=0.2%, 16=0.4%, 32=99.3%, >=64=0.0%
     submit    : 0=0.0%, 4=100.0%, 8=0.0%, 16=0.0%, 32=0.0%, 64=0.0%, >=64=0.0%
     complete  : 0=0.0%, 4=100.0%, 8=0.0%, 16=0.0%, 32=0.1%, 64=0.0%, >=64=0.0%
     issued rwts: total=0,18283,0,0 short=0,0,0,0 dropped=0,0,0,0
     latency   : target=0, window=0, percentile=100.00%, depth=32

Run status group 0 (all jobs):
  WRITE: bw=1210KiB/s (1239kB/s), 1210KiB/s-1210KiB/s (1239kB/s-1239kB/s), io=71.4MiB (74.9MB), run=60424-60424msec

Disk stats (read/write):
  sda: ios=14/18348, merge=0/24, ticks=5118/7344477, in_queue=7349600, util=97.19%

--- Part 3: Mixed Random 70/30 (4K, iodepth=32, numjobs=4) ---
rand_rw7030: (g=0): rw=randrw, bs=(R) 4096B-4096B, (W) 4096B-4096B, (T) 4096B-4096B, ioengine=libaio, iodepth=32
...
fio-3.33
Starting 4 processes

rand_rw7030: (groupid=0, jobs=4): err= 0: pid=5036: Mon Sep 14 08:50:56 2026
  read: IOPS=124, BW=497KiB/s (509kB/s)(29.5MiB/60678msec)
    slat (usec): min=3, max=730220, avg=1631.63, stdev=31515.95
    clat (usec): min=869, max=1463.6k, avg=709753.97, stdev=224610.34
     lat (usec): min=1025, max=1463.7k, avg=711385.60, stdev=221899.37
    clat percentiles (msec):
     |  1.00th=[   37],  5.00th=[  224], 10.00th=[  456], 20.00th=[  693],
     | 30.00th=[  701], 40.00th=[  709], 50.00th=[  718], 60.00th=[  726],
     | 70.00th=[  735], 80.00th=[  743], 90.00th=[  919], 95.00th=[ 1167],
     | 99.00th=[ 1368], 99.50th=[ 1401], 99.90th=[ 1452], 99.95th=[ 1452],
     | 99.99th=[ 1469]
   bw (  KiB/s): min=   40, max= 1328, per=100.00%, avg=517.38, stdev=62.46, samples=462
   iops        : min=   10, max=  332, avg=129.35, stdev=15.62, samples=462
  write: IOPS=55, BW=221KiB/s (226kB/s)(13.1MiB/60678msec); 0 zone resets
    slat (usec): min=4, max=739964, avg=4862.19, stdev=55139.97
    clat (usec): min=1082, max=1446.9k, avg=708096.11, stdev=218849.48
     lat (usec): min=1087, max=1447.0k, avg=712958.30, stdev=215555.39
    clat percentiles (msec):
     |  1.00th=[   34],  5.00th=[  230], 10.00th=[  468], 20.00th=[  693],
     | 30.00th=[  701], 40.00th=[  709], 50.00th=[  718], 60.00th=[  726],
     | 70.00th=[  735], 80.00th=[  743], 90.00th=[  894], 95.00th=[ 1116],
     | 99.00th=[ 1351], 99.50th=[ 1385], 99.90th=[ 1418], 99.95th=[ 1435],
     | 99.99th=[ 1452]
   bw (  KiB/s): min=   32, max=  640, per=100.00%, avg=233.78, stdev=29.66, samples=452
   iops        : min=    8, max=  160, avg=58.44, stdev= 7.42, samples=452
  lat (usec)   : 1000=0.02%
  lat (msec)   : 2=0.08%, 4=0.09%, 10=0.23%, 20=0.17%, 50=0.78%
  lat (msec)   : 100=1.02%, 250=3.20%, 500=5.26%, 750=74.26%, 1000=6.64%
  lat (msec)   : 2000=8.25%
  cpu          : usr=0.10%, sys=0.29%, ctx=9467, majf=0, minf=53
  IO depths    : 1=0.1%, 2=0.1%, 4=0.1%, 8=0.3%, 16=0.6%, 32=98.9%, >=64=0.0%
     submit    : 0=0.0%, 4=100.0%, 8=0.0%, 16=0.0%, 32=0.0%, 64=0.0%, >=64=0.0%
     complete  : 0=0.0%, 4=100.0%, 8=0.0%, 16=0.0%, 32=0.1%, 64=0.0%, >=64=0.0%
     issued rwts: total=7542,3352,0,0 short=0,0,0,0 dropped=0,0,0,0
     latency   : target=0, window=0, percentile=100.00%, depth=32

Run status group 0 (all jobs):
   READ: bw=497KiB/s (509kB/s), 497KiB/s-497KiB/s (509kB/s-509kB/s), io=29.5MiB (30.9MB), run=60678-60678msec
  WRITE: bw=221KiB/s (226kB/s), 221KiB/s-221KiB/s (226kB/s-226kB/s), io=13.1MiB (13.7MB), run=60678-60678msec

Disk stats (read/write):
  sda: ios=7550/3373, merge=0/13, ticks=4991860/2222118, in_queue=7213981, util=98.22%

=========================================
=== T032 COMPLETE ===
=========================================
