=========================================
=== CBP-1.0 / T052: MIXED OLTP SCALING (Scale 10) ===
=== Duration per test: 180s, Interval: 5s ===
=== Timestamp (UTC): 2026-09-14 08:56:41 UTC ===
=========================================

------------------------------------------------------------
=== Running Mixed OLTP: Clients=1, Threads=1, Duration=180s ===
------------------------------------------------------------
pgbench (15.19 (Debian 15.19-0+deb12u1))
starting vacuum...end.
progress: 5.0 s, 482.4 tps, lat 2.069 ms stddev 0.403, 0 failed
progress: 10.0 s, 461.0 tps, lat 2.167 ms stddev 0.324, 0 failed
progress: 15.0 s, 492.8 tps, lat 2.027 ms stddev 0.302, 0 failed
progress: 20.0 s, 478.2 tps, lat 2.090 ms stddev 0.323, 0 failed
progress: 25.0 s, 437.8 tps, lat 2.282 ms stddev 0.347, 0 failed
progress: 30.0 s, 460.4 tps, lat 2.169 ms stddev 0.361, 0 failed
progress: 35.0 s, 468.6 tps, lat 2.132 ms stddev 0.352, 0 failed
progress: 40.0 s, 466.0 tps, lat 2.144 ms stddev 0.345, 0 failed
progress: 45.0 s, 492.8 tps, lat 2.028 ms stddev 0.296, 0 failed
progress: 50.0 s, 471.4 tps, lat 2.119 ms stddev 0.304, 0 failed
progress: 55.0 s, 443.2 tps, lat 2.254 ms stddev 6.615, 0 failed
progress: 60.2 s, 346.5 tps, lat 2.773 ms stddev 11.697, 0 failed
progress: 65.2 s, 97.8 tps, lat 10.217 ms stddev 39.932, 0 failed
progress: 70.2 s, 94.4 tps, lat 10.595 ms stddev 40.402, 0 failed
progress: 75.2 s, 94.8 tps, lat 10.542 ms stddev 40.512, 0 failed
progress: 80.2 s, 91.4 tps, lat 10.944 ms stddev 41.071, 0 failed
progress: 85.2 s, 98.0 tps, lat 10.203 ms stddev 39.706, 0 failed
progress: 90.2 s, 95.8 tps, lat 10.029 ms stddev 38.950, 0 failed
progress: 95.2 s, 95.8 tps, lat 10.425 ms stddev 39.995, 0 failed
progress: 100.2 s, 92.8 tps, lat 10.786 ms stddev 40.814, 0 failed
progress: 105.2 s, 93.4 tps, lat 10.702 ms stddev 40.326, 0 failed
progress: 110.2 s, 85.0 tps, lat 11.766 ms stddev 41.920, 0 failed
progress: 115.2 s, 87.0 tps, lat 11.485 ms stddev 42.165, 0 failed
progress: 120.2 s, 89.8 tps, lat 11.142 ms stddev 41.104, 0 failed
progress: 125.2 s, 91.6 tps, lat 10.909 ms stddev 41.004, 0 failed
progress: 130.2 s, 91.6 tps, lat 10.914 ms stddev 40.748, 0 failed
progress: 135.2 s, 92.6 tps, lat 10.792 ms stddev 40.721, 0 failed
progress: 140.2 s, 95.6 tps, lat 10.463 ms stddev 40.079, 0 failed
progress: 145.2 s, 96.8 tps, lat 10.325 ms stddev 39.820, 0 failed
progress: 150.2 s, 93.6 tps, lat 10.688 ms stddev 40.461, 0 failed
progress: 155.2 s, 98.8 tps, lat 10.113 ms stddev 39.630, 0 failed
progress: 160.2 s, 96.6 tps, lat 10.348 ms stddev 39.953, 0 failed
progress: 165.2 s, 99.2 tps, lat 10.082 ms stddev 39.594, 0 failed
progress: 170.2 s, 95.8 tps, lat 10.434 ms stddev 40.052, 0 failed
progress: 175.2 s, 96.4 tps, lat 10.382 ms stddev 40.478, 0 failed
progress: 180.2 s, 99.0 tps, lat 10.099 ms stddev 39.318, 0 failed
transaction type: <builtin: TPC-B (sort of)>
scaling factor: 10
query mode: simple
number of clients: 1
number of threads: 1
maximum number of tries: 1
duration: 180 s
number of transactions actually processed: 38879
number of failed transactions: 0 (0.000%)
latency average = 4.627 ms
latency stddev = 22.324 ms
initial connection time = 3.542 ms
tps = 215.806308 (without initial connection time)
statement latencies in milliseconds and failures:
         0.005           0  \set aid random(1, 100000 * :scale)
         0.002           0  \set bid random(1, 1 * :scale)
         0.002           0  \set tid random(1, 10 * :scale)
         0.001           0  \set delta random(-5000, 5000)
         0.280           0  BEGIN;
         0.751           0  UPDATE pgbench_accounts SET abalance = abalance + :delta WHERE aid = :aid;
         0.460           0  SELECT abalance FROM pgbench_accounts WHERE aid = :aid;
         0.427           0  UPDATE pgbench_tellers SET tbalance = tbalance + :delta WHERE tid = :tid;
         0.533           0  UPDATE pgbench_branches SET bbalance = bbalance + :delta WHERE bid = :bid;
         0.406           0  INSERT INTO pgbench_history (tid, bid, aid, delta, mtime) VALUES (:tid, :bid, :aid, :delta, CURRENT_TIMESTAMP);
         1.760           0  END;

------------------------------------------------------------
=== Running Mixed OLTP: Clients=4, Threads=2, Duration=180s ===
------------------------------------------------------------
pgbench (15.19 (Debian 15.19-0+deb12u1))
starting vacuum...end.
progress: 5.1 s, 547.4 tps, lat 6.983 ms stddev 29.641, 0 failed
progress: 10.1 s, 203.6 tps, lat 19.638 ms stddev 58.208, 0 failed
progress: 15.1 s, 190.0 tps, lat 21.052 ms stddev 59.701, 0 failed
progress: 20.1 s, 194.0 tps, lat 20.627 ms stddev 59.161, 0 failed
progress: 25.1 s, 198.2 tps, lat 20.173 ms stddev 58.621, 0 failed
progress: 30.1 s, 209.4 tps, lat 19.102 ms stddev 57.329, 0 failed
progress: 35.1 s, 190.2 tps, lat 21.027 ms stddev 59.703, 0 failed
progress: 40.1 s, 188.8 tps, lat 21.186 ms stddev 59.934, 0 failed
progress: 45.1 s, 177.4 tps, lat 22.545 ms stddev 61.338, 0 failed
progress: 50.1 s, 186.8 tps, lat 21.433 ms stddev 60.110, 0 failed
progress: 55.1 s, 163.6 tps, lat 24.430 ms stddev 66.262, 0 failed
progress: 60.1 s, 177.4 tps, lat 22.533 ms stddev 61.116, 0 failed
progress: 65.1 s, 180.5 tps, lat 22.173 ms stddev 65.356, 0 failed
progress: 70.1 s, 193.2 tps, lat 20.688 ms stddev 59.169, 0 failed
progress: 75.1 s, 186.8 tps, lat 21.429 ms stddev 59.882, 0 failed
progress: 80.1 s, 189.9 tps, lat 21.048 ms stddev 64.436, 0 failed
progress: 85.1 s, 201.0 tps, lat 20.120 ms stddev 58.431, 0 failed
progress: 90.0 s, 183.1 tps, lat 20.768 ms stddev 59.179, 0 failed
progress: 95.1 s, 213.5 tps, lat 19.241 ms stddev 60.999, 0 failed
progress: 100.1 s, 197.8 tps, lat 20.223 ms stddev 58.544, 0 failed
progress: 105.1 s, 186.8 tps, lat 21.410 ms stddev 59.788, 0 failed
progress: 110.1 s, 183.3 tps, lat 22.051 ms stddev 66.340, 0 failed
progress: 115.1 s, 197.8 tps, lat 20.000 ms stddev 58.256, 0 failed
progress: 120.1 s, 201.4 tps, lat 19.856 ms stddev 58.130, 0 failed
progress: 125.1 s, 199.8 tps, lat 19.808 ms stddev 57.902, 0 failed
progress: 130.1 s, 203.1 tps, lat 19.684 ms stddev 62.509, 0 failed
progress: 135.1 s, 197.8 tps, lat 20.668 ms stddev 59.348, 0 failed
progress: 140.1 s, 196.6 tps, lat 19.895 ms stddev 57.927, 0 failed
progress: 145.1 s, 194.4 tps, lat 20.583 ms stddev 58.976, 0 failed
progress: 150.1 s, 193.6 tps, lat 20.649 ms stddev 59.147, 0 failed
progress: 155.1 s, 198.4 tps, lat 20.166 ms stddev 63.058, 0 failed
progress: 160.1 s, 188.0 tps, lat 21.274 ms stddev 59.729, 0 failed
progress: 165.1 s, 181.0 tps, lat 22.153 ms stddev 60.586, 0 failed
progress: 170.1 s, 174.0 tps, lat 22.909 ms stddev 62.113, 0 failed
progress: 175.1 s, 193.4 tps, lat 20.923 ms stddev 59.656, 0 failed
progress: 180.1 s, 208.4 tps, lat 18.987 ms stddev 56.854, 0 failed
transaction type: <builtin: TPC-B (sort of)>
scaling factor: 10
query mode: simple
number of clients: 4
number of threads: 2
maximum number of tries: 1
duration: 180 s
number of transactions actually processed: 36399
number of failed transactions: 0 (0.000%)
latency average = 19.775 ms
latency stddev = 58.585 ms
initial connection time = 8.217 ms
tps = 202.129158 (without initial connection time)
statement latencies in milliseconds and failures:
         0.014           0  \set aid random(1, 100000 * :scale)
         0.001           0  \set bid random(1, 1 * :scale)
         0.019           0  \set tid random(1, 10 * :scale)
         0.007           0  \set delta random(-5000, 5000)
         0.825           0  BEGIN;
         1.947           0  UPDATE pgbench_accounts SET abalance = abalance + :delta WHERE aid = :aid;
         1.143           0  SELECT abalance FROM pgbench_accounts WHERE aid = :aid;
         1.384           0  UPDATE pgbench_tellers SET tbalance = tbalance + :delta WHERE tid = :tid;
         2.675           0  UPDATE pgbench_branches SET bbalance = bbalance + :delta WHERE bid = :bid;
         1.057           0  INSERT INTO pgbench_history (tid, bid, aid, delta, mtime) VALUES (:tid, :bid, :aid, :delta, CURRENT_TIMESTAMP);
        10.918           0  END;

------------------------------------------------------------
=== Running Mixed OLTP: Clients=8, Threads=2, Duration=180s ===
------------------------------------------------------------
pgbench (15.19 (Debian 15.19-0+deb12u1))
starting vacuum...end.
progress: 5.0 s, 651.0 tps, lat 11.701 ms stddev 40.506, 0 failed
progress: 10.0 s, 217.2 tps, lat 36.846 ms stddev 77.942, 0 failed
progress: 15.0 s, 241.2 tps, lat 33.167 ms stddev 74.466, 0 failed
progress: 20.0 s, 218.4 tps, lat 36.632 ms stddev 77.276, 0 failed
progress: 25.0 s, 233.6 tps, lat 34.429 ms stddev 75.705, 0 failed
progress: 30.0 s, 239.8 tps, lat 33.001 ms stddev 74.323, 0 failed
progress: 35.0 s, 234.0 tps, lat 34.160 ms stddev 75.317, 0 failed
progress: 40.0 s, 213.4 tps, lat 37.511 ms stddev 78.236, 0 failed
progress: 45.0 s, 206.2 tps, lat 38.785 ms stddev 87.891, 0 failed
progress: 50.0 s, 217.4 tps, lat 36.787 ms stddev 77.584, 0 failed
progress: 55.0 s, 228.5 tps, lat 35.188 ms stddev 76.179, 0 failed
progress: 60.0 s, 236.1 tps, lat 33.690 ms stddev 74.664, 0 failed
progress: 65.1 s, 130.6 tps, lat 61.110 ms stddev 98.974, 0 failed
progress: 70.0 s, 170.2 tps, lat 47.165 ms stddev 88.275, 0 failed
progress: 75.0 s, 230.6 tps, lat 34.657 ms stddev 75.892, 0 failed
progress: 80.0 s, 241.8 tps, lat 33.074 ms stddev 74.462, 0 failed
progress: 85.0 s, 230.6 tps, lat 34.686 ms stddev 76.044, 0 failed
progress: 90.0 s, 253.3 tps, lat 31.576 ms stddev 72.972, 0 failed
progress: 95.0 s, 244.8 tps, lat 32.844 ms stddev 74.419, 0 failed
progress: 100.0 s, 234.6 tps, lat 33.923 ms stddev 75.342, 0 failed
progress: 105.0 s, 243.6 tps, lat 32.823 ms stddev 74.319, 0 failed
progress: 110.0 s, 222.2 tps, lat 36.016 ms stddev 77.639, 0 failed
progress: 115.0 s, 207.6 tps, lat 38.529 ms stddev 98.510, 0 failed
progress: 120.0 s, 224.0 tps, lat 35.714 ms stddev 77.140, 0 failed
progress: 125.0 s, 230.4 tps, lat 34.709 ms stddev 78.076, 0 failed
progress: 130.0 s, 215.6 tps, lat 37.110 ms stddev 77.132, 0 failed
progress: 135.0 s, 251.2 tps, lat 31.852 ms stddev 73.309, 0 failed
progress: 140.0 s, 247.6 tps, lat 32.300 ms stddev 73.878, 0 failed
progress: 145.0 s, 251.4 tps, lat 31.809 ms stddev 73.334, 0 failed
progress: 150.0 s, 245.4 tps, lat 32.593 ms stddev 73.936, 0 failed
progress: 155.0 s, 257.2 tps, lat 31.104 ms stddev 72.607, 0 failed
progress: 160.0 s, 246.2 tps, lat 32.149 ms stddev 73.613, 0 failed
progress: 165.0 s, 229.8 tps, lat 34.347 ms stddev 75.675, 0 failed
progress: 170.0 s, 231.8 tps, lat 34.961 ms stddev 77.150, 0 failed
progress: 175.0 s, 231.8 tps, lat 34.339 ms stddev 75.283, 0 failed
progress: 180.0 s, 219.8 tps, lat 36.379 ms stddev 76.812, 0 failed
transaction type: <builtin: TPC-B (sort of)>
scaling factor: 10
query mode: simple
number of clients: 8
number of threads: 2
maximum number of tries: 1
duration: 180 s
number of transactions actually processed: 43183
number of failed transactions: 0 (0.000%)
latency average = 33.336 ms
latency stddev = 75.483 ms
initial connection time = 18.547 ms
tps = 239.533276 (without initial connection time)
statement latencies in milliseconds and failures:
         0.012           0  \set aid random(1, 100000 * :scale)
         0.011           0  \set bid random(1, 1 * :scale)
         0.001           0  \set tid random(1, 10 * :scale)
         0.001           0  \set delta random(-5000, 5000)
         1.209           0  BEGIN;
         2.118           0  UPDATE pgbench_accounts SET abalance = abalance + :delta WHERE aid = :aid;
         1.747           0  SELECT abalance FROM pgbench_accounts WHERE aid = :aid;
         2.797           0  UPDATE pgbench_tellers SET tbalance = tbalance + :delta WHERE tid = :tid;
         8.787           0  UPDATE pgbench_branches SET bbalance = bbalance + :delta WHERE bid = :bid;
         1.543           0  INSERT INTO pgbench_history (tid, bid, aid, delta, mtime) VALUES (:tid, :bid, :aid, :delta, CURRENT_TIMESTAMP);
        15.376           0  END;

------------------------------------------------------------
=== Running Mixed OLTP: Clients=16, Threads=2, Duration=180s ===
------------------------------------------------------------
pgbench (15.19 (Debian 15.19-0+deb12u1))
starting vacuum...end.
progress: 5.2 s, 553.5 tps, lat 27.405 ms stddev 63.036, 0 failed
progress: 10.2 s, 229.7 tps, lat 70.214 ms stddev 105.441, 0 failed
progress: 15.2 s, 228.3 tps, lat 69.515 ms stddev 102.873, 0 failed
progress: 20.2 s, 239.2 tps, lat 66.909 ms stddev 102.092, 0 failed
progress: 25.2 s, 230.1 tps, lat 69.693 ms stddev 102.619, 0 failed
progress: 30.2 s, 229.9 tps, lat 69.421 ms stddev 104.708, 0 failed
progress: 35.2 s, 244.0 tps, lat 65.576 ms stddev 100.892, 0 failed
progress: 40.2 s, 225.2 tps, lat 71.027 ms stddev 105.637, 0 failed
progress: 45.2 s, 249.6 tps, lat 63.928 ms stddev 100.878, 0 failed
progress: 50.2 s, 244.8 tps, lat 65.162 ms stddev 100.951, 0 failed
progress: 55.2 s, 252.2 tps, lat 63.450 ms stddev 102.019, 0 failed
progress: 60.2 s, 241.8 tps, lat 66.560 ms stddev 103.880, 0 failed
progress: 65.2 s, 233.6 tps, lat 68.082 ms stddev 101.970, 0 failed
progress: 70.2 s, 246.4 tps, lat 64.944 ms stddev 102.336, 0 failed
progress: 75.2 s, 255.2 tps, lat 62.848 ms stddev 100.076, 0 failed
progress: 80.2 s, 252.4 tps, lat 63.237 ms stddev 100.492, 0 failed
progress: 85.2 s, 259.8 tps, lat 61.605 ms stddev 99.114, 0 failed
progress: 90.2 s, 253.4 tps, lat 63.113 ms stddev 100.133, 0 failed
progress: 95.2 s, 244.0 tps, lat 65.571 ms stddev 100.789, 0 failed
progress: 100.2 s, 242.2 tps, lat 66.064 ms stddev 102.576, 0 failed
progress: 105.2 s, 246.8 tps, lat 64.793 ms stddev 101.079, 0 failed
progress: 110.2 s, 256.2 tps, lat 62.458 ms stddev 100.150, 0 failed
progress: 115.2 s, 247.6 tps, lat 64.631 ms stddev 99.938, 0 failed
progress: 120.2 s, 238.6 tps, lat 67.057 ms stddev 105.830, 0 failed
progress: 125.2 s, 253.0 tps, lat 63.019 ms stddev 101.232, 0 failed
progress: 130.2 s, 256.4 tps, lat 62.429 ms stddev 100.556, 0 failed
progress: 135.2 s, 259.6 tps, lat 61.644 ms stddev 100.330, 0 failed
progress: 140.2 s, 244.6 tps, lat 65.369 ms stddev 102.279, 0 failed
progress: 145.2 s, 263.4 tps, lat 60.951 ms stddev 100.041, 0 failed
progress: 150.2 s, 261.4 tps, lat 61.190 ms stddev 102.119, 0 failed
progress: 155.2 s, 242.6 tps, lat 65.935 ms stddev 102.886, 0 failed
progress: 160.2 s, 251.0 tps, lat 63.560 ms stddev 100.821, 0 failed
progress: 165.2 s, 229.5 tps, lat 69.938 ms stddev 106.720, 0 failed
progress: 170.2 s, 264.3 tps, lat 60.527 ms stddev 97.113, 0 failed
progress: 175.2 s, 263.4 tps, lat 60.574 ms stddev 98.338, 0 failed
progress: 180.2 s, 240.7 tps, lat 67.027 ms stddev 103.438, 0 failed
transaction type: <builtin: TPC-B (sort of)>
scaling factor: 10
query mode: simple
number of clients: 16
number of threads: 2
maximum number of tries: 1
duration: 180 s
number of transactions actually processed: 45990
number of failed transactions: 0 (0.000%)
latency average = 62.692 ms
latency stddev = 100.316 ms
initial connection time = 43.901 ms
tps = 254.911958 (without initial connection time)
statement latencies in milliseconds and failures:
         0.006           0  \set aid random(1, 100000 * :scale)
         0.010           0  \set bid random(1, 1 * :scale)
         0.010           0  \set tid random(1, 10 * :scale)
         0.005           0  \set delta random(-5000, 5000)
         1.843           0  BEGIN;
         2.756           0  UPDATE pgbench_accounts SET abalance = abalance + :delta WHERE aid = :aid;
         2.779           0  SELECT abalance FROM pgbench_accounts WHERE aid = :aid;
         8.471           0  UPDATE pgbench_tellers SET tbalance = tbalance + :delta WHERE tid = :tid;
        24.262           0  UPDATE pgbench_branches SET bbalance = bbalance + :delta WHERE bid = :bid;
         2.427           0  INSERT INTO pgbench_history (tid, bid, aid, delta, mtime) VALUES (:tid, :bid, :aid, :delta, CURRENT_TIMESTAMP);
        20.216           0  END;

------------------------------------------------------------
bash: -c: line 1: unexpected EOF while looking for matching `"'
