=========================================
=== CBP-1.0: NODE BASELINE SETUP ===
=== Timestamp (UTC): 2026-09-14 18:25:58 UTC ===
=========================================

[0/4] Checking swap space for memory protection...

[1/4] Updating package lists...
Hit:1 https://apprepo.vultr.com/debian universal InRelease
Hit:2 https://deb.debian.org/debian bookworm InRelease
Get:3 https://deb.debian.org/debian-security bookworm-security InRelease [34.8 kB]
Get:4 https://deb.debian.org/debian bookworm-updates InRelease [55.4 kB]
Get:5 https://deb.debian.org/debian-security bookworm-security/main Sources [248 kB]
Get:6 https://deb.debian.org/debian-security bookworm-security/main amd64 Packages [338 kB]
Get:7 https://deb.debian.org/debian-security bookworm-security/main Translation-en [211 kB]
Hit:8 https://debian.mirror.constant.com bookworm InRelease
Fetched 887 kB in 1s (641 kB/s)
Reading package lists...

[2/4] Installing diagnostic and synthetic benchmark tools...
Reading package lists...
Building dependency tree...
Reading state information...
jq is already the newest version (1.6-2.1+deb12u2).
curl is already the newest version (7.88.1-10+deb12u15).
ca-certificates is already the newest version (20250419~deb12u1).
gnupg is already the newest version (2.2.40-1.1+deb12u2).
gnupg set to manually installed.
lsb-release is already the newest version (12.0-1).
procps is already the newest version (2:4.0.2-3).
util-linux is already the newest version (2.38.1-5+deb12u3).
The following additional packages will be installed:
  libaio1 libboost-iostreams1.74.0 libboost-thread1.74.0 libdaxctl1 libfmt9
  libgfapi0 libgfrpc0 libgfxdr0 libglusterfs0 libibverbs1 libiperf0
  libluajit2-5.1-2 libluajit2-5.1-common libmariadb3 libnbd0 libndctl6
  libnl-3-200 libnl-route-3-200 libpmem1 libpmemblk1 libpq5 librados2 librbd1
  librdmacm1 libsctp1 mariadb-common mysql-common
Suggested packages:
  fio-examples gnuplot gfio lksctp-tools isag
Recommended packages:
  ibverbs-providers
The following NEW packages will be installed:
  fio iperf3 libaio1 libboost-iostreams1.74.0 libboost-thread1.74.0 libdaxctl1
  libfmt9 libgfapi0 libgfrpc0 libgfxdr0 libglusterfs0 libibverbs1 libiperf0
  libluajit2-5.1-2 libluajit2-5.1-common libmariadb3 libnbd0 libndctl6
  libnl-3-200 libnl-route-3-200 libpmem1 libpmemblk1 libpq5 librados2 librbd1
  librdmacm1 libsctp1 mariadb-common mysql-common sysbench sysstat
0 upgraded, 31 newly installed, 0 to remove and 8 not upgraded.
Need to get 21.8 MB of archives.
After this operation, 50.1 MB of additional disk space will be used.
Get:1 https://deb.debian.org/debian bookworm/main amd64 libsctp1 amd64 1.0.19+dfsg-2 [29.7 kB]
Get:2 https://deb.debian.org/debian bookworm/main amd64 libiperf0 amd64 3.12-1+deb12u2 [91.2 kB]
Get:3 https://deb.debian.org/debian bookworm/main amd64 iperf3 amd64 3.12-1+deb12u2 [34.0 kB]
Get:4 https://deb.debian.org/debian bookworm/main amd64 libaio1 amd64 0.3.113-4 [13.4 kB]
Get:5 https://deb.debian.org/debian bookworm/main amd64 libgfxdr0 amd64 10.3-5 [3,106 kB]
Get:6 https://deb.debian.org/debian bookworm/main amd64 libglusterfs0 amd64 10.3-5 [3,347 kB]
Get:7 https://deb.debian.org/debian bookworm/main amd64 libgfrpc0 amd64 10.3-5 [3,131 kB]
Get:8 https://deb.debian.org/debian bookworm/main amd64 libgfapi0 amd64 10.3-5 [3,158 kB]
Get:9 https://deb.debian.org/debian bookworm/main amd64 libnl-3-200 amd64 3.7.0-0.2+b1 [63.1 kB]
Get:10 https://deb.debian.org/debian bookworm/main amd64 libnl-route-3-200 amd64 3.7.0-0.2+b1 [185 kB]
Get:11 https://deb.debian.org/debian bookworm/main amd64 libibverbs1 amd64 44.0-2 [60.7 kB]
Get:12 https://deb.debian.org/debian bookworm/main amd64 libnbd0 amd64 1.14.2-1 [66.0 kB]
Get:13 https://deb.debian.org/debian bookworm/main amd64 libdaxctl1 amd64 76.1-1 [21.1 kB]
Get:14 https://deb.debian.org/debian bookworm/main amd64 libndctl6 amd64 76.1-1 [61.7 kB]
Get:15 https://deb.debian.org/debian bookworm/main amd64 libpmem1 amd64 1.12.1-2 [90.0 kB]
Get:16 https://deb.debian.org/debian bookworm/main amd64 libpmemblk1 amd64 1.12.1-2 [75.7 kB]
Get:17 https://deb.debian.org/debian bookworm/main amd64 libboost-iostreams1.74.0 amd64 1.74.0+ds1-21 [240 kB]
Get:18 https://deb.debian.org/debian bookworm/main amd64 libboost-thread1.74.0 amd64 1.74.0+ds1-21 [257 kB]
Get:19 https://deb.debian.org/debian bookworm/main amd64 libfmt9 amd64 9.1.0+ds1-2 [113 kB]
Get:20 https://deb.debian.org/debian bookworm/main amd64 librdmacm1 amd64 44.0-2 [68.6 kB]
Get:21 https://deb.debian.org/debian bookworm/main amd64 librados2 amd64 16.2.15+ds-0+deb12u2 [3,252 kB]
Get:22 https://deb.debian.org/debian bookworm/main amd64 librbd1 amd64 16.2.15+ds-0+deb12u2 [2,405 kB]
Get:23 https://deb.debian.org/debian bookworm/main amd64 fio amd64 3.33-3 [538 kB]
Get:24 https://deb.debian.org/debian bookworm/main amd64 libluajit2-5.1-common all 2.1-20230119-1 [46.6 kB]
Get:25 https://deb.debian.org/debian bookworm/main amd64 libluajit2-5.1-2 amd64 2.1-20230119-1 [258 kB]
Get:26 https://deb.debian.org/debian bookworm/main amd64 mysql-common all 5.8+1.1.0 [6,636 B]
Get:27 https://deb.debian.org/debian bookworm/main amd64 mariadb-common all 1:10.11.18-0+deb12u1 [27.0 kB]
Get:28 https://deb.debian.org/debian bookworm/main amd64 libmariadb3 amd64 1:10.11.18-0+deb12u1 [176 kB]
Get:29 https://deb.debian.org/debian-security bookworm-security/main amd64 libpq5 amd64 15.19-0+deb12u1 [203 kB]
Get:30 https://deb.debian.org/debian bookworm/main amd64 sysbench amd64 1.0.20+ds-5 [114 kB]
Get:31 https://deb.debian.org/debian bookworm/main amd64 sysstat amd64 12.6.1-1 [596 kB]
Preconfiguring packages ...
/usr/bin/deb-systemd-helper was not called from dpkg. Exiting.
/usr/bin/deb-systemd-helper was not called from dpkg. Exiting.
Failed to stop iperf3.service: Unit iperf3.service not loaded.
Fetched 21.8 MB in 30s (721 kB/s)
Selecting previously unselected package libsctp1:amd64.
(Reading database ... 
(Reading database ... 5%
(Reading database ... 10%
(Reading database ... 15%
(Reading database ... 20%
(Reading database ... 25%
(Reading database ... 30%
(Reading database ... 35%
(Reading database ... 40%
(Reading database ... 45%
(Reading database ... 50%
(Reading database ... 55%
(Reading database ... 60%
(Reading database ... 65%
(Reading database ... 70%
(Reading database ... 75%
(Reading database ... 80%
(Reading database ... 85%
(Reading database ... 90%
(Reading database ... 95%
(Reading database ... 100%
(Reading database ... 75051 files and directories currently installed.)
Preparing to unpack .../00-libsctp1_1.0.19+dfsg-2_amd64.deb ...
Unpacking libsctp1:amd64 (1.0.19+dfsg-2) ...
Selecting previously unselected package libiperf0:amd64.
Preparing to unpack .../01-libiperf0_3.12-1+deb12u2_amd64.deb ...
Unpacking libiperf0:amd64 (3.12-1+deb12u2) ...
Selecting previously unselected package iperf3.
Preparing to unpack .../02-iperf3_3.12-1+deb12u2_amd64.deb ...
Unpacking iperf3 (3.12-1+deb12u2) ...
Selecting previously unselected package libaio1:amd64.
Preparing to unpack .../03-libaio1_0.3.113-4_amd64.deb ...
Unpacking libaio1:amd64 (0.3.113-4) ...
Selecting previously unselected package libgfxdr0:amd64.
Preparing to unpack .../04-libgfxdr0_10.3-5_amd64.deb ...
Unpacking libgfxdr0:amd64 (10.3-5) ...
Selecting previously unselected package libglusterfs0:amd64.
Preparing to unpack .../05-libglusterfs0_10.3-5_amd64.deb ...
Unpacking libglusterfs0:amd64 (10.3-5) ...
Selecting previously unselected package libgfrpc0:amd64.
Preparing to unpack .../06-libgfrpc0_10.3-5_amd64.deb ...
Unpacking libgfrpc0:amd64 (10.3-5) ...
Selecting previously unselected package libgfapi0:amd64.
Preparing to unpack .../07-libgfapi0_10.3-5_amd64.deb ...
Unpacking libgfapi0:amd64 (10.3-5) ...
Selecting previously unselected package libnl-3-200:amd64.
Preparing to unpack .../08-libnl-3-200_3.7.0-0.2+b1_amd64.deb ...
Unpacking libnl-3-200:amd64 (3.7.0-0.2+b1) ...
Selecting previously unselected package libnl-route-3-200:amd64.
Preparing to unpack .../09-libnl-route-3-200_3.7.0-0.2+b1_amd64.deb ...
Unpacking libnl-route-3-200:amd64 (3.7.0-0.2+b1) ...
Selecting previously unselected package libibverbs1:amd64.
Preparing to unpack .../10-libibverbs1_44.0-2_amd64.deb ...
Unpacking libibverbs1:amd64 (44.0-2) ...
Selecting previously unselected package libnbd0.
Preparing to unpack .../11-libnbd0_1.14.2-1_amd64.deb ...
Unpacking libnbd0 (1.14.2-1) ...
Selecting previously unselected package libdaxctl1:amd64.
Preparing to unpack .../12-libdaxctl1_76.1-1_amd64.deb ...
Unpacking libdaxctl1:amd64 (76.1-1) ...
Selecting previously unselected package libndctl6:amd64.
Preparing to unpack .../13-libndctl6_76.1-1_amd64.deb ...
Unpacking libndctl6:amd64 (76.1-1) ...
Selecting previously unselected package libpmem1:amd64.
Preparing to unpack .../14-libpmem1_1.12.1-2_amd64.deb ...
Unpacking libpmem1:amd64 (1.12.1-2) ...
Selecting previously unselected package libpmemblk1:amd64.
Preparing to unpack .../15-libpmemblk1_1.12.1-2_amd64.deb ...
Unpacking libpmemblk1:amd64 (1.12.1-2) ...
Selecting previously unselected package libboost-iostreams1.74.0:amd64.
Preparing to unpack .../16-libboost-iostreams1.74.0_1.74.0+ds1-21_amd64.deb ...
Unpacking libboost-iostreams1.74.0:amd64 (1.74.0+ds1-21) ...
Selecting previously unselected package libboost-thread1.74.0:amd64.
Preparing to unpack .../17-libboost-thread1.74.0_1.74.0+ds1-21_amd64.deb ...
Unpacking libboost-thread1.74.0:amd64 (1.74.0+ds1-21) ...
Selecting previously unselected package libfmt9:amd64.
Preparing to unpack .../18-libfmt9_9.1.0+ds1-2_amd64.deb ...
Unpacking libfmt9:amd64 (9.1.0+ds1-2) ...
Selecting previously unselected package librdmacm1:amd64.
Preparing to unpack .../19-librdmacm1_44.0-2_amd64.deb ...
Unpacking librdmacm1:amd64 (44.0-2) ...
Selecting previously unselected package librados2.
Preparing to unpack .../20-librados2_16.2.15+ds-0+deb12u2_amd64.deb ...
Unpacking librados2 (16.2.15+ds-0+deb12u2) ...
Selecting previously unselected package librbd1.
Preparing to unpack .../21-librbd1_16.2.15+ds-0+deb12u2_amd64.deb ...
Unpacking librbd1 (16.2.15+ds-0+deb12u2) ...
Selecting previously unselected package fio.
Preparing to unpack .../22-fio_3.33-3_amd64.deb ...
Unpacking fio (3.33-3) ...
Selecting previously unselected package libluajit2-5.1-common.
Preparing to unpack .../23-libluajit2-5.1-common_2.1-20230119-1_all.deb ...
Unpacking libluajit2-5.1-common (2.1-20230119-1) ...
Selecting previously unselected package libluajit2-5.1-2:amd64.
Preparing to unpack .../24-libluajit2-5.1-2_2.1-20230119-1_amd64.deb ...
Unpacking libluajit2-5.1-2:amd64 (2.1-20230119-1) ...
Selecting previously unselected package mysql-common.
Preparing to unpack .../25-mysql-common_5.8+1.1.0_all.deb ...
Unpacking mysql-common (5.8+1.1.0) ...
Selecting previously unselected package mariadb-common.
Preparing to unpack .../26-mariadb-common_1%3a10.11.18-0+deb12u1_all.deb ...
Unpacking mariadb-common (1:10.11.18-0+deb12u1) ...
Selecting previously unselected package libmariadb3:amd64.
Preparing to unpack .../27-libmariadb3_1%3a10.11.18-0+deb12u1_amd64.deb ...
Unpacking libmariadb3:amd64 (1:10.11.18-0+deb12u1) ...
Selecting previously unselected package libpq5:amd64.
Preparing to unpack .../28-libpq5_15.19-0+deb12u1_amd64.deb ...
Unpacking libpq5:amd64 (15.19-0+deb12u1) ...
Selecting previously unselected package sysbench.
Preparing to unpack .../29-sysbench_1.0.20+ds-5_amd64.deb ...
Unpacking sysbench (1.0.20+ds-5) ...
Selecting previously unselected package sysstat.
Preparing to unpack .../30-sysstat_12.6.1-1_amd64.deb ...
Unpacking sysstat (12.6.1-1) ...
Setting up mysql-common (5.8+1.1.0) ...
update-alternatives: using /etc/mysql/my.cnf.fallback to provide /etc/mysql/my.cnf (my.cnf) in auto mode
Setting up libboost-iostreams1.74.0:amd64 (1.74.0+ds1-21) ...
Setting up libpq5:amd64 (15.19-0+deb12u1) ...
Setting up libnbd0 (1.14.2-1) ...
Setting up libluajit2-5.1-common (2.1-20230119-1) ...
Setting up libglusterfs0:amd64 (10.3-5) ...
Setting up mariadb-common (1:10.11.18-0+deb12u1) ...
update-alternatives: using /etc/mysql/mariadb.cnf to provide /etc/mysql/my.cnf (my.cnf) in auto mode
Setting up libmariadb3:amd64 (1:10.11.18-0+deb12u1) ...
Setting up libdaxctl1:amd64 (76.1-1) ...
Setting up libfmt9:amd64 (9.1.0+ds1-2) ...
Setting up libsctp1:amd64 (1.0.19+dfsg-2) ...
Setting up libnl-3-200:amd64 (3.7.0-0.2+b1) ...
Setting up libndctl6:amd64 (76.1-1) ...
Setting up libaio1:amd64 (0.3.113-4) ...
Setting up libpmem1:amd64 (1.12.1-2) ...
Setting up libluajit2-5.1-2:amd64 (2.1-20230119-1) ...
Setting up sysstat (12.6.1-1) ...

Creating config file /etc/default/sysstat with new version
update-alternatives: using /usr/bin/sar.sysstat to provide /usr/bin/sar (sar) in auto mode
Created symlink /etc/systemd/system/sysstat.service.wants/sysstat-collect.timer → /lib/systemd/system/sysstat-collect.timer.

Created symlink /etc/systemd/system/sysstat.service.wants/sysstat-summary.timer → /lib/systemd/system/sysstat-summary.timer.

Created symlink /etc/systemd/system/multi-user.target.wants/sysstat.service → /lib/systemd/system/sysstat.service.

Setting up libgfxdr0:amd64 (10.3-5) ...
Setting up libboost-thread1.74.0:amd64 (1.74.0+ds1-21) ...
Setting up sysbench (1.0.20+ds-5) ...
Setting up libnl-route-3-200:amd64 (3.7.0-0.2+b1) ...
Setting up libiperf0:amd64 (3.12-1+deb12u2) ...
Setting up libpmemblk1:amd64 (1.12.1-2) ...
Setting up libgfrpc0:amd64 (10.3-5) ...
Setting up libibverbs1:amd64 (44.0-2) ...
Setting up iperf3 (3.12-1+deb12u2) ...
Setting up libgfapi0:amd64 (10.3-5) ...
Setting up librdmacm1:amd64 (44.0-2) ...
Setting up librados2 (16.2.15+ds-0+deb12u2) ...
Setting up librbd1 (16.2.15+ds-0+deb12u2) ...
Setting up fio (3.33-3) ...
Processing triggers for ufw (0.36.2-1) ...
Processing triggers for man-db (2.11.2-2) ...
Processing triggers for libc-bin (2.36-9+deb12u14) ...

[3/4] Installing PostgreSQL 18 (or latest stable available in official repo)...
Hit:1 https://apprepo.vultr.com/debian universal InRelease
Hit:2 https://deb.debian.org/debian bookworm InRelease
Hit:3 https://deb.debian.org/debian-security bookworm-security InRelease
Hit:4 https://deb.debian.org/debian bookworm-updates InRelease
Get:5 http://apt.postgresql.org/pub/repos/apt bookworm-pgdg InRelease [189 kB]
Get:6 http://apt.postgresql.org/pub/repos/apt bookworm-pgdg/main amd64 Packages [862 kB]
Hit:7 https://debian.mirror.constant.com bookworm InRelease
Fetched 1,051 kB in 1s (780 kB/s)
Reading package lists...
Reading package lists...
Building dependency tree...
Reading state information...
The following additional packages will be installed:
  libcommon-sense-perl libjson-perl libjson-xs-perl libllvm19 libpq5
  libtypes-serialiser-perl libxslt1.1 postgresql-18-jit postgresql-client-18
  postgresql-client-common postgresql-common ssl-cert
Suggested packages:
  libpq-oauth postgresql-doc-18
The following NEW packages will be installed:
  libcommon-sense-perl libjson-perl libjson-xs-perl libllvm19
  libtypes-serialiser-perl libxslt1.1 postgresql-18 postgresql-18-jit
  postgresql-client-18 postgresql-client-common postgresql-common ssl-cert
The following packages will be upgraded:
  libpq5
1 upgraded, 12 newly installed, 0 to remove and 8 not upgraded.
Need to get 46.1 MB of archives.
After this operation, 203 MB of additional disk space will be used.
Get:1 http://apt.postgresql.org/pub/repos/apt bookworm-pgdg/main amd64 postgresql-client-common all 293.pgdg12+1 [49.5 kB]
Get:2 http://apt.postgresql.org/pub/repos/apt bookworm-pgdg/main amd64 postgresql-common all 293.pgdg12+1 [126 kB]
Get:3 http://apt.postgresql.org/pub/repos/apt bookworm-pgdg/main amd64 libpq5 amd64 18.6-1.pgdg12+2 [265 kB]
Get:4 http://apt.postgresql.org/pub/repos/apt bookworm-pgdg/main amd64 postgresql-client-18 amd64 18.6-1.pgdg12+2 [2,134 kB]
Get:5 https://deb.debian.org/debian bookworm/main amd64 libjson-perl all 4.10000-1 [87.5 kB]
Get:6 https://deb.debian.org/debian bookworm/main amd64 ssl-cert all 1.1.2 [21.1 kB]
Get:7 https://deb.debian.org/debian bookworm/main amd64 libcommon-sense-perl amd64 3.75-3 [23.0 kB]
Get:8 https://deb.debian.org/debian bookworm/main amd64 libtypes-serialiser-perl all 1.01-1 [12.2 kB]
Get:9 https://deb.debian.org/debian bookworm/main amd64 libjson-xs-perl amd64 4.040-1~deb12u1 [92.4 kB]
Get:10 https://deb.debian.org/debian bookworm/main amd64 libllvm19 amd64 1:19.1.7-3~deb12u1 [25.9 MB]
Get:11 http://apt.postgresql.org/pub/repos/apt bookworm-pgdg/main amd64 postgresql-18 amd64 18.6-1.pgdg12+2 [7,222 kB]
Get:12 https://deb.debian.org/debian bookworm/main amd64 libxslt1.1 amd64 1.1.35-1+deb12u4 [232 kB]
Get:13 http://apt.postgresql.org/pub/repos/apt bookworm-pgdg/main amd64 postgresql-18-jit amd64 18.6-1.pgdg12+2 [9,929 kB]
apt-listchanges: Reading changelogs...
Preconfiguring packages ...
Fetched 46.1 MB in 2s (18.7 MB/s)
Selecting previously unselected package libjson-perl.
(Reading database ... 
(Reading database ... 5%
(Reading database ... 10%
(Reading database ... 15%
(Reading database ... 20%
(Reading database ... 25%
(Reading database ... 30%
(Reading database ... 35%
(Reading database ... 40%
(Reading database ... 45%
(Reading database ... 50%
(Reading database ... 55%
(Reading database ... 60%
(Reading database ... 65%
(Reading database ... 70%
(Reading database ... 75%
(Reading database ... 80%
(Reading database ... 85%
(Reading database ... 90%
(Reading database ... 95%
(Reading database ... 100%
(Reading database ... 75437 files and directories currently installed.)
Preparing to unpack .../00-libjson-perl_4.10000-1_all.deb ...
Unpacking libjson-perl (4.10000-1) ...
Selecting previously unselected package postgresql-client-common.
Preparing to unpack .../01-postgresql-client-common_293.pgdg12+1_all.deb ...
Unpacking postgresql-client-common (293.pgdg12+1) ...
Selecting previously unselected package ssl-cert.
Preparing to unpack .../02-ssl-cert_1.1.2_all.deb ...
Unpacking ssl-cert (1.1.2) ...
Selecting previously unselected package postgresql-common.
Preparing to unpack .../03-postgresql-common_293.pgdg12+1_all.deb ...
Adding 'diversion of /usr/bin/pg_config to /usr/bin/pg_config.libpq-dev by postgresql-common'
Unpacking postgresql-common (293.pgdg12+1) ...
Selecting previously unselected package libcommon-sense-perl:amd64.
Preparing to unpack .../04-libcommon-sense-perl_3.75-3_amd64.deb ...
Unpacking libcommon-sense-perl:amd64 (3.75-3) ...
Selecting previously unselected package libtypes-serialiser-perl.
Preparing to unpack .../05-libtypes-serialiser-perl_1.01-1_all.deb ...
Unpacking libtypes-serialiser-perl (1.01-1) ...
Selecting previously unselected package libjson-xs-perl.
Preparing to unpack .../06-libjson-xs-perl_4.040-1~deb12u1_amd64.deb ...
Unpacking libjson-xs-perl (4.040-1~deb12u1) ...
Selecting previously unselected package libllvm19:amd64.
Preparing to unpack .../07-libllvm19_1%3a19.1.7-3~deb12u1_amd64.deb ...
Unpacking libllvm19:amd64 (1:19.1.7-3~deb12u1) ...
Preparing to unpack .../08-libpq5_18.6-1.pgdg12+2_amd64.deb ...
Unpacking libpq5:amd64 (18.6-1.pgdg12+2) over (15.19-0+deb12u1) ...
Selecting previously unselected package libxslt1.1:amd64.
Preparing to unpack .../09-libxslt1.1_1.1.35-1+deb12u4_amd64.deb ...
Unpacking libxslt1.1:amd64 (1.1.35-1+deb12u4) ...
Selecting previously unselected package postgresql-client-18.
Preparing to unpack .../10-postgresql-client-18_18.6-1.pgdg12+2_amd64.deb ...
Unpacking postgresql-client-18 (18.6-1.pgdg12+2) ...
Selecting previously unselected package postgresql-18.
Preparing to unpack .../11-postgresql-18_18.6-1.pgdg12+2_amd64.deb ...
Unpacking postgresql-18 (18.6-1.pgdg12+2) ...
Selecting previously unselected package postgresql-18-jit.
Preparing to unpack .../12-postgresql-18-jit_18.6-1.pgdg12+2_amd64.deb ...
Unpacking postgresql-18-jit (18.6-1.pgdg12+2) ...
Setting up postgresql-client-common (293.pgdg12+1) ...
Setting up libllvm19:amd64 (1:19.1.7-3~deb12u1) ...
Setting up libpq5:amd64 (18.6-1.pgdg12+2) ...
Setting up libcommon-sense-perl:amd64 (3.75-3) ...
Setting up ssl-cert (1.1.2) ...
Setting up libtypes-serialiser-perl (1.01-1) ...
Setting up libjson-perl (4.10000-1) ...
Setting up libxslt1.1:amd64 (1.1.35-1+deb12u4) ...
Setting up libjson-xs-perl (4.040-1~deb12u1) ...
Setting up postgresql-client-18 (18.6-1.pgdg12+2) ...
update-alternatives: using /usr/share/postgresql/18/man/man1/psql.1.gz to provide /usr/share/man/man1/psql.1.gz (psql.1.gz) in auto mode
Setting up postgresql-common (293.pgdg12+1) ...

Creating config file /etc/postgresql-common/createcluster.conf with new version
Building PostgreSQL dictionaries from installed myspell/hunspell packages...
Removing obsolete dictionary files:
Created symlink /etc/systemd/system/multi-user.target.wants/postgresql.service → /lib/systemd/system/postgresql.service.

Setting up postgresql-18 (18.6-1.pgdg12+2) ...
Creating new PostgreSQL cluster 18/main ...
/usr/lib/postgresql/18/bin/initdb -D /var/lib/postgresql/18/main --auth-local peer --auth-host scram-sha-256 --no-instructions
The files belonging to this database system will be owned by user "postgres".
This user must also own the server process.

The database cluster will be initialized with locale "en_US.UTF-8".
The default database encoding has accordingly been set to "UTF8".
The default text search configuration will be set to "english".

Data page checksums are enabled.

fixing permissions on existing directory /var/lib/postgresql/18/main ... ok
creating subdirectories ... ok
selecting dynamic shared memory implementation ... posix
selecting default "max_connections" ... 100
selecting default "shared_buffers" ... 128MB
selecting default time zone ... UTC
creating configuration files ... ok
running bootstrap script ... ok
performing post-bootstrap initialization ... ok
syncing data to disk ... ok
Setting up postgresql-18-jit (18.6-1.pgdg12+2) ...
Processing triggers for libc-bin (2.36-9+deb12u14) ...
Processing triggers for man-db (2.11.2-2) ...
Synchronizing state of postgresql.service with SysV service script with /lib/systemd/systemd-sysv-install.
Executing: /lib/systemd/systemd-sysv-install enable postgresql

[4/4] Verifying installed tool versions...
sysbench:   sysbench 1.0.20
fio:        fio-3.33
iperf3:     iperf 3.12 (cJSON 1.7.15)
iostat:     sysstat version 12.6.1
PostgreSQL: psql (PostgreSQL) 18.6 (Debian 18.6-1.pgdg12+2)
pgbench:    pgbench (PostgreSQL) 18.6 (Debian 18.6-1.pgdg12+2)

=========================================
=== NODE SETUP COMPLETE (NO TUNING APPLIED) ===
=========================================
