=========================================
=== CBP-1.0 / T002: IDLE-SYSTEM BASELINE ===
=== Timestamp (UTC): 2026-09-14 18:25:48 UTC ===
=========================================

--- UPTIME & LOAD AVERAGE ---
 18:25:48 up 0 min,  0 user,  load average: 0.44, 0.10, 0.03

--- MEMORY & SWAP (free -h) ---
               total        used        free      shared  buff/cache   available
Mem:           954Mi       242Mi       710Mi       792Ki       147Mi       712Mi
Swap:          2.3Gi          0B       2.3Gi

--- VMSTAT SAMPLING (1s x 10 intervals) ---
procs -----------memory---------- ---swap-- -----io---- -system-- ------cpu-----
 r  b   swpd   free   buff  cache   si   so    bi    bo   in   cs us sy id wa st
 1  0      0 727428  19484 131412    0    0  7300  1017  458 2669 19 22 52  7  0
 1  0      0 727428  19484 131412    0    0     0    60  125  189  0  0 91  9  0
 1  1      0 727428  19484 131412    0    0     0     0   98  117  0  0 92  8  0
 1  0      0 727428  19484 131412    0    0     0   300  107  141  0  0 91  9  0
 1  0      0 727428  19484 131412    0    0     0     0   99  115  0  0 92  8  0
 1  0      0 727428  19484 131412    0    0     0     0   96  116  0  0 91  9  0
 1  0      0 727428  19484 131412    0    0     0     0   65   70  0  0 99  1  0
 1  0      0 727428  19484 131412    0    0     0     0   48   43  0  0 100  0  0
 1  0      0 727428  19484 131412    0    0     0     0   47   44  0  0 100  0  0
 1  0      0 727428  19484 131412    0    0     0    24   39   47  0  0 100  0  0

--- IOSTAT SAMPLING (1s x 10 intervals) ---
iostat not found, installing sysstat may be required

=========================================
=== T002 IDLE BASELINE COMPLETE ===
=========================================
