=========================================
=== CBP-1.0 / T031: SEQUENTIAL STORAGE THROUGHPUT ===
=== Timestamp (UTC): 2026-09-14 18:34:12 UTC ===
=========================================

--- Part 1: Sequential Write (1MB, iodepth=16, direct=1) ---
seq_write: (g=0): rw=write, bs=(R) 1024KiB-1024KiB, (W) 1024KiB-1024KiB, (T) 1024KiB-1024KiB, ioengine=libaio, iodepth=16
fio-3.33
Starting 1 process
seq_write: Laying out IO file (1 file / 4096MiB)

seq_write: (groupid=0, jobs=1): err= 0: pid=4944: Mon Sep 14 18:35:12 2026
  write: IOPS=1261, BW=1261MiB/s (1323MB/s)(73.9GiB/60011msec); 0 zone resets
    slat (usec): min=20, max=11797, avg=80.63, stdev=100.68
    clat (usec): min=1068, max=31536, avg=12601.18, stdev=3877.73
     lat (usec): min=1259, max=31615, avg=12681.81, stdev=3876.10
    clat percentiles (usec):
     |  1.00th=[10421],  5.00th=[10421], 10.00th=[10421], 20.00th=[10552],
     | 30.00th=[10552], 40.00th=[10552], 50.00th=[10552], 60.00th=[10552],
     | 70.00th=[11076], 80.00th=[15401], 90.00th=[19792], 95.00th=[21627],
     | 99.00th=[23987], 99.50th=[25035], 99.90th=[26870], 99.95th=[27919],
     | 99.99th=[31065]
   bw (  MiB/s): min=  724, max= 1512, per=99.92%, avg=1260.44, stdev=312.96, samples=119
   iops        : min=  724, max= 1512, avg=1260.44, stdev=312.97, samples=119
  lat (msec)   : 2=0.03%, 4=0.03%, 10=0.10%, 20=90.15%, 50=9.69%
  cpu          : usr=8.25%, sys=2.52%, ctx=76437, majf=0, minf=13
  IO depths    : 1=0.1%, 2=0.1%, 4=0.1%, 8=0.1%, 16=100.0%, 32=0.0%, >=64=0.0%
     submit    : 0=0.0%, 4=100.0%, 8=0.0%, 16=0.0%, 32=0.0%, 64=0.0%, >=64=0.0%
     complete  : 0=0.0%, 4=100.0%, 8=0.0%, 16=0.1%, 32=0.0%, 64=0.0%, >=64=0.0%
     issued rwts: total=0,75701,0,0 short=0,0,0,0 dropped=0,0,0,0
     latency   : target=0, window=0, percentile=100.00%, depth=16

Run status group 0 (all jobs):
  WRITE: bw=1261MiB/s (1323MB/s), 1261MiB/s-1261MiB/s (1323MB/s-1323MB/s), io=73.9GiB (79.4GB), run=60011-60011msec

Disk stats (read/write):
  vda: ios=3/75691, merge=0/112, ticks=1/957816, in_queue=957818, util=88.80%

--- Part 2: Sequential Read (1MB, iodepth=16, direct=1) ---
seq_read: (g=0): rw=read, bs=(R) 1024KiB-1024KiB, (W) 1024KiB-1024KiB, (T) 1024KiB-1024KiB, ioengine=libaio, iodepth=16
fio-3.33
Starting 1 process

seq_read: (groupid=0, jobs=1): err= 0: pid=4964: Mon Sep 14 18:36:12 2026
  read: IOPS=2604, BW=2604MiB/s (2731MB/s)(153GiB/60006msec)
    slat (usec): min=4, max=4510, avg=13.40, stdev=14.00
    clat (usec): min=1283, max=34203, avg=6129.32, stdev=1219.42
     lat (usec): min=1340, max=34213, avg=6142.73, stdev=1219.22
    clat percentiles (usec):
     |  1.00th=[ 5669],  5.00th=[ 5669], 10.00th=[ 5735], 20.00th=[ 5735],
     | 30.00th=[ 5735], 40.00th=[ 5800], 50.00th=[ 5800], 60.00th=[ 5866],
     | 70.00th=[ 5932], 80.00th=[ 5997], 90.00th=[ 6194], 95.00th=[ 8586],
     | 99.00th=[12387], 99.50th=[13566], 99.90th=[15401], 99.95th=[16909],
     | 99.99th=[21365]
   bw (  MiB/s): min= 2172, max= 2780, per=100.00%, avg=2604.42, stdev=164.61, samples=119
   iops        : min= 2172, max= 2780, avg=2604.42, stdev=164.61, samples=119
  lat (msec)   : 2=0.01%, 4=0.02%, 10=96.83%, 20=3.14%, 50=0.01%
  cpu          : usr=0.99%, sys=4.71%, ctx=156285, majf=0, minf=531
  IO depths    : 1=0.1%, 2=0.1%, 4=0.1%, 8=0.1%, 16=100.0%, 32=0.0%, >=64=0.0%
     submit    : 0=0.0%, 4=100.0%, 8=0.0%, 16=0.0%, 32=0.0%, 64=0.0%, >=64=0.0%
     complete  : 0=0.0%, 4=100.0%, 8=0.0%, 16=0.1%, 32=0.0%, 64=0.0%, >=64=0.0%
     issued rwts: total=156258,0,0,0 short=0,0,0,0 dropped=0,0,0,0
     latency   : target=0, window=0, percentile=100.00%, depth=16

Run status group 0 (all jobs):
   READ: bw=2604MiB/s (2731MB/s), 2604MiB/s-2604MiB/s (2731MB/s-2731MB/s), io=153GiB (164GB), run=60006-60006msec

Disk stats (read/write):
  vda: ios=155981/109, merge=0/14, ticks=956008/9, in_queue=956018, util=95.19%

=========================================
=== T031 COMPLETE ===
=========================================
