=========================================
=== CBP-1.0 / T032: RANDOM STORAGE IOPS & LATENCY ===
=== Timestamp (UTC): 2026-09-14 18:36:13 UTC ===
=========================================

--- Part 1: Random Read (4K, iodepth=32, numjobs=4) ---
rand_read: (g=0): rw=randread, bs=(R) 4096B-4096B, (W) 4096B-4096B, (T) 4096B-4096B, ioengine=libaio, iodepth=32
...
fio-3.33
Starting 4 processes
rand_read: Laying out IO file (1 file / 4096MiB)

rand_read: (groupid=0, jobs=4): err= 0: pid=4983: Mon Sep 14 18:37:18 2026
  read: IOPS=178k, BW=695MiB/s (729MB/s)(40.7GiB/60001msec)
    slat (nsec): min=1684, max=14778k, avg=4291.31, stdev=24517.10
    clat (usec): min=21, max=15102, avg=714.43, stdev=514.64
     lat (usec): min=70, max=15112, avg=718.72, stdev=514.83
    clat percentiles (usec):
     |  1.00th=[  159],  5.00th=[  204], 10.00th=[  269], 20.00th=[  424],
     | 30.00th=[  510], 40.00th=[  562], 50.00th=[  635], 60.00th=[  676],
     | 70.00th=[  717], 80.00th=[  832], 90.00th=[ 1139], 95.00th=[ 1778],
     | 99.00th=[ 2769], 99.50th=[ 3195], 99.90th=[ 4490], 99.95th=[ 5538],
     | 99.99th=[ 8455]
   bw (  KiB/s): min=613408, max=906424, per=100.00%, avg=712503.79, stdev=23600.76, samples=476
   iops        : min=153352, max=226606, avg=178125.94, stdev=5900.19, samples=476
  lat (usec)   : 50=0.01%, 100=0.01%, 250=8.41%, 500=19.82%, 750=45.81%
  lat (usec)   : 1000=13.26%
  lat (msec)   : 2=8.62%, 4=3.93%, 10=0.16%, 20=0.01%
  cpu          : usr=6.51%, sys=17.87%, ctx=487369, majf=0, minf=176
  IO depths    : 1=0.1%, 2=0.1%, 4=0.1%, 8=0.1%, 16=0.1%, 32=100.0%, >=64=0.0%
     submit    : 0=0.0%, 4=100.0%, 8=0.0%, 16=0.0%, 32=0.0%, 64=0.0%, >=64=0.0%
     complete  : 0=0.0%, 4=100.0%, 8=0.0%, 16=0.0%, 32=0.1%, 64=0.0%, >=64=0.0%
     issued rwts: total=10675069,0,0,0 short=0,0,0,0 dropped=0,0,0,0
     latency   : target=0, window=0, percentile=100.00%, depth=32

Run status group 0 (all jobs):
   READ: bw=695MiB/s (729MB/s), 695MiB/s-695MiB/s (729MB/s-729MB/s), io=40.7GiB (43.7GB), run=60001-60001msec

Disk stats (read/write):
  vda: ios=10671307/45, merge=0/10, ticks=3067557/9, in_queue=3067571, util=55.93%

--- Part 2: Random Write (4K, iodepth=32, numjobs=4) ---
rand_write: (g=0): rw=randwrite, bs=(R) 4096B-4096B, (W) 4096B-4096B, (T) 4096B-4096B, ioengine=libaio, iodepth=32
...
fio-3.33
Starting 4 processes

rand_write: (groupid=0, jobs=4): err= 0: pid=4990: Mon Sep 14 18:38:19 2026
  write: IOPS=194k, BW=759MiB/s (796MB/s)(44.5GiB/60001msec); 0 zone resets
    slat (nsec): min=1772, max=4871.4k, avg=10312.73, stdev=40744.18
    clat (nsec): min=1149, max=119965k, avg=646624.57, stdev=231391.55
     lat (usec): min=52, max=119966, avg=656.94, stdev=231.36
    clat percentiles (usec):
     |  1.00th=[  277],  5.00th=[  375], 10.00th=[  424], 20.00th=[  478],
     | 30.00th=[  523], 40.00th=[  562], 50.00th=[  603], 60.00th=[  652],
     | 70.00th=[  717], 80.00th=[  799], 90.00th=[  922], 95.00th=[ 1029],
     | 99.00th=[ 1450], 99.50th=[ 1647], 99.90th=[ 1991], 99.95th=[ 2180],
     | 99.99th=[ 3163]
   bw (  KiB/s): min=634448, max=838800, per=100.00%, avg=777802.44, stdev=10219.99, samples=476
   iops        : min=158612, max=209700, avg=194450.60, stdev=2555.00, samples=476
  lat (usec)   : 2=0.01%, 10=0.01%, 20=0.01%, 50=0.01%, 100=0.06%
  lat (usec)   : 250=0.64%, 500=24.15%, 750=49.73%, 1000=19.26%
  lat (msec)   : 2=6.05%, 4=0.09%, 10=0.01%, 20=0.01%, 50=0.01%
  lat (msec)   : 250=0.01%
  cpu          : usr=4.96%, sys=14.56%, ctx=3145795, majf=0, minf=47
  IO depths    : 1=0.1%, 2=0.1%, 4=0.1%, 8=0.1%, 16=0.1%, 32=100.0%, >=64=0.0%
     submit    : 0=0.0%, 4=100.0%, 8=0.0%, 16=0.0%, 32=0.0%, 64=0.0%, >=64=0.0%
     complete  : 0=0.0%, 4=100.0%, 8=0.0%, 16=0.0%, 32=0.1%, 64=0.0%, >=64=0.0%
     issued rwts: total=0,11658337,0,0 short=0,0,0,0 dropped=0,0,0,0
     latency   : target=0, window=0, percentile=100.00%, depth=32

Run status group 0 (all jobs):
  WRITE: bw=759MiB/s (796MB/s), 759MiB/s-759MiB/s (796MB/s-796MB/s), io=44.5GiB (47.8GB), run=60001-60001msec

Disk stats (read/write):
  vda: ios=41/11636827, merge=0/23, ticks=9/2767683, in_queue=2767698, util=49.23%

--- Part 3: Mixed Random 70/30 (4K, iodepth=32, numjobs=4) ---
rand_rw7030: (g=0): rw=randrw, bs=(R) 4096B-4096B, (W) 4096B-4096B, (T) 4096B-4096B, ioengine=libaio, iodepth=32
...
fio-3.33
Starting 4 processes

rand_rw7030: (groupid=0, jobs=4): err= 0: pid=5000: Mon Sep 14 18:39:19 2026
  read: IOPS=137k, BW=534MiB/s (560MB/s)(31.3GiB/60001msec)
    slat (nsec): min=1680, max=6061.8k, avg=6909.59, stdev=27502.86
    clat (usec): min=18, max=8671, avg=733.53, stdev=471.07
     lat (usec): min=49, max=8673, avg=740.44, stdev=471.26
    clat percentiles (usec):
     |  1.00th=[  247],  5.00th=[  330], 10.00th=[  388], 20.00th=[  453],
     | 30.00th=[  506], 40.00th=[  553], 50.00th=[  603], 60.00th=[  660],
     | 70.00th=[  742], 80.00th=[  873], 90.00th=[ 1156], 95.00th=[ 1713],
     | 99.00th=[ 2802], 99.50th=[ 3097], 99.90th=[ 3589], 99.95th=[ 3752],
     | 99.99th=[ 4490]
   bw (  KiB/s): min=382192, max=588440, per=100.00%, avg=546777.20, stdev=8738.51, samples=476
   iops        : min=95548, max=147110, avg=136694.29, stdev=2184.63, samples=476
  write: IOPS=58.6k, BW=229MiB/s (240MB/s)(13.4GiB/60001msec); 0 zone resets
    slat (nsec): min=1788, max=4243.2k, avg=7596.58, stdev=28734.70
    clat (nsec): min=448, max=10829k, avg=445283.18, stdev=176364.79
     lat (usec): min=27, max=10831, avg=452.88, stdev=177.85
    clat percentiles (usec):
     |  1.00th=[  105],  5.00th=[  186], 10.00th=[  241], 20.00th=[  314],
     | 30.00th=[  367], 40.00th=[  400], 50.00th=[  433], 60.00th=[  465],
     | 70.00th=[  502], 80.00th=[  553], 90.00th=[  652], 95.00th=[  766],
     | 99.00th=[  979], 99.50th=[ 1057], 99.90th=[ 1303], 99.95th=[ 1500],
     | 99.99th=[ 2474]
   bw (  KiB/s): min=162664, max=254904, per=100.00%, avg=234397.70, stdev=3791.58, samples=476
   iops        : min=40666, max=63726, avg=58599.42, stdev=947.90, samples=476
  lat (nsec)   : 500=0.01%, 750=0.01%, 1000=0.01%
  lat (usec)   : 2=0.01%, 4=0.01%, 10=0.01%, 20=0.01%, 50=0.04%
  lat (usec)   : 100=0.24%, 250=3.80%, 500=37.12%, 750=36.57%, 1000=12.16%
  lat (msec)   : 2=7.46%, 4=2.58%, 10=0.02%, 20=0.01%
  cpu          : usr=5.60%, sys=15.52%, ctx=2225405, majf=0, minf=51
  IO depths    : 1=0.1%, 2=0.1%, 4=0.1%, 8=0.1%, 16=0.1%, 32=100.0%, >=64=0.0%
     submit    : 0=0.0%, 4=100.0%, 8=0.0%, 16=0.0%, 32=0.0%, 64=0.0%, >=64=0.0%
     complete  : 0=0.0%, 4=100.0%, 8=0.0%, 16=0.0%, 32=0.1%, 64=0.0%, >=64=0.0%
     issued rwts: total=8199631,3514824,0,0 short=0,0,0,0 dropped=0,0,0,0
     latency   : target=0, window=0, percentile=100.00%, depth=32

Run status group 0 (all jobs):
   READ: bw=534MiB/s (560MB/s), 534MiB/s-534MiB/s (560MB/s-560MB/s), io=31.3GiB (33.6GB), run=60001-60001msec
  WRITE: bw=229MiB/s (240MB/s), 229MiB/s-229MiB/s (240MB/s-240MB/s), io=13.4GiB (14.4GB), run=60001-60001msec

Disk stats (read/write):
  vda: ios=8183720/3508163, merge=0/21, ticks=4710598/1020325, in_queue=5730936, util=52.80%

=========================================
=== T032 COMPLETE ===
=========================================
