=========================================
=== CBP-1.0 / T052: MIXED OLTP SCALING (Scale 10) ===
=== Duration per test: 180s, Interval: 5s ===
=== Timestamp (UTC): 2026-09-14 18:40:35 UTC ===
=========================================

------------------------------------------------------------
=== Running Mixed OLTP: Clients=1, Threads=1, Duration=180s ===
------------------------------------------------------------
pgbench (18.6 (Debian 18.6-1.pgdg12+2))
starting vacuum...end.
progress: 5.0 s, 2284.6 tps, lat 0.437 ms stddev 0.071, 0 failed
progress: 10.0 s, 2408.6 tps, lat 0.415 ms stddev 0.216, 0 failed
progress: 15.0 s, 2425.4 tps, lat 0.412 ms stddev 0.068, 0 failed
progress: 20.0 s, 2444.2 tps, lat 0.409 ms stddev 0.071, 0 failed
progress: 25.0 s, 2403.2 tps, lat 0.416 ms stddev 0.264, 0 failed
progress: 30.0 s, 2356.6 tps, lat 0.424 ms stddev 0.072, 0 failed
progress: 35.0 s, 2416.4 tps, lat 0.413 ms stddev 0.076, 0 failed
progress: 40.0 s, 2430.8 tps, lat 0.411 ms stddev 0.065, 0 failed
progress: 45.0 s, 2364.0 tps, lat 0.423 ms stddev 0.267, 0 failed
progress: 50.0 s, 2361.4 tps, lat 0.423 ms stddev 0.064, 0 failed
progress: 55.0 s, 2350.2 tps, lat 0.425 ms stddev 0.068, 0 failed
progress: 60.0 s, 2380.8 tps, lat 0.420 ms stddev 0.249, 0 failed
progress: 65.0 s, 2411.8 tps, lat 0.414 ms stddev 0.068, 0 failed
progress: 70.0 s, 2347.8 tps, lat 0.425 ms stddev 0.069, 0 failed
progress: 75.0 s, 2322.0 tps, lat 0.430 ms stddev 0.248, 0 failed
progress: 80.0 s, 2323.8 tps, lat 0.430 ms stddev 0.071, 0 failed
progress: 85.0 s, 2204.8 tps, lat 0.453 ms stddev 0.476, 0 failed
progress: 90.0 s, 2197.4 tps, lat 0.455 ms stddev 0.327, 0 failed
progress: 95.0 s, 2254.6 tps, lat 0.443 ms stddev 0.312, 0 failed
progress: 100.0 s, 2268.2 tps, lat 0.440 ms stddev 0.083, 0 failed
progress: 105.0 s, 2044.4 tps, lat 0.489 ms stddev 0.421, 0 failed
progress: 110.0 s, 2377.2 tps, lat 0.420 ms stddev 0.069, 0 failed
progress: 115.0 s, 2406.6 tps, lat 0.415 ms stddev 0.068, 0 failed
progress: 120.0 s, 2391.8 tps, lat 0.418 ms stddev 0.081, 0 failed
progress: 125.0 s, 2405.4 tps, lat 0.415 ms stddev 0.229, 0 failed
progress: 130.0 s, 2422.2 tps, lat 0.412 ms stddev 0.066, 0 failed
progress: 135.0 s, 2396.0 tps, lat 0.417 ms stddev 0.097, 0 failed
progress: 140.0 s, 2355.6 tps, lat 0.424 ms stddev 0.238, 0 failed
progress: 145.0 s, 2387.2 tps, lat 0.418 ms stddev 0.074, 0 failed
progress: 150.0 s, 2338.6 tps, lat 0.427 ms stddev 0.073, 0 failed
progress: 155.0 s, 2402.8 tps, lat 0.416 ms stddev 0.252, 0 failed
progress: 160.0 s, 2365.4 tps, lat 0.422 ms stddev 0.083, 0 failed
progress: 165.0 s, 2236.8 tps, lat 0.447 ms stddev 0.247, 0 failed
progress: 170.0 s, 2421.2 tps, lat 0.413 ms stddev 0.093, 0 failed
progress: 175.0 s, 2386.8 tps, lat 0.418 ms stddev 0.232, 0 failed
transaction type: <builtin: TPC-B (sort of)>
scaling factor: 10
query mode: simple
number of clients: 1
number of threads: 1
maximum number of tries: 1
duration: 180 s
number of transactions actually processed: 423347
number of failed transactions: 0 (0.000%)
latency average = 0.425 ms
latency stddev = 0.189 ms
initial connection time = 4.956 ms
tps = 2351.987309 (without initial connection time)
statement latencies in milliseconds and failures:
         0.001           0 \set aid random(1, 100000 * :scale)
         0.000           0 \set bid random(1, 1 * :scale)
         0.000           0 \set tid random(1, 10 * :scale)
         0.000           0 \set delta random(-5000, 5000)
         0.015           0 BEGIN;
         0.080           0 UPDATE pgbench_accounts SET abalance = abalance + :delta WHERE aid = :aid;
         0.052           0 SELECT abalance FROM pgbench_accounts WHERE aid = :aid;
         0.058           0 UPDATE pgbench_tellers SET tbalance = tbalance + :delta WHERE tid = :tid;
         0.051           0 UPDATE pgbench_branches SET bbalance = bbalance + :delta WHERE bid = :bid;
         0.042           0 INSERT INTO pgbench_history (tid, bid, aid, delta, mtime) VALUES (:tid, :bid, :aid, :delta, CURRENT_TIMESTAMP);
         0.126           0 END;
progress: 180.0 s, 2374.6 tps, lat 0.421 ms stddev 0.075, 0 failed

------------------------------------------------------------
=== Running Mixed OLTP: Clients=4, Threads=1, Duration=180s ===
------------------------------------------------------------
pgbench (18.6 (Debian 18.6-1.pgdg12+2))
starting vacuum...end.
progress: 5.0 s, 2183.0 tps, lat 1.827 ms stddev 0.401, 0 failed
progress: 10.0 s, 2249.4 tps, lat 1.778 ms stddev 0.583, 0 failed
progress: 15.0 s, 2330.8 tps, lat 1.715 ms stddev 0.337, 0 failed
progress: 20.0 s, 2355.0 tps, lat 1.698 ms stddev 0.323, 0 failed
progress: 25.0 s, 2300.8 tps, lat 1.738 ms stddev 0.674, 0 failed
progress: 30.0 s, 2350.8 tps, lat 1.701 ms stddev 0.321, 0 failed
progress: 35.0 s, 2413.2 tps, lat 1.653 ms stddev 0.307, 0 failed
progress: 40.0 s, 2152.5 tps, lat 1.862 ms stddev 0.863, 0 failed
progress: 45.0 s, 2322.8 tps, lat 1.721 ms stddev 0.328, 0 failed
progress: 50.0 s, 2307.4 tps, lat 1.733 ms stddev 0.612, 0 failed
progress: 55.0 s, 2231.4 tps, lat 1.792 ms stddev 0.342, 0 failed
progress: 60.0 s, 2205.6 tps, lat 1.813 ms stddev 0.349, 0 failed
progress: 65.0 s, 2191.0 tps, lat 1.825 ms stddev 0.679, 0 failed
progress: 70.0 s, 2157.8 tps, lat 1.853 ms stddev 0.372, 0 failed
progress: 75.0 s, 2320.0 tps, lat 1.724 ms stddev 0.306, 0 failed
progress: 80.0 s, 2354.8 tps, lat 1.698 ms stddev 0.702, 0 failed
progress: 85.0 s, 2297.2 tps, lat 1.741 ms stddev 0.345, 0 failed
progress: 90.0 s, 2318.2 tps, lat 1.725 ms stddev 0.322, 0 failed
progress: 95.0 s, 2298.2 tps, lat 1.740 ms stddev 0.603, 0 failed
progress: 100.0 s, 2054.8 tps, lat 1.946 ms stddev 0.630, 0 failed
progress: 105.0 s, 2104.2 tps, lat 1.900 ms stddev 0.486, 0 failed
progress: 110.0 s, 2389.4 tps, lat 1.674 ms stddev 0.306, 0 failed
progress: 115.0 s, 2374.6 tps, lat 1.684 ms stddev 0.573, 0 failed
progress: 120.0 s, 2311.0 tps, lat 1.730 ms stddev 0.481, 0 failed
progress: 125.0 s, 2393.8 tps, lat 1.671 ms stddev 0.302, 0 failed
progress: 130.0 s, 2328.0 tps, lat 1.718 ms stddev 0.627, 0 failed
progress: 135.0 s, 2373.0 tps, lat 1.685 ms stddev 0.309, 0 failed
progress: 140.0 s, 2354.0 tps, lat 1.699 ms stddev 0.316, 0 failed
progress: 145.0 s, 2342.2 tps, lat 1.708 ms stddev 0.628, 0 failed
progress: 150.0 s, 2372.0 tps, lat 1.686 ms stddev 0.324, 0 failed
progress: 155.0 s, 2345.2 tps, lat 1.705 ms stddev 0.316, 0 failed
progress: 160.0 s, 2165.2 tps, lat 1.847 ms stddev 0.555, 0 failed
progress: 165.0 s, 2379.0 tps, lat 1.681 ms stddev 0.583, 0 failed
progress: 170.0 s, 2379.0 tps, lat 1.681 ms stddev 0.375, 0 failed
progress: 175.0 s, 2413.4 tps, lat 1.657 ms stddev 0.310, 0 failed
progress: 180.0 s, 2436.6 tps, lat 1.641 ms stddev 0.307, 0 failed
transaction type: <builtin: TPC-B (sort of)>
scaling factor: 10
query mode: simple
number of clients: 4
number of threads: 1
maximum number of tries: 1
duration: 180 s
number of transactions actually processed: 414281
number of failed transactions: 0 (0.000%)
latency average = 1.737 ms
latency stddev = 0.479 ms
initial connection time = 12.442 ms
tps = 2301.604752 (without initial connection time)
statement latencies in milliseconds and failures:
         0.001           0 \set aid random(1, 100000 * :scale)
         0.000           0 \set bid random(1, 1 * :scale)
         0.000           0 \set tid random(1, 10 * :scale)
         0.000           0 \set delta random(-5000, 5000)
         0.070           0 BEGIN;
         0.103           0 UPDATE pgbench_accounts SET abalance = abalance + :delta WHERE aid = :aid;
         0.218           0 SELECT abalance FROM pgbench_accounts WHERE aid = :aid;
         0.337           0 UPDATE pgbench_tellers SET tbalance = tbalance + :delta WHERE tid = :tid;
         0.341           0 UPDATE pgbench_branches SET bbalance = bbalance + :delta WHERE bid = :bid;
         0.210           0 INSERT INTO pgbench_history (tid, bid, aid, delta, mtime) VALUES (:tid, :bid, :aid, :delta, CURRENT_TIMESTAMP);
         0.457           0 END;

------------------------------------------------------------
=== Running Mixed OLTP: Clients=8, Threads=1, Duration=180s ===
------------------------------------------------------------
pgbench (18.6 (Debian 18.6-1.pgdg12+2))
starting vacuum...end.
progress: 5.0 s, 2076.0 tps, lat 3.833 ms stddev 0.752, 0 failed
progress: 10.0 s, 2080.2 tps, lat 3.846 ms stddev 0.689, 0 failed
progress: 15.0 s, 2031.4 tps, lat 3.937 ms stddev 1.284, 0 failed
progress: 20.0 s, 2134.2 tps, lat 3.748 ms stddev 1.486, 0 failed
progress: 25.0 s, 2182.6 tps, lat 3.665 ms stddev 0.898, 0 failed
progress: 30.0 s, 2169.4 tps, lat 3.687 ms stddev 0.929, 0 failed
progress: 35.0 s, 1946.0 tps, lat 4.110 ms stddev 1.199, 0 failed
progress: 40.0 s, 2117.2 tps, lat 3.778 ms stddev 0.834, 0 failed
progress: 45.0 s, 2173.0 tps, lat 3.682 ms stddev 0.431, 0 failed
progress: 50.0 s, 2079.2 tps, lat 3.846 ms stddev 0.719, 0 failed
progress: 55.0 s, 2049.0 tps, lat 3.905 ms stddev 0.588, 0 failed
progress: 60.0 s, 2159.0 tps, lat 3.705 ms stddev 0.972, 0 failed
progress: 65.0 s, 2103.6 tps, lat 3.802 ms stddev 0.548, 0 failed
progress: 70.0 s, 2106.2 tps, lat 3.798 ms stddev 0.526, 0 failed
progress: 75.0 s, 2097.4 tps, lat 3.814 ms stddev 0.980, 0 failed
progress: 80.0 s, 2090.8 tps, lat 3.826 ms stddev 0.509, 0 failed
progress: 85.0 s, 2108.4 tps, lat 3.793 ms stddev 0.519, 0 failed
progress: 90.0 s, 2156.6 tps, lat 3.709 ms stddev 0.457, 0 failed
progress: 95.0 s, 1997.6 tps, lat 4.005 ms stddev 1.191, 0 failed
progress: 100.0 s, 2143.4 tps, lat 3.731 ms stddev 0.628, 0 failed
progress: 105.0 s, 2211.6 tps, lat 3.617 ms stddev 0.418, 0 failed
progress: 110.0 s, 2117.0 tps, lat 3.779 ms stddev 1.219, 0 failed
progress: 115.0 s, 2140.0 tps, lat 3.737 ms stddev 0.870, 0 failed
progress: 120.0 s, 2177.8 tps, lat 3.673 ms stddev 0.456, 0 failed
progress: 125.0 s, 2181.0 tps, lat 3.668 ms stddev 1.385, 0 failed
progress: 130.0 s, 2157.0 tps, lat 3.708 ms stddev 0.507, 0 failed
progress: 135.0 s, 1965.0 tps, lat 4.072 ms stddev 0.690, 0 failed
progress: 140.0 s, 1868.6 tps, lat 4.280 ms stddev 0.711, 0 failed
progress: 145.0 s, 1820.2 tps, lat 4.394 ms stddev 1.072, 0 failed
progress: 150.0 s, 1856.0 tps, lat 4.310 ms stddev 0.492, 0 failed
progress: 155.0 s, 1645.6 tps, lat 4.860 ms stddev 0.847, 0 failed
progress: 160.0 s, 1969.0 tps, lat 4.063 ms stddev 0.753, 0 failed
progress: 165.0 s, 2217.0 tps, lat 3.608 ms stddev 0.915, 0 failed
progress: 170.0 s, 2221.2 tps, lat 3.601 ms stddev 0.415, 0 failed
progress: 175.0 s, 2214.6 tps, lat 3.611 ms stddev 0.530, 0 failed
progress: 180.0 s, 2192.8 tps, lat 3.649 ms stddev 0.429, 0 failed
transaction type: <builtin: TPC-B (sort of)>
scaling factor: 10
query mode: simple
number of clients: 8
number of threads: 1
maximum number of tries: 1
duration: 180 s
number of transactions actually processed: 374786
number of failed transactions: 0 (0.000%)
latency average = 3.841 ms
latency stddev = 0.864 ms
initial connection time = 24.489 ms
tps = 2082.112877 (without initial connection time)
statement latencies in milliseconds and failures:
         0.001           0 \set aid random(1, 100000 * :scale)
         0.000           0 \set bid random(1, 1 * :scale)
         0.000           0 \set tid random(1, 10 * :scale)
         0.000           0 \set delta random(-5000, 5000)
         0.142           0 BEGIN;
         0.172           0 UPDATE pgbench_accounts SET abalance = abalance + :delta WHERE aid = :aid;
         0.684           0 SELECT abalance FROM pgbench_accounts WHERE aid = :aid;
         0.617           0 UPDATE pgbench_tellers SET tbalance = tbalance + :delta WHERE tid = :tid;
         0.903           0 UPDATE pgbench_branches SET bbalance = bbalance + :delta WHERE bid = :bid;
         0.492           0 INSERT INTO pgbench_history (tid, bid, aid, delta, mtime) VALUES (:tid, :bid, :aid, :delta, CURRENT_TIMESTAMP);
         0.829           0 END;

------------------------------------------------------------
=== Running Mixed OLTP: Clients=16, Threads=1, Duration=180s ===
------------------------------------------------------------
pgbench (18.6 (Debian 18.6-1.pgdg12+2))
starting vacuum...end.
progress: 5.0 s, 1847.8 tps, lat 8.580 ms stddev 2.238, 0 failed
progress: 10.0 s, 1868.2 tps, lat 8.564 ms stddev 1.160, 0 failed
progress: 15.0 s, 1654.2 tps, lat 9.672 ms stddev 1.992, 0 failed
progress: 20.0 s, 1895.6 tps, lat 8.440 ms stddev 0.902, 0 failed
progress: 25.0 s, 1949.0 tps, lat 8.207 ms stddev 1.897, 0 failed
progress: 30.0 s, 1735.8 tps, lat 9.217 ms stddev 1.540, 0 failed
progress: 35.0 s, 1682.8 tps, lat 9.506 ms stddev 1.512, 0 failed
progress: 40.0 s, 1757.6 tps, lat 9.104 ms stddev 2.215, 0 failed
progress: 45.0 s, 2033.8 tps, lat 7.869 ms stddev 0.961, 0 failed
progress: 50.0 s, 2038.6 tps, lat 7.846 ms stddev 1.123, 0 failed
progress: 55.0 s, 2044.0 tps, lat 7.828 ms stddev 0.887, 0 failed
progress: 60.0 s, 1973.8 tps, lat 8.104 ms stddev 2.317, 0 failed
progress: 65.0 s, 1966.8 tps, lat 8.135 ms stddev 0.925, 0 failed
progress: 70.0 s, 1939.4 tps, lat 8.248 ms stddev 0.934, 0 failed
progress: 75.0 s, 1901.4 tps, lat 8.414 ms stddev 0.945, 0 failed
progress: 80.0 s, 1981.2 tps, lat 8.076 ms stddev 2.524, 0 failed
progress: 85.0 s, 1947.2 tps, lat 8.217 ms stddev 0.956, 0 failed
progress: 90.0 s, 1784.0 tps, lat 8.967 ms stddev 1.248, 0 failed
progress: 95.0 s, 1951.4 tps, lat 8.200 ms stddev 1.124, 0 failed
progress: 100.0 s, 1980.4 tps, lat 8.078 ms stddev 1.227, 0 failed
progress: 105.0 s, 2062.4 tps, lat 7.757 ms stddev 0.757, 0 failed
progress: 110.0 s, 2064.6 tps, lat 7.751 ms stddev 0.784, 0 failed
progress: 115.0 s, 2057.4 tps, lat 7.775 ms stddev 0.795, 0 failed
progress: 120.0 s, 2042.8 tps, lat 7.834 ms stddev 0.807, 0 failed
progress: 125.0 s, 2084.8 tps, lat 7.671 ms stddev 0.823, 0 failed
progress: 130.0 s, 2030.0 tps, lat 7.882 ms stddev 0.925, 0 failed
progress: 135.0 s, 1949.0 tps, lat 8.207 ms stddev 0.973, 0 failed
progress: 140.0 s, 2033.6 tps, lat 7.869 ms stddev 0.797, 0 failed
progress: 145.0 s, 2037.2 tps, lat 7.853 ms stddev 0.837, 0 failed
progress: 150.0 s, 1937.0 tps, lat 8.258 ms stddev 0.996, 0 failed
progress: 155.0 s, 1847.2 tps, lat 8.660 ms stddev 1.377, 0 failed
progress: 160.0 s, 2068.8 tps, lat 7.735 ms stddev 0.971, 0 failed
progress: 165.0 s, 2079.4 tps, lat 7.694 ms stddev 0.764, 0 failed
progress: 170.0 s, 2016.0 tps, lat 7.937 ms stddev 0.844, 0 failed
progress: 175.0 s, 2040.4 tps, lat 7.840 ms stddev 0.787, 0 failed
progress: 180.0 s, 2026.6 tps, lat 7.895 ms stddev 0.795, 0 failed
transaction type: <builtin: TPC-B (sort of)>
scaling factor: 10
query mode: simple
number of clients: 16
number of threads: 1
maximum number of tries: 1
duration: 180 s
number of transactions actually processed: 351567
number of failed transactions: 0 (0.000%)
latency average = 8.191 ms
latency stddev = 1.375 ms
initial connection time = 40.781 ms
tps = 1952.925446 (without initial connection time)
statement latencies in milliseconds and failures:
         0.001           0 \set aid random(1, 100000 * :scale)
         0.000           0 \set bid random(1, 1 * :scale)
         0.000           0 \set tid random(1, 10 * :scale)
         0.000           0 \set delta random(-5000, 5000)
         0.364           0 BEGIN;
         0.299           0 UPDATE pgbench_accounts SET abalance = abalance + :delta WHERE aid = :aid;
         1.492           0 SELECT abalance FROM pgbench_accounts WHERE aid = :aid;
         1.393           0 UPDATE pgbench_tellers SET tbalance = tbalance + :delta WHERE tid = :tid;
         2.275           0 UPDATE pgbench_branches SET bbalance = bbalance + :delta WHERE bid = :bid;
         0.857           0 INSERT INTO pgbench_history (tid, bid, aid, delta, mtime) VALUES (:tid, :bid, :aid, :delta, CURRENT_TIMESTAMP);
         1.509           0 END;

------------------------------------------------------------
=== Running Mixed OLTP: Clients=32, Threads=1, Duration=180s ===
------------------------------------------------------------
pgbench (18.6 (Debian 18.6-1.pgdg12+2))
starting vacuum...end.
progress: 5.0 s, 1570.6 tps, lat 20.012 ms stddev 3.980, 0 failed
progress: 10.0 s, 1597.4 tps, lat 20.036 ms stddev 2.491, 0 failed
progress: 15.0 s, 1712.6 tps, lat 18.687 ms stddev 2.185, 0 failed
progress: 20.0 s, 1687.8 tps, lat 18.953 ms stddev 2.256, 0 failed
progress: 25.0 s, 1608.6 tps, lat 19.892 ms stddev 3.182, 0 failed
progress: 30.0 s, 1647.2 tps, lat 19.435 ms stddev 2.580, 0 failed
progress: 35.0 s, 1578.6 tps, lat 20.268 ms stddev 2.604, 0 failed
progress: 40.0 s, 1727.2 tps, lat 18.522 ms stddev 2.252, 0 failed
progress: 45.0 s, 1703.6 tps, lat 18.784 ms stddev 2.230, 0 failed
progress: 50.0 s, 1642.6 tps, lat 19.478 ms stddev 2.311, 0 failed
progress: 55.0 s, 1545.0 tps, lat 20.711 ms stddev 2.450, 0 failed
progress: 60.0 s, 1636.4 tps, lat 19.562 ms stddev 2.431, 0 failed
progress: 65.0 s, 1632.6 tps, lat 19.592 ms stddev 2.573, 0 failed
progress: 70.0 s, 1463.8 tps, lat 21.865 ms stddev 2.883, 0 failed
progress: 75.0 s, 1504.0 tps, lat 21.278 ms stddev 2.904, 0 failed
progress: 80.0 s, 1603.4 tps, lat 19.950 ms stddev 2.756, 0 failed
progress: 85.0 s, 1588.6 tps, lat 20.146 ms stddev 2.496, 0 failed
progress: 90.0 s, 1499.4 tps, lat 21.340 ms stddev 2.574, 0 failed
progress: 95.0 s, 1591.4 tps, lat 20.103 ms stddev 3.172, 0 failed
progress: 100.0 s, 1673.2 tps, lat 19.127 ms stddev 2.295, 0 failed
progress: 105.0 s, 1577.2 tps, lat 20.287 ms stddev 2.585, 0 failed
progress: 110.0 s, 1694.0 tps, lat 18.894 ms stddev 2.331, 0 failed
progress: 115.0 s, 1664.6 tps, lat 19.221 ms stddev 2.308, 0 failed
progress: 120.0 s, 1691.4 tps, lat 18.915 ms stddev 2.175, 0 failed
progress: 125.0 s, 1622.6 tps, lat 19.725 ms stddev 2.408, 0 failed
progress: 130.0 s, 1476.6 tps, lat 21.667 ms stddev 2.938, 0 failed
progress: 135.0 s, 1518.6 tps, lat 21.067 ms stddev 2.656, 0 failed
progress: 140.0 s, 1573.0 tps, lat 20.352 ms stddev 2.563, 0 failed
progress: 145.0 s, 1650.4 tps, lat 19.383 ms stddev 2.381, 0 failed
progress: 150.0 s, 1644.2 tps, lat 19.452 ms stddev 2.655, 0 failed
progress: 155.0 s, 1681.8 tps, lat 19.045 ms stddev 2.421, 0 failed
progress: 160.0 s, 1631.4 tps, lat 19.585 ms stddev 2.671, 0 failed
progress: 165.0 s, 1624.8 tps, lat 19.716 ms stddev 2.737, 0 failed
progress: 170.0 s, 1673.2 tps, lat 19.131 ms stddev 2.587, 0 failed
progress: 175.0 s, 1583.8 tps, lat 20.198 ms stddev 3.394, 0 failed
progress: 180.0 s, 1588.4 tps, lat 20.139 ms stddev 3.354, 0 failed
transaction type: <builtin: TPC-B (sort of)>
scaling factor: 10
query mode: simple
number of clients: 32
number of threads: 1
maximum number of tries: 1
duration: 180 s
number of transactions actually processed: 290582
number of failed transactions: 0 (0.000%)
latency average = 19.819 ms
latency stddev = 2.839 ms
initial connection time = 77.969 ms
tps = 1613.946042 (without initial connection time)
statement latencies in milliseconds and failures:
         0.001           0 \set aid random(1, 100000 * :scale)
         0.000           0 \set bid random(1, 1 * :scale)
         0.000           0 \set tid random(1, 10 * :scale)
         0.000           0 \set delta random(-5000, 5000)
         0.871           0 BEGIN;
         0.588           0 UPDATE pgbench_accounts SET abalance = abalance + :delta WHERE aid = :aid;
         3.511           0 SELECT abalance FROM pgbench_accounts WHERE aid = :aid;
         3.917           0 UPDATE pgbench_tellers SET tbalance = tbalance + :delta WHERE tid = :tid;
         6.674           0 UPDATE pgbench_branches SET bbalance = bbalance + :delta WHERE bid = :bid;
         1.372           0 INSERT INTO pgbench_history (tid, bid, aid, delta, mtime) VALUES (:tid, :bid, :aid, :delta, CURRENT_TIMESTAMP);
         2.884           0 END;

=========================================
=== T052 COMPLETE ===
=========================================
