=========================================
=== CBP-1.0 / T002: IDLE-SYSTEM BASELINE ===
=== Timestamp (UTC): 2026-09-14 16:44:04 UTC ===
=========================================

--- UPTIME & LOAD AVERAGE ---
 16:44:04 up 0 min,  0 user,  load average: 0.47, 0.11, 0.04

--- MEMORY & SWAP (free -h) ---
               total        used        free      shared  buff/cache   available
Mem:           954Mi       241Mi       711Mi       792Ki       146Mi       713Mi
Swap:          2.3Gi          0B       2.3Gi

--- VMSTAT SAMPLING (1s x 10 intervals) ---
procs -----------memory---------- ---swap-- -----io---- -system-- ------cpu-----
 r  b   swpd   free   buff  cache   si   so    bi    bo   in   cs us sy id wa st
 1  0      0 728796  19448 130612    0    0  6639   937  470 2905 28 31 33  8  0
 1  0      0 728796  19448 130612    0    0     0     0   79   78  0  0 91  9  0
 1  0      0 728796  19448 130612    0    0     0     0   80  120  0  1 90  9  0
 1  0      0 728796  19448 130612    0    0     0     0   61   67  0  0 92  8  0
 1  0      0 728796  19448 130612    0    0     0     0   73   75  0  0 91  9  0
 1  1      0 728796  19448 130612    0    0     0    52   66   77  0  0 90 10  0
 1  0      0 728796  19448 130612    0    0     0     0   60   62  0  0 90 10  0
 1  0      0 728796  19448 130612    0    0     0     0   67   60  0  0 93  7  0
 1  0      0 728796  19448 130612    0    0     0     0   67   69  0  0 92  8  0
 1  0      0 728796  19448 130612    0    0     0     0   64   65  0  0 91  9  0

--- IOSTAT SAMPLING (1s x 10 intervals) ---
iostat not found, installing sysstat may be required

=========================================
=== T002 IDLE BASELINE COMPLETE ===
=========================================
