=========================================
=== CBP-1.0 / T010: CPU SINGLE-THREAD ===
=== Timestamp (UTC): 2026-09-14 16:45:31 UTC ===
=========================================
Running sysbench CPU test (threads=1, max-prime=20000, time=60s)...
sysbench 1.0.20 (using system LuaJIT 2.1.0-beta3)

Running the test with following options:
Number of threads: 1
Initializing random number generator from current time


Prime numbers limit: 20000

Initializing worker threads...

Threads started!

CPU speed:
    events per second:   303.49

General statistics:
    total time:                          60.0028s
    total number of events:              18211

Latency (ms):
         min:                                    3.09
         avg:                                    3.29
         max:                                   10.59
         95th percentile:                        3.55
         sum:                                59977.35

Threads fairness:
    events (avg/stddev):           18211.0000/0.00
    execution time (avg/stddev):   59.9773/0.00

=========================================
=== T010 COMPLETE ===
=========================================
