=========================================
=== CBP-1.0 / T011: CPU MULTI-THREAD (1 CORES) ===
=== Timestamp (UTC): 2026-09-14 16:46:33 UTC ===
=========================================
Running sysbench CPU test (threads=1, max-prime=20000, time=60s)...
sysbench 1.0.20 (using system LuaJIT 2.1.0-beta3)

Running the test with following options:
Number of threads: 1
Initializing random number generator from current time


Prime numbers limit: 20000

Initializing worker threads...

Threads started!

CPU speed:
    events per second:   304.47

General statistics:
    total time:                          60.0009s
    total number of events:              18269

Latency (ms):
         min:                                    3.09
         avg:                                    3.28
         max:                                    9.71
         95th percentile:                        3.55
         sum:                                59971.70

Threads fairness:
    events (avg/stddev):           18269.0000/0.00
    execution time (avg/stddev):   59.9717/0.00

=========================================
=== T011 COMPLETE ===
=========================================
