=========================================
=== CBP-1.0 / T020: MEMORY PERFORMANCE ===
=== Timestamp (UTC): 2026-09-14 16:52:36 UTC ===
=========================================

--- Part 1: Memory Write Throughput (threads=1) ---
sysbench 1.0.20 (using system LuaJIT 2.1.0-beta3)

Running the test with following options:
Number of threads: 1
Initializing random number generator from current time


Running memory speed test with the following options:
  block size: 1024KiB
  total size: 65536MiB
  operation: write
  scope: global

Initializing worker threads...

Threads started!

Total operations: 65536 (11893.03 per second)

65536.00 MiB transferred (11893.03 MiB/sec)


General statistics:
    total time:                          5.5082s
    total number of events:              65536

Latency (ms):
         min:                                    0.07
         avg:                                    0.08
         max:                                    1.18
         95th percentile:                        0.13
         sum:                                 5472.61

Threads fairness:
    events (avg/stddev):           65536.0000/0.00
    execution time (avg/stddev):   5.4726/0.00


--- Part 2: Memory Read Throughput (threads=1) ---
sysbench 1.0.20 (using system LuaJIT 2.1.0-beta3)

Running the test with following options:
Number of threads: 1
Initializing random number generator from current time


Running memory speed test with the following options:
  block size: 1024KiB
  total size: 65536MiB
  operation: read
  scope: global

Initializing worker threads...

Threads started!

Total operations: 65536 (17497.42 per second)

65536.00 MiB transferred (17497.42 MiB/sec)


General statistics:
    total time:                          3.7432s
    total number of events:              65536

Latency (ms):
         min:                                    0.05
         avg:                                    0.06
         max:                                    4.19
         95th percentile:                        0.07
         sum:                                 3717.05

Threads fairness:
    events (avg/stddev):           65536.0000/0.00
    execution time (avg/stddev):   3.7170/0.00


=========================================
=== T020 COMPLETE ===
=========================================
