=========================================
=== CBP-1.0 / T032: RANDOM STORAGE IOPS & LATENCY ===
=== Timestamp (UTC): 2026-09-14 16:54:51 UTC ===
=========================================

--- Part 1: Random Read (4K, iodepth=32, numjobs=4) ---
rand_read: (g=0): rw=randread, bs=(R) 4096B-4096B, (W) 4096B-4096B, (T) 4096B-4096B, ioengine=libaio, iodepth=32
...
fio-3.33
Starting 4 processes
rand_read: Laying out IO file (1 file / 4096MiB)

rand_read: (groupid=0, jobs=4): err= 0: pid=4988: Mon Sep 14 16:56:05 2026
  read: IOPS=56.0k, BW=219MiB/s (230MB/s)(12.8GiB/60004msec)
    slat (usec): min=3, max=20127, avg= 8.11, stdev=37.05
    clat (usec): min=50, max=136466, avg=2274.81, stdev=2441.85
     lat (usec): min=226, max=136472, avg=2282.93, stdev=2442.03
    clat percentiles (usec):
     |  1.00th=[ 1156],  5.00th=[ 1434], 10.00th=[ 1565], 20.00th=[ 1745],
     | 30.00th=[ 1844], 40.00th=[ 1926], 50.00th=[ 2008], 60.00th=[ 2089],
     | 70.00th=[ 2212], 80.00th=[ 2409], 90.00th=[ 2802], 95.00th=[ 3425],
     | 99.00th=[ 6063], 99.50th=[11731], 99.90th=[35914], 99.95th=[55313],
     | 99.99th=[99091]
   bw (  KiB/s): min=35920, max=264568, per=99.99%, avg=224108.97, stdev=11590.86, samples=476
   iops        : min= 8980, max=66142, avg=56027.24, stdev=2897.72, samples=476
  lat (usec)   : 100=0.01%, 250=0.01%, 500=0.22%, 750=0.28%, 1000=0.13%
  lat (msec)   : 2=48.48%, 4=47.90%, 10=2.41%, 20=0.32%, 50=0.18%
  lat (msec)   : 100=0.06%, 250=0.01%
  cpu          : usr=4.94%, sys=11.47%, ctx=367431, majf=0, minf=170
  IO depths    : 1=0.1%, 2=0.1%, 4=0.1%, 8=0.1%, 16=0.1%, 32=100.0%, >=64=0.0%
     submit    : 0=0.0%, 4=100.0%, 8=0.0%, 16=0.0%, 32=0.0%, 64=0.0%, >=64=0.0%
     complete  : 0=0.0%, 4=100.0%, 8=0.0%, 16=0.0%, 32=0.1%, 64=0.0%, >=64=0.0%
     issued rwts: total=3362337,0,0,0 short=0,0,0,0 dropped=0,0,0,0
     latency   : target=0, window=0, percentile=100.00%, depth=32

Run status group 0 (all jobs):
   READ: bw=219MiB/s (230MB/s), 219MiB/s-219MiB/s (230MB/s-230MB/s), io=12.8GiB (13.8GB), run=60004-60004msec

Disk stats (read/write):
  vda: ios=3360320/27, merge=0/5, ticks=6763233/149, in_queue=6763468, util=40.84%

--- Part 2: Random Write (4K, iodepth=32, numjobs=4) ---
rand_write: (g=0): rw=randwrite, bs=(R) 4096B-4096B, (W) 4096B-4096B, (T) 4096B-4096B, ioengine=libaio, iodepth=32
...
fio-3.33
Starting 4 processes

rand_write: (groupid=0, jobs=4): err= 0: pid=4995: Mon Sep 14 16:57:06 2026
  write: IOPS=37.0k, BW=145MiB/s (152MB/s)(8683MiB/60004msec); 0 zone resets
    slat (usec): min=3, max=4582, avg= 9.46, stdev=28.09
    clat (usec): min=148, max=73601, avg=3444.31, stdev=916.12
     lat (usec): min=502, max=73609, avg=3453.77, stdev=916.01
    clat percentiles (usec):
     |  1.00th=[ 2180],  5.00th=[ 2442], 10.00th=[ 2573], 20.00th=[ 2999],
     | 30.00th=[ 3163], 40.00th=[ 3294], 50.00th=[ 3392], 60.00th=[ 3490],
     | 70.00th=[ 3621], 80.00th=[ 3851], 90.00th=[ 4228], 95.00th=[ 4555],
     | 99.00th=[ 5473], 99.50th=[ 5997], 99.90th=[ 9372], 99.95th=[17695],
     | 99.99th=[30016]
   bw (  KiB/s): min=131160, max=158944, per=100.00%, avg=148247.26, stdev=1596.72, samples=476
   iops        : min=32790, max=39736, avg=37061.81, stdev=399.18, samples=476
  lat (usec)   : 250=0.01%, 500=0.01%, 750=0.01%, 1000=0.01%
  lat (msec)   : 2=0.25%, 4=83.65%, 10=16.01%, 20=0.04%, 50=0.04%
  lat (msec)   : 100=0.01%
  cpu          : usr=3.07%, sys=6.93%, ctx=398446, majf=0, minf=40
  IO depths    : 1=0.1%, 2=0.1%, 4=0.1%, 8=0.1%, 16=0.1%, 32=100.0%, >=64=0.0%
     submit    : 0=0.0%, 4=100.0%, 8=0.0%, 16=0.0%, 32=0.0%, 64=0.0%, >=64=0.0%
     complete  : 0=0.0%, 4=100.0%, 8=0.0%, 16=0.0%, 32=0.1%, 64=0.0%, >=64=0.0%
     issued rwts: total=0,2222741,0,0 short=0,0,0,0 dropped=0,0,0,0
     latency   : target=0, window=0, percentile=100.00%, depth=32

Run status group 0 (all jobs):
  WRITE: bw=145MiB/s (152MB/s), 145MiB/s-145MiB/s (152MB/s-152MB/s), io=8683MiB (9104MB), run=60004-60004msec

Disk stats (read/write):
  vda: ios=4/2218406, merge=0/21, ticks=15/7149554, in_queue=7149744, util=57.37%

--- Part 3: Mixed Random 70/30 (4K, iodepth=32, numjobs=4) ---
rand_rw7030: (g=0): rw=randrw, bs=(R) 4096B-4096B, (W) 4096B-4096B, (T) 4096B-4096B, ioengine=libaio, iodepth=32
...
fio-3.33
Starting 4 processes

rand_rw7030: (groupid=0, jobs=4): err= 0: pid=5002: Mon Sep 14 16:58:06 2026
  read: IOPS=33.4k, BW=131MiB/s (137MB/s)(7831MiB/60003msec)
    slat (usec): min=3, max=4431, avg= 8.27, stdev=25.30
    clat (usec): min=167, max=32570, avg=2613.87, stdev=753.23
     lat (usec): min=339, max=32581, avg=2622.13, stdev=753.03
    clat percentiles (usec):
     |  1.00th=[ 1582],  5.00th=[ 1795], 10.00th=[ 1909], 20.00th=[ 2114],
     | 30.00th=[ 2278], 40.00th=[ 2376], 50.00th=[ 2507], 60.00th=[ 2638],
     | 70.00th=[ 2769], 80.00th=[ 2966], 90.00th=[ 3326], 95.00th=[ 3818],
     | 99.00th=[ 5407], 99.50th=[ 6128], 99.90th=[ 7832], 99.95th=[ 8979],
     | 99.99th=[20317]
   bw (  KiB/s): min=110216, max=142672, per=100.00%, avg=133767.26, stdev=1312.82, samples=476
   iops        : min=27554, max=35668, avg=33441.82, stdev=328.21, samples=476
  write: IOPS=14.4k, BW=56.1MiB/s (58.8MB/s)(3364MiB/60003msec); 0 zone resets
    slat (usec): min=3, max=4585, avg= 9.25, stdev=29.11
    clat (usec): min=244, max=28370, avg=2799.66, stdev=828.98
     lat (usec): min=312, max=28383, avg=2808.92, stdev=828.85
    clat percentiles (usec):
     |  1.00th=[ 1631],  5.00th=[ 1844], 10.00th=[ 1975], 20.00th=[ 2212],
     | 30.00th=[ 2376], 40.00th=[ 2540], 50.00th=[ 2671], 60.00th=[ 2835],
     | 70.00th=[ 2999], 80.00th=[ 3261], 90.00th=[ 3687], 95.00th=[ 4146],
     | 99.00th=[ 5538], 99.50th=[ 6259], 99.90th=[ 8225], 99.95th=[ 9503],
     | 99.99th=[21103]
   bw (  KiB/s): min=45680, max=62392, per=100.00%, avg=57462.66, stdev=624.83, samples=476
   iops        : min=11420, max=15598, avg=14365.66, stdev=156.21, samples=476
  lat (usec)   : 250=0.01%, 500=0.01%, 750=0.01%, 1000=0.01%
  lat (msec)   : 2=13.46%, 4=81.76%, 10=4.73%, 20=0.02%, 50=0.01%
  cpu          : usr=3.79%, sys=8.52%, ctx=422841, majf=0, minf=51
  IO depths    : 1=0.1%, 2=0.1%, 4=0.1%, 8=0.1%, 16=0.1%, 32=100.0%, >=64=0.0%
     submit    : 0=0.0%, 4=100.0%, 8=0.0%, 16=0.0%, 32=0.0%, 64=0.0%, >=64=0.0%
     complete  : 0=0.0%, 4=100.0%, 8=0.0%, 16=0.0%, 32=0.1%, 64=0.0%, >=64=0.0%
     issued rwts: total=2004693,861281,0,0 short=0,0,0,0 dropped=0,0,0,0
     latency   : target=0, window=0, percentile=100.00%, depth=32

Run status group 0 (all jobs):
   READ: bw=131MiB/s (137MB/s), 131MiB/s-131MiB/s (137MB/s-137MB/s), io=7831MiB (8211MB), run=60003-60003msec
  WRITE: bw=56.1MiB/s (58.8MB/s), 56.1MiB/s-56.1MiB/s (58.8MB/s-58.8MB/s), io=3364MiB (3528MB), run=60003-60003msec

Disk stats (read/write):
  vda: ios=2000945/859680, merge=0/18, ticks=4856841/2222145, in_queue=7079132, util=48.37%

=========================================
=== T032 COMPLETE ===
=========================================
