=========================================
=== CBP-1.0 / T051: POSTGRESQL INIT SCALE 10 ===
=== Timestamp (UTC): 2026-09-14 16:59:46 UTC ===
=========================================
Initializing pgbench database (scale 10) on database 'cloudmark'...
dropping old tables...
NOTICE:  table "pgbench_accounts" does not exist, skipping
NOTICE:  table "pgbench_branches" does not exist, skipping
NOTICE:  table "pgbench_history" does not exist, skipping
NOTICE:  table "pgbench_tellers" does not exist, skipping
creating tables...
generating data (client-side)...
100000 of 1000000 tuples (10%) of pgbench_accounts done (elapsed 0.18 s, remaining 1.66 s)
200000 of 1000000 tuples (20%) of pgbench_accounts done (elapsed 0.34 s, remaining 1.36 s)
300000 of 1000000 tuples (30%) of pgbench_accounts done (elapsed 0.59 s, remaining 1.38 s)
400000 of 1000000 tuples (40%) of pgbench_accounts done (elapsed 0.82 s, remaining 1.23 s)
500000 of 1000000 tuples (50%) of pgbench_accounts done (elapsed 1.01 s, remaining 1.01 s)
600000 of 1000000 tuples (60%) of pgbench_accounts done (elapsed 1.30 s, remaining 0.87 s)
700000 of 1000000 tuples (70%) of pgbench_accounts done (elapsed 1.57 s, remaining 0.67 s)
800000 of 1000000 tuples (80%) of pgbench_accounts done (elapsed 1.76 s, remaining 0.44 s)
900000 of 1000000 tuples (90%) of pgbench_accounts done (elapsed 2.04 s, remaining 0.23 s)
1000000 of 1000000 tuples (100%) of pgbench_accounts done (elapsed 2.30 s, remaining 0.00 s)
vacuuming...
creating primary keys...

--- Database & Relation Sizes ---
done in 3.53 s (drop tables 0.00 s, create tables 0.01 s, client-side generate 2.33 s, vacuum 0.27 s, primary keys 0.92 s).
    table_name    | total_size | data_size  | index_size 
------------------+------------+------------+------------
 pgbench_accounts | 150 MB     | 128 MB     | 21 MB
 pgbench_branches | 56 kB      | 8192 bytes | 16 kB
 pgbench_tellers  | 56 kB      | 8192 bytes | 16 kB
 pgbench_history  | 0 bytes    | 0 bytes    | 0 bytes
(4 rows)


--- Total Database Size ---
157 MB

=========================================
=== T051 COMPLETE ===
=========================================
