=========================================
=== CBP-1.0 / T052: MIXED OLTP SCALING (Scale 10) ===
=== Duration per test: 180s, Interval: 5s ===
=== Timestamp (UTC): 2026-09-14 16:59:52 UTC ===
=========================================

------------------------------------------------------------
=== Running Mixed OLTP: Clients=1, Threads=1, Duration=180s ===
------------------------------------------------------------
pgbench (18.6 (Debian 18.6-1.pgdg12+2))
starting vacuum...end.
progress: 5.0 s, 778.0 tps, lat 1.282 ms stddev 0.762, 0 failed
progress: 10.0 s, 750.6 tps, lat 1.331 ms stddev 0.406, 0 failed
progress: 15.0 s, 724.8 tps, lat 1.379 ms stddev 1.007, 0 failed
progress: 20.0 s, 691.0 tps, lat 1.446 ms stddev 0.981, 0 failed
progress: 25.0 s, 590.2 tps, lat 1.685 ms stddev 3.050, 0 failed
progress: 30.0 s, 790.4 tps, lat 1.270 ms stddev 2.074, 0 failed
progress: 35.0 s, 665.6 tps, lat 1.494 ms stddev 2.600, 0 failed
progress: 40.0 s, 621.2 tps, lat 1.616 ms stddev 6.333, 0 failed
progress: 45.0 s, 694.8 tps, lat 1.427 ms stddev 2.688, 0 failed
progress: 50.0 s, 538.0 tps, lat 1.872 ms stddev 5.414, 0 failed
progress: 55.0 s, 524.6 tps, lat 1.906 ms stddev 3.409, 0 failed
progress: 60.0 s, 845.4 tps, lat 1.182 ms stddev 1.449, 0 failed
progress: 65.0 s, 838.0 tps, lat 1.192 ms stddev 1.640, 0 failed
progress: 70.0 s, 774.2 tps, lat 1.291 ms stddev 1.492, 0 failed
progress: 75.0 s, 876.0 tps, lat 1.141 ms stddev 1.661, 0 failed
progress: 80.0 s, 812.4 tps, lat 1.230 ms stddev 1.984, 0 failed
progress: 85.0 s, 736.2 tps, lat 1.357 ms stddev 2.239, 0 failed
progress: 90.0 s, 835.2 tps, lat 1.196 ms stddev 1.600, 0 failed
progress: 95.0 s, 816.8 tps, lat 1.223 ms stddev 1.200, 0 failed
progress: 100.0 s, 810.6 tps, lat 1.233 ms stddev 1.227, 0 failed
progress: 105.0 s, 814.6 tps, lat 1.227 ms stddev 0.349, 0 failed
progress: 110.0 s, 844.4 tps, lat 1.183 ms stddev 0.367, 0 failed
progress: 115.0 s, 747.4 tps, lat 1.337 ms stddev 0.609, 0 failed
progress: 120.0 s, 841.6 tps, lat 1.187 ms stddev 0.311, 0 failed
progress: 125.0 s, 893.8 tps, lat 1.118 ms stddev 0.200, 0 failed
progress: 130.0 s, 842.2 tps, lat 1.187 ms stddev 1.410, 0 failed
progress: 135.0 s, 890.0 tps, lat 1.122 ms stddev 0.462, 0 failed
progress: 140.0 s, 874.0 tps, lat 1.143 ms stddev 0.438, 0 failed
progress: 145.0 s, 864.2 tps, lat 1.156 ms stddev 0.282, 0 failed
progress: 150.0 s, 838.8 tps, lat 1.191 ms stddev 0.334, 0 failed
progress: 155.0 s, 819.4 tps, lat 1.220 ms stddev 0.261, 0 failed
progress: 160.0 s, 772.2 tps, lat 1.294 ms stddev 0.328, 0 failed
progress: 165.0 s, 801.0 tps, lat 1.247 ms stddev 0.373, 0 failed
progress: 170.0 s, 826.0 tps, lat 1.210 ms stddev 0.222, 0 failed
progress: 175.0 s, 719.8 tps, lat 1.388 ms stddev 1.499, 0 failed
progress: 180.0 s, 827.8 tps, lat 1.207 ms stddev 0.205, 0 failed
transaction type: <builtin: TPC-B (sort of)>
scaling factor: 10
query mode: simple
number of clients: 1
number of threads: 1
maximum number of tries: 1
duration: 180 s
number of transactions actually processed: 139657
number of failed transactions: 0 (0.000%)
latency average = 1.288 ms
latency stddev = 1.818 ms
initial connection time = 6.192 ms
tps = 775.896736 (without initial connection time)
statement latencies in milliseconds and failures:
         0.001           0 \set aid random(1, 100000 * :scale)
         0.001           0 \set bid random(1, 1 * :scale)
         0.001           0 \set tid random(1, 10 * :scale)
         0.000           0 \set delta random(-5000, 5000)
         0.045           0 BEGIN;
         0.172           0 UPDATE pgbench_accounts SET abalance = abalance + :delta WHERE aid = :aid;
         0.127           0 SELECT abalance FROM pgbench_accounts WHERE aid = :aid;
         0.148           0 UPDATE pgbench_tellers SET tbalance = tbalance + :delta WHERE tid = :tid;
         0.132           0 UPDATE pgbench_branches SET bbalance = bbalance + :delta WHERE bid = :bid;
         0.104           0 INSERT INTO pgbench_history (tid, bid, aid, delta, mtime) VALUES (:tid, :bid, :aid, :delta, CURRENT_TIMESTAMP);
         0.557           0 END;

------------------------------------------------------------
=== Running Mixed OLTP: Clients=4, Threads=1, Duration=180s ===
------------------------------------------------------------
pgbench (18.6 (Debian 18.6-1.pgdg12+2))
starting vacuum...end.
progress: 5.0 s, 1073.6 tps, lat 3.710 ms stddev 1.794, 0 failed
progress: 10.0 s, 1145.4 tps, lat 3.492 ms stddev 0.713, 0 failed
progress: 15.0 s, 1121.0 tps, lat 3.567 ms stddev 0.829, 0 failed
progress: 20.0 s, 1189.0 tps, lat 3.364 ms stddev 0.704, 0 failed
progress: 25.0 s, 1153.4 tps, lat 3.466 ms stddev 0.775, 0 failed
progress: 30.0 s, 1127.4 tps, lat 3.547 ms stddev 0.950, 0 failed
progress: 35.0 s, 1184.8 tps, lat 3.375 ms stddev 2.040, 0 failed
progress: 40.0 s, 1170.6 tps, lat 3.417 ms stddev 0.703, 0 failed
progress: 45.0 s, 1217.2 tps, lat 3.285 ms stddev 0.661, 0 failed
progress: 50.0 s, 1191.0 tps, lat 3.357 ms stddev 0.873, 0 failed
progress: 55.0 s, 1201.4 tps, lat 3.329 ms stddev 0.722, 0 failed
progress: 60.0 s, 1207.6 tps, lat 3.311 ms stddev 0.817, 0 failed
progress: 65.0 s, 1083.6 tps, lat 3.691 ms stddev 2.275, 0 failed
progress: 70.0 s, 1109.2 tps, lat 3.605 ms stddev 0.727, 0 failed
progress: 75.0 s, 1160.6 tps, lat 3.447 ms stddev 0.678, 0 failed
progress: 80.0 s, 1174.8 tps, lat 3.404 ms stddev 0.685, 0 failed
progress: 85.0 s, 1091.4 tps, lat 3.664 ms stddev 1.163, 0 failed
progress: 90.0 s, 1186.6 tps, lat 3.370 ms stddev 0.677, 0 failed
progress: 95.0 s, 1162.2 tps, lat 3.441 ms stddev 0.729, 0 failed
progress: 100.0 s, 1165.4 tps, lat 3.431 ms stddev 1.861, 0 failed
progress: 105.0 s, 1178.2 tps, lat 3.395 ms stddev 0.707, 0 failed
progress: 110.0 s, 1089.4 tps, lat 3.670 ms stddev 0.965, 0 failed
progress: 115.0 s, 1199.4 tps, lat 3.334 ms stddev 0.698, 0 failed
progress: 120.0 s, 1191.4 tps, lat 3.357 ms stddev 1.194, 0 failed
progress: 125.0 s, 1157.6 tps, lat 3.454 ms stddev 0.795, 0 failed
progress: 130.0 s, 1155.0 tps, lat 3.463 ms stddev 0.804, 0 failed
progress: 135.0 s, 1171.4 tps, lat 3.413 ms stddev 0.721, 0 failed
progress: 140.0 s, 1210.0 tps, lat 3.305 ms stddev 0.750, 0 failed
progress: 145.0 s, 1183.2 tps, lat 3.379 ms stddev 0.729, 0 failed
progress: 150.0 s, 1148.2 tps, lat 3.483 ms stddev 0.778, 0 failed
progress: 155.0 s, 1158.8 tps, lat 3.452 ms stddev 1.977, 0 failed
progress: 160.0 s, 1128.2 tps, lat 3.544 ms stddev 1.994, 0 failed
progress: 165.0 s, 1155.2 tps, lat 3.462 ms stddev 1.977, 0 failed
progress: 170.0 s, 1100.0 tps, lat 3.636 ms stddev 2.115, 0 failed
progress: 175.0 s, 1174.8 tps, lat 3.404 ms stddev 1.879, 0 failed
progress: 180.0 s, 1209.6 tps, lat 3.306 ms stddev 1.947, 0 failed
transaction type: <builtin: TPC-B (sort of)>
scaling factor: 10
query mode: simple
number of clients: 4
number of threads: 1
maximum number of tries: 1
duration: 180 s
number of transactions actually processed: 208637
number of failed transactions: 0 (0.000%)
latency average = 3.450 ms
latency stddev = 1.250 ms
initial connection time = 17.800 ms
tps = 1159.123983 (without initial connection time)
statement latencies in milliseconds and failures:
         0.001           0 \set aid random(1, 100000 * :scale)
         0.000           0 \set bid random(1, 1 * :scale)
         0.000           0 \set tid random(1, 10 * :scale)
         0.000           0 \set delta random(-5000, 5000)
         0.143           0 BEGIN;
         0.188           0 UPDATE pgbench_accounts SET abalance = abalance + :delta WHERE aid = :aid;
         0.344           0 SELECT abalance FROM pgbench_accounts WHERE aid = :aid;
         0.627           0 UPDATE pgbench_tellers SET tbalance = tbalance + :delta WHERE tid = :tid;
         0.738           0 UPDATE pgbench_branches SET bbalance = bbalance + :delta WHERE bid = :bid;
         0.389           0 INSERT INTO pgbench_history (tid, bid, aid, delta, mtime) VALUES (:tid, :bid, :aid, :delta, CURRENT_TIMESTAMP);
         1.019           0 END;

------------------------------------------------------------
=== Running Mixed OLTP: Clients=8, Threads=1, Duration=180s ===
------------------------------------------------------------
pgbench (18.6 (Debian 18.6-1.pgdg12+2))
starting vacuum...end.
progress: 5.0 s, 1128.0 tps, lat 7.041 ms stddev 1.241, 0 failed
progress: 10.0 s, 1150.4 tps, lat 6.954 ms stddev 1.027, 0 failed
progress: 15.0 s, 1179.0 tps, lat 6.786 ms stddev 2.989, 0 failed
progress: 20.0 s, 1203.4 tps, lat 6.647 ms stddev 1.027, 0 failed
progress: 25.0 s, 1230.2 tps, lat 6.502 ms stddev 0.818, 0 failed
progress: 30.0 s, 1219.8 tps, lat 6.557 ms stddev 0.941, 0 failed
progress: 35.0 s, 1221.4 tps, lat 6.549 ms stddev 0.807, 0 failed
progress: 40.0 s, 1215.4 tps, lat 6.582 ms stddev 2.645, 0 failed
progress: 45.0 s, 1128.6 tps, lat 7.087 ms stddev 1.151, 0 failed
progress: 50.0 s, 1190.4 tps, lat 6.718 ms stddev 1.249, 0 failed
progress: 55.0 s, 1219.8 tps, lat 6.560 ms stddev 0.812, 0 failed
progress: 60.0 s, 1212.4 tps, lat 6.598 ms stddev 2.691, 0 failed
progress: 65.0 s, 1143.8 tps, lat 6.992 ms stddev 2.629, 0 failed
progress: 70.0 s, 1185.6 tps, lat 6.747 ms stddev 1.132, 0 failed
progress: 75.0 s, 1150.0 tps, lat 6.953 ms stddev 1.045, 0 failed
progress: 80.0 s, 1182.0 tps, lat 6.768 ms stddev 1.064, 0 failed
progress: 85.0 s, 1193.8 tps, lat 6.702 ms stddev 1.001, 0 failed
progress: 90.0 s, 1207.2 tps, lat 6.625 ms stddev 2.693, 0 failed
progress: 95.0 s, 1200.0 tps, lat 6.666 ms stddev 1.232, 0 failed
progress: 100.0 s, 1107.0 tps, lat 7.225 ms stddev 1.037, 0 failed
progress: 105.0 s, 1105.4 tps, lat 7.236 ms stddev 1.293, 0 failed
progress: 110.0 s, 1194.2 tps, lat 6.699 ms stddev 0.954, 0 failed
progress: 115.0 s, 1236.2 tps, lat 6.471 ms stddev 0.909, 0 failed
progress: 120.0 s, 1170.8 tps, lat 6.831 ms stddev 3.053, 0 failed
progress: 125.0 s, 1133.8 tps, lat 7.055 ms stddev 1.276, 0 failed
progress: 130.0 s, 1156.8 tps, lat 6.916 ms stddev 1.104, 0 failed
progress: 135.0 s, 1186.0 tps, lat 6.742 ms stddev 0.902, 0 failed
progress: 140.0 s, 1187.2 tps, lat 6.739 ms stddev 0.944, 0 failed
progress: 145.0 s, 1165.6 tps, lat 6.865 ms stddev 1.091, 0 failed
progress: 150.0 s, 1163.8 tps, lat 6.870 ms stddev 2.458, 0 failed
progress: 155.0 s, 1144.6 tps, lat 6.987 ms stddev 0.967, 0 failed
progress: 160.0 s, 1175.0 tps, lat 6.809 ms stddev 0.926, 0 failed
progress: 165.0 s, 1136.8 tps, lat 7.036 ms stddev 1.020, 0 failed
progress: 170.0 s, 1120.8 tps, lat 7.138 ms stddev 1.354, 0 failed
progress: 175.0 s, 1179.6 tps, lat 6.781 ms stddev 3.117, 0 failed
progress: 180.0 s, 1152.4 tps, lat 6.940 ms stddev 1.980, 0 failed
transaction type: <builtin: TPC-B (sort of)>
scaling factor: 10
query mode: simple
number of clients: 8
number of threads: 1
maximum number of tries: 1
duration: 180 s
number of transactions actually processed: 211394
number of failed transactions: 0 (0.000%)
latency average = 6.810 ms
latency stddev = 1.655 ms
initial connection time = 30.740 ms
tps = 1174.408736 (without initial connection time)
statement latencies in milliseconds and failures:
         0.001           0 \set aid random(1, 100000 * :scale)
         0.001           0 \set bid random(1, 1 * :scale)
         0.001           0 \set tid random(1, 10 * :scale)
         0.000           0 \set delta random(-5000, 5000)
         0.237           0 BEGIN;
         0.301           0 UPDATE pgbench_accounts SET abalance = abalance + :delta WHERE aid = :aid;
         1.169           0 SELECT abalance FROM pgbench_accounts WHERE aid = :aid;
         1.111           0 UPDATE pgbench_tellers SET tbalance = tbalance + :delta WHERE tid = :tid;
         1.591           0 UPDATE pgbench_branches SET bbalance = bbalance + :delta WHERE bid = :bid;
         0.834           0 INSERT INTO pgbench_history (tid, bid, aid, delta, mtime) VALUES (:tid, :bid, :aid, :delta, CURRENT_TIMESTAMP);
         1.565           0 END;

------------------------------------------------------------
=== Running Mixed OLTP: Clients=16, Threads=1, Duration=180s ===
------------------------------------------------------------
pgbench (18.6 (Debian 18.6-1.pgdg12+2))
starting vacuum...end.
progress: 5.0 s, 961.6 tps, lat 16.388 ms stddev 3.251, 0 failed
progress: 10.0 s, 1033.6 tps, lat 15.486 ms stddev 2.076, 0 failed
progress: 15.0 s, 966.8 tps, lat 16.546 ms stddev 2.639, 0 failed
progress: 20.0 s, 1044.4 tps, lat 15.327 ms stddev 1.973, 0 failed
progress: 25.0 s, 1064.8 tps, lat 15.025 ms stddev 1.793, 0 failed
progress: 30.0 s, 1052.6 tps, lat 15.200 ms stddev 5.119, 0 failed
progress: 35.0 s, 970.2 tps, lat 16.488 ms stddev 2.360, 0 failed
progress: 40.0 s, 1063.2 tps, lat 15.045 ms stddev 2.351, 0 failed
progress: 45.0 s, 1096.8 tps, lat 14.585 ms stddev 1.680, 0 failed
progress: 50.0 s, 1093.8 tps, lat 14.632 ms stddev 1.638, 0 failed
progress: 55.0 s, 1029.6 tps, lat 15.539 ms stddev 3.038, 0 failed
progress: 60.0 s, 1022.6 tps, lat 15.645 ms stddev 1.945, 0 failed
progress: 65.0 s, 995.2 tps, lat 16.066 ms stddev 2.237, 0 failed
progress: 70.0 s, 960.4 tps, lat 16.660 ms stddev 2.866, 0 failed
progress: 75.0 s, 971.0 tps, lat 16.475 ms stddev 2.448, 0 failed
progress: 80.0 s, 1004.6 tps, lat 15.932 ms stddev 2.194, 0 failed
progress: 85.0 s, 1054.2 tps, lat 15.179 ms stddev 1.847, 0 failed
progress: 90.0 s, 1040.6 tps, lat 15.368 ms stddev 2.079, 0 failed
progress: 95.0 s, 1066.4 tps, lat 15.009 ms stddev 1.889, 0 failed
progress: 100.0 s, 973.0 tps, lat 16.441 ms stddev 2.486, 0 failed
progress: 105.0 s, 912.8 tps, lat 17.531 ms stddev 2.580, 0 failed
progress: 110.0 s, 1012.6 tps, lat 15.795 ms stddev 4.995, 0 failed
progress: 115.0 s, 1045.8 tps, lat 15.302 ms stddev 2.074, 0 failed
progress: 120.0 s, 928.2 tps, lat 17.206 ms stddev 3.180, 0 failed
progress: 125.0 s, 888.2 tps, lat 18.039 ms stddev 3.019, 0 failed
progress: 130.0 s, 901.4 tps, lat 17.750 ms stddev 3.116, 0 failed
progress: 135.0 s, 1004.4 tps, lat 15.934 ms stddev 2.258, 0 failed
progress: 140.0 s, 1014.0 tps, lat 15.774 ms stddev 2.321, 0 failed
progress: 145.0 s, 980.6 tps, lat 16.315 ms stddev 2.243, 0 failed
progress: 150.0 s, 971.6 tps, lat 16.466 ms stddev 2.355, 0 failed
progress: 155.0 s, 985.2 tps, lat 16.239 ms stddev 2.274, 0 failed
progress: 160.0 s, 961.4 tps, lat 16.647 ms stddev 2.967, 0 failed
progress: 165.0 s, 992.4 tps, lat 16.115 ms stddev 2.495, 0 failed
progress: 170.0 s, 1018.0 tps, lat 15.718 ms stddev 2.267, 0 failed
progress: 175.0 s, 997.2 tps, lat 16.044 ms stddev 2.143, 0 failed
progress: 180.0 s, 981.2 tps, lat 16.305 ms stddev 2.468, 0 failed
transaction type: <builtin: TPC-B (sort of)>
scaling factor: 10
query mode: simple
number of clients: 16
number of threads: 1
maximum number of tries: 1
duration: 180 s
number of transactions actually processed: 180318
number of failed transactions: 0 (0.000%)
latency average = 15.967 ms
latency stddev = 2.748 ms
initial connection time = 63.939 ms
tps = 1001.767251 (without initial connection time)
statement latencies in milliseconds and failures:
         0.001           0 \set aid random(1, 100000 * :scale)
         0.001           0 \set bid random(1, 1 * :scale)
         0.001           0 \set tid random(1, 10 * :scale)
         0.000           0 \set delta random(-5000, 5000)
         0.682           0 BEGIN;
         0.647           0 UPDATE pgbench_accounts SET abalance = abalance + :delta WHERE aid = :aid;
         2.926           0 SELECT abalance FROM pgbench_accounts WHERE aid = :aid;
         2.724           0 UPDATE pgbench_tellers SET tbalance = tbalance + :delta WHERE tid = :tid;
         4.364           0 UPDATE pgbench_branches SET bbalance = bbalance + :delta WHERE bid = :bid;
         1.651           0 INSERT INTO pgbench_history (tid, bid, aid, delta, mtime) VALUES (:tid, :bid, :aid, :delta, CURRENT_TIMESTAMP);
         2.971           0 END;

------------------------------------------------------------
=== Running Mixed OLTP: Clients=32, Threads=1, Duration=180s ===
------------------------------------------------------------
pgbench (18.6 (Debian 18.6-1.pgdg12+2))
starting vacuum...end.
progress: 5.0 s, 801.6 tps, lat 38.616 ms stddev 7.885, 0 failed
progress: 10.0 s, 851.2 tps, lat 37.549 ms stddev 5.272, 0 failed
progress: 15.0 s, 851.2 tps, lat 37.618 ms stddev 5.156, 0 failed
progress: 20.0 s, 907.2 tps, lat 35.275 ms stddev 4.411, 0 failed
progress: 25.0 s, 912.8 tps, lat 35.050 ms stddev 4.510, 0 failed
progress: 30.0 s, 906.2 tps, lat 35.289 ms stddev 4.698, 0 failed
progress: 35.0 s, 876.4 tps, lat 36.535 ms stddev 5.028, 0 failed
progress: 40.0 s, 860.6 tps, lat 37.151 ms stddev 4.595, 0 failed
progress: 45.0 s, 835.0 tps, lat 38.312 ms stddev 4.970, 0 failed
progress: 50.0 s, 851.2 tps, lat 37.655 ms stddev 7.699, 0 failed
progress: 55.0 s, 905.4 tps, lat 35.300 ms stddev 4.953, 0 failed
progress: 60.0 s, 913.0 tps, lat 35.068 ms stddev 4.298, 0 failed
progress: 65.0 s, 893.6 tps, lat 35.787 ms stddev 4.618, 0 failed
progress: 70.0 s, 898.2 tps, lat 35.633 ms stddev 4.617, 0 failed
progress: 75.0 s, 899.0 tps, lat 35.596 ms stddev 5.002, 0 failed
progress: 80.0 s, 415.8 tps, lat 76.997 ms stddev 320.649, 0 failed
progress: 85.0 s, 932.2 tps, lat 34.323 ms stddev 4.702, 0 failed
progress: 90.0 s, 923.6 tps, lat 34.633 ms stddev 4.108, 0 failed
progress: 95.0 s, 915.2 tps, lat 34.990 ms stddev 5.104, 0 failed
progress: 100.0 s, 918.0 tps, lat 34.861 ms stddev 5.074, 0 failed
progress: 105.0 s, 950.6 tps, lat 33.625 ms stddev 3.937, 0 failed
progress: 110.0 s, 870.0 tps, lat 36.792 ms stddev 5.532, 0 failed
progress: 115.0 s, 929.2 tps, lat 34.426 ms stddev 4.417, 0 failed
progress: 120.0 s, 911.0 tps, lat 35.127 ms stddev 4.297, 0 failed
progress: 125.0 s, 878.6 tps, lat 36.401 ms stddev 4.788, 0 failed
progress: 130.0 s, 883.2 tps, lat 36.255 ms stddev 5.338, 0 failed
progress: 135.0 s, 893.8 tps, lat 35.799 ms stddev 5.679, 0 failed
progress: 140.0 s, 899.0 tps, lat 35.592 ms stddev 8.006, 0 failed
progress: 145.0 s, 903.0 tps, lat 35.435 ms stddev 4.622, 0 failed
progress: 150.0 s, 898.4 tps, lat 35.610 ms stddev 4.325, 0 failed
progress: 155.0 s, 893.6 tps, lat 35.811 ms stddev 5.034, 0 failed
progress: 160.0 s, 867.2 tps, lat 36.912 ms stddev 5.280, 0 failed
progress: 165.0 s, 926.8 tps, lat 34.537 ms stddev 4.823, 0 failed
progress: 170.0 s, 884.8 tps, lat 36.106 ms stddev 6.577, 0 failed
progress: 175.0 s, 844.2 tps, lat 37.875 ms stddev 12.343, 0 failed
progress: 180.0 s, 858.8 tps, lat 37.356 ms stddev 7.399, 0 failed
transaction type: <builtin: TPC-B (sort of)>
scaling factor: 10
query mode: simple
number of clients: 32
number of threads: 1
maximum number of tries: 1
duration: 180 s
number of transactions actually processed: 157830
number of failed transactions: 0 (0.000%)
latency average = 36.475 ms
latency stddev = 37.536 ms
initial connection time = 149.571 ms
tps = 876.938210 (without initial connection time)
statement latencies in milliseconds and failures:
         0.002           0 \set aid random(1, 100000 * :scale)
         0.001           0 \set bid random(1, 1 * :scale)
         0.001           0 \set tid random(1, 10 * :scale)
         0.000           0 \set delta random(-5000, 5000)
         1.547           0 BEGIN;
         1.194           0 UPDATE pgbench_accounts SET abalance = abalance + :delta WHERE aid = :aid;
         6.175           0 SELECT abalance FROM pgbench_accounts WHERE aid = :aid;
         7.248           0 UPDATE pgbench_tellers SET tbalance = tbalance + :delta WHERE tid = :tid;
        12.459           0 UPDATE pgbench_branches SET bbalance = bbalance + :delta WHERE bid = :bid;
         2.459           0 INSERT INTO pgbench_history (tid, bid, aid, delta, mtime) VALUES (:tid, :bid, :aid, :delta, CURRENT_TIMESTAMP);
         5.390           0 END;

=========================================
=== T052 COMPLETE ===
=========================================
