=========================================
=== CBP-1.0 / T001: SYSTEM CHARACTERIZATION ===
=== Timestamp (UTC): 2026-09-16 08:27:50 UTC ===
=========================================

--- UNAME ---
Linux vultr 6.1.0-52-amd64 #1 SMP PREEMPT_DYNAMIC Debian 6.1.180-1 (2026-08-03) x86_64 GNU/Linux

--- OS RELEASE ---
PRETTY_NAME="Debian GNU/Linux 12 (bookworm)"
NAME="Debian GNU/Linux"
VERSION_ID="12"
VERSION="12 (bookworm)"
VERSION_CODENAME=bookworm
ID=debian
HOME_URL="https://www.debian.org/"
SUPPORT_URL="https://www.debian.org/support"
BUG_REPORT_URL="https://bugs.debian.org/"

--- CPU ARCHITECTURE & DETAILS (lscpu) ---
Architecture:                            x86_64
CPU op-mode(s):                          32-bit, 64-bit
Address sizes:                           40 bits physical, 48 bits virtual
Byte Order:                              Little Endian
CPU(s):                                  1
On-line CPU(s) list:                     0
Vendor ID:                               GenuineIntel
BIOS Vendor ID:                          QEMU
Model name:                              Intel Xeon Processor (Skylake, IBRS)
BIOS Model name:                         pc-q35-8.2  CPU @ 2.0GHz
BIOS CPU family:                         1
CPU family:                              6
Model:                                   85
Thread(s) per core:                      1
Core(s) per socket:                      1
Socket(s):                               1
Stepping:                                4
BogoMIPS:                                5187.80
Flags:                                   fpu vme de pse tsc msr pae mce cx8 apic sep mtrr pge mca cmov pat pse36 clflush mmx fxsr sse sse2 syscall nx pdpe1gb rdtscp lm constant_tsc rep_good nopl xtopology cpuid tsc_known_freq pni pclmulqdq ssse3 fma cx16 pcid sse4_1 sse4_2 x2apic movbe popcnt tsc_deadline_timer aes xsave avx f16c rdrand hypervisor lahf_lm abm cpuid_fault invpcid_single pti ssbd ibrs ibpb fsgsbase bmi1 avx2 smep bmi2 erms invpcid avx512f avx512dq clwb avx512cd avx512bw avx512vl xsaveopt arat pku ospke
Hypervisor vendor:                       Microsoft
Virtualization type:                     full
L1d cache:                               32 KiB (1 instance)
L1i cache:                               32 KiB (1 instance)
L2 cache:                                4 MiB (1 instance)
L3 cache:                                16 MiB (1 instance)
NUMA node(s):                            1
NUMA node0 CPU(s):                       0
Vulnerability Gather data sampling:      Unknown: Dependent on hypervisor status
Vulnerability Indirect target selection: Mitigation; Aligned branch/return thunks
Vulnerability Itlb multihit:             KVM: Mitigation: VMX unsupported
Vulnerability L1tf:                      Mitigation; PTE Inversion
Vulnerability Mds:                       Vulnerable: Clear CPU buffers attempted, no microcode; SMT Host state unknown
Vulnerability Meltdown:                  Mitigation; PTI
Vulnerability Mmio stale data:           Vulnerable: Clear CPU buffers attempted, no microcode; SMT Host state unknown
Vulnerability Reg file data sampling:    Not affected
Vulnerability Retbleed:                  Mitigation; IBRS
Vulnerability Spec rstack overflow:      Not affected
Vulnerability Spec store bypass:         Mitigation; Speculative Store Bypass disabled via prctl
Vulnerability Spectre v1:                Mitigation; usercopy/swapgs barriers and __user pointer sanitization
Vulnerability Spectre v2:                Mitigation; IBRS; IBPB conditional; STIBP disabled; RSB filling; PBRSB-eIBRS Not affected; BHI SW loop, KVM SW loop
Vulnerability Srbds:                     Not affected
Vulnerability Tsa:                       Not affected
Vulnerability Tsx async abort:           Not affected
Vulnerability Vmscape:                   Not affected

--- DETECTED CORES (nproc) ---
1

--- MEMORY (free -h) ---
               total        used        free      shared  buff/cache   available
Mem:           451Mi       113Mi       212Mi       920Ki       145Mi       338Mi
Swap:             0B          0B          0B

--- MEMORY DETAILED (cat /proc/meminfo) ---
MemTotal:         462520 kB
MemFree:          217836 kB
MemAvailable:     346216 kB
Buffers:           18400 kB
Cached:           107112 kB
SwapCached:            0 kB
Active:            61180 kB
Inactive:          80960 kB
Active(anon):        604 kB
Inactive(anon):    25856 kB
Active(file):      60576 kB
Inactive(file):    55104 kB
Unevictable:       19952 kB
Mlocked:           19952 kB
SwapTotal:             0 kB
SwapFree:              0 kB
Zswap:                 0 kB
Zswapped:              0 kB
Dirty:              5228 kB
Writeback:             0 kB
AnonPages:         36600 kB
Mapped:            35524 kB
Shmem:               920 kB
KReclaimable:      24032 kB
Slab:              48696 kB

--- BLOCK DEVICES (lsblk) ---
NAME    SIZE TYPE FSTYPE MOUNTPOINTS ROTA MODEL        DISC-MAX DISC-ZERO
sr0    1024M rom                        1 QEMU DVD-ROM       0B         0
vda      10G disk                       1                    2G         0
├─vda1  512M part vfat   /boot/efi      1                    2G         0
└─vda2  9.5G part ext4   /              1                    2G         0

--- FILESYSTEM DISK USAGE (df -hT) ---
Filesystem     Type      Size  Used Avail Use% Mounted on
udev           devtmpfs  188M     0  188M   0% /dev
tmpfs          tmpfs      46M  908K   45M   2% /run
/dev/vda2      ext4      8.9G  3.2G  5.3G  38% /
tmpfs          tmpfs     226M     0  226M   0% /dev/shm
tmpfs          tmpfs     5.0M     0  5.0M   0% /run/lock
efivarfs       efivarfs  256K   19K  233K   8% /sys/firmware/efi/efivars
/dev/vda1      vfat      511M   12M  500M   3% /boot/efi
tmpfs          tmpfs      46M     0   46M   0% /run/user/0

--- MOUNT DETAILS ---
/dev/vda2 on / type ext4 (rw,relatime,errors=remount-ro)
/dev/vda1 on /boot/efi type vfat (rw,relatime,fmask=0077,dmask=0077,codepage=437,iocharset=ascii,shortname=mixed,utf8,errors=remount-ro)

--- VIRTUALIZATION DETECTION ---
microsoft

--- DMI SYSTEM INFO (dmidecode proxy if readable) ---
Product Name: VC2
Sys Vendor:   Vultr
BIOS Version: 

=========================================
=== T001 CHARACTERIZATION COMPLETE ===
=========================================
