=========================================
=== CBP-1.0 / T011: CPU MULTI-THREAD (1 CORES) ===
=== Timestamp (UTC): 2026-09-16 08:30:26 UTC ===
=========================================
Running sysbench CPU test (threads=1, max-prime=20000, time=60s)...
sysbench 1.0.20 (using system LuaJIT 2.1.0-beta3)

Running the test with following options:
Number of threads: 1
Initializing random number generator from current time


Prime numbers limit: 20000

Initializing worker threads...

Threads started!

CPU speed:
    events per second:   380.93

General statistics:
    total time:                          60.0009s
    total number of events:              22857

Latency (ms):
         min:                                    2.36
         avg:                                    2.62
         max:                                   17.99
         95th percentile:                        3.07
         sum:                                59947.19

Threads fairness:
    events (avg/stddev):           22857.0000/0.00
    execution time (avg/stddev):   59.9472/0.00

=========================================
=== T011 COMPLETE ===
=========================================
