=========================================
=== CBP-1.0 / T032: RANDOM STORAGE IOPS & LATENCY ===
=== Timestamp (UTC): 2026-09-16 08:37:08 UTC ===
=========================================

--- Part 1: Random Read (4K, iodepth=32, numjobs=4) ---
rand_read: (g=0): rw=randread, bs=(R) 4096B-4096B, (W) 4096B-4096B, (T) 4096B-4096B, ioengine=libaio, iodepth=32
...
fio-3.33
Starting 4 processes
rand_read: Laying out IO file (1 file / 4096MiB)
fio: ENOSPC on laying out file, stopping
fio: pid=0, err=28/file:filesetup.c:240, func=write, error=No space left on device

rand_read: (groupid=0, jobs=4): err=28 (file:filesetup.c:240, func=write, error=No space left on device): pid=0: Wed Sep 16 08:38:09 2026
  read: IOPS=206k, BW=805MiB/s (844MB/s)(47.2GiB/60002msec)
    slat (nsec): min=1716, max=37255k, avg=7786.44, stdev=211093.80
    clat (usec): min=2, max=37536, avg=455.84, stdev=1591.53
     lat (usec): min=4, max=37542, avg=463.62, stdev=1604.68
    clat percentiles (usec):
     |  1.00th=[  111],  5.00th=[  112], 10.00th=[  121], 20.00th=[  125],
     | 30.00th=[  127], 40.00th=[  133], 50.00th=[  143], 60.00th=[  153],
     | 70.00th=[  163], 80.00th=[  174], 90.00th=[  194], 95.00th=[  262],
     | 99.00th=[ 8356], 99.50th=[12256], 99.90th=[12256], 99.95th=[12387],
     | 99.99th=[14877]
   bw (  KiB/s): min=629400, max=949376, per=100.00%, avg=824271.69, stdev=18046.24, samples=357
   iops        : min=157350, max=237344, avg=206067.92, stdev=4511.56, samples=357
  lat (usec)   : 4=0.01%, 10=0.01%, 20=0.01%, 50=0.01%, 100=0.01%
  lat (usec)   : 250=94.78%, 500=1.15%, 750=0.03%, 1000=0.01%
  lat (msec)   : 2=0.03%, 4=0.21%, 10=3.15%, 20=0.65%, 50=0.01%
  cpu          : usr=16.61%, sys=16.46%, ctx=18708, majf=0, minf=127
  IO depths    : 1=0.1%, 2=0.1%, 4=0.1%, 8=0.1%, 16=0.1%, 32=100.0%, >=64=0.0%
     submit    : 0=0.0%, 4=100.0%, 8=0.0%, 16=0.0%, 32=0.0%, 64=0.0%, >=64=0.0%
     complete  : 0=0.0%, 4=100.0%, 8=0.0%, 16=0.0%, 32=0.1%, 64=0.0%, >=64=0.0%
     issued rwts: total=12361651,0,0,0 short=0,0,0,0 dropped=0,0,0,0
     latency   : target=0, window=0, percentile=100.00%, depth=32

Run status group 0 (all jobs):
   READ: bw=805MiB/s (844MB/s), 805MiB/s-805MiB/s (844MB/s-844MB/s), io=47.2GiB (50.6GB), run=60002-60002msec

Disk stats (read/write):
  vda: ios=0/135, merge=0/14, ticks=0/851, in_queue=853, util=0.23%
