=========================================
=== CBP-1.0 / T051: POSTGRESQL INIT SCALE 10 ===
=== Timestamp (UTC): 2026-09-16 08:42:41 UTC ===
=========================================
Initializing pgbench database (scale 10) on database 'cloudmark'...
dropping old tables...
creating tables...
generating data (client-side)...
100000 of 1000000 tuples (10%) of pgbench_accounts done (elapsed 0.15 s, remaining 1.39 s)
200000 of 1000000 tuples (20%) of pgbench_accounts done (elapsed 0.50 s, remaining 2.01 s)
300000 of 1000000 tuples (30%) of pgbench_accounts done (elapsed 0.88 s, remaining 2.06 s)
400000 of 1000000 tuples (40%) of pgbench_accounts done (elapsed 1.09 s, remaining 1.64 s)
500000 of 1000000 tuples (50%) of pgbench_accounts done (elapsed 1.51 s, remaining 1.51 s)
600000 of 1000000 tuples (60%) of pgbench_accounts done (elapsed 1.91 s, remaining 1.27 s)
700000 of 1000000 tuples (70%) of pgbench_accounts done (elapsed 2.14 s, remaining 0.92 s)
800000 of 1000000 tuples (80%) of pgbench_accounts done (elapsed 2.51 s, remaining 0.63 s)
900000 of 1000000 tuples (90%) of pgbench_accounts done (elapsed 2.72 s, remaining 0.30 s)
1000000 of 1000000 tuples (100%) of pgbench_accounts done (elapsed 3.09 s, remaining 0.00 s)
vacuuming...
creating primary keys...
done in 6.49 s (drop tables 0.03 s, create tables 0.01 s, client-side generate 3.17 s, vacuum 1.23 s, primary keys 2.05 s).

--- Database & Relation Sizes ---
    table_name    | total_size | data_size  | index_size 
------------------+------------+------------+------------
 pgbench_accounts | 150 MB     | 128 MB     | 21 MB
 pgbench_branches | 56 kB      | 8192 bytes | 16 kB
 pgbench_tellers  | 56 kB      | 8192 bytes | 16 kB
 pgbench_history  | 0 bytes    | 0 bytes    | 0 bytes
(4 rows)


--- Total Database Size ---
157 MB

=========================================
=== T051 COMPLETE ===
=========================================
