=========================================
=== CBP-1.0 / T053: SELECT-ONLY SCALING (Scale 10) ===
=== Duration per test: 120s, Interval: 5s ===
=== Timestamp (UTC): 2026-09-16 08:58:22 UTC ===
=========================================

------------------------------------------------------------
=== Running SELECT-Only: Clients=1, Threads=1, Duration=120s ===
------------------------------------------------------------
pgbench (18.6 (Debian 18.6-1.pgdg12+2))
starting vacuum...end.
progress: 5.0 s, 3088.4 tps, lat 0.322 ms stddev 1.666, 0 failed
progress: 10.0 s, 3994.0 tps, lat 0.250 ms stddev 1.568, 0 failed
progress: 15.0 s, 6216.2 tps, lat 0.160 ms stddev 0.642, 0 failed
progress: 20.0 s, 7773.9 tps, lat 0.128 ms stddev 0.509, 0 failed
progress: 25.0 s, 8185.9 tps, lat 0.122 ms stddev 0.415, 0 failed
progress: 30.0 s, 8056.8 tps, lat 0.124 ms stddev 0.493, 0 failed
progress: 35.0 s, 7005.0 tps, lat 0.142 ms stddev 0.581, 0 failed
progress: 40.0 s, 6590.3 tps, lat 0.151 ms stddev 0.709, 0 failed
progress: 45.0 s, 6520.7 tps, lat 0.153 ms stddev 0.727, 0 failed
progress: 50.0 s, 4267.3 tps, lat 0.233 ms stddev 1.904, 0 failed
progress: 55.0 s, 5650.7 tps, lat 0.177 ms stddev 1.411, 0 failed
progress: 60.0 s, 7742.5 tps, lat 0.129 ms stddev 0.572, 0 failed
progress: 65.0 s, 7214.8 tps, lat 0.138 ms stddev 0.586, 0 failed
progress: 70.0 s, 8111.2 tps, lat 0.123 ms stddev 0.415, 0 failed
progress: 75.0 s, 9111.2 tps, lat 0.109 ms stddev 0.342, 0 failed
progress: 80.0 s, 9995.2 tps, lat 0.100 ms stddev 0.206, 0 failed
progress: 85.0 s, 9843.8 tps, lat 0.101 ms stddev 0.161, 0 failed
progress: 90.0 s, 9880.5 tps, lat 0.101 ms stddev 0.044, 0 failed
progress: 95.0 s, 10150.9 tps, lat 0.098 ms stddev 0.163, 0 failed
progress: 100.0 s, 8071.0 tps, lat 0.123 ms stddev 0.287, 0 failed
progress: 105.0 s, 7835.4 tps, lat 0.127 ms stddev 0.260, 0 failed
progress: 110.0 s, 9268.3 tps, lat 0.107 ms stddev 0.081, 0 failed
progress: 115.0 s, 9141.7 tps, lat 0.109 ms stddev 0.259, 0 failed
transaction type: <builtin: select only>
scaling factor: 10
query mode: simple
number of clients: 1
number of threads: 1
maximum number of tries: 1
duration: 120 s
number of transactions actually processed: 914120
number of failed transactions: 0 (0.000%)
latency average = 0.131 ms
latency stddev = 0.632 ms
initial connection time = 14.522 ms
tps = 7618.569150 (without initial connection time)
statement latencies in milliseconds and failures:
         0.001           0 \set aid random(1, 100000 * :scale)
         0.130           0 SELECT abalance FROM pgbench_accounts WHERE aid = :aid;
progress: 120.0 s, 9108.1 tps, lat 0.109 ms stddev 0.123, 0 failed

------------------------------------------------------------
=== Running SELECT-Only: Clients=4, Threads=1, Duration=120s ===
------------------------------------------------------------
pgbench (18.6 (Debian 18.6-1.pgdg12+2))
starting vacuum...end.
progress: 5.0 s, 8155.6 tps, lat 0.487 ms stddev 0.808, 0 failed
progress: 10.0 s, 7729.7 tps, lat 0.517 ms stddev 0.835, 0 failed
progress: 15.0 s, 8241.6 tps, lat 0.485 ms stddev 0.993, 0 failed
progress: 20.0 s, 7898.8 tps, lat 0.506 ms stddev 0.903, 0 failed
progress: 25.0 s, 7858.3 tps, lat 0.508 ms stddev 1.026, 0 failed
progress: 30.0 s, 8411.6 tps, lat 0.475 ms stddev 1.379, 0 failed
progress: 35.0 s, 7773.7 tps, lat 0.514 ms stddev 0.668, 0 failed
progress: 40.0 s, 7899.6 tps, lat 0.506 ms stddev 0.403, 0 failed
progress: 45.0 s, 7845.5 tps, lat 0.509 ms stddev 0.779, 0 failed
progress: 50.0 s, 7761.6 tps, lat 0.515 ms stddev 0.442, 0 failed
progress: 55.0 s, 8166.6 tps, lat 0.489 ms stddev 0.392, 0 failed
progress: 60.0 s, 8309.6 tps, lat 0.481 ms stddev 0.315, 0 failed
progress: 65.0 s, 8777.3 tps, lat 0.454 ms stddev 0.411, 0 failed
progress: 70.0 s, 8034.2 tps, lat 0.498 ms stddev 0.857, 0 failed
progress: 75.0 s, 8160.4 tps, lat 0.490 ms stddev 0.430, 0 failed
progress: 80.0 s, 8379.6 tps, lat 0.477 ms stddev 0.385, 0 failed
progress: 85.0 s, 7843.7 tps, lat 0.509 ms stddev 0.395, 0 failed
progress: 90.0 s, 8118.3 tps, lat 0.492 ms stddev 0.370, 0 failed
progress: 95.0 s, 8220.4 tps, lat 0.486 ms stddev 0.237, 0 failed
progress: 100.0 s, 7923.9 tps, lat 0.504 ms stddev 0.224, 0 failed
progress: 105.0 s, 8339.8 tps, lat 0.479 ms stddev 0.177, 0 failed
progress: 110.0 s, 8631.1 tps, lat 0.463 ms stddev 0.953, 0 failed
progress: 115.0 s, 7678.7 tps, lat 0.520 ms stddev 1.212, 0 failed
progress: 120.0 s, 7666.8 tps, lat 0.521 ms stddev 1.181, 0 failed
transaction type: <builtin: select only>
scaling factor: 10
query mode: simple
number of clients: 4
number of threads: 1
maximum number of tries: 1
duration: 120 s
number of transactions actually processed: 969138
number of failed transactions: 0 (0.000%)
latency average = 0.494 ms
latency stddev = 0.740 ms
initial connection time = 33.046 ms
tps = 8078.302329 (without initial connection time)
statement latencies in milliseconds and failures:
         0.001           0 \set aid random(1, 100000 * :scale)
         0.494           0 SELECT abalance FROM pgbench_accounts WHERE aid = :aid;

------------------------------------------------------------
=== Running SELECT-Only: Clients=8, Threads=1, Duration=120s ===
------------------------------------------------------------
pgbench (18.6 (Debian 18.6-1.pgdg12+2))
starting vacuum...end.
progress: 5.0 s, 5662.1 tps, lat 1.348 ms stddev 1.688, 0 failed
progress: 10.0 s, 6935.3 tps, lat 1.153 ms stddev 2.555, 0 failed
progress: 15.0 s, 6874.6 tps, lat 1.161 ms stddev 0.981, 0 failed
progress: 20.0 s, 7828.4 tps, lat 1.023 ms stddev 1.363, 0 failed
progress: 25.0 s, 7304.6 tps, lat 1.094 ms stddev 0.939, 0 failed
progress: 30.0 s, 5808.1 tps, lat 1.376 ms stddev 0.882, 0 failed
progress: 35.0 s, 6696.0 tps, lat 1.194 ms stddev 0.562, 0 failed
progress: 40.0 s, 6500.4 tps, lat 1.230 ms stddev 0.522, 0 failed
progress: 45.0 s, 7331.0 tps, lat 1.090 ms stddev 0.975, 0 failed
progress: 50.0 s, 7753.0 tps, lat 1.031 ms stddev 0.698, 0 failed
progress: 55.0 s, 7834.4 tps, lat 1.020 ms stddev 0.951, 0 failed
progress: 60.0 s, 7796.0 tps, lat 1.025 ms stddev 0.617, 0 failed
progress: 65.0 s, 7279.6 tps, lat 1.098 ms stddev 0.639, 0 failed
progress: 70.0 s, 7631.4 tps, lat 1.047 ms stddev 0.361, 0 failed
progress: 75.0 s, 7687.9 tps, lat 1.040 ms stddev 0.361, 0 failed
progress: 80.0 s, 7836.3 tps, lat 1.020 ms stddev 0.363, 0 failed
progress: 85.0 s, 7639.3 tps, lat 1.046 ms stddev 0.438, 0 failed
progress: 90.0 s, 7815.3 tps, lat 1.023 ms stddev 0.392, 0 failed
progress: 95.0 s, 8312.8 tps, lat 0.962 ms stddev 0.411, 0 failed
progress: 100.0 s, 7481.9 tps, lat 1.068 ms stddev 0.735, 0 failed
progress: 105.0 s, 7312.8 tps, lat 1.093 ms stddev 1.024, 0 failed
progress: 110.0 s, 7635.2 tps, lat 1.047 ms stddev 0.698, 0 failed
progress: 115.0 s, 7738.1 tps, lat 1.033 ms stddev 0.440, 0 failed
transaction type: <builtin: select only>
scaling factor: 10
query mode: simple
number of clients: 8
number of threads: 1
maximum number of tries: 1
duration: 120 s
number of transactions actually processed: 882905
number of failed transactions: 0 (0.000%)
latency average = 1.084 ms
latency stddev = 0.915 ms
initial connection time = 223.625 ms
tps = 7370.479192 (without initial connection time)
statement latencies in milliseconds and failures:
         0.001           0 \set aid random(1, 100000 * :scale)
         1.083           0 SELECT abalance FROM pgbench_accounts WHERE aid = :aid;
progress: 120.0 s, 7885.0 tps, lat 1.014 ms stddev 0.334, 0 failed

------------------------------------------------------------
=== Running SELECT-Only: Clients=16, Threads=1, Duration=120s ===
------------------------------------------------------------
pgbench (18.6 (Debian 18.6-1.pgdg12+2))
starting vacuum...end.
progress: 5.0 s, 5114.0 tps, lat 3.021 ms stddev 1.688, 0 failed
progress: 10.0 s, 5817.9 tps, lat 2.749 ms stddev 1.365, 0 failed
progress: 15.0 s, 5976.2 tps, lat 2.677 ms stddev 1.814, 0 failed
progress: 20.0 s, 5810.4 tps, lat 2.752 ms stddev 1.138, 0 failed
progress: 25.0 s, 4582.4 tps, lat 3.490 ms stddev 1.733, 0 failed
progress: 30.0 s, 5440.0 tps, lat 2.940 ms stddev 1.065, 0 failed
progress: 35.0 s, 5796.4 tps, lat 2.759 ms stddev 0.990, 0 failed
progress: 40.0 s, 5790.8 tps, lat 2.758 ms stddev 1.333, 0 failed
progress: 45.0 s, 5404.0 tps, lat 2.963 ms stddev 2.220, 0 failed
progress: 50.0 s, 5535.4 tps, lat 2.890 ms stddev 1.206, 0 failed
progress: 55.0 s, 5607.6 tps, lat 2.852 ms stddev 1.243, 0 failed
progress: 60.0 s, 5776.2 tps, lat 2.769 ms stddev 1.669, 0 failed
progress: 65.0 s, 5914.9 tps, lat 2.703 ms stddev 1.068, 0 failed
progress: 70.0 s, 5863.3 tps, lat 2.724 ms stddev 1.181, 0 failed
progress: 75.0 s, 5694.7 tps, lat 2.812 ms stddev 1.802, 0 failed
progress: 80.0 s, 5663.0 tps, lat 2.824 ms stddev 1.069, 0 failed
progress: 85.0 s, 5451.8 tps, lat 2.934 ms stddev 1.926, 0 failed
progress: 90.0 s, 6023.8 tps, lat 2.655 ms stddev 1.039, 0 failed
progress: 95.0 s, 5518.6 tps, lat 2.898 ms stddev 0.913, 0 failed
progress: 100.0 s, 5796.2 tps, lat 2.760 ms stddev 1.380, 0 failed
progress: 105.0 s, 5715.8 tps, lat 2.798 ms stddev 0.917, 0 failed
progress: 110.0 s, 5304.0 tps, lat 3.015 ms stddev 1.040, 0 failed
progress: 115.0 s, 5424.3 tps, lat 2.949 ms stddev 0.738, 0 failed
progress: 120.0 s, 5218.4 tps, lat 3.065 ms stddev 0.951, 0 failed
transaction type: <builtin: select only>
scaling factor: 10
query mode: simple
number of clients: 16
number of threads: 1
maximum number of tries: 1
duration: 120 s
number of transactions actually processed: 671217
number of failed transactions: 0 (0.000%)
latency average = 2.855 ms
latency stddev = 1.370 ms
initial connection time = 168.833 ms
tps = 5601.220414 (without initial connection time)
statement latencies in milliseconds and failures:
         0.001           0 \set aid random(1, 100000 * :scale)
         2.854           0 SELECT abalance FROM pgbench_accounts WHERE aid = :aid;

------------------------------------------------------------
=== Running SELECT-Only: Clients=32, Threads=1, Duration=120s ===
------------------------------------------------------------
pgbench (18.6 (Debian 18.6-1.pgdg12+2))
starting vacuum...end.
progress: 5.0 s, 3251.1 tps, lat 9.267 ms stddev 6.487, 0 failed
progress: 10.0 s, 4506.7 tps, lat 7.102 ms stddev 4.665, 0 failed
progress: 15.0 s, 4538.7 tps, lat 7.046 ms stddev 4.005, 0 failed
progress: 20.0 s, 4264.4 tps, lat 7.506 ms stddev 4.742, 0 failed
progress: 25.0 s, 5039.6 tps, lat 6.347 ms stddev 4.098, 0 failed
progress: 30.0 s, 5076.4 tps, lat 6.304 ms stddev 2.881, 0 failed
progress: 35.0 s, 5042.3 tps, lat 6.343 ms stddev 2.896, 0 failed
progress: 40.0 s, 5259.6 tps, lat 6.084 ms stddev 3.341, 0 failed
progress: 45.0 s, 5186.0 tps, lat 6.169 ms stddev 1.950, 0 failed
progress: 50.0 s, 5428.5 tps, lat 5.893 ms stddev 2.062, 0 failed
progress: 55.0 s, 5326.6 tps, lat 6.005 ms stddev 1.844, 0 failed
progress: 60.0 s, 5080.8 tps, lat 6.297 ms stddev 2.057, 0 failed
progress: 65.0 s, 5255.8 tps, lat 6.088 ms stddev 1.865, 0 failed
progress: 70.0 s, 5204.0 tps, lat 6.147 ms stddev 6.309, 0 failed
progress: 75.0 s, 5476.5 tps, lat 5.842 ms stddev 1.550, 0 failed
progress: 80.0 s, 4891.2 tps, lat 6.540 ms stddev 1.745, 0 failed
progress: 85.0 s, 5178.7 tps, lat 6.177 ms stddev 2.578, 0 failed
progress: 90.0 s, 5124.8 tps, lat 6.243 ms stddev 1.861, 0 failed
progress: 95.0 s, 5212.0 tps, lat 6.138 ms stddev 1.543, 0 failed
progress: 100.0 s, 5320.0 tps, lat 6.014 ms stddev 1.458, 0 failed
progress: 105.0 s, 5392.6 tps, lat 5.933 ms stddev 1.391, 0 failed
progress: 110.0 s, 5370.6 tps, lat 5.956 ms stddev 1.423, 0 failed
progress: 115.0 s, 5227.2 tps, lat 6.121 ms stddev 1.684, 0 failed
progress: 120.0 s, 5110.4 tps, lat 6.257 ms stddev 1.988, 0 failed
transaction type: <builtin: select only>
scaling factor: 10
query mode: simple
number of clients: 32
number of threads: 1
maximum number of tries: 1
duration: 120 s
number of transactions actually processed: 603855
number of failed transactions: 0 (0.000%)
latency average = 6.344 ms
latency stddev = 3.091 ms
initial connection time = 284.446 ms
tps = 5041.778241 (without initial connection time)
statement latencies in milliseconds and failures:
         0.001           0 \set aid random(1, 100000 * :scale)
         6.343           0 SELECT abalance FROM pgbench_accounts WHERE aid = :aid;

=========================================
=== T053 COMPLETE ===
=========================================
