=========================================
=== CBP-1.0 / T002: IDLE-SYSTEM BASELINE ===
=== Timestamp (UTC): 2026-09-14 12:49:47 UTC ===
=========================================

--- UPTIME & LOAD AVERAGE ---
 12:49:47 up 0 min,  0 user,  load average: 0.37, 0.08, 0.03

--- MEMORY & SWAP (free -h) ---
               total        used        free      shared  buff/cache   available
Mem:           1.9Gi       251Mi       1.7Gi       784Ki       149Mi       1.7Gi
Swap:          5.3Gi          0B       5.3Gi

--- VMSTAT SAMPLING (1s x 10 intervals) ---
procs -----------memory---------- ---swap-- -----io---- -system-- ------cpu-----
 r  b   swpd   free   buff  cache   si   so    bi    bo   in   cs us sy id wa st
 1  0      0 1750616  21552 131800    0    0  9550  1330  609 3577 25 31 37  7  0
 1  0      0 1750616  21552 131800    0    0     0     0  136  224  0  0 90 10  0
 1  0      0 1750616  21552 131800    0    0     0   460  143  225  0  0 90 10  0
 1  0      0 1750616  21552 131800    0    0     0     0  141  202  0  0 89 11  0
 1  0      0 1750616  21552 131800    0    0     0     0  132  202  0  0 91  9  0
 1  0      0 1750616  21552 131800    0    0     0    56  144  209  0  1 89 10  0
 1  0      0 1750616  21552 131800    0    0     0     0  143  211  1  0 89 10  0
 1  0      0 1750616  21552 131800    0    0     0    96  150  218  0  0 90 10  0
 1  0      0 1750616  21552 131800    0    0     0     0  129  192  0  0 89 11  0
 1  0      0 1750616  21552 131800    0    0     0     0  128  194  0  0 90 10  0

--- IOSTAT SAMPLING (1s x 10 intervals) ---
iostat not found, installing sysstat may be required

=========================================
=== T002 IDLE BASELINE COMPLETE ===
=========================================
