=========================================
=== CBP-1.0 / T010: CPU SINGLE-THREAD ===
=== Timestamp (UTC): 2026-09-14 12:51:00 UTC ===
=========================================
Running sysbench CPU test (threads=1, max-prime=20000, time=60s)...
sysbench 1.0.20 (using system LuaJIT 2.1.0-beta3)

Running the test with following options:
Number of threads: 1
Initializing random number generator from current time


Prime numbers limit: 20000

Initializing worker threads...

Threads started!

CPU speed:
    events per second:   218.47

General statistics:
    total time:                          60.0024s
    total number of events:              13109

Latency (ms):
         min:                                    2.16
         avg:                                    4.57
         max:                                   13.70
         95th percentile:                        6.67
         sum:                                59960.47

Threads fairness:
    events (avg/stddev):           13109.0000/0.00
    execution time (avg/stddev):   59.9605/0.00

=========================================
=== T010 COMPLETE ===
=========================================
