=========================================
=== CBP-1.0 / T031: SEQUENTIAL STORAGE THROUGHPUT ===
=== Timestamp (UTC): 2026-09-14 12:58:10 UTC ===
=========================================

--- Part 1: Sequential Write (1MB, iodepth=16, direct=1) ---
seq_write: (g=0): rw=write, bs=(R) 1024KiB-1024KiB, (W) 1024KiB-1024KiB, (T) 1024KiB-1024KiB, ioengine=libaio, iodepth=16
fio-3.33
Starting 1 process
seq_write: Laying out IO file (1 file / 4096MiB)

seq_write: (groupid=0, jobs=1): err= 0: pid=20208: Mon Sep 14 12:59:10 2026
  write: IOPS=2697, BW=2698MiB/s (2829MB/s)(158GiB/60006msec); 0 zone resets
    slat (usec): min=31, max=4394, avg=82.44, stdev=25.77
    clat (usec): min=1074, max=28578, avg=5846.51, stdev=715.59
     lat (usec): min=1274, max=28657, avg=5928.95, stdev=715.58
    clat percentiles (usec):
     |  1.00th=[ 4686],  5.00th=[ 5145], 10.00th=[ 5211], 20.00th=[ 5342],
     | 30.00th=[ 5407], 40.00th=[ 5604], 50.00th=[ 5735], 60.00th=[ 5932],
     | 70.00th=[ 5997], 80.00th=[ 6194], 90.00th=[ 6587], 95.00th=[ 6980],
     | 99.00th=[ 8455], 99.50th=[ 9634], 99.90th=[11338], 99.95th=[12518],
     | 99.99th=[13960]
   bw (  MiB/s): min= 1520, max= 3164, per=100.00%, avg=2698.25, stdev=205.28, samples=119
   iops        : min= 1520, max= 3164, avg=2698.25, stdev=205.28, samples=119
  lat (msec)   : 2=0.01%, 4=0.07%, 10=99.55%, 20=0.37%, 50=0.01%
  cpu          : usr=18.19%, sys=5.34%, ctx=163373, majf=0, minf=11
  IO depths    : 1=0.1%, 2=0.1%, 4=0.1%, 8=0.1%, 16=100.0%, 32=0.0%, >=64=0.0%
     submit    : 0=0.0%, 4=100.0%, 8=0.0%, 16=0.0%, 32=0.0%, 64=0.0%, >=64=0.0%
     complete  : 0=0.0%, 4=100.0%, 8=0.0%, 16=0.1%, 32=0.0%, 64=0.0%, >=64=0.0%
     issued rwts: total=0,161885,0,0 short=0,0,0,0 dropped=0,0,0,0
     latency   : target=0, window=0, percentile=100.00%, depth=16

Run status group 0 (all jobs):
  WRITE: bw=2698MiB/s (2829MB/s), 2698MiB/s-2698MiB/s (2829MB/s-2829MB/s), io=158GiB (170GB), run=60006-60006msec

Disk stats (read/write):
  vda: ios=1/171766, merge=0/101, ticks=0/1003321, in_queue=1003323, util=75.57%

--- Part 2: Sequential Read (1MB, iodepth=16, direct=1) ---
seq_read: (g=0): rw=read, bs=(R) 1024KiB-1024KiB, (W) 1024KiB-1024KiB, (T) 1024KiB-1024KiB, ioengine=libaio, iodepth=16
fio-3.33
Starting 1 process

seq_read: (groupid=0, jobs=1): err= 0: pid=20213: Mon Sep 14 13:00:10 2026
  read: IOPS=3253, BW=3254MiB/s (3412MB/s)(191GiB/60003msec)
    slat (usec): min=3, max=6501, avg=14.40, stdev=22.05
    clat (usec): min=1088, max=37224, avg=4901.65, stdev=604.47
     lat (usec): min=1119, max=37240, avg=4916.06, stdev=603.66
    clat percentiles (usec):
     |  1.00th=[ 3720],  5.00th=[ 4178], 10.00th=[ 4424], 20.00th=[ 4621],
     | 30.00th=[ 4752], 40.00th=[ 4817], 50.00th=[ 4883], 60.00th=[ 4948],
     | 70.00th=[ 5014], 80.00th=[ 5145], 90.00th=[ 5342], 95.00th=[ 5604],
     | 99.00th=[ 6456], 99.50th=[ 6718], 99.90th=[ 8094], 99.95th=[ 9110],
     | 99.99th=[34341]
   bw (  MiB/s): min= 3030, max= 3310, per=100.00%, avg=3255.60, stdev=32.98, samples=119
   iops        : min= 3030, max= 3310, avg=3255.60, stdev=32.99, samples=119
  lat (msec)   : 2=0.04%, 4=2.96%, 10=96.97%, 20=0.01%, 50=0.02%
  cpu          : usr=1.15%, sys=6.50%, ctx=145984, majf=0, minf=529
  IO depths    : 1=0.1%, 2=0.1%, 4=0.1%, 8=0.1%, 16=100.0%, 32=0.0%, >=64=0.0%
     submit    : 0=0.0%, 4=100.0%, 8=0.0%, 16=0.0%, 32=0.0%, 64=0.0%, >=64=0.0%
     complete  : 0=0.0%, 4=100.0%, 8=0.0%, 16=0.1%, 32=0.0%, 64=0.0%, >=64=0.0%
     issued rwts: total=195228,0,0,0 short=0,0,0,0 dropped=0,0,0,0
     latency   : target=0, window=0, percentile=100.00%, depth=16

Run status group 0 (all jobs):
   READ: bw=3254MiB/s (3412MB/s), 3254MiB/s-3254MiB/s (3412MB/s-3412MB/s), io=191GiB (205GB), run=60003-60003msec

Disk stats (read/write):
  vda: ios=206967/107, merge=0/14, ticks=1012607/67, in_queue=1012675, util=92.88%

=========================================
=== T031 COMPLETE ===
=========================================
