=========================================
=== CBP-1.0 / T032: RANDOM STORAGE IOPS & LATENCY ===
=== Timestamp (UTC): 2026-09-14 13:00:11 UTC ===
=========================================

--- Part 1: Random Read (4K, iodepth=32, numjobs=4) ---
rand_read: (g=0): rw=randread, bs=(R) 4096B-4096B, (W) 4096B-4096B, (T) 4096B-4096B, ioengine=libaio, iodepth=32
...
fio-3.33
Starting 4 processes
rand_read: Laying out IO file (1 file / 4096MiB)

rand_read: (groupid=0, jobs=4): err= 0: pid=20233: Mon Sep 14 13:01:16 2026
  read: IOPS=210k, BW=819MiB/s (859MB/s)(48.0GiB/60001msec)
    slat (nsec): min=1678, max=18233k, avg=3191.28, stdev=34487.49
    clat (usec): min=3, max=35903, avg=606.64, stdev=338.19
     lat (usec): min=65, max=35906, avg=609.83, stdev=339.82
    clat percentiles (usec):
     |  1.00th=[  186],  5.00th=[  383], 10.00th=[  429], 20.00th=[  478],
     | 30.00th=[  515], 40.00th=[  545], 50.00th=[  570], 60.00th=[  603],
     | 70.00th=[  644], 80.00th=[  693], 90.00th=[  783], 95.00th=[  873],
     | 99.00th=[ 1270], 99.50th=[ 1909], 99.90th=[ 5211], 99.95th=[ 7242],
     | 99.99th=[12125]
   bw (  KiB/s): min=692200, max=918776, per=100.00%, avg=839689.58, stdev=11058.52, samples=476
   iops        : min=173050, max=229694, avg=209922.39, stdev=2764.63, samples=476
  lat (usec)   : 4=0.01%, 20=0.01%, 50=0.01%, 100=0.01%, 250=2.32%
  lat (usec)   : 500=23.38%, 750=61.43%, 1000=10.71%
  lat (msec)   : 2=1.69%, 4=0.30%, 10=0.14%, 20=0.02%, 50=0.01%
  cpu          : usr=6.28%, sys=15.99%, ctx=1119781, majf=0, minf=168
  IO depths    : 1=0.1%, 2=0.1%, 4=0.1%, 8=0.1%, 16=0.1%, 32=100.0%, >=64=0.0%
     submit    : 0=0.0%, 4=100.0%, 8=0.0%, 16=0.0%, 32=0.0%, 64=0.0%, >=64=0.0%
     complete  : 0=0.0%, 4=100.0%, 8=0.0%, 16=0.0%, 32=0.1%, 64=0.0%, >=64=0.0%
     issued rwts: total=12580918,0,0,0 short=0,0,0,0 dropped=0,0,0,0
     latency   : target=0, window=0, percentile=100.00%, depth=32

Run status group 0 (all jobs):
   READ: bw=819MiB/s (859MB/s), 819MiB/s-819MiB/s (859MB/s-859MB/s), io=48.0GiB (51.5GB), run=60001-60001msec

Disk stats (read/write):
  vda: ios=12548851/81, merge=0/44, ticks=5980337/74, in_queue=5980463, util=42.95%

--- Part 2: Random Write (4K, iodepth=32, numjobs=4) ---
rand_write: (g=0): rw=randwrite, bs=(R) 4096B-4096B, (W) 4096B-4096B, (T) 4096B-4096B, ioengine=libaio, iodepth=32
...
fio-3.33
Starting 4 processes

rand_write: (groupid=0, jobs=4): err= 0: pid=20240: Mon Sep 14 13:02:16 2026
  write: IOPS=193k, BW=752MiB/s (789MB/s)(44.1GiB/60001msec); 0 zone resets
    slat (nsec): min=1787, max=8861.6k, avg=10056.82, stdev=39672.62
    clat (nsec): min=550, max=97498k, avg=652920.09, stdev=256941.94
     lat (usec): min=25, max=97500, avg=662.98, stdev=257.52
    clat percentiles (usec):
     |  1.00th=[  289],  5.00th=[  392], 10.00th=[  433], 20.00th=[  490],
     | 30.00th=[  537], 40.00th=[  578], 50.00th=[  611], 60.00th=[  660],
     | 70.00th=[  717], 80.00th=[  799], 90.00th=[  906], 95.00th=[ 1020],
     | 99.00th=[ 1352], 99.50th=[ 1500], 99.90th=[ 2057], 99.95th=[ 2868],
     | 99.99th=[ 9896]
   bw (  KiB/s): min=624792, max=851896, per=100.00%, avg=771403.70, stdev=13048.04, samples=476
   iops        : min=156198, max=212974, avg=192850.92, stdev=3262.01, samples=476
  lat (nsec)   : 750=0.01%
  lat (usec)   : 10=0.01%, 20=0.01%, 50=0.01%, 100=0.06%, 250=0.46%
  lat (usec)   : 500=21.96%, 750=52.06%, 1000=19.91%
  lat (msec)   : 2=5.42%, 4=0.09%, 10=0.02%, 20=0.01%, 50=0.01%
  lat (msec)   : 100=0.01%
  cpu          : usr=4.75%, sys=14.54%, ctx=2833018, majf=0, minf=42
  IO depths    : 1=0.1%, 2=0.1%, 4=0.1%, 8=0.1%, 16=0.1%, 32=100.0%, >=64=0.0%
     submit    : 0=0.0%, 4=100.0%, 8=0.0%, 16=0.0%, 32=0.0%, 64=0.0%, >=64=0.0%
     complete  : 0=0.0%, 4=100.0%, 8=0.0%, 16=0.0%, 32=0.1%, 64=0.0%, >=64=0.0%
     issued rwts: total=0,11554272,0,0 short=0,0,0,0 dropped=0,0,0,0
     latency   : target=0, window=0, percentile=100.00%, depth=32

Run status group 0 (all jobs):
  WRITE: bw=752MiB/s (789MB/s), 752MiB/s-752MiB/s (789MB/s-789MB/s), io=44.1GiB (47.3GB), run=60001-60001msec

Disk stats (read/write):
  vda: ios=1/11537383, merge=0/17, ticks=1/4040967, in_queue=4041002, util=53.50%

--- Part 3: Mixed Random 70/30 (4K, iodepth=32, numjobs=4) ---
rand_rw7030: (g=0): rw=randrw, bs=(R) 4096B-4096B, (W) 4096B-4096B, (T) 4096B-4096B, ioengine=libaio, iodepth=32
...
fio-3.33
Starting 4 processes

rand_rw7030: (groupid=0, jobs=4): err= 0: pid=20247: Mon Sep 14 13:03:17 2026
  read: IOPS=144k, BW=561MiB/s (589MB/s)(32.9GiB/60001msec)
    slat (nsec): min=1646, max=7336.5k, avg=4763.42, stdev=19897.49
    clat (usec): min=31, max=45908, avg=641.33, stdev=167.28
     lat (usec): min=70, max=45915, avg=646.09, stdev=168.04
    clat percentiles (usec):
     |  1.00th=[  388],  5.00th=[  445], 10.00th=[  478], 20.00th=[  519],
     | 30.00th=[  553], 40.00th=[  578], 50.00th=[  611], 60.00th=[  644],
     | 70.00th=[  693], 80.00th=[  742], 90.00th=[  840], 95.00th=[  930],
     | 99.00th=[ 1188], 99.50th=[ 1303], 99.90th=[ 1631], 99.95th=[ 1926],
     | 99.99th=[ 3064]
   bw (  KiB/s): min=419952, max=628128, per=100.00%, avg=575484.57, stdev=8758.90, samples=476
   iops        : min=104988, max=157032, avg=143871.14, stdev=2189.72, samples=476
  write: IOPS=61.6k, BW=241MiB/s (252MB/s)(14.1GiB/60001msec); 0 zone resets
    slat (nsec): min=1816, max=6950.8k, avg=5378.34, stdev=21217.28
    clat (usec): min=7, max=695600, avg=562.33, stdev=853.78
     lat (usec): min=29, max=695603, avg=567.71, stdev=853.97
    clat percentiles (usec):
     |  1.00th=[  347],  5.00th=[  404], 10.00th=[  429], 20.00th=[  465],
     | 30.00th=[  490], 40.00th=[  510], 50.00th=[  529], 60.00th=[  553],
     | 70.00th=[  586], 80.00th=[  627], 90.00th=[  717], 95.00th=[  832],
     | 99.00th=[ 1045], 99.50th=[ 1139], 99.90th=[ 1434], 99.95th=[ 1811],
     | 99.99th=[ 7635]
   bw (  KiB/s): min=180680, max=269152, per=100.00%, avg=246631.87, stdev=3778.82, samples=476
   iops        : min=45170, max=67288, avg=61657.97, stdev=944.71, samples=476
  lat (usec)   : 10=0.01%, 50=0.01%, 100=0.01%, 250=0.08%, 500=21.19%
  lat (usec)   : 750=63.04%, 1000=13.10%
  lat (msec)   : 2=2.53%, 4=0.03%, 10=0.01%, 20=0.01%, 50=0.01%
  lat (msec)   : 100=0.01%, 250=0.01%, 500=0.01%, 750=0.01%
  cpu          : usr=5.61%, sys=14.85%, ctx=1810354, majf=0, minf=53
  IO depths    : 1=0.1%, 2=0.1%, 4=0.1%, 8=0.1%, 16=0.1%, 32=100.0%, >=64=0.0%
     submit    : 0=0.0%, 4=100.0%, 8=0.0%, 16=0.0%, 32=0.0%, 64=0.0%, >=64=0.0%
     complete  : 0=0.0%, 4=100.0%, 8=0.0%, 16=0.0%, 32=0.1%, 64=0.0%, >=64=0.0%
     issued rwts: total=8621218,3694822,0,0 short=0,0,0,0 dropped=0,0,0,0
     latency   : target=0, window=0, percentile=100.00%, depth=32

Run status group 0 (all jobs):
   READ: bw=561MiB/s (589MB/s), 561MiB/s-561MiB/s (589MB/s-589MB/s), io=32.9GiB (35.3GB), run=60001-60001msec
  WRITE: bw=241MiB/s (252MB/s), 241MiB/s-241MiB/s (252MB/s-252MB/s), io=14.1GiB (15.1GB), run=60001-60001msec

Disk stats (read/write):
  vda: ios=8606141/3688237, merge=0/19, ticks=4555391/1662533, in_queue=6218840, util=45.98%

=========================================
=== T032 COMPLETE ===
=========================================
