=========================================
=== CBP-1.0 / T052: MIXED OLTP SCALING (Scale 10) ===
=== Duration per test: 180s, Interval: 5s ===
=== Timestamp (UTC): 2026-09-14 13:04:33 UTC ===
=========================================

------------------------------------------------------------
=== Running Mixed OLTP: Clients=1, Threads=1, Duration=180s ===
------------------------------------------------------------
pgbench (18.6 (Debian 18.6-1.pgdg12+2))
starting vacuum...end.
progress: 5.0 s, 2148.0 tps, lat 0.464 ms stddev 0.318, 0 failed
progress: 10.0 s, 2201.8 tps, lat 0.454 ms stddev 0.182, 0 failed
progress: 15.0 s, 2278.4 tps, lat 0.438 ms stddev 0.078, 0 failed
progress: 20.0 s, 2293.6 tps, lat 0.435 ms stddev 0.078, 0 failed
progress: 25.0 s, 2275.4 tps, lat 0.439 ms stddev 0.085, 0 failed
progress: 30.0 s, 2089.4 tps, lat 0.478 ms stddev 0.202, 0 failed
progress: 35.0 s, 2207.4 tps, lat 0.452 ms stddev 0.097, 0 failed
progress: 40.0 s, 2277.8 tps, lat 0.438 ms stddev 0.089, 0 failed
progress: 45.0 s, 2072.8 tps, lat 0.482 ms stddev 0.254, 0 failed
progress: 50.0 s, 2060.4 tps, lat 0.485 ms stddev 0.254, 0 failed
progress: 55.0 s, 2212.6 tps, lat 0.451 ms stddev 0.090, 0 failed
progress: 60.0 s, 2216.8 tps, lat 0.451 ms stddev 0.101, 0 failed
progress: 65.0 s, 2154.4 tps, lat 0.464 ms stddev 0.212, 0 failed
progress: 70.0 s, 2068.6 tps, lat 0.483 ms stddev 0.121, 0 failed
progress: 75.0 s, 2144.6 tps, lat 0.466 ms stddev 0.084, 0 failed
progress: 80.0 s, 2256.0 tps, lat 0.443 ms stddev 0.178, 0 failed
progress: 85.0 s, 2036.6 tps, lat 0.490 ms stddev 0.269, 0 failed
progress: 90.0 s, 2017.6 tps, lat 0.495 ms stddev 0.359, 0 failed
progress: 95.0 s, 2167.6 tps, lat 0.461 ms stddev 0.238, 0 failed
progress: 100.0 s, 2257.0 tps, lat 0.443 ms stddev 0.187, 0 failed
progress: 105.0 s, 2045.8 tps, lat 0.488 ms stddev 0.307, 0 failed
progress: 110.0 s, 2329.2 tps, lat 0.429 ms stddev 0.189, 0 failed
progress: 115.0 s, 2433.6 tps, lat 0.410 ms stddev 0.064, 0 failed
progress: 120.0 s, 2276.2 tps, lat 0.439 ms stddev 0.090, 0 failed
progress: 125.0 s, 2242.0 tps, lat 0.445 ms stddev 0.098, 0 failed
progress: 130.0 s, 2284.0 tps, lat 0.437 ms stddev 0.189, 0 failed
progress: 135.0 s, 2261.8 tps, lat 0.442 ms stddev 0.109, 0 failed
progress: 140.0 s, 2315.0 tps, lat 0.431 ms stddev 0.080, 0 failed
progress: 145.0 s, 2173.6 tps, lat 0.459 ms stddev 0.227, 0 failed
progress: 150.0 s, 1808.0 tps, lat 0.552 ms stddev 0.099, 0 failed
progress: 155.0 s, 1821.2 tps, lat 0.548 ms stddev 0.093, 0 failed
progress: 160.0 s, 1919.2 tps, lat 0.520 ms stddev 0.108, 0 failed
progress: 165.0 s, 2104.4 tps, lat 0.475 ms stddev 0.339, 0 failed
progress: 170.0 s, 2298.8 tps, lat 0.434 ms stddev 0.081, 0 failed
progress: 175.0 s, 2358.8 tps, lat 0.423 ms stddev 0.071, 0 failed
progress: 180.0 s, 2313.0 tps, lat 0.432 ms stddev 0.087, 0 failed
transaction type: <builtin: TPC-B (sort of)>
scaling factor: 10
query mode: simple
number of clients: 1
number of threads: 1
maximum number of tries: 1
duration: 180 s
number of transactions actually processed: 392108
number of failed transactions: 0 (0.000%)
latency average = 0.458 ms
latency stddev = 0.181 ms
initial connection time = 5.193 ms
tps = 2178.437636 (without initial connection time)
statement latencies in milliseconds and failures:
         0.001           0 \set aid random(1, 100000 * :scale)
         0.000           0 \set bid random(1, 1 * :scale)
         0.000           0 \set tid random(1, 10 * :scale)
         0.000           0 \set delta random(-5000, 5000)
         0.016           0 BEGIN;
         0.085           0 UPDATE pgbench_accounts SET abalance = abalance + :delta WHERE aid = :aid;
         0.054           0 SELECT abalance FROM pgbench_accounts WHERE aid = :aid;
         0.062           0 UPDATE pgbench_tellers SET tbalance = tbalance + :delta WHERE tid = :tid;
         0.053           0 UPDATE pgbench_branches SET bbalance = bbalance + :delta WHERE bid = :bid;
         0.043           0 INSERT INTO pgbench_history (tid, bid, aid, delta, mtime) VALUES (:tid, :bid, :aid, :delta, CURRENT_TIMESTAMP);
         0.144           0 END;

------------------------------------------------------------
=== Running Mixed OLTP: Clients=4, Threads=1, Duration=180s ===
------------------------------------------------------------
pgbench (18.6 (Debian 18.6-1.pgdg12+2))
starting vacuum...end.
progress: 5.0 s, 2354.8 tps, lat 1.693 ms stddev 0.537, 0 failed
progress: 10.0 s, 2357.6 tps, lat 1.696 ms stddev 0.394, 0 failed
progress: 15.0 s, 2463.0 tps, lat 1.624 ms stddev 0.301, 0 failed
progress: 20.0 s, 2437.8 tps, lat 1.640 ms stddev 0.482, 0 failed
progress: 25.0 s, 2339.8 tps, lat 1.709 ms stddev 0.355, 0 failed
progress: 30.0 s, 2130.8 tps, lat 1.877 ms stddev 0.387, 0 failed
progress: 35.0 s, 2196.8 tps, lat 1.820 ms stddev 0.569, 0 failed
progress: 40.0 s, 2140.8 tps, lat 1.867 ms stddev 0.574, 0 failed
progress: 45.0 s, 2289.4 tps, lat 1.747 ms stddev 0.415, 0 failed
progress: 50.0 s, 2324.2 tps, lat 1.721 ms stddev 0.552, 0 failed
progress: 55.0 s, 2316.0 tps, lat 1.727 ms stddev 0.346, 0 failed
progress: 60.0 s, 2285.8 tps, lat 1.749 ms stddev 0.348, 0 failed
progress: 65.0 s, 2186.6 tps, lat 1.829 ms stddev 0.607, 0 failed
progress: 70.0 s, 2266.4 tps, lat 1.764 ms stddev 0.389, 0 failed
progress: 75.0 s, 2256.4 tps, lat 1.772 ms stddev 0.353, 0 failed
progress: 80.0 s, 2298.2 tps, lat 1.740 ms stddev 0.552, 0 failed
progress: 85.0 s, 2220.4 tps, lat 1.801 ms stddev 0.375, 0 failed
progress: 90.0 s, 2260.6 tps, lat 1.769 ms stddev 0.381, 0 failed
progress: 95.0 s, 2283.8 tps, lat 1.751 ms stddev 0.526, 0 failed
progress: 100.0 s, 2141.2 tps, lat 1.867 ms stddev 0.520, 0 failed
progress: 105.0 s, 2196.6 tps, lat 1.820 ms stddev 0.478, 0 failed
progress: 110.0 s, 2075.8 tps, lat 1.926 ms stddev 0.602, 0 failed
progress: 115.0 s, 1714.0 tps, lat 2.333 ms stddev 0.432, 0 failed
progress: 120.0 s, 2188.4 tps, lat 1.827 ms stddev 0.392, 0 failed
progress: 125.0 s, 2235.2 tps, lat 1.789 ms stddev 0.585, 0 failed
progress: 130.0 s, 2213.2 tps, lat 1.807 ms stddev 0.525, 0 failed
progress: 135.0 s, 2206.8 tps, lat 1.812 ms stddev 0.398, 0 failed
progress: 140.0 s, 2214.6 tps, lat 1.805 ms stddev 0.363, 0 failed
progress: 145.0 s, 2175.0 tps, lat 1.839 ms stddev 0.645, 0 failed
progress: 150.0 s, 2149.8 tps, lat 1.860 ms stddev 0.417, 0 failed
progress: 155.0 s, 2293.6 tps, lat 1.744 ms stddev 0.348, 0 failed
progress: 160.0 s, 2116.8 tps, lat 1.888 ms stddev 0.764, 0 failed
progress: 165.0 s, 2261.4 tps, lat 1.769 ms stddev 0.488, 0 failed
progress: 170.0 s, 2257.0 tps, lat 1.772 ms stddev 0.378, 0 failed
progress: 175.0 s, 2317.4 tps, lat 1.726 ms stddev 0.377, 0 failed
progress: 180.0 s, 2215.8 tps, lat 1.805 ms stddev 0.398, 0 failed
transaction type: <builtin: TPC-B (sort of)>
scaling factor: 10
query mode: simple
number of clients: 4
number of threads: 1
maximum number of tries: 1
duration: 180 s
number of transactions actually processed: 401913
number of failed transactions: 0 (0.000%)
latency average = 1.791 ms
latency stddev = 0.482 ms
initial connection time = 12.408 ms
tps = 2232.922483 (without initial connection time)
statement latencies in milliseconds and failures:
         0.001           0 \set aid random(1, 100000 * :scale)
         0.000           0 \set bid random(1, 1 * :scale)
         0.000           0 \set tid random(1, 10 * :scale)
         0.000           0 \set delta random(-5000, 5000)
         0.069           0 BEGIN;
         0.105           0 UPDATE pgbench_accounts SET abalance = abalance + :delta WHERE aid = :aid;
         0.221           0 SELECT abalance FROM pgbench_accounts WHERE aid = :aid;
         0.343           0 UPDATE pgbench_tellers SET tbalance = tbalance + :delta WHERE tid = :tid;
         0.351           0 UPDATE pgbench_branches SET bbalance = bbalance + :delta WHERE bid = :bid;
         0.217           0 INSERT INTO pgbench_history (tid, bid, aid, delta, mtime) VALUES (:tid, :bid, :aid, :delta, CURRENT_TIMESTAMP);
         0.483           0 END;

------------------------------------------------------------
=== Running Mixed OLTP: Clients=8, Threads=1, Duration=180s ===
------------------------------------------------------------
pgbench (18.6 (Debian 18.6-1.pgdg12+2))
starting vacuum...end.
progress: 5.0 s, 2114.4 tps, lat 3.765 ms stddev 0.680, 0 failed
progress: 10.0 s, 2189.6 tps, lat 3.654 ms stddev 0.457, 0 failed
progress: 15.0 s, 2133.4 tps, lat 3.749 ms stddev 0.879, 0 failed
progress: 20.0 s, 2059.8 tps, lat 3.883 ms stddev 1.392, 0 failed
progress: 25.0 s, 2125.0 tps, lat 3.765 ms stddev 1.103, 0 failed
progress: 30.0 s, 2162.0 tps, lat 3.699 ms stddev 0.852, 0 failed
progress: 35.0 s, 2088.6 tps, lat 3.830 ms stddev 1.037, 0 failed
progress: 40.0 s, 2063.0 tps, lat 3.878 ms stddev 1.080, 0 failed
progress: 45.0 s, 2180.2 tps, lat 3.668 ms stddev 0.553, 0 failed
progress: 50.0 s, 2171.4 tps, lat 3.684 ms stddev 0.520, 0 failed
progress: 55.0 s, 2146.4 tps, lat 3.727 ms stddev 0.924, 0 failed
progress: 60.0 s, 2223.0 tps, lat 3.598 ms stddev 0.436, 0 failed
progress: 65.0 s, 2221.4 tps, lat 3.601 ms stddev 0.443, 0 failed
progress: 70.0 s, 2135.2 tps, lat 3.746 ms stddev 0.860, 0 failed
progress: 75.0 s, 2213.0 tps, lat 3.615 ms stddev 0.466, 0 failed
progress: 80.0 s, 2143.0 tps, lat 3.732 ms stddev 0.508, 0 failed
progress: 85.0 s, 2143.6 tps, lat 3.731 ms stddev 0.538, 0 failed
progress: 90.0 s, 2100.0 tps, lat 3.809 ms stddev 0.943, 0 failed
progress: 95.0 s, 2050.8 tps, lat 3.901 ms stddev 0.567, 0 failed
progress: 100.0 s, 2076.2 tps, lat 3.852 ms stddev 0.876, 0 failed
progress: 105.0 s, 2175.6 tps, lat 3.677 ms stddev 0.961, 0 failed
progress: 110.0 s, 2147.8 tps, lat 3.725 ms stddev 0.560, 0 failed
progress: 115.0 s, 2180.4 tps, lat 3.667 ms stddev 0.472, 0 failed
progress: 120.0 s, 2182.8 tps, lat 3.665 ms stddev 0.457, 0 failed
progress: 125.0 s, 2193.2 tps, lat 3.647 ms stddev 0.819, 0 failed
progress: 130.0 s, 2174.6 tps, lat 3.678 ms stddev 0.684, 0 failed
progress: 135.0 s, 2142.4 tps, lat 3.734 ms stddev 0.523, 0 failed
progress: 140.0 s, 2034.0 tps, lat 3.932 ms stddev 1.059, 0 failed
progress: 145.0 s, 2085.6 tps, lat 3.835 ms stddev 0.862, 0 failed
progress: 150.0 s, 2178.0 tps, lat 3.671 ms stddev 0.459, 0 failed
progress: 155.0 s, 2065.4 tps, lat 3.874 ms stddev 0.681, 0 failed
progress: 160.0 s, 1969.4 tps, lat 4.062 ms stddev 1.191, 0 failed
progress: 165.0 s, 2152.6 tps, lat 3.716 ms stddev 0.614, 0 failed
progress: 170.0 s, 2122.8 tps, lat 3.769 ms stddev 0.547, 0 failed
progress: 175.0 s, 2203.8 tps, lat 3.629 ms stddev 0.853, 0 failed
progress: 180.0 s, 2193.8 tps, lat 3.646 ms stddev 0.514, 0 failed
transaction type: <builtin: TPC-B (sort of)>
scaling factor: 10
query mode: simple
number of clients: 8
number of threads: 1
maximum number of tries: 1
duration: 180 s
number of transactions actually processed: 384719
number of failed transactions: 0 (0.000%)
latency average = 3.742 ms
latency stddev = 0.779 ms
initial connection time = 21.887 ms
tps = 2137.246004 (without initial connection time)
statement latencies in milliseconds and failures:
         0.001           0 \set aid random(1, 100000 * :scale)
         0.000           0 \set bid random(1, 1 * :scale)
         0.000           0 \set tid random(1, 10 * :scale)
         0.000           0 \set delta random(-5000, 5000)
         0.138           0 BEGIN;
         0.163           0 UPDATE pgbench_accounts SET abalance = abalance + :delta WHERE aid = :aid;
         0.661           0 SELECT abalance FROM pgbench_accounts WHERE aid = :aid;
         0.608           0 UPDATE pgbench_tellers SET tbalance = tbalance + :delta WHERE tid = :tid;
         0.879           0 UPDATE pgbench_branches SET bbalance = bbalance + :delta WHERE bid = :bid;
         0.470           0 INSERT INTO pgbench_history (tid, bid, aid, delta, mtime) VALUES (:tid, :bid, :aid, :delta, CURRENT_TIMESTAMP);
         0.819           0 END;

------------------------------------------------------------
=== Running Mixed OLTP: Clients=16, Threads=1, Duration=180s ===
------------------------------------------------------------
pgbench (18.6 (Debian 18.6-1.pgdg12+2))
starting vacuum...end.
progress: 5.0 s, 1881.2 tps, lat 8.427 ms stddev 1.406, 0 failed
progress: 10.0 s, 1990.8 tps, lat 8.036 ms stddev 0.876, 0 failed
progress: 15.0 s, 1895.8 tps, lat 8.440 ms stddev 1.763, 0 failed
progress: 20.0 s, 1882.0 tps, lat 8.501 ms stddev 1.142, 0 failed
progress: 25.0 s, 1853.4 tps, lat 8.630 ms stddev 1.339, 0 failed
progress: 30.0 s, 1825.8 tps, lat 8.764 ms stddev 1.256, 0 failed
progress: 35.0 s, 1657.2 tps, lat 9.654 ms stddev 2.718, 0 failed
progress: 40.0 s, 1879.4 tps, lat 8.514 ms stddev 1.130, 0 failed
progress: 45.0 s, 1931.4 tps, lat 8.282 ms stddev 0.877, 0 failed
progress: 50.0 s, 1928.6 tps, lat 8.298 ms stddev 1.000, 0 failed
progress: 55.0 s, 1932.8 tps, lat 8.276 ms stddev 1.660, 0 failed
progress: 60.0 s, 1967.8 tps, lat 8.131 ms stddev 0.891, 0 failed
progress: 65.0 s, 1954.0 tps, lat 8.187 ms stddev 0.838, 0 failed
progress: 70.0 s, 1998.0 tps, lat 8.008 ms stddev 0.898, 0 failed
progress: 75.0 s, 1744.6 tps, lat 9.168 ms stddev 1.936, 0 failed
progress: 80.0 s, 1785.0 tps, lat 8.963 ms stddev 1.132, 0 failed
progress: 85.0 s, 1798.4 tps, lat 8.897 ms stddev 1.087, 0 failed
progress: 90.0 s, 1780.0 tps, lat 8.989 ms stddev 1.343, 0 failed
progress: 95.0 s, 1644.2 tps, lat 9.729 ms stddev 2.295, 0 failed
progress: 100.0 s, 1846.2 tps, lat 8.669 ms stddev 1.250, 0 failed
progress: 105.0 s, 1823.6 tps, lat 8.771 ms stddev 1.108, 0 failed
progress: 110.0 s, 1852.8 tps, lat 8.636 ms stddev 0.947, 0 failed
progress: 115.0 s, 1810.0 tps, lat 8.839 ms stddev 1.166, 0 failed
progress: 120.0 s, 1832.2 tps, lat 8.732 ms stddev 0.965, 0 failed
progress: 125.0 s, 1847.6 tps, lat 8.658 ms stddev 1.090, 0 failed
progress: 130.0 s, 1863.2 tps, lat 8.587 ms stddev 0.946, 0 failed
progress: 135.0 s, 1789.0 tps, lat 8.943 ms stddev 1.251, 0 failed
progress: 140.0 s, 1854.8 tps, lat 8.624 ms stddev 1.018, 0 failed
progress: 145.0 s, 1784.8 tps, lat 8.963 ms stddev 1.111, 0 failed
progress: 150.0 s, 1793.2 tps, lat 8.926 ms stddev 1.144, 0 failed
progress: 155.0 s, 1799.0 tps, lat 8.888 ms stddev 1.244, 0 failed
progress: 160.0 s, 1783.4 tps, lat 8.973 ms stddev 1.266, 0 failed
progress: 165.0 s, 1865.4 tps, lat 8.580 ms stddev 0.945, 0 failed
progress: 170.0 s, 1827.8 tps, lat 8.751 ms stddev 1.218, 0 failed
progress: 175.0 s, 1868.4 tps, lat 8.563 ms stddev 1.319, 0 failed
progress: 180.0 s, 1781.6 tps, lat 8.979 ms stddev 1.562, 0 failed
transaction type: <builtin: TPC-B (sort of)>
scaling factor: 10
query mode: simple
number of clients: 16
number of threads: 1
maximum number of tries: 1
duration: 180 s
number of transactions actually processed: 331783
number of failed transactions: 0 (0.000%)
latency average = 8.679 ms
latency stddev = 1.366 ms
initial connection time = 41.435 ms
tps = 1843.084653 (without initial connection time)
statement latencies in milliseconds and failures:
         0.001           0 \set aid random(1, 100000 * :scale)
         0.000           0 \set bid random(1, 1 * :scale)
         0.000           0 \set tid random(1, 10 * :scale)
         0.000           0 \set delta random(-5000, 5000)
         0.384           0 BEGIN;
         0.310           0 UPDATE pgbench_accounts SET abalance = abalance + :delta WHERE aid = :aid;
         1.592           0 SELECT abalance FROM pgbench_accounts WHERE aid = :aid;
         1.486           0 UPDATE pgbench_tellers SET tbalance = tbalance + :delta WHERE tid = :tid;
         2.403           0 UPDATE pgbench_branches SET bbalance = bbalance + :delta WHERE bid = :bid;
         0.922           0 INSERT INTO pgbench_history (tid, bid, aid, delta, mtime) VALUES (:tid, :bid, :aid, :delta, CURRENT_TIMESTAMP);
         1.579           0 END;

------------------------------------------------------------
=== Running Mixed OLTP: Clients=32, Threads=1, Duration=180s ===
------------------------------------------------------------
pgbench (18.6 (Debian 18.6-1.pgdg12+2))
starting vacuum...end.
progress: 5.0 s, 1404.0 tps, lat 22.378 ms stddev 4.568, 0 failed
progress: 10.0 s, 1402.0 tps, lat 22.810 ms stddev 4.206, 0 failed
progress: 15.0 s, 1439.0 tps, lat 22.252 ms stddev 3.036, 0 failed
progress: 20.0 s, 1516.2 tps, lat 21.105 ms stddev 2.575, 0 failed
progress: 25.0 s, 1544.4 tps, lat 20.720 ms stddev 2.742, 0 failed
progress: 30.0 s, 1413.8 tps, lat 22.629 ms stddev 2.794, 0 failed
progress: 35.0 s, 1273.0 tps, lat 25.107 ms stddev 5.535, 0 failed
progress: 40.0 s, 1487.4 tps, lat 21.545 ms stddev 4.298, 0 failed
progress: 45.0 s, 1530.8 tps, lat 20.897 ms stddev 3.273, 0 failed
progress: 50.0 s, 1573.4 tps, lat 20.342 ms stddev 2.710, 0 failed
progress: 55.0 s, 1554.8 tps, lat 20.583 ms stddev 3.001, 0 failed
progress: 60.0 s, 1523.4 tps, lat 21.004 ms stddev 2.954, 0 failed
progress: 65.0 s, 1529.4 tps, lat 20.917 ms stddev 2.928, 0 failed
progress: 70.0 s, 1414.2 tps, lat 22.622 ms stddev 4.701, 0 failed
progress: 75.0 s, 1526.0 tps, lat 20.981 ms stddev 3.135, 0 failed
progress: 80.0 s, 1295.0 tps, lat 24.686 ms stddev 4.609, 0 failed
progress: 85.0 s, 1244.0 tps, lat 25.735 ms stddev 3.279, 0 failed
progress: 90.0 s, 1400.4 tps, lat 22.839 ms stddev 3.921, 0 failed
progress: 95.0 s, 1472.2 tps, lat 21.746 ms stddev 3.192, 0 failed
progress: 100.0 s, 1438.8 tps, lat 22.233 ms stddev 3.085, 0 failed
progress: 105.0 s, 1421.8 tps, lat 22.507 ms stddev 2.797, 0 failed
progress: 110.0 s, 1445.8 tps, lat 22.118 ms stddev 4.017, 0 failed
progress: 115.0 s, 1490.6 tps, lat 21.494 ms stddev 2.940, 0 failed
progress: 120.0 s, 1483.8 tps, lat 21.565 ms stddev 2.544, 0 failed
progress: 125.0 s, 1511.2 tps, lat 21.176 ms stddev 2.735, 0 failed
progress: 130.0 s, 1439.4 tps, lat 22.231 ms stddev 2.980, 0 failed
progress: 135.0 s, 1532.2 tps, lat 20.871 ms stddev 2.501, 0 failed
progress: 140.0 s, 1550.6 tps, lat 20.641 ms stddev 2.536, 0 failed
progress: 145.0 s, 1512.6 tps, lat 21.155 ms stddev 2.640, 0 failed
progress: 150.0 s, 1386.8 tps, lat 23.065 ms stddev 2.900, 0 failed
progress: 155.0 s, 1344.2 tps, lat 23.818 ms stddev 3.469, 0 failed
progress: 160.0 s, 1460.8 tps, lat 21.904 ms stddev 3.086, 0 failed
progress: 165.0 s, 1430.6 tps, lat 22.366 ms stddev 3.335, 0 failed
progress: 170.0 s, 1469.0 tps, lat 21.775 ms stddev 2.880, 0 failed
progress: 175.0 s, 1547.2 tps, lat 20.686 ms stddev 2.816, 0 failed
progress: 180.0 s, 1434.8 tps, lat 22.302 ms stddev 3.234, 0 failed
transaction type: <builtin: TPC-B (sort of)>
scaling factor: 10
query mode: simple
number of clients: 32
number of threads: 1
maximum number of tries: 1
duration: 180 s
number of transactions actually processed: 262250
number of failed transactions: 0 (0.000%)
latency average = 21.960 ms
latency stddev = 3.587 ms
initial connection time = 79.718 ms
tps = 1456.567986 (without initial connection time)
statement latencies in milliseconds and failures:
         0.001           0 \set aid random(1, 100000 * :scale)
         0.000           0 \set bid random(1, 1 * :scale)
         0.000           0 \set tid random(1, 10 * :scale)
         0.000           0 \set delta random(-5000, 5000)
         0.996           0 BEGIN;
         0.672           0 UPDATE pgbench_accounts SET abalance = abalance + :delta WHERE aid = :aid;
         3.757           0 SELECT abalance FROM pgbench_accounts WHERE aid = :aid;
         4.345           0 UPDATE pgbench_tellers SET tbalance = tbalance + :delta WHERE tid = :tid;
         7.475           0 UPDATE pgbench_branches SET bbalance = bbalance + :delta WHERE bid = :bid;
         1.572           0 INSERT INTO pgbench_history (tid, bid, aid, delta, mtime) VALUES (:tid, :bid, :aid, :delta, CURRENT_TIMESTAMP);
         3.140           0 END;

=========================================
=== T052 COMPLETE ===
=========================================
