=========================================
=== CBP-1.0 / T001: SYSTEM CHARACTERIZATION ===
=== Timestamp (UTC): 2026-09-14 03:57:36 UTC ===
=========================================

--- UNAME ---
Linux db-vm 6.1.0-53-cloud-amd64 #1 SMP PREEMPT_DYNAMIC Debian 6.1.187-1 (2026-09-07) x86_64 GNU/Linux

--- OS RELEASE ---
PRETTY_NAME="Debian GNU/Linux 12 (bookworm)"
NAME="Debian GNU/Linux"
VERSION_ID="12"
VERSION="12 (bookworm)"
VERSION_CODENAME=bookworm
ID=debian
HOME_URL="https://www.debian.org/"
SUPPORT_URL="https://www.debian.org/support"
BUG_REPORT_URL="https://bugs.debian.org/"

--- CPU ARCHITECTURE & DETAILS (lscpu) ---
Architecture:                            x86_64
CPU op-mode(s):                          32-bit, 64-bit
Address sizes:                           46 bits physical, 48 bits virtual
Byte Order:                              Little Endian
CPU(s):                                  2
On-line CPU(s) list:                     0,1
Vendor ID:                               GenuineIntel
Model name:                              Intel(R) Xeon(R) CPU @ 2.20GHz
CPU family:                              6
Model:                                   79
Thread(s) per core:                      2
Core(s) per socket:                      1
Socket(s):                               1
Stepping:                                0
BogoMIPS:                                4399.99
Flags:                                   fpu vme de pse tsc msr pae mce cx8 apic sep mtrr pge mca cmov pat pse36 clflush mmx fxsr sse sse2 ss ht syscall nx pdpe1gb rdtscp lm constant_tsc rep_good nopl xtopology nonstop_tsc cpuid tsc_known_freq pni pclmulqdq ssse3 fma cx16 pcid sse4_1 sse4_2 x2apic movbe popcnt aes xsave avx f16c rdrand hypervisor lahf_lm abm 3dnowprefetch invpcid_single pti ssbd ibrs ibpb stibp fsgsbase tsc_adjust bmi1 hle avx2 smep bmi2 erms invpcid rtm rdseed adx smap xsaveopt arat md_clear arch_capabilities
Hypervisor vendor:                       KVM
Virtualization type:                     full
L1d cache:                               32 KiB (1 instance)
L1i cache:                               32 KiB (1 instance)
L2 cache:                                256 KiB (1 instance)
L3 cache:                                55 MiB (1 instance)
NUMA node(s):                            1
NUMA node0 CPU(s):                       0,1
Vulnerability Gather data sampling:      Not affected
Vulnerability Indirect target selection: Mitigation; Aligned branch/return thunks
Vulnerability Itlb multihit:             Not affected
Vulnerability L1tf:                      Mitigation; PTE Inversion
Vulnerability Mds:                       Mitigation; Clear CPU buffers; SMT Host state unknown
Vulnerability Meltdown:                  Mitigation; PTI
Vulnerability Mmio stale data:           Vulnerable: Clear CPU buffers attempted, no microcode; SMT Host state unknown
Vulnerability Reg file data sampling:    Not affected
Vulnerability Retbleed:                  Mitigation; IBRS
Vulnerability Spec rstack overflow:      Not affected
Vulnerability Spec store bypass:         Mitigation; Speculative Store Bypass disabled via prctl
Vulnerability Spectre v1:                Mitigation; usercopy/swapgs barriers and __user pointer sanitization
Vulnerability Spectre v2:                Mitigation; IBRS; IBPB conditional; STIBP conditional; RSB filling; PBRSB-eIBRS Not affected; BHI SW loop, KVM SW loop
Vulnerability Srbds:                     Not affected
Vulnerability Tsa:                       Not affected
Vulnerability Tsx async abort:           Mitigation; Clear CPU buffers; SMT Host state unknown
Vulnerability Vmscape:                   Not affected

--- DETECTED CORES (nproc) ---
2

--- MEMORY (free -h) ---
               total        used        free      shared  buff/cache   available
Mem:           969Mi       453Mi       287Mi       108Mi       484Mi       516Mi
Swap:          2.0Gi        91Mi       1.9Gi

--- MEMORY DETAILED (cat /proc/meminfo) ---
MemTotal:         993232 kB
MemFree:          294524 kB
MemAvailable:     528836 kB
Buffers:           27108 kB
Cached:           423104 kB
SwapCached:        14148 kB
Active:           274400 kB
Inactive:         276056 kB
Active(anon):      88312 kB
Inactive(anon):   123444 kB
Active(file):     186088 kB
Inactive(file):   152612 kB
Unevictable:           0 kB
Mlocked:               0 kB
SwapTotal:       2097148 kB
SwapFree:        2003580 kB
Dirty:               412 kB
Writeback:             0 kB
AnonPages:         94852 kB
Mapped:           178872 kB
Shmem:            111580 kB
KReclaimable:      46072 kB
Slab:              73612 kB
SReclaimable:      46072 kB
SUnreclaim:        27540 kB

--- BLOCK DEVICES (lsblk) ---
NAME     SIZE TYPE FSTYPE MOUNTPOINTS ROTA MODEL          DISC-MAX DISC-ZERO
sda       30G disk                       1 PersistentDisk       4G         0
├─sda1  29.9G part ext4   /              1                      4G         0
├─sda14    3M part                       1                      4G         0
└─sda15  124M part vfat   /boot/efi      1                      4G         0

--- FILESYSTEM DISK USAGE (df -hT) ---
Filesystem     Type      Size  Used Avail Use% Mounted on
udev           devtmpfs  447M     0  447M   0% /dev
tmpfs          tmpfs      97M  500K   97M   1% /run
/dev/sda1      ext4       30G  5.5G   23G  20% /
tmpfs          tmpfs     485M  1.1M  484M   1% /dev/shm
tmpfs          tmpfs     5.0M     0  5.0M   0% /run/lock
efivarfs       efivarfs  256K   26K  226K  11% /sys/firmware/efi/efivars
/dev/sda15     vfat      124M   12M  112M  10% /boot/efi
tmpfs          tmpfs      97M     0   97M   0% /run/user/1000
tmpfs          tmpfs      97M     0   97M   0% /run/user/1001

--- MOUNT DETAILS ---
/dev/sda1 on / type ext4 (rw,relatime,discard,errors=remount-ro)
/dev/sda15 on /boot/efi type vfat (rw,relatime,fmask=0022,dmask=0022,codepage=437,iocharset=ascii,shortname=mixed,utf8,errors=remount-ro)

--- VIRTUALIZATION DETECTION ---
google

--- DMI SYSTEM INFO (dmidecode proxy if readable) ---
Product Name: Google Compute Engine
Sys Vendor:   Google
BIOS Version: Google

=========================================
=== T001 CHARACTERIZATION COMPLETE ===
=========================================
