=========================================
=== CBP-1.0 / T011: CPU MULTI-THREAD (2 CORES) ===
=== Timestamp (UTC): 2026-09-14 04:02:46 UTC ===
=========================================
Running sysbench CPU test (threads=2, max-prime=20000, time=60s)...
sysbench 1.0.20 (using system LuaJIT 2.1.0-beta3)

Running the test with following options:
Number of threads: 2
Initializing random number generator from current time


Prime numbers limit: 20000

Initializing worker threads...

Threads started!

CPU speed:
    events per second:   117.83

General statistics:
    total time:                          60.0025s
    total number of events:              7070

Latency (ms):
         min:                                    2.90
         avg:                                   16.97
         max:                                  231.71
         95th percentile:                      223.34
         sum:                               119994.00

Threads fairness:
    events (avg/stddev):           3535.0000/4.00
    execution time (avg/stddev):   59.9970/0.00

=========================================
=== T011 COMPLETE ===
=========================================
