=========================================
=== CBP-1.0 / T032: RANDOM STORAGE IOPS & LATENCY ===
=== Timestamp (UTC): 2026-09-14 04:13:03 UTC ===
=========================================

--- Part 1: Random Read (4K, iodepth=32, numjobs=4) ---
rand_read: (g=0): rw=randread, bs=(R) 4096B-4096B, (W) 4096B-4096B, (T) 4096B-4096B, ioengine=libaio, iodepth=32
...
fio-3.33
Starting 4 processes
rand_read: Laying out IO file (1 file / 4096MiB)

rand_read: (groupid=0, jobs=4): err= 0: pid=50413: Mon Sep 14 04:14:45 2026
  read: IOPS=152, BW=612KiB/s (626kB/s)(36.4MiB/60856msec)
    slat (usec): min=5, max=590, avg=47.16, stdev=18.35
    clat (msec): min=13, max=1690, avg=836.23, stdev=122.74
     lat (msec): min=13, max=1690, avg=836.27, stdev=122.74
    clat percentiles (msec):
     |  1.00th=[   79],  5.00th=[  818], 10.00th=[  827], 20.00th=[  835],
     | 30.00th=[  835], 40.00th=[  844], 50.00th=[  844], 60.00th=[  852],
     | 70.00th=[  852], 80.00th=[  860], 90.00th=[  869], 95.00th=[  877],
     | 99.00th=[ 1053], 99.50th=[ 1351], 99.90th=[ 1603], 99.95th=[ 1620],
     | 99.99th=[ 1687]
   bw (  KiB/s): min=  440, max= 1592, per=100.00%, avg=612.27, stdev=29.00, samples=480
   iops        : min=  110, max=  398, avg=153.07, stdev= 7.25, samples=480
  lat (msec)   : 20=0.01%, 50=0.37%, 100=1.05%, 250=0.40%, 500=0.45%
  lat (msec)   : 750=0.43%, 1000=96.19%, 2000=1.11%
  cpu          : usr=0.12%, sys=0.28%, ctx=9241, majf=0, minf=172
  IO depths    : 1=0.1%, 2=0.1%, 4=0.2%, 8=0.3%, 16=0.7%, 32=98.7%, >=64=0.0%
     submit    : 0=0.0%, 4=100.0%, 8=0.0%, 16=0.0%, 32=0.0%, 64=0.0%, >=64=0.0%
     complete  : 0=0.0%, 4=100.0%, 8=0.0%, 16=0.0%, 32=0.1%, 64=0.0%, >=64=0.0%
     issued rwts: total=9308,0,0,0 short=0,0,0,0 dropped=0,0,0,0
     latency   : target=0, window=0, percentile=100.00%, depth=32

Run status group 0 (all jobs):
   READ: bw=612KiB/s (626kB/s), 612KiB/s-612KiB/s (626kB/s-626kB/s), io=36.4MiB (38.1MB), run=60856-60856msec

Disk stats (read/write):
  sda: ios=9283/7, merge=0/2, ticks=7712051/5895, in_queue=7717946, util=98.50%

--- Part 2: Random Write (4K, iodepth=32, numjobs=4) ---
rand_write: (g=0): rw=randwrite, bs=(R) 4096B-4096B, (W) 4096B-4096B, (T) 4096B-4096B, ioengine=libaio, iodepth=32
...
fio-3.33
Starting 4 processes

rand_write: (groupid=0, jobs=4): err= 0: pid=50440: Mon Sep 14 04:15:46 2026
  write: IOPS=304, BW=1218KiB/s (1247kB/s)(71.9MiB/60413msec); 0 zone resets
    slat (usec): min=3, max=437317, avg=892.34, stdev=17613.52
    clat (usec): min=503, max=854057, avg=419065.01, stdev=106441.98
     lat (usec): min=513, max=854108, avg=419957.35, stdev=105541.01
    clat percentiles (msec):
     |  1.00th=[    3],  5.00th=[  203], 10.00th=[  418], 20.00th=[  422],
     | 30.00th=[  422], 40.00th=[  422], 50.00th=[  426], 60.00th=[  426],
     | 70.00th=[  426], 80.00th=[  426], 90.00th=[  435], 95.00th=[  575],
     | 99.00th=[  793], 99.50th=[  818], 99.90th=[  844], 99.95th=[  844],
     | 99.99th=[  852]
   bw (  KiB/s): min= 1000, max= 2753, per=99.92%, avg=1217.96, stdev=60.02, samples=480
   iops        : min=  250, max=  688, avg=304.45, stdev=15.00, samples=480
  lat (usec)   : 750=0.03%, 1000=0.02%
  lat (msec)   : 2=0.67%, 4=0.37%, 10=0.15%, 20=0.18%, 50=0.59%
  lat (msec)   : 100=0.98%, 250=2.94%, 500=87.61%, 750=4.70%, 1000=1.76%
  cpu          : usr=0.20%, sys=0.48%, ctx=16914, majf=0, minf=42
  IO depths    : 1=0.1%, 2=0.1%, 4=0.1%, 8=0.2%, 16=0.3%, 32=99.3%, >=64=0.0%
     submit    : 0=0.0%, 4=100.0%, 8=0.0%, 16=0.0%, 32=0.0%, 64=0.0%, >=64=0.0%
     complete  : 0=0.0%, 4=100.0%, 8=0.0%, 16=0.0%, 32=0.1%, 64=0.0%, >=64=0.0%
     issued rwts: total=0,18396,0,0 short=0,0,0,0 dropped=0,0,0,0
     latency   : target=0, window=0, percentile=100.00%, depth=32

Run status group 0 (all jobs):
  WRITE: bw=1218KiB/s (1247kB/s), 1218KiB/s-1218KiB/s (1247kB/s-1247kB/s), io=71.9MiB (75.3MB), run=60413-60413msec

Disk stats (read/write):
  sda: ios=25/18455, merge=0/27, ticks=10058/7425590, in_queue=7435648, util=97.23%

--- Part 3: Mixed Random 70/30 (4K, iodepth=32, numjobs=4) ---
rand_rw7030: (g=0): rw=randrw, bs=(R) 4096B-4096B, (W) 4096B-4096B, (T) 4096B-4096B, ioengine=libaio, iodepth=32
...
fio-3.33
Starting 4 processes

rand_rw7030: (groupid=0, jobs=4): err= 0: pid=50470: Mon Sep 14 04:16:47 2026
  read: IOPS=124, BW=497KiB/s (509kB/s)(29.5MiB/60721msec)
    slat (usec): min=3, max=737588, avg=1646.63, stdev=31974.50
    clat (usec): min=1252, max=1463.5k, avg=711851.82, stdev=219633.77
     lat (msec): min=3, max=1463, avg=713.50, stdev=216.86
    clat percentiles (msec):
     |  1.00th=[   50],  5.00th=[  241], 10.00th=[  493], 20.00th=[  693],
     | 30.00th=[  701], 40.00th=[  709], 50.00th=[  718], 60.00th=[  726],
     | 70.00th=[  735], 80.00th=[  743], 90.00th=[  885], 95.00th=[ 1167],
     | 99.00th=[ 1368], 99.50th=[ 1401], 99.90th=[ 1452], 99.95th=[ 1452],
     | 99.99th=[ 1469]
   bw (  KiB/s): min=   32, max= 1360, per=100.00%, avg=514.37, stdev=68.84, samples=464
   iops        : min=    8, max=  340, avg=128.50, stdev=17.21, samples=464
  write: IOPS=55, BW=220KiB/s (226kB/s)(13.1MiB/60721msec); 0 zone resets
    slat (usec): min=4, max=733498, avg=4389.96, stdev=52697.70
    clat (usec): min=889, max=1427.0k, avg=703934.92, stdev=216899.49
     lat (usec): min=894, max=1427.2k, avg=708324.88, stdev=212635.33
    clat percentiles (msec):
     |  1.00th=[   32],  5.00th=[  224], 10.00th=[  464], 20.00th=[  693],
     | 30.00th=[  701], 40.00th=[  709], 50.00th=[  718], 60.00th=[  726],
     | 70.00th=[  735], 80.00th=[  743], 90.00th=[  860], 95.00th=[ 1116],
     | 99.00th=[ 1351], 99.50th=[ 1385], 99.90th=[ 1418], 99.95th=[ 1418],
     | 99.99th=[ 1435]
   bw (  KiB/s): min=   29, max=  584, per=100.00%, avg=240.56, stdev=32.97, samples=440
   iops        : min=    5, max=  146, avg=60.04, stdev= 8.25, samples=440
  lat (usec)   : 1000=0.01%
  lat (msec)   : 2=0.07%, 4=0.23%, 10=0.08%, 20=0.13%, 50=0.73%
  lat (msec)   : 100=1.06%, 250=3.02%, 500=5.11%, 750=74.17%, 1000=7.71%
  lat (msec)   : 2000=7.66%
  cpu          : usr=0.13%, sys=0.35%, ctx=9574, majf=0, minf=51
  IO depths    : 1=0.1%, 2=0.1%, 4=0.1%, 8=0.3%, 16=0.6%, 32=98.9%, >=64=0.0%
     submit    : 0=0.0%, 4=100.0%, 8=0.0%, 16=0.0%, 32=0.0%, 64=0.0%, >=64=0.0%
     complete  : 0=0.0%, 4=100.0%, 8=0.0%, 16=0.0%, 32=0.1%, 64=0.0%, >=64=0.0%
     issued rwts: total=7548,3347,0,0 short=0,0,0,0 dropped=0,0,0,0
     latency   : target=0, window=0, percentile=100.00%, depth=32

Run status group 0 (all jobs):
   READ: bw=497KiB/s (509kB/s), 497KiB/s-497KiB/s (509kB/s-509kB/s), io=29.5MiB (30.9MB), run=60721-60721msec
  WRITE: bw=220KiB/s (226kB/s), 220KiB/s-220KiB/s (226kB/s-226kB/s), io=13.1MiB (13.7MB), run=60721-60721msec

Disk stats (read/write):
  sda: ios=7537/3367, merge=0/12, ticks=5025072/2220930, in_queue=7246002, util=98.04%

=========================================
=== T032 COMPLETE ===
=========================================
