=========================================
=== CBP-1.0 / T011: CPU MULTI-THREAD (4 CORES) ===
=== Timestamp (UTC): 2026-09-13 18:44:11 UTC ===
=========================================
Running sysbench CPU test (threads=4, max-prime=20000, time=60s)...
sysbench 1.0.20 (using system LuaJIT 2.1.0-beta3)

Running the test with following options:
Number of threads: 4
Initializing random number generator from current time


Prime numbers limit: 20000

Initializing worker threads...

Threads started!

CPU speed:
    events per second:  5412.28

General statistics:
    total time:                          60.0007s
    total number of events:              324745

Latency (ms):
         min:                                    0.71
         avg:                                    0.74
         max:                                   11.11
         95th percentile:                        0.75
         sum:                               239849.06

Threads fairness:
    events (avg/stddev):           81186.2500/56.62
    execution time (avg/stddev):   59.9623/0.00

=========================================
=== T011 COMPLETE ===
=========================================
