=========================================
=== CBP-1.0 / T020: MEMORY PERFORMANCE ===
=== Timestamp (UTC): 2026-09-13 18:50:14 UTC ===
=========================================

--- Part 1: Memory Write Throughput (threads=4) ---
sysbench 1.0.20 (using system LuaJIT 2.1.0-beta3)

Running the test with following options:
Number of threads: 4
Initializing random number generator from current time


Running memory speed test with the following options:
  block size: 1024KiB
  total size: 65536MiB
  operation: write
  scope: global

Initializing worker threads...

Threads started!

Total operations: 65536 (18633.78 per second)

65536.00 MiB transferred (18633.78 MiB/sec)


General statistics:
    total time:                          3.5162s
    total number of events:              65536

Latency (ms):
         min:                                    0.04
         avg:                                    0.20
         max:                                    3.78
         95th percentile:                        0.56
         sum:                                13390.90

Threads fairness:
    events (avg/stddev):           16384.0000/0.00
    execution time (avg/stddev):   3.3477/0.13


--- Part 2: Memory Read Throughput (threads=4) ---
sysbench 1.0.20 (using system LuaJIT 2.1.0-beta3)

Running the test with following options:
Number of threads: 4
Initializing random number generator from current time


Running memory speed test with the following options:
  block size: 1024KiB
  total size: 65536MiB
  operation: read
  scope: global

Initializing worker threads...

Threads started!

Total operations: 65536 (156755.70 per second)

65536.00 MiB transferred (156755.70 MiB/sec)


General statistics:
    total time:                          0.4172s
    total number of events:              65536

Latency (ms):
         min:                                    0.02
         avg:                                    0.02
         max:                                    2.08
         95th percentile:                        0.03
         sum:                                 1629.67

Threads fairness:
    events (avg/stddev):           16384.0000/0.00
    execution time (avg/stddev):   0.4074/0.00


=========================================
=== T020 COMPLETE ===
=========================================
