=========================================
=== CBP-1.0 / T051: POSTGRESQL INIT SCALE 10 ===
=== Timestamp (UTC): 2026-09-13 18:56:52 UTC ===
=========================================
Initializing pgbench database (scale 10) on database 'cloudmark'...
dropping old tables...
NOTICE:  table "pgbench_accounts" does not exist, skipping
NOTICE:  table "pgbench_branches" does not exist, skipping
NOTICE:  table "pgbench_history" does not exist, skipping
NOTICE:  table "pgbench_tellers" does not exist, skipping
creating tables...
generating data (client-side)...
100000 of 1000000 tuples (10%) of pgbench_accounts done (elapsed 0.09 s, remaining 0.82 s)
200000 of 1000000 tuples (20%) of pgbench_accounts done (elapsed 0.19 s, remaining 0.78 s)
300000 of 1000000 tuples (30%) of pgbench_accounts done (elapsed 0.30 s, remaining 0.71 s)
400000 of 1000000 tuples (40%) of pgbench_accounts done (elapsed 0.38 s, remaining 0.57 s)
500000 of 1000000 tuples (50%) of pgbench_accounts done (elapsed 0.49 s, remaining 0.49 s)
600000 of 1000000 tuples (60%) of pgbench_accounts done (elapsed 0.59 s, remaining 0.40 s)
700000 of 1000000 tuples (70%) of pgbench_accounts done (elapsed 0.72 s, remaining 0.31 s)
800000 of 1000000 tuples (80%) of pgbench_accounts done (elapsed 0.80 s, remaining 0.20 s)
900000 of 1000000 tuples (90%) of pgbench_accounts done (elapsed 0.90 s, remaining 0.10 s)
1000000 of 1000000 tuples (100%) of pgbench_accounts done (elapsed 0.98 s, remaining 0.00 s)
vacuuming...
creating primary keys...

--- Database & Relation Sizes ---
    table_name    | total_size | data_size  | index_size 
------------------+------------+------------+------------
 pgbench_accounts | 150 MB     | 128 MB     | 21 MB
 pgbench_branches | 56 kB      | 8192 bytes | 16 kB
 pgbench_tellers  | 56 kB      | 8192 bytes | 16 kB
 pgbench_history  | 0 bytes    | 0 bytes    | 0 bytes
(4 rows)


--- Total Database Size ---
done in 1.42 s (drop tables 0.00 s, create tables 0.00 s, client-side generate 1.03 s, vacuum 0.09 s, primary keys 0.30 s).
157 MB

=========================================
=== T051 COMPLETE ===
=========================================
