=========================================
=== CBP-1.0 / T052: MIXED OLTP SCALING (Scale 10) ===
=== Duration per test: 180s, Interval: 5s ===
=== Timestamp (UTC): 2026-09-13 18:56:54 UTC ===
=========================================

------------------------------------------------------------
=== Running Mixed OLTP: Clients=1, Threads=1, Duration=180s ===
------------------------------------------------------------
pgbench (18.6 (Ubuntu 18.6-1.pgdg24.04+2))
starting vacuum...end.
progress: 5.0 s, 1163.8 tps, lat 0.858 ms stddev 0.133, 0 failed
progress: 10.0 s, 1177.4 tps, lat 0.849 ms stddev 0.167, 0 failed
progress: 15.0 s, 1181.6 tps, lat 0.846 ms stddev 0.121, 0 failed
progress: 20.0 s, 1227.0 tps, lat 0.815 ms stddev 0.396, 0 failed
progress: 25.0 s, 1199.6 tps, lat 0.833 ms stddev 0.164, 0 failed
progress: 30.0 s, 1276.8 tps, lat 0.783 ms stddev 0.148, 0 failed
progress: 35.0 s, 1166.6 tps, lat 0.857 ms stddev 0.175, 0 failed
progress: 40.0 s, 1227.2 tps, lat 0.814 ms stddev 0.132, 0 failed
progress: 45.0 s, 1144.0 tps, lat 0.874 ms stddev 0.172, 0 failed
progress: 50.0 s, 1247.0 tps, lat 0.801 ms stddev 0.356, 0 failed
progress: 55.0 s, 1139.6 tps, lat 0.877 ms stddev 0.165, 0 failed
progress: 60.0 s, 1145.2 tps, lat 0.873 ms stddev 0.125, 0 failed
progress: 65.0 s, 1159.6 tps, lat 0.862 ms stddev 0.141, 0 failed
progress: 70.0 s, 1098.0 tps, lat 0.910 ms stddev 0.386, 0 failed
progress: 75.0 s, 1121.0 tps, lat 0.891 ms stddev 0.536, 0 failed
progress: 80.0 s, 1148.4 tps, lat 0.870 ms stddev 0.527, 0 failed
progress: 85.0 s, 1199.0 tps, lat 0.834 ms stddev 0.367, 0 failed
progress: 90.0 s, 1135.4 tps, lat 0.880 ms stddev 0.633, 0 failed
progress: 95.0 s, 1205.0 tps, lat 0.829 ms stddev 0.167, 0 failed
progress: 100.0 s, 1232.0 tps, lat 0.811 ms stddev 0.140, 0 failed
progress: 105.0 s, 1256.8 tps, lat 0.795 ms stddev 0.138, 0 failed
progress: 110.0 s, 1191.6 tps, lat 0.839 ms stddev 0.361, 0 failed
progress: 115.0 s, 1151.6 tps, lat 0.868 ms stddev 0.154, 0 failed
progress: 120.0 s, 1227.6 tps, lat 0.814 ms stddev 0.121, 0 failed
progress: 125.0 s, 1282.6 tps, lat 0.779 ms stddev 0.122, 0 failed
progress: 130.0 s, 1213.6 tps, lat 0.824 ms stddev 0.114, 0 failed
progress: 135.0 s, 1277.2 tps, lat 0.782 ms stddev 0.166, 0 failed
progress: 140.0 s, 1193.2 tps, lat 0.838 ms stddev 0.129, 0 failed
progress: 145.0 s, 1276.4 tps, lat 0.783 ms stddev 0.350, 0 failed
progress: 150.0 s, 1304.6 tps, lat 0.766 ms stddev 0.121, 0 failed
progress: 155.0 s, 1263.6 tps, lat 0.791 ms stddev 0.099, 0 failed
progress: 160.0 s, 1146.6 tps, lat 0.872 ms stddev 0.113, 0 failed
progress: 165.0 s, 1157.8 tps, lat 0.863 ms stddev 0.126, 0 failed
progress: 170.0 s, 1239.0 tps, lat 0.807 ms stddev 0.151, 0 failed
progress: 175.0 s, 1146.8 tps, lat 0.871 ms stddev 0.387, 0 failed
progress: 180.0 s, 1150.4 tps, lat 0.869 ms stddev 0.115, 0 failed
transaction type: <builtin: TPC-B (sort of)>
scaling factor: 10
query mode: simple
number of clients: 1
number of threads: 1
maximum number of tries: 1
duration: 180 s
number of transactions actually processed: 215369
number of failed transactions: 0 (0.000%)
latency average = 0.835 ms
latency stddev = 0.261 ms
initial connection time = 4.992 ms
tps = 1196.525341 (without initial connection time)
statement latencies in milliseconds and failures:
         0.001           0 \set aid random(1, 100000 * :scale)
         0.000           0 \set bid random(1, 1 * :scale)
         0.000           0 \set tid random(1, 10 * :scale)
         0.000           0 \set delta random(-5000, 5000)
         0.049           0 BEGIN;
         0.130           0 UPDATE pgbench_accounts SET abalance = abalance + :delta WHERE aid = :aid;
         0.099           0 SELECT abalance FROM pgbench_accounts WHERE aid = :aid;
         0.106           0 UPDATE pgbench_tellers SET tbalance = tbalance + :delta WHERE tid = :tid;
         0.099           0 UPDATE pgbench_branches SET bbalance = bbalance + :delta WHERE bid = :bid;
         0.077           0 INSERT INTO pgbench_history (tid, bid, aid, delta, mtime) VALUES (:tid, :bid, :aid, :delta, CURRENT_TIMESTAMP);
         0.274           0 END;

------------------------------------------------------------
=== Running Mixed OLTP: Clients=4, Threads=4, Duration=180s ===
------------------------------------------------------------
pgbench (18.6 (Ubuntu 18.6-1.pgdg24.04+2))
starting vacuum...end.
progress: 5.0 s, 3056.0 tps, lat 1.306 ms stddev 0.315, 0 failed
progress: 10.0 s, 3198.7 tps, lat 1.250 ms stddev 0.289, 0 failed
progress: 15.0 s, 3013.7 tps, lat 1.326 ms stddev 0.506, 0 failed
progress: 20.0 s, 3154.1 tps, lat 1.268 ms stddev 0.301, 0 failed
progress: 25.0 s, 3064.4 tps, lat 1.305 ms stddev 0.513, 0 failed
progress: 30.0 s, 3384.2 tps, lat 1.181 ms stddev 0.279, 0 failed
progress: 35.0 s, 3293.2 tps, lat 1.214 ms stddev 0.526, 0 failed
progress: 40.0 s, 3177.8 tps, lat 1.258 ms stddev 0.307, 0 failed
progress: 45.0 s, 3106.0 tps, lat 1.287 ms stddev 0.311, 0 failed
progress: 50.0 s, 2984.4 tps, lat 1.340 ms stddev 0.539, 0 failed
progress: 55.0 s, 3120.6 tps, lat 1.281 ms stddev 0.301, 0 failed
progress: 60.0 s, 3252.0 tps, lat 1.229 ms stddev 0.500, 0 failed
progress: 65.0 s, 3640.0 tps, lat 1.098 ms stddev 0.271, 0 failed
progress: 70.0 s, 3558.2 tps, lat 1.124 ms stddev 0.485, 0 failed
progress: 75.0 s, 3082.4 tps, lat 1.297 ms stddev 0.292, 0 failed
progress: 80.0 s, 3218.1 tps, lat 1.242 ms stddev 0.292, 0 failed
progress: 85.0 s, 3162.2 tps, lat 1.264 ms stddev 0.546, 0 failed
progress: 90.0 s, 3051.6 tps, lat 1.310 ms stddev 0.536, 0 failed
progress: 95.0 s, 3141.1 tps, lat 1.273 ms stddev 0.315, 0 failed
progress: 100.0 s, 3112.0 tps, lat 1.285 ms stddev 0.317, 0 failed
progress: 105.0 s, 3010.2 tps, lat 1.328 ms stddev 0.565, 0 failed
progress: 110.0 s, 2980.6 tps, lat 1.341 ms stddev 0.318, 0 failed
progress: 115.0 s, 3115.0 tps, lat 1.283 ms stddev 0.670, 0 failed
progress: 120.0 s, 3232.8 tps, lat 1.237 ms stddev 0.290, 0 failed
progress: 125.0 s, 3167.0 tps, lat 1.262 ms stddev 0.552, 0 failed
progress: 130.0 s, 3243.0 tps, lat 1.233 ms stddev 0.292, 0 failed
progress: 135.0 s, 3360.8 tps, lat 1.190 ms stddev 0.462, 0 failed
progress: 140.0 s, 3401.2 tps, lat 1.175 ms stddev 0.258, 0 failed
progress: 145.0 s, 3272.9 tps, lat 1.222 ms stddev 0.513, 0 failed
progress: 150.0 s, 3371.2 tps, lat 1.186 ms stddev 0.283, 0 failed
progress: 155.0 s, 2986.8 tps, lat 1.339 ms stddev 0.358, 0 failed
progress: 160.0 s, 2984.6 tps, lat 1.340 ms stddev 0.561, 0 failed
progress: 165.0 s, 3077.0 tps, lat 1.299 ms stddev 0.343, 0 failed
progress: 170.0 s, 3042.2 tps, lat 1.314 ms stddev 0.322, 0 failed
progress: 175.0 s, 2992.8 tps, lat 1.336 ms stddev 0.533, 0 failed
progress: 180.0 s, 3042.8 tps, lat 1.314 ms stddev 0.300, 0 failed
transaction type: <builtin: TPC-B (sort of)>
scaling factor: 10
query mode: simple
number of clients: 4
number of threads: 4
maximum number of tries: 1
duration: 180 s
number of transactions actually processed: 570261
number of failed transactions: 0 (0.000%)
latency average = 1.262 ms
latency stddev = 0.419 ms
initial connection time = 6.728 ms
tps = 3168.164154 (without initial connection time)
statement latencies in milliseconds and failures:
         0.001           0 \set aid random(1, 100000 * :scale)
         0.001           0 \set bid random(1, 1 * :scale)
         0.000           0 \set tid random(1, 10 * :scale)
         0.000           0 \set delta random(-5000, 5000)
         0.071           0 BEGIN;
         0.170           0 UPDATE pgbench_accounts SET abalance = abalance + :delta WHERE aid = :aid;
         0.142           0 SELECT abalance FROM pgbench_accounts WHERE aid = :aid;
         0.153           0 UPDATE pgbench_tellers SET tbalance = tbalance + :delta WHERE tid = :tid;
         0.194           0 UPDATE pgbench_branches SET bbalance = bbalance + :delta WHERE bid = :bid;
         0.122           0 INSERT INTO pgbench_history (tid, bid, aid, delta, mtime) VALUES (:tid, :bid, :aid, :delta, CURRENT_TIMESTAMP);
         0.407           0 END;

------------------------------------------------------------
=== Running Mixed OLTP: Clients=8, Threads=4, Duration=180s ===
------------------------------------------------------------
pgbench (18.6 (Ubuntu 18.6-1.pgdg24.04+2))
starting vacuum...end.
progress: 5.0 s, 4228.1 tps, lat 1.885 ms stddev 1.785, 0 failed
progress: 10.0 s, 4401.2 tps, lat 1.816 ms stddev 0.954, 0 failed
progress: 15.0 s, 4596.8 tps, lat 1.739 ms stddev 0.858, 0 failed
progress: 20.0 s, 4476.0 tps, lat 1.785 ms stddev 0.755, 0 failed
progress: 25.0 s, 4646.6 tps, lat 1.720 ms stddev 0.579, 0 failed
progress: 30.0 s, 4588.1 tps, lat 1.742 ms stddev 0.733, 0 failed
progress: 35.0 s, 4542.5 tps, lat 1.760 ms stddev 0.612, 0 failed
progress: 40.0 s, 4493.5 tps, lat 1.779 ms stddev 0.754, 0 failed
progress: 45.0 s, 4623.3 tps, lat 1.729 ms stddev 0.746, 0 failed
progress: 50.0 s, 4468.0 tps, lat 1.789 ms stddev 0.588, 0 failed
progress: 55.0 s, 4469.6 tps, lat 1.788 ms stddev 0.782, 0 failed
progress: 60.0 s, 4487.6 tps, lat 1.781 ms stddev 0.586, 0 failed
progress: 65.0 s, 4592.5 tps, lat 1.740 ms stddev 0.748, 0 failed
progress: 70.0 s, 4613.3 tps, lat 1.733 ms stddev 0.745, 0 failed
progress: 75.0 s, 4711.9 tps, lat 1.696 ms stddev 0.551, 0 failed
progress: 80.0 s, 4436.2 tps, lat 1.802 ms stddev 0.811, 0 failed
progress: 85.0 s, 4592.2 tps, lat 1.741 ms stddev 0.567, 0 failed
progress: 90.0 s, 4616.2 tps, lat 1.732 ms stddev 0.774, 0 failed
progress: 95.0 s, 4706.9 tps, lat 1.698 ms stddev 0.749, 0 failed
progress: 100.0 s, 4648.4 tps, lat 1.720 ms stddev 0.548, 0 failed
progress: 105.0 s, 4648.6 tps, lat 1.719 ms stddev 0.718, 0 failed
progress: 110.0 s, 4560.8 tps, lat 1.752 ms stddev 0.590, 0 failed
progress: 115.0 s, 4619.2 tps, lat 1.730 ms stddev 0.735, 0 failed
progress: 120.0 s, 4529.4 tps, lat 1.765 ms stddev 0.746, 0 failed
progress: 125.0 s, 4679.6 tps, lat 1.708 ms stddev 0.577, 0 failed
progress: 130.0 s, 4732.8 tps, lat 1.689 ms stddev 0.696, 0 failed
progress: 135.0 s, 4751.6 tps, lat 1.682 ms stddev 0.533, 0 failed
progress: 140.0 s, 4529.0 tps, lat 1.765 ms stddev 0.792, 0 failed
progress: 145.0 s, 4331.3 tps, lat 1.846 ms stddev 0.796, 0 failed
progress: 150.0 s, 4622.0 tps, lat 1.729 ms stddev 0.566, 0 failed
progress: 155.0 s, 4396.3 tps, lat 1.818 ms stddev 0.829, 0 failed
progress: 160.0 s, 4494.9 tps, lat 1.778 ms stddev 0.577, 0 failed
progress: 165.0 s, 4402.4 tps, lat 1.816 ms stddev 0.770, 0 failed
progress: 170.0 s, 4492.8 tps, lat 1.779 ms stddev 0.601, 0 failed
progress: 175.0 s, 4461.1 tps, lat 1.792 ms stddev 0.794, 0 failed
progress: 180.0 s, 4453.4 tps, lat 1.795 ms stddev 0.598, 0 failed
transaction type: <builtin: TPC-B (sort of)>
scaling factor: 10
query mode: simple
number of clients: 8
number of threads: 4
maximum number of tries: 1
duration: 180 s
number of transactions actually processed: 818227
number of failed transactions: 0 (0.000%)
latency average = 1.758 ms
latency stddev = 0.752 ms
initial connection time = 13.280 ms
tps = 4545.930150 (without initial connection time)
statement latencies in milliseconds and failures:
         0.001           0 \set aid random(1, 100000 * :scale)
         0.001           0 \set bid random(1, 1 * :scale)
         0.001           0 \set tid random(1, 10 * :scale)
         0.000           0 \set delta random(-5000, 5000)
         0.086           0 BEGIN;
         0.166           0 UPDATE pgbench_accounts SET abalance = abalance + :delta WHERE aid = :aid;
         0.208           0 SELECT abalance FROM pgbench_accounts WHERE aid = :aid;
         0.206           0 UPDATE pgbench_tellers SET tbalance = tbalance + :delta WHERE tid = :tid;
         0.379           0 UPDATE pgbench_branches SET bbalance = bbalance + :delta WHERE bid = :bid;
         0.151           0 INSERT INTO pgbench_history (tid, bid, aid, delta, mtime) VALUES (:tid, :bid, :aid, :delta, CURRENT_TIMESTAMP);
         0.560           0 END;

------------------------------------------------------------
=== Running Mixed OLTP: Clients=16, Threads=4, Duration=180s ===
------------------------------------------------------------
pgbench (18.6 (Ubuntu 18.6-1.pgdg24.04+2))
starting vacuum...end.
progress: 5.0 s, 4141.2 tps, lat 3.843 ms stddev 2.009, 0 failed
progress: 10.0 s, 4212.2 tps, lat 3.796 ms stddev 1.922, 0 failed
progress: 15.0 s, 4079.3 tps, lat 3.918 ms stddev 2.049, 0 failed
progress: 20.0 s, 4265.5 tps, lat 3.748 ms stddev 1.904, 0 failed
progress: 25.0 s, 4278.5 tps, lat 3.736 ms stddev 1.915, 0 failed
progress: 30.0 s, 4242.6 tps, lat 3.769 ms stddev 1.915, 0 failed
progress: 35.0 s, 4256.6 tps, lat 3.756 ms stddev 1.979, 0 failed
progress: 40.0 s, 4547.2 tps, lat 3.516 ms stddev 1.772, 0 failed
progress: 45.0 s, 4402.6 tps, lat 3.632 ms stddev 1.807, 0 failed
progress: 50.0 s, 4259.8 tps, lat 3.752 ms stddev 1.897, 0 failed
progress: 55.0 s, 4340.1 tps, lat 3.684 ms stddev 1.947, 0 failed
progress: 60.0 s, 4452.0 tps, lat 3.590 ms stddev 1.820, 0 failed
progress: 65.0 s, 4149.2 tps, lat 3.854 ms stddev 1.967, 0 failed
progress: 70.0 s, 4119.8 tps, lat 3.881 ms stddev 1.987, 0 failed
progress: 75.0 s, 4115.3 tps, lat 3.885 ms stddev 2.002, 0 failed
progress: 80.0 s, 4094.5 tps, lat 3.904 ms stddev 2.020, 0 failed
progress: 85.0 s, 4340.0 tps, lat 3.684 ms stddev 1.870, 0 failed
progress: 90.0 s, 4536.1 tps, lat 3.525 ms stddev 1.774, 0 failed
progress: 95.0 s, 4025.1 tps, lat 3.971 ms stddev 2.120, 0 failed
progress: 100.0 s, 4217.9 tps, lat 3.790 ms stddev 1.899, 0 failed
progress: 105.0 s, 4293.8 tps, lat 3.724 ms stddev 1.957, 0 failed
progress: 110.0 s, 4290.6 tps, lat 3.725 ms stddev 1.895, 0 failed
progress: 115.0 s, 4303.6 tps, lat 3.716 ms stddev 1.915, 0 failed
progress: 120.0 s, 4280.3 tps, lat 3.735 ms stddev 1.921, 0 failed
progress: 125.0 s, 4193.4 tps, lat 3.812 ms stddev 1.968, 0 failed
progress: 130.0 s, 4198.7 tps, lat 3.808 ms stddev 1.967, 0 failed
progress: 135.0 s, 4175.3 tps, lat 3.828 ms stddev 1.945, 0 failed
progress: 140.0 s, 4200.4 tps, lat 3.807 ms stddev 1.891, 0 failed
progress: 145.0 s, 4126.6 tps, lat 3.874 ms stddev 1.958, 0 failed
progress: 150.0 s, 4155.1 tps, lat 3.847 ms stddev 1.946, 0 failed
progress: 155.0 s, 4044.6 tps, lat 3.953 ms stddev 2.071, 0 failed
progress: 160.0 s, 4163.2 tps, lat 3.840 ms stddev 2.026, 0 failed
progress: 165.0 s, 4137.8 tps, lat 3.864 ms stddev 1.977, 0 failed
progress: 170.0 s, 4162.4 tps, lat 3.841 ms stddev 2.150, 0 failed
progress: 175.0 s, 4221.9 tps, lat 3.787 ms stddev 2.068, 0 failed
progress: 180.0 s, 4055.9 tps, lat 3.942 ms stddev 2.010, 0 failed
transaction type: <builtin: TPC-B (sort of)>
scaling factor: 10
query mode: simple
number of clients: 16
number of threads: 4
maximum number of tries: 1
duration: 180 s
number of transactions actually processed: 760409
number of failed transactions: 0 (0.000%)
latency average = 3.784 ms
latency stddev = 1.954 ms
initial connection time = 20.373 ms
tps = 4224.331174 (without initial connection time)
statement latencies in milliseconds and failures:
         0.001           0 \set aid random(1, 100000 * :scale)
         0.001           0 \set bid random(1, 1 * :scale)
         0.001           0 \set tid random(1, 10 * :scale)
         0.001           0 \set delta random(-5000, 5000)
         0.172           0 BEGIN;
         0.252           0 UPDATE pgbench_accounts SET abalance = abalance + :delta WHERE aid = :aid;
         0.394           0 SELECT abalance FROM pgbench_accounts WHERE aid = :aid;
         0.518           0 UPDATE pgbench_tellers SET tbalance = tbalance + :delta WHERE tid = :tid;
         1.242           0 UPDATE pgbench_branches SET bbalance = bbalance + :delta WHERE bid = :bid;
         0.277           0 INSERT INTO pgbench_history (tid, bid, aid, delta, mtime) VALUES (:tid, :bid, :aid, :delta, CURRENT_TIMESTAMP);
         0.925           0 END;

------------------------------------------------------------
=== Running Mixed OLTP: Clients=32, Threads=4, Duration=180s ===
------------------------------------------------------------
pgbench (18.6 (Ubuntu 18.6-1.pgdg24.04+2))
starting vacuum...end.
progress: 5.0 s, 3504.1 tps, lat 9.047 ms stddev 6.651, 0 failed
progress: 10.0 s, 3587.7 tps, lat 8.913 ms stddev 6.746, 0 failed
progress: 15.0 s, 3517.0 tps, lat 9.093 ms stddev 6.591, 0 failed
progress: 20.0 s, 3453.7 tps, lat 9.261 ms stddev 6.566, 0 failed
progress: 25.0 s, 3407.3 tps, lat 9.388 ms stddev 7.008, 0 failed
progress: 30.0 s, 3500.6 tps, lat 9.135 ms stddev 6.617, 0 failed
progress: 35.0 s, 3680.2 tps, lat 8.697 ms stddev 6.169, 0 failed
progress: 40.0 s, 3608.0 tps, lat 8.862 ms stddev 6.150, 0 failed
progress: 45.0 s, 3411.8 tps, lat 9.373 ms stddev 7.016, 0 failed
progress: 50.0 s, 3481.0 tps, lat 9.187 ms stddev 6.695, 0 failed
progress: 55.0 s, 3505.4 tps, lat 9.126 ms stddev 6.914, 0 failed
progress: 60.0 s, 3609.2 tps, lat 8.857 ms stddev 6.893, 0 failed
progress: 65.0 s, 3661.4 tps, lat 8.742 ms stddev 6.252, 0 failed
progress: 70.0 s, 3589.9 tps, lat 8.910 ms stddev 6.390, 0 failed
progress: 75.0 s, 3680.6 tps, lat 8.690 ms stddev 6.389, 0 failed
progress: 80.0 s, 3713.8 tps, lat 8.614 ms stddev 6.077, 0 failed
progress: 85.0 s, 3628.4 tps, lat 8.813 ms stddev 6.513, 0 failed
progress: 90.0 s, 3638.2 tps, lat 8.790 ms stddev 6.303, 0 failed
progress: 95.0 s, 3504.8 tps, lat 9.123 ms stddev 6.920, 0 failed
progress: 100.0 s, 3515.0 tps, lat 9.101 ms stddev 6.827, 0 failed
progress: 105.0 s, 3477.9 tps, lat 9.194 ms stddev 6.813, 0 failed
progress: 110.0 s, 3568.8 tps, lat 8.967 ms stddev 6.860, 0 failed
progress: 115.0 s, 3294.5 tps, lat 9.706 ms stddev 19.676, 0 failed
progress: 120.0 s, 3491.8 tps, lat 9.158 ms stddev 6.685, 0 failed
progress: 125.0 s, 3484.8 tps, lat 9.182 ms stddev 6.279, 0 failed
progress: 130.0 s, 3509.2 tps, lat 9.114 ms stddev 6.409, 0 failed
progress: 135.0 s, 4174.4 tps, lat 7.666 ms stddev 12.400, 0 failed
progress: 140.0 s, 4104.4 tps, lat 7.789 ms stddev 5.299, 0 failed
progress: 145.0 s, 3774.7 tps, lat 8.472 ms stddev 6.172, 0 failed
progress: 150.0 s, 3610.6 tps, lat 8.861 ms stddev 6.203, 0 failed
progress: 155.0 s, 3749.4 tps, lat 8.532 ms stddev 5.832, 0 failed
progress: 160.0 s, 3718.9 tps, lat 8.599 ms stddev 6.153, 0 failed
progress: 165.0 s, 3630.0 tps, lat 8.808 ms stddev 6.289, 0 failed
progress: 170.0 s, 3835.0 tps, lat 8.345 ms stddev 6.156, 0 failed
progress: 175.0 s, 3373.5 tps, lat 9.484 ms stddev 13.024, 0 failed
progress: 180.0 s, 3643.9 tps, lat 8.770 ms stddev 6.615, 0 failed
transaction type: <builtin: TPC-B (sort of)>
scaling factor: 10
query mode: simple
number of clients: 32
number of threads: 4
maximum number of tries: 1
duration: 180 s
number of transactions actually processed: 648232
number of failed transactions: 0 (0.000%)
latency average = 8.880 ms
latency stddev = 7.599 ms
initial connection time = 38.905 ms
tps = 3600.750637 (without initial connection time)
statement latencies in milliseconds and failures:
         0.001           0 \set aid random(1, 100000 * :scale)
         0.001           0 \set bid random(1, 1 * :scale)
         0.001           0 \set tid random(1, 10 * :scale)
         0.000           0 \set delta random(-5000, 5000)
         0.377           0 BEGIN;
         0.472           0 UPDATE pgbench_accounts SET abalance = abalance + :delta WHERE aid = :aid;
         0.711           0 SELECT abalance FROM pgbench_accounts WHERE aid = :aid;
         1.791           0 UPDATE pgbench_tellers SET tbalance = tbalance + :delta WHERE tid = :tid;
         3.666           0 UPDATE pgbench_branches SET bbalance = bbalance + :delta WHERE bid = :bid;
         0.496           0 INSERT INTO pgbench_history (tid, bid, aid, delta, mtime) VALUES (:tid, :bid, :aid, :delta, CURRENT_TIMESTAMP);
         1.366           0 END;

=========================================
=== T052 COMPLETE ===
=========================================
