=========================================
=== CBP-1.0 / T002: IDLE-SYSTEM BASELINE ===
=== Timestamp (UTC): 2026-09-14 09:42:04 UTC ===
=========================================

--- UPTIME & LOAD AVERAGE ---
 09:42:04 up 0 min,  0 user,  load average: 0.74, 0.16, 0.05

--- MEMORY & SWAP (free -h) ---
               total        used        free      shared  buff/cache   available
Mem:           954Mi       241Mi       711Mi       792Ki       147Mi       713Mi
Swap:          2.3Gi          0B       2.3Gi

--- VMSTAT SAMPLING (1s x 10 intervals) ---
procs -----------memory---------- ---swap-- -----io---- -system-- ------cpu-----
 r  b   swpd   free   buff  cache   si   so    bi    bo   in   cs us sy id wa st
 1  0      0 728264  19464 131444    0    0  9112  1247  574 3445 29 30 33  9  0
 1  0      0 728264  19464 131444    0    0     0     0  143  195  0  1 89 10  0
 1  0      0 728264  19464 131444    0    0     0     0  135  202  0  0 92  8  0
 1  0      0 728264  19464 131444    0    0     0   464  124  188  0  0 92  8  0
 1  0      0 728264  19464 131444    0    0     0     0   53   53  0  0 100  0  0
 1  0      0 728264  19464 131444    0    0     0    60   52   44  0  0 100  0  0
 1  0      0 728264  19464 131444    0    0     0     0   58   61  0  0 100  0  0
 1  0      0 728264  19464 131444    0    0     0     0   39   41  0  0 100  0  0
 1  0      0 728264  19464 131444    0    0     0    68   47   59  0  0 100  0  0
 1  0      0 728264  19464 131444    0    0     0     0   36   39  0  0 100  0  0

--- IOSTAT SAMPLING (1s x 10 intervals) ---
iostat not found, installing sysstat may be required

=========================================
=== T002 IDLE BASELINE COMPLETE ===
=========================================
