=========================================
=== CBP-1.0 / T010: CPU SINGLE-THREAD ===
=== Timestamp (UTC): 2026-09-14 09:43:18 UTC ===
=========================================
Running sysbench CPU test (threads=1, max-prime=20000, time=60s)...
sysbench 1.0.20 (using system LuaJIT 2.1.0-beta3)

Running the test with following options:
Number of threads: 1
Initializing random number generator from current time


Prime numbers limit: 20000

Initializing worker threads...

Threads started!

CPU speed:
    events per second:   440.77

General statistics:
    total time:                          60.0007s
    total number of events:              26447

Latency (ms):
         min:                                    2.16
         avg:                                    2.27
         max:                                    8.81
         95th percentile:                        2.52
         sum:                                59980.48

Threads fairness:
    events (avg/stddev):           26447.0000/0.00
    execution time (avg/stddev):   59.9805/0.00

=========================================
=== T010 COMPLETE ===
=========================================
