=========================================
=== CBP-1.0 / T020: MEMORY PERFORMANCE ===
=== Timestamp (UTC): 2026-09-14 09:50:21 UTC ===
=========================================

--- Part 1: Memory Write Throughput (threads=1) ---
sysbench 1.0.20 (using system LuaJIT 2.1.0-beta3)

Running the test with following options:
Number of threads: 1
Initializing random number generator from current time


Running memory speed test with the following options:
  block size: 1024KiB
  total size: 65536MiB
  operation: write
  scope: global

Initializing worker threads...

Threads started!

Total operations: 65536 (19787.67 per second)

65536.00 MiB transferred (19787.67 MiB/sec)


General statistics:
    total time:                          3.3106s
    total number of events:              65536

Latency (ms):
         min:                                    0.05
         avg:                                    0.05
         max:                                    0.65
         95th percentile:                        0.07
         sum:                                 3284.98

Threads fairness:
    events (avg/stddev):           65536.0000/0.00
    execution time (avg/stddev):   3.2850/0.00


--- Part 2: Memory Read Throughput (threads=1) ---
sysbench 1.0.20 (using system LuaJIT 2.1.0-beta3)

Running the test with following options:
Number of threads: 1
Initializing random number generator from current time


Running memory speed test with the following options:
  block size: 1024KiB
  total size: 65536MiB
  operation: read
  scope: global

Initializing worker threads...

Threads started!

Total operations: 65536 (24095.46 per second)

65536.00 MiB transferred (24095.46 MiB/sec)


General statistics:
    total time:                          2.7183s
    total number of events:              65536

Latency (ms):
         min:                                    0.04
         avg:                                    0.04
         max:                                    0.72
         95th percentile:                        0.05
         sum:                                 2694.61

Threads fairness:
    events (avg/stddev):           65536.0000/0.00
    execution time (avg/stddev):   2.6946/0.00


=========================================
=== T020 COMPLETE ===
=========================================
