=========================================
=== CBP-1.0 / T030: STORAGE IDENTIFICATION ===
=== Timestamp (UTC): 2026-09-14 09:50:28 UTC ===
=========================================

--- Block Device Hierarchy (lsblk) ---
NAME    SIZE TYPE FSTYPE MOUNTPOINTS ROTA MODEL        DISC-MAX DISC-ZERO
sr0    1024M rom                        1 QEMU DVD-ROM       0B         0
vda      25G disk                       1                    2G         0
├─vda1  512M part vfat   /boot/efi      1                    2G         0
└─vda2 24.5G part ext4   /              1                    2G         0

--- Mount Options ---
/dev/vda2 on / type ext4 (rw,relatime,errors=remount-ro)
/dev/vda1 on /boot/efi type vfat (rw,relatime,fmask=0077,dmask=0077,codepage=437,iocharset=ascii,shortname=mixed,utf8,errors=remount-ro)

--- Disk Free (df -hT) ---
Filesystem     Type      Size  Used Avail Use% Mounted on
udev           devtmpfs  439M     0  439M   0% /dev
tmpfs          tmpfs      96M  792K   95M   1% /run
/dev/vda2      ext4       23G  5.9G   17G  27% /
tmpfs          tmpfs     478M  1.1M  477M   1% /dev/shm
tmpfs          tmpfs     5.0M     0  5.0M   0% /run/lock
efivarfs       efivarfs  256K   19K  233K   8% /sys/firmware/efi/efivars
/dev/vda1      vfat      511M   12M  500M   3% /boot/efi
tmpfs          tmpfs      96M     0   96M   0% /run/user/0

--- Sysfs Disk Queue & Scheduler ---
Device: sr0
  scheduler: [mq-deadline] none
  nr_requests: 64
  rotational (0=SSD/NVMe, 1=HDD): 1
  read_ahead_kb: 128
Device: vda
  scheduler: [mq-deadline] none
  nr_requests: 256
  rotational (0=SSD/NVMe, 1=HDD): 1
  read_ahead_kb: 128

=========================================
=== T030 COMPLETE ===
=========================================
