=========================================
=== CBP-1.0 / T031: SEQUENTIAL STORAGE THROUGHPUT ===
=== Timestamp (UTC): 2026-09-14 09:50:28 UTC ===
=========================================

--- Part 1: Sequential Write (1MB, iodepth=16, direct=1) ---
seq_write: (g=0): rw=write, bs=(R) 1024KiB-1024KiB, (W) 1024KiB-1024KiB, (T) 1024KiB-1024KiB, ioengine=libaio, iodepth=16
fio-3.33
Starting 1 process
seq_write: Laying out IO file (1 file / 4096MiB)

seq_write: (groupid=0, jobs=1): err= 0: pid=4920: Mon Sep 14 09:51:28 2026
  write: IOPS=2677, BW=2678MiB/s (2808MB/s)(157GiB/60006msec); 0 zone resets
    slat (usec): min=26, max=4368, avg=83.89, stdev=29.70
    clat (usec): min=896, max=38569, avg=5889.12, stdev=887.31
     lat (usec): min=984, max=38650, avg=5973.01, stdev=886.96
    clat percentiles (usec):
     |  1.00th=[ 4621],  5.00th=[ 5014], 10.00th=[ 5145], 20.00th=[ 5342],
     | 30.00th=[ 5473], 40.00th=[ 5604], 50.00th=[ 5735], 60.00th=[ 5932],
     | 70.00th=[ 6063], 80.00th=[ 6325], 90.00th=[ 6718], 95.00th=[ 7177],
     | 99.00th=[ 8848], 99.50th=[ 9896], 99.90th=[12911], 99.95th=[14091],
     | 99.99th=[33817]
   bw (  MiB/s): min= 2056, max= 2960, per=100.00%, avg=2679.43, stdev=166.22, samples=119
   iops        : min= 2056, max= 2960, avg=2679.43, stdev=166.22, samples=119
  lat (usec)   : 1000=0.01%
  lat (msec)   : 2=0.01%, 4=0.18%, 10=99.33%, 20=0.46%, 50=0.02%
  cpu          : usr=18.45%, sys=5.43%, ctx=161842, majf=0, minf=12
  IO depths    : 1=0.1%, 2=0.1%, 4=0.1%, 8=0.1%, 16=100.0%, 32=0.0%, >=64=0.0%
     submit    : 0=0.0%, 4=100.0%, 8=0.0%, 16=0.0%, 32=0.0%, 64=0.0%, >=64=0.0%
     complete  : 0=0.0%, 4=100.0%, 8=0.0%, 16=0.1%, 32=0.0%, 64=0.0%, >=64=0.0%
     issued rwts: total=0,160689,0,0 short=0,0,0,0 dropped=0,0,0,0
     latency   : target=0, window=0, percentile=100.00%, depth=16

Run status group 0 (all jobs):
  WRITE: bw=2678MiB/s (2808MB/s), 2678MiB/s-2678MiB/s (2808MB/s-2808MB/s), io=157GiB (168GB), run=60006-60006msec

Disk stats (read/write):
  vda: ios=0/160528, merge=0/101, ticks=0/944299, in_queue=944300, util=76.39%

--- Part 2: Sequential Read (1MB, iodepth=16, direct=1) ---
seq_read: (g=0): rw=read, bs=(R) 1024KiB-1024KiB, (W) 1024KiB-1024KiB, (T) 1024KiB-1024KiB, ioengine=libaio, iodepth=16
fio-3.33
Starting 1 process

seq_read: (groupid=0, jobs=1): err= 0: pid=4925: Mon Sep 14 09:52:29 2026
  read: IOPS=3177, BW=3178MiB/s (3332MB/s)(186GiB/60004msec)
    slat (usec): min=4, max=6486, avg=14.54, stdev=18.93
    clat (usec): min=796, max=49451, avg=5018.98, stdev=1139.45
     lat (usec): min=838, max=49471, avg=5033.52, stdev=1139.27
    clat percentiles (usec):
     |  1.00th=[ 3359],  5.00th=[ 4015], 10.00th=[ 4228], 20.00th=[ 4555],
     | 30.00th=[ 4686], 40.00th=[ 4817], 50.00th=[ 4883], 60.00th=[ 5014],
     | 70.00th=[ 5145], 80.00th=[ 5342], 90.00th=[ 5669], 95.00th=[ 6063],
     | 99.00th=[ 9765], 99.50th=[11600], 99.90th=[15533], 99.95th=[17695],
     | 99.99th=[40109]
   bw (  MiB/s): min= 1978, max= 3294, per=100.00%, avg=3178.89, stdev=239.17, samples=119
   iops        : min= 1978, max= 3294, avg=3178.89, stdev=239.17, samples=119
  lat (usec)   : 1000=0.01%
  lat (msec)   : 2=0.22%, 4=4.60%, 10=94.25%, 20=0.89%, 50=0.04%
  cpu          : usr=1.15%, sys=6.45%, ctx=174899, majf=0, minf=531
  IO depths    : 1=0.1%, 2=0.1%, 4=0.1%, 8=0.1%, 16=100.0%, 32=0.0%, >=64=0.0%
     submit    : 0=0.0%, 4=100.0%, 8=0.0%, 16=0.0%, 32=0.0%, 64=0.0%, >=64=0.0%
     complete  : 0=0.0%, 4=100.0%, 8=0.0%, 16=0.1%, 32=0.0%, 64=0.0%, >=64=0.0%
     issued rwts: total=190669,0,0,0 short=0,0,0,0 dropped=0,0,0,0
     latency   : target=0, window=0, percentile=100.00%, depth=16

Run status group 0 (all jobs):
   READ: bw=3178MiB/s (3332MB/s), 3178MiB/s-3178MiB/s (3332MB/s-3332MB/s), io=186GiB (200GB), run=60004-60004msec

Disk stats (read/write):
  vda: ios=190325/56, merge=21/15, ticks=954770/26, in_queue=960141, util=93.18%

=========================================
=== T031 COMPLETE ===
=========================================
