=========================================
=== CBP-1.0 / T053: SELECT-ONLY SCALING (Scale 10) ===
=== Duration per test: 120s, Interval: 5s ===
=== Timestamp (UTC): 2026-09-14 10:12:24 UTC ===
=========================================

------------------------------------------------------------
=== Running SELECT-Only: Clients=1, Threads=1, Duration=120s ===
------------------------------------------------------------
pgbench (18.6 (Debian 18.6-1.pgdg12+2))
starting vacuum...end.
progress: 5.0 s, 16987.7 tps, lat 0.058 ms stddev 0.032, 0 failed
progress: 10.0 s, 19576.7 tps, lat 0.051 ms stddev 0.028, 0 failed
progress: 15.0 s, 19690.5 tps, lat 0.050 ms stddev 0.027, 0 failed
progress: 20.0 s, 19798.9 tps, lat 0.050 ms stddev 0.017, 0 failed
progress: 25.0 s, 19527.9 tps, lat 0.051 ms stddev 0.013, 0 failed
progress: 30.0 s, 19022.0 tps, lat 0.052 ms stddev 0.028, 0 failed
progress: 35.0 s, 19054.3 tps, lat 0.052 ms stddev 0.020, 0 failed
progress: 40.0 s, 19482.0 tps, lat 0.051 ms stddev 0.014, 0 failed
progress: 45.0 s, 19611.4 tps, lat 0.051 ms stddev 0.013, 0 failed
progress: 50.0 s, 20337.0 tps, lat 0.049 ms stddev 0.012, 0 failed
progress: 55.0 s, 20174.8 tps, lat 0.049 ms stddev 0.021, 0 failed
progress: 60.0 s, 20245.2 tps, lat 0.049 ms stddev 0.018, 0 failed
progress: 65.0 s, 19704.8 tps, lat 0.050 ms stddev 0.022, 0 failed
progress: 70.0 s, 19730.0 tps, lat 0.050 ms stddev 0.020, 0 failed
progress: 75.0 s, 19597.7 tps, lat 0.051 ms stddev 0.019, 0 failed
progress: 80.0 s, 20031.2 tps, lat 0.050 ms stddev 0.016, 0 failed
progress: 85.0 s, 20260.6 tps, lat 0.049 ms stddev 0.012, 0 failed
progress: 90.0 s, 16740.4 tps, lat 0.059 ms stddev 0.031, 0 failed
progress: 95.0 s, 18559.4 tps, lat 0.054 ms stddev 0.026, 0 failed
progress: 100.0 s, 19795.0 tps, lat 0.050 ms stddev 0.014, 0 failed
progress: 105.0 s, 20405.0 tps, lat 0.049 ms stddev 0.012, 0 failed
progress: 110.0 s, 20043.3 tps, lat 0.050 ms stddev 0.016, 0 failed
progress: 115.0 s, 19613.3 tps, lat 0.051 ms stddev 0.024, 0 failed
progress: 120.0 s, 18451.4 tps, lat 0.054 ms stddev 0.024, 0 failedtransaction type: <builtin: select only>
scaling factor: 10
query mode: simple
number of clients: 1
number of threads: 1
maximum number of tries: 1
duration: 120 s
number of transactions actually processed: 2332203
number of failed transactions: 0 (0.000%)
latency average = 0.051 ms
latency stddev = 0.021 ms
initial connection time = 6.465 ms
tps = 19436.032272 (without initial connection time)
statement latencies in milliseconds and failures:
         0.000           0 \set aid random(1, 100000 * :scale)
         0.051           0 SELECT abalance FROM pgbench_accounts WHERE aid = :aid;


------------------------------------------------------------
=== Running SELECT-Only: Clients=4, Threads=1, Duration=120s ===
------------------------------------------------------------
pgbench (18.6 (Debian 18.6-1.pgdg12+2))
starting vacuum...end.
progress: 5.0 s, 14832.3 tps, lat 0.268 ms stddev 0.107, 0 failed
progress: 10.0 s, 15391.3 tps, lat 0.260 ms stddev 0.069, 0 failed
progress: 15.0 s, 15438.7 tps, lat 0.259 ms stddev 0.064, 0 failed
progress: 20.0 s, 15426.3 tps, lat 0.259 ms stddev 0.062, 0 failed
progress: 25.0 s, 15214.2 tps, lat 0.263 ms stddev 0.135, 0 failed
progress: 30.0 s, 14656.1 tps, lat 0.273 ms stddev 0.133, 0 failed
progress: 35.0 s, 14661.5 tps, lat 0.272 ms stddev 0.120, 0 failed
progress: 40.0 s, 15101.3 tps, lat 0.264 ms stddev 0.071, 0 failed
progress: 45.0 s, 15157.4 tps, lat 0.264 ms stddev 0.072, 0 failed
progress: 50.0 s, 15479.9 tps, lat 0.258 ms stddev 0.065, 0 failed
progress: 55.0 s, 15484.4 tps, lat 0.258 ms stddev 0.062, 0 failed
progress: 60.0 s, 15082.2 tps, lat 0.265 ms stddev 0.076, 0 failed
progress: 65.0 s, 15018.9 tps, lat 0.266 ms stddev 0.069, 0 failed
progress: 70.0 s, 15518.7 tps, lat 0.257 ms stddev 0.110, 0 failed
progress: 75.0 s, 14914.8 tps, lat 0.268 ms stddev 0.077, 0 failed
progress: 80.0 s, 15747.7 tps, lat 0.254 ms stddev 0.060, 0 failed
progress: 85.0 s, 15720.7 tps, lat 0.254 ms stddev 0.058, 0 failed
progress: 90.0 s, 15375.9 tps, lat 0.260 ms stddev 0.078, 0 failed
progress: 95.0 s, 14790.2 tps, lat 0.270 ms stddev 0.136, 0 failed
progress: 100.0 s, 15464.0 tps, lat 0.258 ms stddev 0.067, 0 failed
progress: 105.0 s, 15322.6 tps, lat 0.261 ms stddev 0.088, 0 failed
progress: 110.0 s, 15364.4 tps, lat 0.260 ms stddev 0.073, 0 failed
progress: 115.0 s, 15225.8 tps, lat 0.262 ms stddev 0.071, 0 failed
progress: 120.0 s, 15187.2 tps, lat 0.263 ms stddev 0.103, 0 failedtransaction type: <builtin: select only>
scaling factor: 10
query mode: simple
number of clients: 4
number of threads: 1
maximum number of tries: 1
duration: 120 s
number of transactions actually processed: 1827886
number of failed transactions: 0 (0.000%)
latency average = 0.262 ms
latency stddev = 0.088 ms
initial connection time = 14.626 ms
tps = 15234.172333 (without initial connection time)
statement latencies in milliseconds and failures:
         0.000           0 \set aid random(1, 100000 * :scale)
         0.262           0 SELECT abalance FROM pgbench_accounts WHERE aid = :aid;


------------------------------------------------------------
=== Running SELECT-Only: Clients=8, Threads=1, Duration=120s ===
------------------------------------------------------------
pgbench (18.6 (Debian 18.6-1.pgdg12+2))
starting vacuum...end.
progress: 5.0 s, 14094.7 tps, lat 0.564 ms stddev 0.185, 0 failed
progress: 10.0 s, 14778.6 tps, lat 0.541 ms stddev 0.145, 0 failed
progress: 15.0 s, 14408.8 tps, lat 0.555 ms stddev 0.278, 0 failed
progress: 20.0 s, 14679.9 tps, lat 0.545 ms stddev 0.146, 0 failed
progress: 25.0 s, 14502.4 tps, lat 0.551 ms stddev 0.170, 0 failed
progress: 30.0 s, 13512.1 tps, lat 0.592 ms stddev 0.171, 0 failed
progress: 35.0 s, 12743.3 tps, lat 0.627 ms stddev 0.177, 0 failed
progress: 40.0 s, 13698.6 tps, lat 0.583 ms stddev 0.400, 0 failed
progress: 45.0 s, 14288.2 tps, lat 0.559 ms stddev 0.312, 0 failed
progress: 50.0 s, 14038.6 tps, lat 0.569 ms stddev 0.282, 0 failed
progress: 55.0 s, 14354.5 tps, lat 0.557 ms stddev 0.150, 0 failed
progress: 60.0 s, 14343.7 tps, lat 0.557 ms stddev 0.262, 0 failed
progress: 65.0 s, 14885.0 tps, lat 0.537 ms stddev 0.147, 0 failed
progress: 70.0 s, 14465.4 tps, lat 0.553 ms stddev 0.140, 0 failed
progress: 75.0 s, 14287.4 tps, lat 0.559 ms stddev 0.176, 0 failed
progress: 80.0 s, 14042.7 tps, lat 0.569 ms stddev 0.142, 0 failed
progress: 85.0 s, 13704.1 tps, lat 0.583 ms stddev 0.168, 0 failed
progress: 90.0 s, 13918.7 tps, lat 0.574 ms stddev 0.259, 0 failed
progress: 95.0 s, 14944.1 tps, lat 0.535 ms stddev 0.129, 0 failed
progress: 100.0 s, 14828.5 tps, lat 0.539 ms stddev 0.134, 0 failed
progress: 105.0 s, 14265.0 tps, lat 0.560 ms stddev 0.167, 0 failed
progress: 110.0 s, 14653.9 tps, lat 0.545 ms stddev 0.170, 0 failed
progress: 115.0 s, 14766.2 tps, lat 0.541 ms stddev 0.131, 0 failed
progress: 120.0 s, 14646.8 tps, lat 0.546 ms stddev 0.124, 0 failedtransaction type: <builtin: select only>
scaling factor: 10
query mode: simple
number of clients: 8
number of threads: 1
maximum number of tries: 1
duration: 120 s
number of transactions actually processed: 1714265
number of failed transactions: 0 (0.000%)
latency average = 0.559 ms
latency stddev = 0.202 ms
initial connection time = 25.764 ms
tps = 14288.496290 (without initial connection time)
statement latencies in milliseconds and failures:
         0.001           0 \set aid random(1, 100000 * :scale)
         0.559           0 SELECT abalance FROM pgbench_accounts WHERE aid = :aid;


------------------------------------------------------------
=== Running SELECT-Only: Clients=16, Threads=1, Duration=120s ===
------------------------------------------------------------
pgbench (18.6 (Debian 18.6-1.pgdg12+2))
starting vacuum...end.
progress: 5.0 s, 12996.2 tps, lat 1.218 ms stddev 0.503, 0 failed
progress: 10.0 s, 13262.6 tps, lat 1.206 ms stddev 0.514, 0 failed
progress: 15.0 s, 13099.7 tps, lat 1.221 ms stddev 0.344, 0 failed
progress: 20.0 s, 13506.4 tps, lat 1.184 ms stddev 0.276, 0 failed
progress: 25.0 s, 13301.2 tps, lat 1.202 ms stddev 0.329, 0 failed
progress: 30.0 s, 13483.5 tps, lat 1.186 ms stddev 0.324, 0 failed
progress: 35.0 s, 13070.2 tps, lat 1.224 ms stddev 0.621, 0 failed
progress: 40.0 s, 13423.3 tps, lat 1.191 ms stddev 0.281, 0 failed
progress: 45.0 s, 12929.8 tps, lat 1.237 ms stddev 0.461, 0 failed
progress: 50.0 s, 13344.8 tps, lat 1.198 ms stddev 0.311, 0 failed
progress: 55.0 s, 13439.7 tps, lat 1.190 ms stddev 0.466, 0 failed
progress: 60.0 s, 13479.4 tps, lat 1.187 ms stddev 0.368, 0 failed
progress: 65.0 s, 13854.8 tps, lat 1.154 ms stddev 0.502, 0 failed
progress: 70.0 s, 13609.3 tps, lat 1.175 ms stddev 0.544, 0 failed
progress: 75.0 s, 13862.9 tps, lat 1.154 ms stddev 0.241, 0 failed
progress: 80.0 s, 13905.2 tps, lat 1.150 ms stddev 0.261, 0 failed
progress: 85.0 s, 12371.6 tps, lat 1.293 ms stddev 0.384, 0 failed
progress: 90.0 s, 13399.5 tps, lat 1.194 ms stddev 0.283, 0 failed
progress: 95.0 s, 13517.2 tps, lat 1.183 ms stddev 0.356, 0 failed
progress: 100.0 s, 13745.0 tps, lat 1.164 ms stddev 0.299, 0 failed
progress: 105.0 s, 14075.4 tps, lat 1.136 ms stddev 0.248, 0 failed
progress: 110.0 s, 14146.5 tps, lat 1.130 ms stddev 0.312, 0 failed
progress: 115.0 s, 14371.0 tps, lat 1.113 ms stddev 0.244, 0 failed
progress: 120.0 s, 13709.4 tps, lat 1.167 ms stddev 0.327, 0 failed
transaction type: <builtin: select only>
scaling factor: 10
query mode: simple
number of clients: 16
number of threads: 1
maximum number of tries: 1
duration: 120 s
number of transactions actually processed: 1619540
number of failed transactions: 0 (0.000%)
latency average = 1.185 ms
latency stddev = 0.382 ms
initial connection time = 48.193 ms
tps = 13501.055511 (without initial connection time)
statement latencies in milliseconds and failures:
         0.001           0 \set aid random(1, 100000 * :scale)
         1.184           0 SELECT abalance FROM pgbench_accounts WHERE aid = :aid;

------------------------------------------------------------
=== Running SELECT-Only: Clients=32, Threads=1, Duration=120s ===
------------------------------------------------------------
pgbench (18.6 (Debian 18.6-1.pgdg12+2))
starting vacuum...end.
progress: 5.0 s, 8478.9 tps, lat 3.708 ms stddev 1.222, 0 failed
progress: 10.0 s, 9231.3 tps, lat 3.466 ms stddev 0.760, 0 failed
progress: 15.0 s, 8767.2 tps, lat 3.649 ms stddev 1.204, 0 failed
progress: 20.0 s, 8537.6 tps, lat 3.747 ms stddev 1.040, 0 failed
progress: 25.0 s, 9617.1 tps, lat 3.326 ms stddev 0.981, 0 failed
progress: 30.0 s, 9217.4 tps, lat 3.471 ms stddev 0.950, 0 failed
progress: 35.0 s, 10169.8 tps, lat 3.146 ms stddev 0.755, 0 failed
progress: 40.0 s, 10168.7 tps, lat 3.146 ms stddev 0.653, 0 failed
progress: 45.0 s, 10069.1 tps, lat 3.177 ms stddev 0.939, 0 failed
progress: 50.0 s, 9331.4 tps, lat 3.429 ms stddev 1.289, 0 failed
progress: 55.0 s, 9394.4 tps, lat 3.405 ms stddev 1.230, 0 failed
progress: 60.0 s, 9385.6 tps, lat 3.409 ms stddev 0.653, 0 failed
progress: 65.0 s, 8867.5 tps, lat 3.608 ms stddev 0.776, 0 failed
progress: 70.0 s, 9258.2 tps, lat 3.455 ms stddev 0.861, 0 failed
progress: 75.0 s, 9967.0 tps, lat 3.211 ms stddev 1.320, 0 failed
progress: 80.0 s, 9580.0 tps, lat 3.339 ms stddev 0.700, 0 failed
progress: 85.0 s, 8746.9 tps, lat 3.657 ms stddev 0.785, 0 failed
progress: 90.0 s, 9133.4 tps, lat 3.503 ms stddev 0.932, 0 failed
progress: 95.0 s, 9195.3 tps, lat 3.479 ms stddev 0.743, 0 failed
progress: 100.0 s, 9571.4 tps, lat 3.343 ms stddev 0.735, 0 failed
progress: 105.0 s, 8975.9 tps, lat 3.564 ms stddev 0.786, 0 failed
progress: 110.0 s, 9338.3 tps, lat 3.426 ms stddev 0.768, 0 failed
progress: 115.0 s, 9228.1 tps, lat 3.467 ms stddev 0.825, 0 failed
progress: 120.0 s, 9756.9 tps, lat 3.279 ms stddev 0.844, 0 failed
transaction type: <builtin: select only>
scaling factor: 10
query mode: simple
number of clients: 32
number of threads: 1
maximum number of tries: 1
duration: 120 s
number of transactions actually processed: 1119969
number of failed transactions: 0 (0.000%)
latency average = 3.426 ms
latency stddev = 0.942 ms
initial connection time = 85.066 ms
tps = 9336.898071 (without initial connection time)
statement latencies in milliseconds and failures:
         0.001           0 \set aid random(1, 100000 * :scale)
         3.425           0 SELECT abalance FROM pgbench_accounts WHERE aid = :aid;

=========================================
=== T053 COMPLETE ===
=========================================
