=========================================
=== CBP-1.0 / T002: IDLE-SYSTEM BASELINE ===
=== Timestamp (UTC): 2026-09-14 06:18:09 UTC ===
=========================================

--- UPTIME & LOAD AVERAGE ---
 06:18:09 up 2 min,  0 user,  load average: 0.11, 0.07, 0.02

--- MEMORY & SWAP (free -h) ---
               total        used        free      shared  buff/cache   available
Mem:            15Gi       563Mi        14Gi        13Mi       1.0Gi        15Gi
Swap:             0B          0B          0B

--- VMSTAT SAMPLING (1s x 10 intervals) ---
procs -----------memory---------- ---swap-- -----io---- -system-- ------cpu-----
 r  b   swpd   free   buff  cache   si   so    bi    bo   in   cs us sy id wa st
 1  0      0 15071320  36352 996044    0    0   923  1350  363  498  3  2 93  1  0
 1  0      0 15071320  36352 996044    0    0     0     0  196  186  0  0 100  0  0
 1  0      0 15071320  36352 996044    0    0     0     0  204  247  0  0 100  0  0
 1  0      0 15071320  36352 996044    0    0     0     0  233  298  0  0 100  0  0
 1  0      0 15071320  36352 996044    0    0     0    16  251  315  0  0 100  0  0
 1  0      0 15071320  36352 996044    0    0     0     0   65   51  0  0 100  0  0
 1  0      0 15071320  36352 996044    0    0     0    36   60   60  0  0 100  0  0
 1  0      0 15071320  36352 996044    0    0     0    64   90   81  0  0 100  0  0
 1  0      0 15071320  36352 996044    0    0     0     0   37   33  0  0 100  0  0
 1  0      0 15071320  36352 996044    0    0     0   632   82   70  0  0 100  0  0

--- IOSTAT SAMPLING (1s x 10 intervals) ---
Linux 6.1.0-53-cloud-amd64 (cm-test-c2standard4) 	09/14/26 	_x86_64_	(4 CPU)

avg-cpu:  %user   %nice %system %iowait  %steal   %idle
           3.25    0.00    1.59    1.35    0.00   93.81

Device            r/s     rkB/s   rrqm/s  %rrqm r_await rareq-sz     w/s     wkB/s   wrqm/s  %wrqm w_await wareq-sz     d/s     dkB/s   drqm/s  %drqm d_await dareq-sz     f/s f_await  aqu-sz  %util
sda             94.53   3423.02    12.94  12.04    0.45    36.21  146.80  10002.65   162.96  52.61    2.04    68.14    3.84   2283.64     0.00   0.00    0.38   594.63   53.74    0.02    0.34   5.34


avg-cpu:  %user   %nice %system %iowait  %steal   %idle
           0.00    0.00    0.00    0.00    0.00  100.00

Device            r/s     rkB/s   rrqm/s  %rrqm r_await rareq-sz     w/s     wkB/s   wrqm/s  %wrqm w_await wareq-sz     d/s     dkB/s   drqm/s  %drqm d_await dareq-sz     f/s f_await  aqu-sz  %util


avg-cpu:  %user   %nice %system %iowait  %steal   %idle
           0.00    0.00    0.00    0.00    0.00  100.00

Device            r/s     rkB/s   rrqm/s  %rrqm r_await rareq-sz     w/s     wkB/s   wrqm/s  %wrqm w_await wareq-sz     d/s     dkB/s   drqm/s  %drqm d_await dareq-sz     f/s f_await  aqu-sz  %util


avg-cpu:  %user   %nice %system %iowait  %steal   %idle
           0.25    0.00    0.25    0.25    0.00   99.25

Device            r/s     rkB/s   rrqm/s  %rrqm r_await rareq-sz     w/s     wkB/s   wrqm/s  %wrqm w_await wareq-sz     d/s     dkB/s   drqm/s  %drqm d_await dareq-sz     f/s f_await  aqu-sz  %util
sda              0.00      0.00     0.00   0.00    0.00     0.00    5.00    268.00    16.00  76.19    0.80    53.60    0.00      0.00     0.00   0.00    0.00     0.00    1.00    0.00    0.00   0.00


avg-cpu:  %user   %nice %system %iowait  %steal   %idle
           0.25    0.00    0.25    0.00    0.00   99.50

Device            r/s     rkB/s   rrqm/s  %rrqm r_await rareq-sz     w/s     wkB/s   wrqm/s  %wrqm w_await wareq-sz     d/s     dkB/s   drqm/s  %drqm d_await dareq-sz     f/s f_await  aqu-sz  %util


avg-cpu:  %user   %nice %system %iowait  %steal   %idle
           0.00    0.00    0.00    0.00    0.00  100.00

Device            r/s     rkB/s   rrqm/s  %rrqm r_await rareq-sz     w/s     wkB/s   wrqm/s  %wrqm w_await wareq-sz     d/s     dkB/s   drqm/s  %drqm d_await dareq-sz     f/s f_await  aqu-sz  %util


avg-cpu:  %user   %nice %system %iowait  %steal   %idle
           0.00    0.00    0.00    0.00    0.00  100.00

Device            r/s     rkB/s   rrqm/s  %rrqm r_await rareq-sz     w/s     wkB/s   wrqm/s  %wrqm w_await wareq-sz     d/s     dkB/s   drqm/s  %drqm d_await dareq-sz     f/s f_await  aqu-sz  %util


avg-cpu:  %user   %nice %system %iowait  %steal   %idle
           0.00    0.00    0.00    0.00    0.00  100.00

Device            r/s     rkB/s   rrqm/s  %rrqm r_await rareq-sz     w/s     wkB/s   wrqm/s  %wrqm w_await wareq-sz     d/s     dkB/s   drqm/s  %drqm d_await dareq-sz     f/s f_await  aqu-sz  %util


avg-cpu:  %user   %nice %system %iowait  %steal   %idle
           0.00    0.00    0.00    0.00    0.00  100.00

Device            r/s     rkB/s   rrqm/s  %rrqm r_await rareq-sz     w/s     wkB/s   wrqm/s  %wrqm w_await wareq-sz     d/s     dkB/s   drqm/s  %drqm d_await dareq-sz     f/s f_await  aqu-sz  %util


avg-cpu:  %user   %nice %system %iowait  %steal   %idle
           0.00    0.00    0.00    0.00    0.00  100.00

Device            r/s     rkB/s   rrqm/s  %rrqm r_await rareq-sz     w/s     wkB/s   wrqm/s  %wrqm w_await wareq-sz     d/s     dkB/s   drqm/s  %drqm d_await dareq-sz     f/s f_await  aqu-sz  %util
sda              0.00      0.00     0.00   0.00    0.00     0.00    2.00     32.00     6.00  75.00    0.50    16.00    0.00      0.00     0.00   0.00    0.00     0.00    1.00    0.00    0.00   0.00



=========================================
=== T002 IDLE BASELINE COMPLETE ===
=========================================
