=========================================
=== CBP-1.0 / T011: CPU MULTI-THREAD (4 CORES) ===
=== Timestamp (UTC): 2026-09-14 06:20:15 UTC ===
=========================================
Running sysbench CPU test (threads=4, max-prime=20000, time=60s)...
sysbench 1.0.20 (using system LuaJIT 2.1.0-beta3)

Running the test with following options:
Number of threads: 4
Initializing random number generator from current time


Prime numbers limit: 20000

Initializing worker threads...

Threads started!

CPU speed:
    events per second:  1654.07

General statistics:
    total time:                          60.0022s
    total number of events:              99250

Latency (ms):
         min:                                    2.04
         avg:                                    2.42
         max:                                    6.78
         95th percentile:                        2.43
         sum:                               239959.43

Threads fairness:
    events (avg/stddev):           24812.5000/4.39
    execution time (avg/stddev):   59.9899/0.00

=========================================
=== T011 COMPLETE ===
=========================================
