=========================================
=== CBP-1.0 / T032: RANDOM STORAGE IOPS & LATENCY ===
=== Timestamp (UTC): 2026-09-14 06:30:24 UTC ===
=========================================

--- Part 1: Random Read (4K, iodepth=32, numjobs=4) ---
rand_read: (g=0): rw=randread, bs=(R) 4096B-4096B, (W) 4096B-4096B, (T) 4096B-4096B, ioengine=libaio, iodepth=32
...
fio-3.33
Starting 4 processes
rand_read: Laying out IO file (1 file / 4096MiB)

rand_read: (groupid=0, jobs=4): err= 0: pid=5317: Mon Sep 14 06:31:42 2026
  read: IOPS=4115, BW=16.1MiB/s (16.9MB/s)(965MiB/60033msec)
    slat (nsec): min=1745, max=1763.3k, avg=7434.76, stdev=4124.61
    clat (usec): min=191, max=62532, avg=31089.04, stdev=5131.26
     lat (usec): min=197, max=62538, avg=31096.48, stdev=5131.71
    clat percentiles (usec):
     |  1.00th=[ 1647],  5.00th=[31589], 10.00th=[31589], 20.00th=[31851],
     | 30.00th=[31851], 40.00th=[31851], 50.00th=[31851], 60.00th=[32113],
     | 70.00th=[32113], 80.00th=[32113], 90.00th=[32375], 95.00th=[32375],
     | 99.00th=[32900], 99.50th=[33162], 99.90th=[35914], 99.95th=[38011],
     | 99.99th=[56886]
   bw (  KiB/s): min=15176, max=72028, per=100.00%, avg=16464.83, stdev=1275.37, samples=480
   iops        : min= 3794, max=18007, avg=4116.18, stdev=318.84, samples=480
  lat (usec)   : 250=0.01%, 500=0.02%, 750=0.03%, 1000=0.09%
  lat (msec)   : 2=1.41%, 4=1.21%, 10=0.23%, 20=0.13%, 50=96.86%
  lat (msec)   : 100=0.02%
  cpu          : usr=0.27%, sys=1.03%, ctx=237659, majf=0, minf=178
  IO depths    : 1=0.1%, 2=0.1%, 4=0.1%, 8=0.1%, 16=0.1%, 32=99.9%, >=64=0.0%
     submit    : 0=0.0%, 4=100.0%, 8=0.0%, 16=0.0%, 32=0.0%, 64=0.0%, >=64=0.0%
     complete  : 0=0.0%, 4=100.0%, 8=0.0%, 16=0.0%, 32=0.1%, 64=0.0%, >=64=0.0%
     issued rwts: total=247092,0,0,0 short=0,0,0,0 dropped=0,0,0,0
     latency   : target=0, window=0, percentile=100.00%, depth=32

Run status group 0 (all jobs):
   READ: bw=16.1MiB/s (16.9MB/s), 16.1MiB/s-16.1MiB/s (16.9MB/s-16.9MB/s), io=965MiB (1012MB), run=60033-60033msec

Disk stats (read/write):
  sda: ios=246712/41, merge=0/8, ticks=7667783/1355, in_queue=7669138, util=96.93%

--- Part 2: Random Write (4K, iodepth=32, numjobs=4) ---
rand_write: (g=0): rw=randwrite, bs=(R) 4096B-4096B, (W) 4096B-4096B, (T) 4096B-4096B, ioengine=libaio, iodepth=32
...
fio-3.33
Starting 4 processes

rand_write: (groupid=0, jobs=4): err= 0: pid=5348: Mon Sep 14 06:32:43 2026
  write: IOPS=4021, BW=15.7MiB/s (16.5MB/s)(943MiB/60033msec); 0 zone resets
    slat (usec): min=2, max=29013, avg=12.10, stdev=315.43
    clat (usec): min=284, max=63301, avg=31817.42, stdev=2691.22
     lat (usec): min=291, max=63304, avg=31829.52, stdev=2677.04
    clat percentiles (usec):
     |  1.00th=[26608],  5.00th=[31589], 10.00th=[31851], 20.00th=[31851],
     | 30.00th=[31851], 40.00th=[31851], 50.00th=[32113], 60.00th=[32113],
     | 70.00th=[32113], 80.00th=[32113], 90.00th=[32113], 95.00th=[32375],
     | 99.00th=[33162], 99.50th=[35390], 99.90th=[51643], 99.95th=[55313],
     | 99.99th=[59507]
   bw (  KiB/s): min=15216, max=26400, per=100.00%, avg=16084.93, stdev=241.77, samples=480
   iops        : min= 3804, max= 6600, avg=4021.23, stdev=60.44, samples=480
  lat (usec)   : 500=0.01%, 750=0.01%, 1000=0.01%
  lat (msec)   : 2=0.19%, 4=0.38%, 10=0.05%, 20=0.21%, 50=99.03%
  lat (msec)   : 100=0.13%
  cpu          : usr=0.29%, sys=0.98%, ctx=227882, majf=0, minf=52
  IO depths    : 1=0.1%, 2=0.1%, 4=0.1%, 8=0.1%, 16=0.1%, 32=99.9%, >=64=0.0%
     submit    : 0=0.0%, 4=100.0%, 8=0.0%, 16=0.0%, 32=0.0%, 64=0.0%, >=64=0.0%
     complete  : 0=0.0%, 4=100.0%, 8=0.0%, 16=0.0%, 32=0.1%, 64=0.0%, >=64=0.0%
     issued rwts: total=0,241398,0,0 short=0,0,0,0 dropped=0,0,0,0
     latency   : target=0, window=0, percentile=100.00%, depth=32

Run status group 0 (all jobs):
  WRITE: bw=15.7MiB/s (16.5MB/s), 15.7MiB/s-15.7MiB/s (16.5MB/s-16.5MB/s), io=943MiB (989MB), run=60033-60033msec

Disk stats (read/write):
  sda: ios=0/240874, merge=0/18, ticks=0/7648329, in_queue=7648331, util=95.95%

--- Part 3: Mixed Random 70/30 (4K, iodepth=32, numjobs=4) ---
rand_rw7030: (g=0): rw=randrw, bs=(R) 4096B-4096B, (W) 4096B-4096B, (T) 4096B-4096B, ioengine=libaio, iodepth=32
...
fio-3.33
Starting 4 processes

rand_rw7030: (groupid=0, jobs=4): err= 0: pid=5375: Mon Sep 14 06:33:43 2026
  read: IOPS=2809, BW=11.0MiB/s (11.5MB/s)(659MiB/60033msec)
    slat (nsec): min=1777, max=32444k, avg=11162.65, stdev=306158.62
    clat (usec): min=154, max=64061, avg=31840.17, stdev=2768.01
     lat (usec): min=187, max=64068, avg=31851.33, stdev=2748.53
    clat percentiles (usec):
     |  1.00th=[27657],  5.00th=[31589], 10.00th=[31851], 20.00th=[31851],
     | 30.00th=[31851], 40.00th=[31851], 50.00th=[32113], 60.00th=[32113],
     | 70.00th=[32113], 80.00th=[32113], 90.00th=[32375], 95.00th=[32375],
     | 99.00th=[32900], 99.50th=[35390], 99.90th=[54789], 99.95th=[57934],
     | 99.99th=[61604]
   bw (  KiB/s): min=10112, max=17946, per=100.00%, avg=11239.23, stdev=175.98, samples=479
   iops        : min= 2528, max= 4486, avg=2809.80, stdev=43.98, samples=479
  write: IOPS=1211, BW=4845KiB/s (4961kB/s)(284MiB/60033msec); 0 zone resets
    slat (nsec): min=1923, max=32885k, avg=15088.26, stdev=437170.93
    clat (usec): min=271, max=64239, avg=31779.50, stdev=2942.41
     lat (usec): min=281, max=64245, avg=31794.59, stdev=2922.74
    clat percentiles (usec):
     |  1.00th=[22676],  5.00th=[31589], 10.00th=[31851], 20.00th=[31851],
     | 30.00th=[31851], 40.00th=[31851], 50.00th=[31851], 60.00th=[32113],
     | 70.00th=[32113], 80.00th=[32113], 90.00th=[32113], 95.00th=[32375],
     | 99.00th=[32900], 99.50th=[35390], 99.90th=[55837], 99.95th=[58459],
     | 99.99th=[62653]
   bw (  KiB/s): min= 4064, max= 8179, per=99.98%, avg=4844.66, stdev=111.25, samples=479
   iops        : min= 1016, max= 2044, avg=1211.16, stdev=27.80, samples=479
  lat (usec)   : 250=0.01%, 500=0.04%, 750=0.04%, 1000=0.03%
  lat (msec)   : 2=0.26%, 4=0.16%, 10=0.12%, 20=0.23%, 50=98.93%
  lat (msec)   : 100=0.19%
  cpu          : usr=0.26%, sys=1.04%, ctx=233405, majf=0, minf=63
  IO depths    : 1=0.1%, 2=0.1%, 4=0.1%, 8=0.1%, 16=0.1%, 32=99.9%, >=64=0.0%
     submit    : 0=0.0%, 4=100.0%, 8=0.0%, 16=0.0%, 32=0.0%, 64=0.0%, >=64=0.0%
     complete  : 0=0.0%, 4=100.0%, 8=0.0%, 16=0.0%, 32=0.1%, 64=0.0%, >=64=0.0%
     issued rwts: total=168644,72712,0,0 short=0,0,0,0 dropped=0,0,0,0
     latency   : target=0, window=0, percentile=100.00%, depth=32

Run status group 0 (all jobs):
   READ: bw=11.0MiB/s (11.5MB/s), 11.0MiB/s-11.0MiB/s (11.5MB/s-11.5MB/s), io=659MiB (691MB), run=60033-60033msec
  WRITE: bw=4845KiB/s (4961kB/s), 4845KiB/s-4845KiB/s (4961kB/s-4961kB/s), io=284MiB (298MB), run=60033-60033msec

Disk stats (read/write):
  sda: ios=168248/72585, merge=0/13, ticks=5345665/2300733, in_queue=7646398, util=96.65%

=========================================
=== T032 COMPLETE ===
=========================================
