=========================================
=== CBP-1.0 / T051: POSTGRESQL INIT SCALE 10 ===
=== Timestamp (UTC): 2026-09-14 06:39:26 UTC ===
=========================================
Initializing pgbench database (scale 10) on database 'cloudmark'...
dropping old tables...
NOTICE:  table "pgbench_accounts" does not exist, skipping
NOTICE:  table "pgbench_branches" does not exist, skipping
NOTICE:  table "pgbench_history" does not exist, skipping
NOTICE:  table "pgbench_tellers" does not exist, skipping
creating tables...
generating data (client-side)...
100000 of 1000000 tuples (10%) done (elapsed 0.07 s, remaining 0.60 s)
200000 of 1000000 tuples (20%) done (elapsed 0.22 s, remaining 0.90 s)
300000 of 1000000 tuples (30%) done (elapsed 0.33 s, remaining 0.78 s)
400000 of 1000000 tuples (40%) done (elapsed 0.43 s, remaining 0.64 s)
500000 of 1000000 tuples (50%) done (elapsed 0.53 s, remaining 0.53 s)
600000 of 1000000 tuples (60%) done (elapsed 0.69 s, remaining 0.46 s)
700000 of 1000000 tuples (70%) done (elapsed 0.76 s, remaining 0.32 s)
800000 of 1000000 tuples (80%) done (elapsed 0.90 s, remaining 0.23 s)
900000 of 1000000 tuples (90%) done (elapsed 1.02 s, remaining 0.11 s)
1000000 of 1000000 tuples (100%) done (elapsed 1.12 s, remaining 0.00 s)
vacuuming...
creating primary keys...
done in 1.65 s (drop tables 0.00 s, create tables 0.00 s, client-side generate 1.18 s, vacuum 0.10 s, primary keys 0.37 s).

--- Database & Relation Sizes ---
    table_name    | total_size | data_size  | index_size 
------------------+------------+------------+------------
 pgbench_accounts | 150 MB     | 128 MB     | 21 MB
 pgbench_branches | 56 kB      | 8192 bytes | 16 kB
 pgbench_tellers  | 56 kB      | 8192 bytes | 16 kB
 pgbench_history  | 0 bytes    | 0 bytes    | 0 bytes
(4 rows)


--- Total Database Size ---
157 MB

=========================================
=== T051 COMPLETE ===
=========================================
