=========================================
=== CBP-1.0: NODE BASELINE SETUP ===
=== Timestamp (UTC): 2026-09-13 11:47:58 UTC ===
=========================================

[1/4] Updating package lists...
Get:1 http://security.ubuntu.com/ubuntu noble-security InRelease [126 kB]
Hit:2 http://ubuntu.mirror.constant.com noble InRelease
Get:3 http://ubuntu.mirror.constant.com noble-updates InRelease [126 kB]
Get:4 http://security.ubuntu.com/ubuntu noble-security/main amd64 Packages [1,006 kB]
Get:5 http://security.ubuntu.com/ubuntu noble-security/main Translation-en [213 kB]
Get:6 http://security.ubuntu.com/ubuntu noble-security/main amd64 Components [46.4 kB]
Get:7 http://security.ubuntu.com/ubuntu noble-security/restricted amd64 Packages [1,445 kB]
Get:8 http://ubuntu.mirror.constant.com noble-backports InRelease [126 kB]
Get:9 http://security.ubuntu.com/ubuntu noble-security/restricted Translation-en [336 kB]
Get:10 http://security.ubuntu.com/ubuntu noble-security/universe amd64 Packages [1,206 kB]
Get:11 http://security.ubuntu.com/ubuntu noble-security/universe Translation-en [241 kB]
Get:12 http://security.ubuntu.com/ubuntu noble-security/universe amd64 Components [76.3 kB]
Get:13 http://ubuntu.mirror.constant.com noble-updates/main amd64 Packages [1,263 kB]
Get:14 http://ubuntu.mirror.constant.com noble-updates/main Translation-en [292 kB]
Get:15 http://ubuntu.mirror.constant.com noble-updates/main amd64 Components [181 kB]
Get:16 http://ubuntu.mirror.constant.com noble-updates/restricted amd64 Packages [1,544 kB]
Get:17 http://ubuntu.mirror.constant.com noble-updates/restricted Translation-en [354 kB]
Get:18 http://ubuntu.mirror.constant.com noble-updates/universe amd64 Packages [1,690 kB]
Get:19 http://ubuntu.mirror.constant.com noble-updates/universe Translation-en [339 kB]
Get:20 http://ubuntu.mirror.constant.com noble-updates/universe amd64 Components [388 kB]
Get:21 http://ubuntu.mirror.constant.com noble-updates/multiverse amd64 Components [940 B]
Get:22 http://ubuntu.mirror.constant.com noble-backports/main amd64 Components [5,772 B]
Get:23 http://ubuntu.mirror.constant.com noble-backports/universe amd64 Components [12.6 kB]
Fetched 11.0 MB in 5s (2,225 kB/s)
Reading package lists...

[2/4] Installing diagnostic and synthetic benchmark tools...
Reading package lists...
Building dependency tree...
Reading state information...
sysstat is already the newest version (12.6.1-2).
sysstat set to manually installed.
jq is already the newest version (1.7.1-3ubuntu0.24.04.2).
curl is already the newest version (8.5.0-2ubuntu10.13).
ca-certificates is already the newest version (20260601~24.04.1).
ca-certificates set to manually installed.
lsb-release is already the newest version (12.0-2).
procps is already the newest version (2:4.0.4-4ubuntu3.3).
procps set to manually installed.
util-linux is already the newest version (2.39.3-9ubuntu6.6).
The following additional packages will be installed:
  dirmngr gnupg-l10n gnupg-utils gpg gpg-agent gpg-wks-client gpgconf gpgsm
  gpgv keyboxd libboost-iostreams1.83.0 libboost-thread1.83.0 libdaxctl1
  libgfapi0 libgfrpc0 libgfxdr0 libglusterfs0 libiperf0 libluajit2-5.1-2
  libluajit2-5.1-common libmysqlclient21 libnbd0 libndctl6 libpmem1
  libpmemobj1 libpq5 librados2 librbd1 librdmacm1t64 libsctp1 mysql-common
Suggested packages:
  pinentry-gnome3 tor fio-examples gnuplot parcimonie xloadimage
  gpg-wks-server scdaemon lksctp-tools
The following NEW packages will be installed:
  fio iperf3 libboost-iostreams1.83.0 libboost-thread1.83.0 libdaxctl1
  libgfapi0 libgfrpc0 libgfxdr0 libglusterfs0 libiperf0 libluajit2-5.1-2
  libluajit2-5.1-common libmysqlclient21 libnbd0 libndctl6 libpmem1
  libpmemobj1 libpq5 librados2 librbd1 librdmacm1t64 libsctp1 mysql-common
  sysbench
The following packages will be upgraded:
  dirmngr gnupg gnupg-l10n gnupg-utils gpg gpg-agent gpg-wks-client gpgconf
  gpgsm gpgv keyboxd
11 upgraded, 24 newly installed, 0 to remove and 30 not upgraded.
Need to get 13.7 MB of archives.
After this operation, 49.9 MB of additional disk space will be used.
Get:1 http://ubuntu.mirror.constant.com noble/main amd64 libsctp1 amd64 1.0.19+dfsg-2build1 [9,146 B]
Get:2 http://ubuntu.mirror.constant.com noble/universe amd64 libiperf0 amd64 3.16-1build2 [87.1 kB]
Get:3 http://ubuntu.mirror.constant.com noble/universe amd64 iperf3 amd64 3.16-1build2 [19.0 kB]
Get:4 http://ubuntu.mirror.constant.com noble-updates/main amd64 gpg-wks-client amd64 2.4.4-2ubuntu17.6 [70.9 kB]
Get:5 http://ubuntu.mirror.constant.com noble-updates/main amd64 dirmngr amd64 2.4.4-2ubuntu17.6 [323 kB]
Get:6 http://ubuntu.mirror.constant.com noble-updates/main amd64 gpgsm amd64 2.4.4-2ubuntu17.6 [232 kB]
Get:7 http://ubuntu.mirror.constant.com noble-updates/main amd64 gnupg-utils amd64 2.4.4-2ubuntu17.6 [109 kB]
Get:8 http://ubuntu.mirror.constant.com noble-updates/main amd64 gpg-agent amd64 2.4.4-2ubuntu17.6 [227 kB]
Get:9 http://ubuntu.mirror.constant.com noble-updates/main amd64 gpg amd64 2.4.4-2ubuntu17.6 [565 kB]
Get:10 http://ubuntu.mirror.constant.com noble-updates/main amd64 gpgconf amd64 2.4.4-2ubuntu17.6 [104 kB]
Get:11 http://ubuntu.mirror.constant.com noble-updates/main amd64 gnupg all 2.4.4-2ubuntu17.6 [359 kB]
Get:12 http://ubuntu.mirror.constant.com noble-updates/main amd64 keyboxd amd64 2.4.4-2ubuntu17.6 [78.3 kB]
Get:13 http://ubuntu.mirror.constant.com noble-updates/main amd64 gpgv amd64 2.4.4-2ubuntu17.6 [158 kB]
Get:14 http://ubuntu.mirror.constant.com noble-updates/universe amd64 libgfxdr0 amd64 11.1-4ubuntu0.1 [20.1 kB]
Get:15 http://ubuntu.mirror.constant.com noble-updates/universe amd64 libglusterfs0 amd64 11.1-4ubuntu0.1 [266 kB]
Get:16 http://ubuntu.mirror.constant.com noble-updates/universe amd64 libgfrpc0 amd64 11.1-4ubuntu0.1 [40.7 kB]
Get:17 http://ubuntu.mirror.constant.com noble-updates/universe amd64 libgfapi0 amd64 11.1-4ubuntu0.1 [79.6 kB]
Get:18 http://ubuntu.mirror.constant.com noble/universe amd64 libnbd0 amd64 1.20.0-1 [94.1 kB]
Get:19 http://ubuntu.mirror.constant.com noble/main amd64 libdaxctl1 amd64 77-2ubuntu2 [21.4 kB]
Get:20 http://ubuntu.mirror.constant.com noble/main amd64 libndctl6 amd64 77-2ubuntu2 [62.8 kB]
Get:21 http://ubuntu.mirror.constant.com noble/main amd64 libpmem1 amd64 1.13.1-1.1ubuntu2 [84.8 kB]
Get:22 http://ubuntu.mirror.constant.com noble-updates/main amd64 libboost-iostreams1.83.0 amd64 1.83.0-2.1ubuntu3.2 [260 kB]
Get:23 http://ubuntu.mirror.constant.com noble-updates/main amd64 libboost-thread1.83.0 amd64 1.83.0-2.1ubuntu3.2 [276 kB]
Get:24 http://ubuntu.mirror.constant.com noble-updates/main amd64 librdmacm1t64 amd64 50.0-2ubuntu0.2 [70.7 kB]
Get:25 http://ubuntu.mirror.constant.com noble-updates/main amd64 librados2 amd64 19.2.3-0ubuntu0.24.04.3 [4,041 kB]
Get:26 http://ubuntu.mirror.constant.com noble/main amd64 libpmemobj1 amd64 1.13.1-1.1ubuntu2 [116 kB]
Get:27 http://ubuntu.mirror.constant.com noble-updates/main amd64 librbd1 amd64 19.2.3-0ubuntu0.24.04.3 [3,413 kB]
Get:28 http://ubuntu.mirror.constant.com noble-updates/universe amd64 fio amd64 3.36-1ubuntu0.1 [590 kB]
Get:29 http://ubuntu.mirror.constant.com noble-updates/main amd64 gnupg-l10n all 2.4.4-2ubuntu17.6 [66.5 kB]
Get:30 http://ubuntu.mirror.constant.com noble/universe amd64 libluajit2-5.1-common all 2.1-20230410-1build1 [48.6 kB]
Get:31 http://ubuntu.mirror.constant.com noble/universe amd64 libluajit2-5.1-2 amd64 2.1-20230410-1build1 [277 kB]
Get:32 http://ubuntu.mirror.constant.com noble/main amd64 mysql-common all 5.8+1.1.0build1 [6,746 B]
Get:33 http://ubuntu.mirror.constant.com noble-updates/main amd64 libmysqlclient21 amd64 8.0.46-0ubuntu0.24.04.4 [1,255 kB]
Get:34 http://ubuntu.mirror.constant.com noble-updates/main amd64 libpq5 amd64 16.15-0ubuntu0.24.04.1 [151 kB]
Get:35 http://ubuntu.mirror.constant.com noble/universe amd64 sysbench amd64 1.0.20+ds-6build2 [114 kB]
Preconfiguring packages ...
Failed to stop iperf3.service: Unit iperf3.service not loaded.
Fetched 13.7 MB in 5s (2,744 kB/s)
Selecting previously unselected package libsctp1:amd64.
(Reading database ... 
(Reading database ... 5%
(Reading database ... 10%
(Reading database ... 15%
(Reading database ... 20%
(Reading database ... 25%
(Reading database ... 30%
(Reading database ... 35%
(Reading database ... 40%
(Reading database ... 45%
(Reading database ... 50%
(Reading database ... 55%
(Reading database ... 60%
(Reading database ... 65%
(Reading database ... 70%
(Reading database ... 75%
(Reading database ... 80%
(Reading database ... 85%
(Reading database ... 90%
(Reading database ... 95%
(Reading database ... 100%
(Reading database ... 93487 files and directories currently installed.)
Preparing to unpack .../00-libsctp1_1.0.19+dfsg-2build1_amd64.deb ...
Unpacking libsctp1:amd64 (1.0.19+dfsg-2build1) ...
Selecting previously unselected package libiperf0:amd64.
Preparing to unpack .../01-libiperf0_3.16-1build2_amd64.deb ...
Unpacking libiperf0:amd64 (3.16-1build2) ...
Selecting previously unselected package iperf3.
Preparing to unpack .../02-iperf3_3.16-1build2_amd64.deb ...
Unpacking iperf3 (3.16-1build2) ...
Preparing to unpack .../03-gpg-wks-client_2.4.4-2ubuntu17.6_amd64.deb ...
Unpacking gpg-wks-client (2.4.4-2ubuntu17.6) over (2.4.4-2ubuntu17.4) ...
Preparing to unpack .../04-dirmngr_2.4.4-2ubuntu17.6_amd64.deb ...
Unpacking dirmngr (2.4.4-2ubuntu17.6) over (2.4.4-2ubuntu17.4) ...
Preparing to unpack .../05-gpgsm_2.4.4-2ubuntu17.6_amd64.deb ...
Unpacking gpgsm (2.4.4-2ubuntu17.6) over (2.4.4-2ubuntu17.4) ...
Preparing to unpack .../06-gnupg-utils_2.4.4-2ubuntu17.6_amd64.deb ...
Unpacking gnupg-utils (2.4.4-2ubuntu17.6) over (2.4.4-2ubuntu17.4) ...
Preparing to unpack .../07-gpg-agent_2.4.4-2ubuntu17.6_amd64.deb ...
Unpacking gpg-agent (2.4.4-2ubuntu17.6) over (2.4.4-2ubuntu17.4) ...
Preparing to unpack .../08-gpg_2.4.4-2ubuntu17.6_amd64.deb ...
Unpacking gpg (2.4.4-2ubuntu17.6) over (2.4.4-2ubuntu17.4) ...
Preparing to unpack .../09-gpgconf_2.4.4-2ubuntu17.6_amd64.deb ...
Unpacking gpgconf (2.4.4-2ubuntu17.6) over (2.4.4-2ubuntu17.4) ...
Preparing to unpack .../10-gnupg_2.4.4-2ubuntu17.6_all.deb ...
Unpacking gnupg (2.4.4-2ubuntu17.6) over (2.4.4-2ubuntu17.4) ...
Preparing to unpack .../11-keyboxd_2.4.4-2ubuntu17.6_amd64.deb ...
Unpacking keyboxd (2.4.4-2ubuntu17.6) over (2.4.4-2ubuntu17.4) ...
Preparing to unpack .../12-gpgv_2.4.4-2ubuntu17.6_amd64.deb ...
Unpacking gpgv (2.4.4-2ubuntu17.6) over (2.4.4-2ubuntu17.4) ...
Setting up gpgv (2.4.4-2ubuntu17.6) ...
Selecting previously unselected package libgfxdr0:amd64.
(Reading database ... 
(Reading database ... 5%
(Reading database ... 10%
(Reading database ... 15%
(Reading database ... 20%
(Reading database ... 25%
(Reading database ... 30%
(Reading database ... 35%
(Reading database ... 40%
(Reading database ... 45%
(Reading database ... 50%
(Reading database ... 55%
(Reading database ... 60%
(Reading database ... 65%
(Reading database ... 70%
(Reading database ... 75%
(Reading database ... 80%
(Reading database ... 85%
(Reading database ... 90%
(Reading database ... 95%
(Reading database ... 100%
(Reading database ... 93508 files and directories currently installed.)
Preparing to unpack .../00-libgfxdr0_11.1-4ubuntu0.1_amd64.deb ...
Unpacking libgfxdr0:amd64 (11.1-4ubuntu0.1) ...
Selecting previously unselected package libglusterfs0:amd64.
Preparing to unpack .../01-libglusterfs0_11.1-4ubuntu0.1_amd64.deb ...
Unpacking libglusterfs0:amd64 (11.1-4ubuntu0.1) ...
Selecting previously unselected package libgfrpc0:amd64.
Preparing to unpack .../02-libgfrpc0_11.1-4ubuntu0.1_amd64.deb ...
Unpacking libgfrpc0:amd64 (11.1-4ubuntu0.1) ...
Selecting previously unselected package libgfapi0:amd64.
Preparing to unpack .../03-libgfapi0_11.1-4ubuntu0.1_amd64.deb ...
Unpacking libgfapi0:amd64 (11.1-4ubuntu0.1) ...
Selecting previously unselected package libnbd0.
Preparing to unpack .../04-libnbd0_1.20.0-1_amd64.deb ...
Unpacking libnbd0 (1.20.0-1) ...
Selecting previously unselected package libdaxctl1:amd64.
Preparing to unpack .../05-libdaxctl1_77-2ubuntu2_amd64.deb ...
Unpacking libdaxctl1:amd64 (77-2ubuntu2) ...
Selecting previously unselected package libndctl6:amd64.
Preparing to unpack .../06-libndctl6_77-2ubuntu2_amd64.deb ...
Unpacking libndctl6:amd64 (77-2ubuntu2) ...
Selecting previously unselected package libpmem1:amd64.
Preparing to unpack .../07-libpmem1_1.13.1-1.1ubuntu2_amd64.deb ...
Unpacking libpmem1:amd64 (1.13.1-1.1ubuntu2) ...
Selecting previously unselected package libboost-iostreams1.83.0:amd64.
Preparing to unpack .../08-libboost-iostreams1.83.0_1.83.0-2.1ubuntu3.2_amd64.deb ...
Unpacking libboost-iostreams1.83.0:amd64 (1.83.0-2.1ubuntu3.2) ...
Selecting previously unselected package libboost-thread1.83.0:amd64.
Preparing to unpack .../09-libboost-thread1.83.0_1.83.0-2.1ubuntu3.2_amd64.deb ...
Unpacking libboost-thread1.83.0:amd64 (1.83.0-2.1ubuntu3.2) ...
Selecting previously unselected package librdmacm1t64:amd64.
Preparing to unpack .../10-librdmacm1t64_50.0-2ubuntu0.2_amd64.deb ...
Unpacking librdmacm1t64:amd64 (50.0-2ubuntu0.2) ...
Selecting previously unselected package librados2.
Preparing to unpack .../11-librados2_19.2.3-0ubuntu0.24.04.3_amd64.deb ...
Unpacking librados2 (19.2.3-0ubuntu0.24.04.3) ...
Selecting previously unselected package libpmemobj1:amd64.
Preparing to unpack .../12-libpmemobj1_1.13.1-1.1ubuntu2_amd64.deb ...
Unpacking libpmemobj1:amd64 (1.13.1-1.1ubuntu2) ...
Selecting previously unselected package librbd1.
Preparing to unpack .../13-librbd1_19.2.3-0ubuntu0.24.04.3_amd64.deb ...
Unpacking librbd1 (19.2.3-0ubuntu0.24.04.3) ...
Selecting previously unselected package fio.
Preparing to unpack .../14-fio_3.36-1ubuntu0.1_amd64.deb ...
Unpacking fio (3.36-1ubuntu0.1) ...
Preparing to unpack .../15-gnupg-l10n_2.4.4-2ubuntu17.6_all.deb ...
Unpacking gnupg-l10n (2.4.4-2ubuntu17.6) over (2.4.4-2ubuntu17.4) ...
Selecting previously unselected package libluajit2-5.1-common.
Preparing to unpack .../16-libluajit2-5.1-common_2.1-20230410-1build1_all.deb ...
Unpacking libluajit2-5.1-common (2.1-20230410-1build1) ...
Selecting previously unselected package libluajit2-5.1-2:amd64.
Preparing to unpack .../17-libluajit2-5.1-2_2.1-20230410-1build1_amd64.deb ...
Unpacking libluajit2-5.1-2:amd64 (2.1-20230410-1build1) ...
Selecting previously unselected package mysql-common.
Preparing to unpack .../18-mysql-common_5.8+1.1.0build1_all.deb ...
Unpacking mysql-common (5.8+1.1.0build1) ...
Selecting previously unselected package libmysqlclient21:amd64.
Preparing to unpack .../19-libmysqlclient21_8.0.46-0ubuntu0.24.04.4_amd64.deb ...
Unpacking libmysqlclient21:amd64 (8.0.46-0ubuntu0.24.04.4) ...
Selecting previously unselected package libpq5:amd64.
Preparing to unpack .../20-libpq5_16.15-0ubuntu0.24.04.1_amd64.deb ...
Unpacking libpq5:amd64 (16.15-0ubuntu0.24.04.1) ...
Selecting previously unselected package sysbench.
Preparing to unpack .../21-sysbench_1.0.20+ds-6build2_amd64.deb ...
Unpacking sysbench (1.0.20+ds-6build2) ...
Setting up mysql-common (5.8+1.1.0build1) ...
update-alternatives: using /etc/mysql/my.cnf.fallback to provide /etc/mysql/my.cnf (my.cnf) in auto mode
Setting up libmysqlclient21:amd64 (8.0.46-0ubuntu0.24.04.4) ...
Setting up libpq5:amd64 (16.15-0ubuntu0.24.04.1) ...
Setting up libboost-thread1.83.0:amd64 (1.83.0-2.1ubuntu3.2) ...
Setting up libnbd0 (1.20.0-1) ...
Setting up libluajit2-5.1-common (2.1-20230410-1build1) ...
Setting up libglusterfs0:amd64 (11.1-4ubuntu0.1) ...
Setting up gnupg-l10n (2.4.4-2ubuntu17.6) ...
Setting up libboost-iostreams1.83.0:amd64 (1.83.0-2.1ubuntu3.2) ...
Setting up libdaxctl1:amd64 (77-2ubuntu2) ...
Setting up libsctp1:amd64 (1.0.19+dfsg-2build1) ...
Setting up gpgconf (2.4.4-2ubuntu17.6) ...
Setting up libndctl6:amd64 (77-2ubuntu2) ...
Setting up librdmacm1t64:amd64 (50.0-2ubuntu0.2) ...
Setting up libpmem1:amd64 (1.13.1-1.1ubuntu2) ...
Setting up libluajit2-5.1-2:amd64 (2.1-20230410-1build1) ...
Setting up gpg (2.4.4-2ubuntu17.6) ...
Setting up libgfxdr0:amd64 (11.1-4ubuntu0.1) ...
Setting up gnupg-utils (2.4.4-2ubuntu17.6) ...
Setting up librados2 (19.2.3-0ubuntu0.24.04.3) ...
Setting up sysbench (1.0.20+ds-6build2) ...
Setting up gpg-agent (2.4.4-2ubuntu17.6) ...
Setting up gpgsm (2.4.4-2ubuntu17.6) ...
Setting up dirmngr (2.4.4-2ubuntu17.6) ...
Setting up libpmemobj1:amd64 (1.13.1-1.1ubuntu2) ...
Setting up libiperf0:amd64 (3.16-1build2) ...
Setting up keyboxd (2.4.4-2ubuntu17.6) ...
Setting up librbd1 (19.2.3-0ubuntu0.24.04.3) ...
Setting up gnupg (2.4.4-2ubuntu17.6) ...
Setting up libgfrpc0:amd64 (11.1-4ubuntu0.1) ...
Setting up gpg-wks-client (2.4.4-2ubuntu17.6) ...
Setting up iperf3 (3.16-1build2) ...
Setting up libgfapi0:amd64 (11.1-4ubuntu0.1) ...
Setting up fio (3.36-1ubuntu0.1) ...
Processing triggers for libc-bin (2.39-0ubuntu8.8) ...
Processing triggers for ufw (0.36.2-6) ...
Processing triggers for man-db (2.12.0-4build2) ...
Processing triggers for install-info (7.1-3build2) ...

Running kernel seems to be up-to-date.

No services need to be restarted.

No containers need to be restarted.

No user sessions are running outdated binaries.

No VM guests are running outdated hypervisor (qemu) binaries on this host.

[3/4] Installing PostgreSQL 18 (or latest stable available in official repo)...
Hit:1 http://security.ubuntu.com/ubuntu noble-security InRelease
Get:2 http://apt.postgresql.org/pub/repos/apt noble-pgdg InRelease [189 kB]
Hit:3 http://ubuntu.mirror.constant.com noble InRelease
Get:4 http://apt.postgresql.org/pub/repos/apt noble-pgdg/main amd64 Packages [825 kB]
Hit:5 http://ubuntu.mirror.constant.com noble-updates InRelease
Hit:6 http://ubuntu.mirror.constant.com noble-backports InRelease
Fetched 1,014 kB in 1s (765 kB/s)
Reading package lists...
Reading package lists...
Building dependency tree...
Reading state information...
The following additional packages will be installed:
  libcommon-sense-perl libjson-perl libjson-xs-perl libllvm19 libpq5
  libtypes-serialiser-perl liburing2 postgresql-18-jit postgresql-client-18
  postgresql-client-common postgresql-common ssl-cert
Suggested packages:
  libpq-oauth postgresql-doc-18
The following NEW packages will be installed:
  libcommon-sense-perl libjson-perl libjson-xs-perl libllvm19
  libtypes-serialiser-perl liburing2 postgresql-18 postgresql-18-jit
  postgresql-client-18 postgresql-client-common postgresql-common ssl-cert
The following packages will be upgraded:
  libpq5
1 upgraded, 12 newly installed, 0 to remove and 30 not upgraded.
Need to get 49.0 MB of archives.
After this operation, 203 MB of additional disk space will be used.
Get:1 http://ubuntu.mirror.constant.com noble/main amd64 libjson-perl all 4.10000-1 [81.9 kB]
Get:2 http://apt.postgresql.org/pub/repos/apt noble-pgdg/main amd64 postgresql-client-common all 293.pgdg24.04+1 [48.5 kB]
Get:3 http://apt.postgresql.org/pub/repos/apt noble-pgdg/main amd64 postgresql-common all 293.pgdg24.04+1 [113 kB]
Get:4 http://apt.postgresql.org/pub/repos/apt noble-pgdg/main amd64 libpq5 amd64 18.6-1.pgdg24.04+2 [264 kB]
Get:5 http://apt.postgresql.org/pub/repos/apt noble-pgdg/main amd64 postgresql-client-18 amd64 18.6-1.pgdg24.04+2 [2,114 kB]
Get:6 http://apt.postgresql.org/pub/repos/apt noble-pgdg/main amd64 postgresql-18 amd64 18.6-1.pgdg24.04+2 [7,577 kB]
Get:7 http://apt.postgresql.org/pub/repos/apt noble-pgdg/main amd64 postgresql-18-jit amd64 18.6-1.pgdg24.04+2 [9,924 kB]
Get:8 http://ubuntu.mirror.constant.com noble/main amd64 ssl-cert all 1.1.2ubuntu1 [17.8 kB]
Get:9 http://ubuntu.mirror.constant.com noble/main amd64 libcommon-sense-perl amd64 3.75-3build3 [20.4 kB]
Get:10 http://ubuntu.mirror.constant.com noble/main amd64 libtypes-serialiser-perl all 1.01-1 [11.6 kB]
Get:11 http://ubuntu.mirror.constant.com noble-updates/main amd64 libjson-xs-perl amd64 4.040-0ubuntu0.24.04.1 [83.7 kB]
Get:12 http://ubuntu.mirror.constant.com noble-updates/main amd64 libllvm19 amd64 1:19.1.1-1ubuntu1~24.04.2 [28.7 MB]
Get:13 http://ubuntu.mirror.constant.com noble/main amd64 liburing2 amd64 2.5-1build1 [21.1 kB]
Preconfiguring packages ...
Fetched 49.0 MB in 5s (10.0 MB/s)
Selecting previously unselected package libjson-perl.
(Reading database ... 
(Reading database ... 5%
(Reading database ... 10%
(Reading database ... 15%
(Reading database ... 20%
(Reading database ... 25%
(Reading database ... 30%
(Reading database ... 35%
(Reading database ... 40%
(Reading database ... 45%
(Reading database ... 50%
(Reading database ... 55%
(Reading database ... 60%
(Reading database ... 65%
(Reading database ... 70%
(Reading database ... 75%
(Reading database ... 80%
(Reading database ... 85%
(Reading database ... 90%
(Reading database ... 95%
(Reading database ... 100%
(Reading database ... 93710 files and directories currently installed.)
Preparing to unpack .../00-libjson-perl_4.10000-1_all.deb ...
Unpacking libjson-perl (4.10000-1) ...
Selecting previously unselected package postgresql-client-common.
Preparing to unpack .../01-postgresql-client-common_293.pgdg24.04+1_all.deb ...
Unpacking postgresql-client-common (293.pgdg24.04+1) ...
Selecting previously unselected package ssl-cert.
Preparing to unpack .../02-ssl-cert_1.1.2ubuntu1_all.deb ...
Unpacking ssl-cert (1.1.2ubuntu1) ...
Selecting previously unselected package postgresql-common.
Preparing to unpack .../03-postgresql-common_293.pgdg24.04+1_all.deb ...
Adding 'diversion of /usr/bin/pg_config to /usr/bin/pg_config.libpq-dev by postgresql-common'
Unpacking postgresql-common (293.pgdg24.04+1) ...
Selecting previously unselected package libcommon-sense-perl:amd64.
Preparing to unpack .../04-libcommon-sense-perl_3.75-3build3_amd64.deb ...
Unpacking libcommon-sense-perl:amd64 (3.75-3build3) ...
Selecting previously unselected package libtypes-serialiser-perl.
Preparing to unpack .../05-libtypes-serialiser-perl_1.01-1_all.deb ...
Unpacking libtypes-serialiser-perl (1.01-1) ...
Selecting previously unselected package libjson-xs-perl.
Preparing to unpack .../06-libjson-xs-perl_4.040-0ubuntu0.24.04.1_amd64.deb ...
Unpacking libjson-xs-perl (4.040-0ubuntu0.24.04.1) ...
Selecting previously unselected package libllvm19:amd64.
Preparing to unpack .../07-libllvm19_1%3a19.1.1-1ubuntu1~24.04.2_amd64.deb ...
Unpacking libllvm19:amd64 (1:19.1.1-1ubuntu1~24.04.2) ...
Preparing to unpack .../08-libpq5_18.6-1.pgdg24.04+2_amd64.deb ...
Unpacking libpq5:amd64 (18.6-1.pgdg24.04+2) over (16.15-0ubuntu0.24.04.1) ...
Selecting previously unselected package liburing2:amd64.
Preparing to unpack .../09-liburing2_2.5-1build1_amd64.deb ...
Unpacking liburing2:amd64 (2.5-1build1) ...
Selecting previously unselected package postgresql-client-18.
Preparing to unpack .../10-postgresql-client-18_18.6-1.pgdg24.04+2_amd64.deb ...
Unpacking postgresql-client-18 (18.6-1.pgdg24.04+2) ...
Selecting previously unselected package postgresql-18.
Preparing to unpack .../11-postgresql-18_18.6-1.pgdg24.04+2_amd64.deb ...
Unpacking postgresql-18 (18.6-1.pgdg24.04+2) ...
Selecting previously unselected package postgresql-18-jit.
Preparing to unpack .../12-postgresql-18-jit_18.6-1.pgdg24.04+2_amd64.deb ...
Unpacking postgresql-18-jit (18.6-1.pgdg24.04+2) ...
Setting up postgresql-client-common (293.pgdg24.04+1) ...
Setting up libllvm19:amd64 (1:19.1.1-1ubuntu1~24.04.2) ...
Setting up libpq5:amd64 (18.6-1.pgdg24.04+2) ...
Setting up libcommon-sense-perl:amd64 (3.75-3build3) ...
Setting up ssl-cert (1.1.2ubuntu1) ...
Created symlink /etc/systemd/system/multi-user.target.wants/ssl-cert.service → /usr/lib/systemd/system/ssl-cert.service.

Setting up libtypes-serialiser-perl (1.01-1) ...
Setting up libjson-perl (4.10000-1) ...
Setting up liburing2:amd64 (2.5-1build1) ...
Setting up libjson-xs-perl (4.040-0ubuntu0.24.04.1) ...
Setting up postgresql-client-18 (18.6-1.pgdg24.04+2) ...
update-alternatives: using /usr/share/postgresql/18/man/man1/psql.1.gz to provide /usr/share/man/man1/psql.1.gz (psql.1.gz) in auto mode
Setting up postgresql-common (293.pgdg24.04+1) ...

Creating config file /etc/postgresql-common/createcluster.conf with new version
Building PostgreSQL dictionaries from installed myspell/hunspell packages...
Removing obsolete dictionary files:
Created symlink /etc/systemd/system/multi-user.target.wants/postgresql.service → /usr/lib/systemd/system/postgresql.service.

Setting up postgresql-18 (18.6-1.pgdg24.04+2) ...
Creating new PostgreSQL cluster 18/main ...
/usr/lib/postgresql/18/bin/initdb -D /var/lib/postgresql/18/main --auth-local peer --auth-host scram-sha-256 --no-instructions
The files belonging to this database system will be owned by user "postgres".
This user must also own the server process.

The database cluster will be initialized with locale "en_US.UTF-8".
The default database encoding has accordingly been set to "UTF8".
The default text search configuration will be set to "english".

Data page checksums are enabled.

fixing permissions on existing directory /var/lib/postgresql/18/main ... ok
creating subdirectories ... ok
selecting dynamic shared memory implementation ... posix
selecting default "max_connections" ... 100
selecting default "shared_buffers" ... 128MB
selecting default time zone ... Etc/UTC
creating configuration files ... ok
running bootstrap script ... ok
performing post-bootstrap initialization ... ok
syncing data to disk ... ok
Setting up postgresql-18-jit (18.6-1.pgdg24.04+2) ...
Processing triggers for libc-bin (2.39-0ubuntu8.8) ...
Processing triggers for man-db (2.12.0-4build2) ...

Running kernel seems to be up-to-date.

No services need to be restarted.

No containers need to be restarted.

No user sessions are running outdated binaries.

No VM guests are running outdated hypervisor (qemu) binaries on this host.
Synchronizing state of postgresql.service with SysV service script with /usr/lib/systemd/systemd-sysv-install.
Executing: /usr/lib/systemd/systemd-sysv-install enable postgresql

[4/4] Verifying installed tool versions...
sysbench:   sysbench 1.0.20
fio:        fio-3.36
iperf3:     iperf 3.16 (cJSON 1.7.15)
iostat:     sysstat version 12.6.1
PostgreSQL: psql (PostgreSQL) 18.6 (Ubuntu 18.6-1.pgdg24.04+2)
pgbench:    pgbench (PostgreSQL) 18.6 (Ubuntu 18.6-1.pgdg24.04+2)

=========================================
=== NODE SETUP COMPLETE (NO TUNING APPLIED) ===
=========================================
