=========================================
=== CBP-1.0 / T001: SYSTEM CHARACTERIZATION ===
=== Timestamp (UTC): 2026-09-13 11:35:22 UTC ===
=========================================

--- UNAME ---
Linux vultr 6.8.0-138-generic #138-Ubuntu SMP PREEMPT_DYNAMIC Fri Jul 31 22:41:49 UTC 2026 x86_64 x86_64 x86_64 GNU/Linux

--- OS RELEASE ---
PRETTY_NAME="Ubuntu 24.04.4 LTS"
NAME="Ubuntu"
VERSION_ID="24.04"
VERSION="24.04.4 LTS (Noble Numbat)"
VERSION_CODENAME=noble
ID=ubuntu
ID_LIKE=debian
HOME_URL="https://www.ubuntu.com/"
SUPPORT_URL="https://help.ubuntu.com/"
BUG_REPORT_URL="https://bugs.launchpad.net/ubuntu/"
PRIVACY_POLICY_URL="https://www.ubuntu.com/legal/terms-and-policies/privacy-policy"
UBUNTU_CODENAME=noble
LOGO=ubuntu-logo

--- CPU ARCHITECTURE & DETAILS (lscpu) ---
Architecture:                            x86_64
CPU op-mode(s):                          32-bit, 64-bit
Address sizes:                           40 bits physical, 48 bits virtual
Byte Order:                              Little Endian
CPU(s):                                  4
On-line CPU(s) list:                     0-3
Vendor ID:                               GenuineIntel
BIOS Vendor ID:                          QEMU
Model name:                              Intel Xeon Processor (Cascadelake)
BIOS Model name:                         pc-q35-8.2  CPU @ 2.0GHz
BIOS CPU family:                         1
CPU family:                              6
Model:                                   85
Thread(s) per core:                      2
Core(s) per socket:                      2
Socket(s):                               1
Stepping:                                6
BogoMIPS:                                5985.94
Flags:                                   fpu vme de pse tsc msr pae mce cx8 apic sep mtrr pge mca cmov pat pse36 clflush mmx fxsr sse sse2 ht syscall nx pdpe1gb rdtscp lm constant_tsc rep_good nopl xtopology cpuid tsc_known_freq pni pclmulqdq ssse3 fma cx16 pcid sse4_1 sse4_2 x2apic movbe popcnt tsc_deadline_timer aes xsave avx f16c rdrand hypervisor lahf_lm abm cpuid_fault ssbd ibrs ibpb ibrs_enhanced fsgsbase bmi1 avx2 smep bmi2 erms invpcid avx512f avx512dq clflushopt clwb avx512cd avx512bw avx512vl xsaveopt arat pku ospke avx512_vnni arch_capabilities
Hypervisor vendor:                       Microsoft
Virtualization type:                     full
L1d cache:                               128 KiB (4 instances)
L1i cache:                               128 KiB (4 instances)
L2 cache:                                8 MiB (2 instances)
L3 cache:                                16 MiB (1 instance)
NUMA node(s):                            1
NUMA node0 CPU(s):                       0-3
Vulnerability Gather data sampling:      Unknown: Dependent on hypervisor status
Vulnerability Indirect target selection: Mitigation; Aligned branch/return thunks
Vulnerability Itlb multihit:             KVM: Mitigation: VMX unsupported
Vulnerability L1tf:                      Not affected
Vulnerability Mds:                       Not affected
Vulnerability Meltdown:                  Not affected
Vulnerability Mmio stale data:           Vulnerable: Clear CPU buffers attempted, no microcode; SMT Host state unknown
Vulnerability Reg file data sampling:    Not affected
Vulnerability Retbleed:                  Mitigation; Enhanced IBRS
Vulnerability Spec rstack overflow:      Not affected
Vulnerability Spec store bypass:         Mitigation; Speculative Store Bypass disabled via prctl
Vulnerability Spectre v1:                Mitigation; usercopy/swapgs barriers and __user pointer sanitization
Vulnerability Spectre v2:                Mitigation; Enhanced / Automatic IBRS; IBPB conditional; PBRSB-eIBRS SW sequence; BHI SW loop, KVM SW loop
Vulnerability Srbds:                     Not affected
Vulnerability Tsa:                       Not affected
Vulnerability Tsx async abort:           Not affected
Vulnerability Vmscape:                   Not affected

--- DETECTED CORES (nproc) ---
4

--- MEMORY (free -h) ---
               total        used        free      shared  buff/cache   available
Mem:           7.7Gi       414Mi       7.3Gi       1.3Mi       313Mi       7.3Gi
Swap:          8.0Gi          0B       8.0Gi

--- MEMORY DETAILED (cat /proc/meminfo) ---
MemTotal:        8125768 kB
MemFree:         7625456 kB
MemAvailable:    7701248 kB
Buffers:           36996 kB
Cached:           261656 kB
SwapCached:            0 kB
Active:           238288 kB
Inactive:          93744 kB
Active(anon):      43492 kB
Inactive(anon):        0 kB
Active(file):     194796 kB
Inactive(file):    93744 kB
Unevictable:       27748 kB
Mlocked:           27748 kB
SwapTotal:       8388604 kB
SwapFree:        8388604 kB
Zswap:                 0 kB
Zswapped:              0 kB
Dirty:               960 kB
Writeback:             0 kB
AnonPages:         61016 kB
Mapped:            51552 kB
Shmem:              1284 kB
KReclaimable:      22364 kB
Slab:              83336 kB

--- BLOCK DEVICES (lsblk) ---
NAME     SIZE TYPE FSTYPE MOUNTPOINTS ROTA MODEL        DISC-MAX DISC-ZERO
sr0     1024M rom                        1 QEMU DVD-ROM       0B         0
vda      180G disk                       1                    2G         0
├─vda1   512M part vfat   /boot/efi      1                    2G         0
└─vda2 179.5G part ext4   /              1                    2G         0

--- FILESYSTEM DISK USAGE (df -hT) ---
Filesystem     Type      Size  Used Avail Use% Mounted on
tmpfs          tmpfs     794M  1.3M  793M   1% /run
efivarfs       efivarfs  256K   19K  233K   8% /sys/firmware/efi/efivars
/dev/vda2      ext4      169G   12G  150G   8% /
tmpfs          tmpfs     3.9G     0  3.9G   0% /dev/shm
tmpfs          tmpfs     5.0M     0  5.0M   0% /run/lock
/dev/vda1      vfat      511M  6.2M  505M   2% /boot/efi
tmpfs          tmpfs     794M   12K  794M   1% /run/user/0

--- MOUNT DETAILS ---
/dev/vda2 on / type ext4 (rw,relatime)
/dev/vda1 on /boot/efi type vfat (rw,relatime,fmask=0022,dmask=0022,codepage=437,iocharset=iso8859-1,shortname=mixed,errors=remount-ro)

--- VIRTUALIZATION DETECTION ---
microsoft

--- DMI SYSTEM INFO (dmidecode proxy if readable) ---
Product Name: VHP
Sys Vendor:   Vultr
BIOS Version: 

=========================================
=== T001 CHARACTERIZATION COMPLETE ===
=========================================
