=========================================
=== CBP-1.0 / T002: IDLE-SYSTEM BASELINE ===
=== Timestamp (UTC): 2026-09-13 11:47:40 UTC ===
=========================================

--- UPTIME & LOAD AVERAGE ---
 11:47:40 up 14 min,  1 user,  load average: 0.00, 0.00, 0.00

--- MEMORY & SWAP (free -h) ---
               total        used        free      shared  buff/cache   available
Mem:           7.7Gi       437Mi       7.2Gi       1.3Mi       362Mi       7.3Gi
Swap:          8.0Gi          0B       8.0Gi

--- VMSTAT SAMPLING (1s x 10 intervals) ---
procs -----------memory---------- ---swap-- -----io---- -system-- -------cpu-------
 r  b   swpd   free   buff  cache   si   so    bi    bo   in   cs us sy id wa st gu
 0  0      0 7551632  38424 333188    0    0   355    96  203    0  0  0 99  0  0  0
 0  0      0 7550652  38424 333432    0    0     0  1144  215  162  0  0 100  0  0  0
 0  0      0 7550148  38432 333432    0    0     0    60  161  127  0  0 100  0  0  0
 0  0      0 7550148  38432 333432    0    0     0     0   67   62  0  0 100  0  0  0
 0  0      0 7550148  38432 333432    0    0     0     4  185  107  0  0 100  0  0  0
 0  0      0 7550148  38432 333436    0    0     0     0  103   88  0  0 100  0  0  0
 0  0      0 7550148  38432 333436    0    0     0     0  160   97  0  0 100  0  0  0
 0  0      0 7550148  38440 333428    0    0     0    64  111   95  0  0 100  0  0  0
 0  0      0 7550148  38440 333436    0    0     0     0   59   51  0  0 100  0  0  0
 0  0      0 7550148  38440 333436    0    0     0     0   87   75  0  0 100  0  0  0

--- IOSTAT SAMPLING (1s x 10 intervals) ---
Linux 6.8.0-138-generic (vultr) 	09/13/2026 	_x86_64_	(4 CPU)

avg-cpu:  %user   %nice %system %iowait  %steal   %idle
           0.26    0.00    0.25    0.15    0.00   99.34

Device            r/s     rkB/s   rrqm/s  %rrqm r_await rareq-sz     w/s     wkB/s   wrqm/s  %wrqm w_await wareq-sz     d/s     dkB/s   drqm/s  %drqm d_await dareq-sz     f/s f_await  aqu-sz  %util
loop0            0.01      0.01     0.00   0.00    0.00     1.00    0.00      0.00     0.00   0.00    0.00     0.00    0.00      0.00     0.00   0.00    0.00     0.00    0.00    0.00    0.00   0.00
vda             11.75    352.02     3.62  23.53    0.15    29.97    7.90  13000.19     6.64  45.68    0.81  1645.61    0.08    495.04     0.00   0.00    0.37  6102.25    0.46    0.04    0.01   0.52


avg-cpu:  %user   %nice %system %iowait  %steal   %idle
           0.00    0.00    0.00    0.00    0.00  100.00

Device            r/s     rkB/s   rrqm/s  %rrqm r_await rareq-sz     w/s     wkB/s   wrqm/s  %wrqm w_await wareq-sz     d/s     dkB/s   drqm/s  %drqm d_await dareq-sz     f/s f_await  aqu-sz  %util


avg-cpu:  %user   %nice %system %iowait  %steal   %idle
           0.50    0.00    0.25    0.00    0.00   99.25

Device            r/s     rkB/s   rrqm/s  %rrqm r_await rareq-sz     w/s     wkB/s   wrqm/s  %wrqm w_await wareq-sz     d/s     dkB/s   drqm/s  %drqm d_await dareq-sz     f/s f_await  aqu-sz  %util


avg-cpu:  %user   %nice %system %iowait  %steal   %idle
           0.00    0.00    0.25    0.00    0.00   99.75

Device            r/s     rkB/s   rrqm/s  %rrqm r_await rareq-sz     w/s     wkB/s   wrqm/s  %wrqm w_await wareq-sz     d/s     dkB/s   drqm/s  %drqm d_await dareq-sz     f/s f_await  aqu-sz  %util


avg-cpu:  %user   %nice %system %iowait  %steal   %idle
           0.00    0.00    0.00    0.00    0.00  100.00

Device            r/s     rkB/s   rrqm/s  %rrqm r_await rareq-sz     w/s     wkB/s   wrqm/s  %wrqm w_await wareq-sz     d/s     dkB/s   drqm/s  %drqm d_await dareq-sz     f/s f_await  aqu-sz  %util
vda              0.00      0.00     0.00   0.00    0.00     0.00    4.00     20.00     1.00  20.00    0.00     5.00    0.00      0.00     0.00   0.00    0.00     0.00    0.00    0.00    0.00   0.00


avg-cpu:  %user   %nice %system %iowait  %steal   %idle
           0.00    0.00    0.00    0.00    0.00  100.00

Device            r/s     rkB/s   rrqm/s  %rrqm r_await rareq-sz     w/s     wkB/s   wrqm/s  %wrqm w_await wareq-sz     d/s     dkB/s   drqm/s  %drqm d_await dareq-sz     f/s f_await  aqu-sz  %util
vda              0.00      0.00     0.00   0.00    0.00     0.00    4.00     52.00     9.00  69.23    0.25    13.00    0.00      0.00     0.00   0.00    0.00     0.00    2.00    0.50    0.00   0.10


avg-cpu:  %user   %nice %system %iowait  %steal   %idle
           0.25    0.00    0.00    0.00    0.00   99.75

Device            r/s     rkB/s   rrqm/s  %rrqm r_await rareq-sz     w/s     wkB/s   wrqm/s  %wrqm w_await wareq-sz     d/s     dkB/s   drqm/s  %drqm d_await dareq-sz     f/s f_await  aqu-sz  %util


avg-cpu:  %user   %nice %system %iowait  %steal   %idle
           0.00    0.00    0.25    0.00    0.00   99.75

Device            r/s     rkB/s   rrqm/s  %rrqm r_await rareq-sz     w/s     wkB/s   wrqm/s  %wrqm w_await wareq-sz     d/s     dkB/s   drqm/s  %drqm d_await dareq-sz     f/s f_await  aqu-sz  %util


avg-cpu:  %user   %nice %system %iowait  %steal   %idle
           0.00    0.00    0.00    0.00    0.00  100.00

Device            r/s     rkB/s   rrqm/s  %rrqm r_await rareq-sz     w/s     wkB/s   wrqm/s  %wrqm w_await wareq-sz     d/s     dkB/s   drqm/s  %drqm d_await dareq-sz     f/s f_await  aqu-sz  %util


avg-cpu:  %user   %nice %system %iowait  %steal   %idle
           0.00    0.00    0.00    0.00    0.00  100.00

Device            r/s     rkB/s   rrqm/s  %rrqm r_await rareq-sz     w/s     wkB/s   wrqm/s  %wrqm w_await wareq-sz     d/s     dkB/s   drqm/s  %drqm d_await dareq-sz     f/s f_await  aqu-sz  %util



=========================================
=== T002 IDLE BASELINE COMPLETE ===
=========================================
