=========================================
=== CBP-1.0 / T051: POSTGRESQL INIT SCALE 10 ===
=== Timestamp (UTC): 2026-09-13 12:02:11 UTC ===
=========================================
Initializing pgbench database (scale 10) on database 'cloudmark'...
dropping old tables...
NOTICE:  table "pgbench_accounts" does not exist, skipping
NOTICE:  table "pgbench_branches" does not exist, skipping
NOTICE:  table "pgbench_history" does not exist, skipping
NOTICE:  table "pgbench_tellers" does not exist, skipping
creating tables...
generating data (client-side)...
100000 of 1000000 tuples (10%) of pgbench_accounts done (elapsed 0.07 s, remaining 0.65 s)
200000 of 1000000 tuples (20%) of pgbench_accounts done (elapsed 0.14 s, remaining 0.55 s)
300000 of 1000000 tuples (30%) of pgbench_accounts done (elapsed 0.22 s, remaining 0.51 s)
400000 of 1000000 tuples (40%) of pgbench_accounts done (elapsed 0.30 s, remaining 0.45 s)
500000 of 1000000 tuples (50%) of pgbench_accounts done (elapsed 0.37 s, remaining 0.37 s)
600000 of 1000000 tuples (60%) of pgbench_accounts done (elapsed 0.44 s, remaining 0.30 s)
700000 of 1000000 tuples (70%) of pgbench_accounts done (elapsed 0.53 s, remaining 0.23 s)
800000 of 1000000 tuples (80%) of pgbench_accounts done (elapsed 0.59 s, remaining 0.15 s)
900000 of 1000000 tuples (90%) of pgbench_accounts done (elapsed 0.68 s, remaining 0.08 s)
1000000 of 1000000 tuples (100%) of pgbench_accounts done (elapsed 0.75 s, remaining 0.00 s)
vacuuming...
creating primary keys...
done in 1.09 s (drop tables 0.00 s, create tables 0.00 s, client-side generate 0.77 s, vacuum 0.08 s, primary keys 0.24 s).

--- Database & Relation Sizes ---
    table_name    | total_size | data_size  | index_size 
------------------+------------+------------+------------
 pgbench_accounts | 150 MB     | 128 MB     | 21 MB
 pgbench_branches | 56 kB      | 8192 bytes | 16 kB
 pgbench_tellers  | 56 kB      | 8192 bytes | 16 kB
 pgbench_history  | 0 bytes    | 0 bytes    | 0 bytes
(4 rows)


--- Total Database Size ---
157 MB

=========================================
=== T051 COMPLETE ===
=========================================
