=========================================
=== CBP-1.0 / T052: MIXED OLTP SCALING (Scale 10) ===
=== Duration per test: 180s, Interval: 5s ===
=== Timestamp (UTC): 2026-09-13 12:02:12 UTC ===
=========================================

------------------------------------------------------------
=== Running Mixed OLTP: Clients=1, Threads=1, Duration=180s ===
------------------------------------------------------------
pgbench (18.6 (Ubuntu 18.6-1.pgdg24.04+2))
starting vacuum...end.
progress: 5.0 s, 2284.6 tps, lat 0.437 ms stddev 0.043, 0 failed
progress: 10.0 s, 2322.4 tps, lat 0.430 ms stddev 0.163, 0 failed
progress: 15.0 s, 2352.2 tps, lat 0.425 ms stddev 0.032, 0 failed
progress: 20.0 s, 2262.2 tps, lat 0.442 ms stddev 0.055, 0 failed
progress: 25.0 s, 2297.6 tps, lat 0.435 ms stddev 0.161, 0 failed
progress: 30.0 s, 2267.2 tps, lat 0.441 ms stddev 0.040, 0 failed
progress: 35.0 s, 2273.2 tps, lat 0.440 ms stddev 0.047, 0 failed
progress: 40.0 s, 2304.8 tps, lat 0.434 ms stddev 0.036, 0 failed
progress: 45.0 s, 2242.8 tps, lat 0.446 ms stddev 0.155, 0 failed
progress: 50.0 s, 2220.8 tps, lat 0.450 ms stddev 0.051, 0 failed
progress: 55.0 s, 2285.6 tps, lat 0.437 ms stddev 0.032, 0 failed
progress: 60.0 s, 2267.4 tps, lat 0.441 ms stddev 0.168, 0 failed
progress: 65.0 s, 2337.4 tps, lat 0.428 ms stddev 0.027, 0 failed
progress: 70.0 s, 2321.2 tps, lat 0.431 ms stddev 0.032, 0 failed
progress: 75.0 s, 2288.2 tps, lat 0.437 ms stddev 0.033, 0 failed
progress: 80.0 s, 2296.4 tps, lat 0.435 ms stddev 0.155, 0 failed
progress: 85.0 s, 2275.2 tps, lat 0.439 ms stddev 0.044, 0 failed
progress: 90.0 s, 2392.0 tps, lat 0.418 ms stddev 0.032, 0 failed
progress: 95.0 s, 2353.4 tps, lat 0.425 ms stddev 0.155, 0 failed
progress: 100.0 s, 2343.0 tps, lat 0.427 ms stddev 0.034, 0 failed
progress: 105.0 s, 2346.0 tps, lat 0.426 ms stddev 0.038, 0 failed
progress: 110.0 s, 2389.0 tps, lat 0.418 ms stddev 0.021, 0 failed
progress: 115.0 s, 2388.6 tps, lat 0.418 ms stddev 0.141, 0 failed
progress: 120.0 s, 2344.4 tps, lat 0.426 ms stddev 0.033, 0 failed
progress: 125.0 s, 2279.2 tps, lat 0.439 ms stddev 0.302, 0 failed
progress: 130.0 s, 2351.0 tps, lat 0.425 ms stddev 0.204, 0 failed
progress: 135.0 s, 2365.2 tps, lat 0.423 ms stddev 0.213, 0 failed
progress: 140.0 s, 2346.2 tps, lat 0.426 ms stddev 0.152, 0 failed
progress: 145.0 s, 2335.0 tps, lat 0.428 ms stddev 0.163, 0 failed
progress: 150.0 s, 2424.6 tps, lat 0.412 ms stddev 0.026, 0 failed
progress: 155.0 s, 2377.6 tps, lat 0.420 ms stddev 0.147, 0 failed
progress: 160.0 s, 2343.6 tps, lat 0.427 ms stddev 0.047, 0 failed
progress: 165.0 s, 2418.8 tps, lat 0.413 ms stddev 0.026, 0 failed
progress: 170.0 s, 2370.6 tps, lat 0.422 ms stddev 0.036, 0 failed
progress: 175.0 s, 2353.0 tps, lat 0.425 ms stddev 0.149, 0 failed
transaction type: <builtin: TPC-B (sort of)>
scaling factor: 10
query mode: simple
number of clients: 1
number of threads: 1
maximum number of tries: 1
duration: 180 s
number of transactions actually processed: 418737
number of failed transactions: 0 (0.000%)
latency average = 0.430 ms
latency stddev = 0.115 ms
initial connection time = 3.068 ms
tps = 2326.355556 (without initial connection time)
statement latencies in milliseconds and failures:
         0.000           0 \set aid random(1, 100000 * :scale)
         0.000           0 \set bid random(1, 1 * :scale)
         0.000           0 \set tid random(1, 10 * :scale)
         0.000           0 \set delta random(-5000, 5000)
         0.019           0 BEGIN;
         0.078           0 UPDATE pgbench_accounts SET abalance = abalance + :delta WHERE aid = :aid;
         0.054           0 SELECT abalance FROM pgbench_accounts WHERE aid = :aid;
         0.060           0 UPDATE pgbench_tellers SET tbalance = tbalance + :delta WHERE tid = :tid;
         0.055           0 UPDATE pgbench_branches SET bbalance = bbalance + :delta WHERE bid = :bid;
         0.045           0 INSERT INTO pgbench_history (tid, bid, aid, delta, mtime) VALUES (:tid, :bid, :aid, :delta, CURRENT_TIMESTAMP);
         0.117           0 END;
progress: 180.0 s, 2326.8 tps, lat 0.430 ms stddev 0.055, 0 failed

------------------------------------------------------------
=== Running Mixed OLTP: Clients=4, Threads=4, Duration=180s ===
------------------------------------------------------------
pgbench (18.6 (Ubuntu 18.6-1.pgdg24.04+2))
starting vacuum...end.
progress: 5.0 s, 5767.5 tps, lat 0.692 ms stddev 0.245, 0 failed
progress: 10.0 s, 6219.4 tps, lat 0.643 ms stddev 0.240, 0 failed
progress: 15.0 s, 5795.2 tps, lat 0.690 ms stddev 0.246, 0 failed
progress: 20.0 s, 6216.0 tps, lat 0.643 ms stddev 0.243, 0 failed
progress: 25.0 s, 6360.8 tps, lat 0.628 ms stddev 0.227, 0 failed
progress: 30.0 s, 5860.6 tps, lat 0.682 ms stddev 0.260, 0 failed
progress: 35.0 s, 6178.8 tps, lat 0.647 ms stddev 0.159, 0 failed
progress: 40.0 s, 6076.1 tps, lat 0.658 ms stddev 0.243, 0 failed
progress: 45.0 s, 5752.2 tps, lat 0.695 ms stddev 0.259, 0 failed
progress: 50.0 s, 5928.0 tps, lat 0.674 ms stddev 0.249, 0 failed
progress: 55.0 s, 5906.7 tps, lat 0.677 ms stddev 0.259, 0 failed
progress: 60.0 s, 6305.6 tps, lat 0.634 ms stddev 0.144, 0 failed
progress: 65.0 s, 6426.6 tps, lat 0.622 ms stddev 0.237, 0 failed
progress: 70.0 s, 6247.8 tps, lat 0.640 ms stddev 0.236, 0 failed
progress: 75.0 s, 6314.1 tps, lat 0.633 ms stddev 0.231, 0 failed
progress: 80.0 s, 5610.4 tps, lat 0.713 ms stddev 0.204, 0 failed
progress: 85.0 s, 5760.4 tps, lat 0.694 ms stddev 0.259, 0 failed
progress: 90.0 s, 6385.1 tps, lat 0.626 ms stddev 0.230, 0 failed
progress: 95.0 s, 6327.3 tps, lat 0.632 ms stddev 0.234, 0 failed
progress: 100.0 s, 5435.4 tps, lat 0.735 ms stddev 0.192, 0 failed
progress: 105.0 s, 5831.9 tps, lat 0.685 ms stddev 0.250, 0 failed
progress: 110.0 s, 5491.4 tps, lat 0.728 ms stddev 0.279, 0 failed
progress: 115.0 s, 5838.1 tps, lat 0.685 ms stddev 0.198, 0 failed
progress: 120.0 s, 5495.8 tps, lat 0.727 ms stddev 0.184, 0 failed
progress: 125.0 s, 5345.6 tps, lat 0.748 ms stddev 0.200, 0 failed
progress: 130.0 s, 5657.4 tps, lat 0.707 ms stddev 0.260, 0 failed
progress: 135.0 s, 5866.2 tps, lat 0.681 ms stddev 0.483, 0 failed
progress: 140.0 s, 5379.6 tps, lat 0.743 ms stddev 0.442, 0 failed
progress: 145.0 s, 6284.3 tps, lat 0.636 ms stddev 0.236, 0 failed
progress: 150.0 s, 6477.6 tps, lat 0.617 ms stddev 0.139, 0 failed
progress: 155.0 s, 6482.4 tps, lat 0.617 ms stddev 0.227, 0 failed
progress: 160.0 s, 6393.0 tps, lat 0.625 ms stddev 0.217, 0 failed
progress: 165.0 s, 6404.8 tps, lat 0.624 ms stddev 0.234, 0 failed
progress: 170.0 s, 6458.2 tps, lat 0.619 ms stddev 0.219, 0 failed
progress: 175.0 s, 6411.2 tps, lat 0.623 ms stddev 0.141, 0 failed
progress: 180.0 s, 5578.6 tps, lat 0.717 ms stddev 0.265, 0 failed
transaction type: <builtin: TPC-B (sort of)>
scaling factor: 10
query mode: simple
number of clients: 4
number of threads: 4
maximum number of tries: 1
duration: 180 s
number of transactions actually processed: 1081352
number of failed transactions: 0 (0.000%)
latency average = 0.665 ms
latency stddev = 0.248 ms
initial connection time = 4.153 ms
tps = 6007.560940 (without initial connection time)
statement latencies in milliseconds and failures:
         0.001           0 \set aid random(1, 100000 * :scale)
         0.000           0 \set bid random(1, 1 * :scale)
         0.000           0 \set tid random(1, 10 * :scale)
         0.000           0 \set delta random(-5000, 5000)
         0.034           0 BEGIN;
         0.105           0 UPDATE pgbench_accounts SET abalance = abalance + :delta WHERE aid = :aid;
         0.083           0 SELECT abalance FROM pgbench_accounts WHERE aid = :aid;
         0.087           0 UPDATE pgbench_tellers SET tbalance = tbalance + :delta WHERE tid = :tid;
         0.104           0 UPDATE pgbench_branches SET bbalance = bbalance + :delta WHERE bid = :bid;
         0.069           0 INSERT INTO pgbench_history (tid, bid, aid, delta, mtime) VALUES (:tid, :bid, :aid, :delta, CURRENT_TIMESTAMP);
         0.181           0 END;

------------------------------------------------------------
=== Running Mixed OLTP: Clients=8, Threads=4, Duration=180s ===
------------------------------------------------------------
pgbench (18.6 (Ubuntu 18.6-1.pgdg24.04+2))
starting vacuum...end.
progress: 5.0 s, 7796.0 tps, lat 1.023 ms stddev 0.400, 0 failed
progress: 10.0 s, 8024.7 tps, lat 0.996 ms stddev 0.388, 0 failed
progress: 15.0 s, 7268.3 tps, lat 1.100 ms stddev 0.443, 0 failed
progress: 20.0 s, 7854.5 tps, lat 1.018 ms stddev 0.390, 0 failed
progress: 25.0 s, 8412.5 tps, lat 0.950 ms stddev 0.417, 0 failed
progress: 30.0 s, 8663.5 tps, lat 0.923 ms stddev 0.337, 0 failed
progress: 35.0 s, 8292.9 tps, lat 0.964 ms stddev 0.375, 0 failed
progress: 40.0 s, 8267.3 tps, lat 0.967 ms stddev 0.372, 0 failed
progress: 45.0 s, 8412.4 tps, lat 0.950 ms stddev 0.354, 0 failed
progress: 50.0 s, 8116.4 tps, lat 0.985 ms stddev 0.401, 0 failed
progress: 55.0 s, 7686.7 tps, lat 1.040 ms stddev 0.422, 0 failed
progress: 60.0 s, 7959.4 tps, lat 1.004 ms stddev 0.362, 0 failed
progress: 65.0 s, 8266.6 tps, lat 0.967 ms stddev 0.307, 0 failed
progress: 70.0 s, 7902.2 tps, lat 1.012 ms stddev 0.321, 0 failed
progress: 75.0 s, 8098.5 tps, lat 0.987 ms stddev 0.313, 0 failed
progress: 80.0 s, 8355.6 tps, lat 0.957 ms stddev 0.300, 0 failed
progress: 85.0 s, 8174.9 tps, lat 0.978 ms stddev 0.299, 0 failed
progress: 90.0 s, 8361.3 tps, lat 0.956 ms stddev 0.276, 0 failed
progress: 95.0 s, 8349.9 tps, lat 0.957 ms stddev 0.309, 0 failed
progress: 100.0 s, 8362.8 tps, lat 0.956 ms stddev 0.284, 0 failed
progress: 105.0 s, 8230.3 tps, lat 0.971 ms stddev 0.288, 0 failed
progress: 110.0 s, 8397.3 tps, lat 0.952 ms stddev 0.275, 0 failed
progress: 115.0 s, 8340.2 tps, lat 0.959 ms stddev 0.282, 0 failed
progress: 120.0 s, 8356.5 tps, lat 0.957 ms stddev 0.275, 0 failed
progress: 125.0 s, 8353.9 tps, lat 0.957 ms stddev 0.293, 0 failed
progress: 130.0 s, 8377.1 tps, lat 0.954 ms stddev 0.280, 0 failed
progress: 135.0 s, 7826.4 tps, lat 1.021 ms stddev 0.330, 0 failed
progress: 140.0 s, 8229.0 tps, lat 0.971 ms stddev 0.300, 0 failed
progress: 145.0 s, 7809.6 tps, lat 1.023 ms stddev 0.324, 0 failed
progress: 150.0 s, 8199.8 tps, lat 0.975 ms stddev 0.305, 0 failed
progress: 155.0 s, 8487.9 tps, lat 0.942 ms stddev 0.332, 0 failed
progress: 160.0 s, 8065.1 tps, lat 0.991 ms stddev 0.315, 0 failed
progress: 165.0 s, 8420.6 tps, lat 0.949 ms stddev 0.311, 0 failed
progress: 170.0 s, 8376.4 tps, lat 0.954 ms stddev 0.282, 0 failed
progress: 175.0 s, 8493.8 tps, lat 0.941 ms stddev 0.278, 0 failed
progress: 180.0 s, 8276.3 tps, lat 0.966 ms stddev 0.296, 0 failed
transaction type: <builtin: TPC-B (sort of)>
scaling factor: 10
query mode: simple
number of clients: 8
number of threads: 4
maximum number of tries: 1
duration: 180 s
number of transactions actually processed: 1474339
number of failed transactions: 0 (0.000%)
latency average = 0.976 ms
latency stddev = 0.333 ms
initial connection time = 8.801 ms
tps = 8190.970216 (without initial connection time)
statement latencies in milliseconds and failures:
         0.001           0 \set aid random(1, 100000 * :scale)
         0.000           0 \set bid random(1, 1 * :scale)
         0.000           0 \set tid random(1, 10 * :scale)
         0.000           0 \set delta random(-5000, 5000)
         0.042           0 BEGIN;
         0.104           0 UPDATE pgbench_accounts SET abalance = abalance + :delta WHERE aid = :aid;
         0.134           0 SELECT abalance FROM pgbench_accounts WHERE aid = :aid;
         0.124           0 UPDATE pgbench_tellers SET tbalance = tbalance + :delta WHERE tid = :tid;
         0.206           0 UPDATE pgbench_branches SET bbalance = bbalance + :delta WHERE bid = :bid;
         0.093           0 INSERT INTO pgbench_history (tid, bid, aid, delta, mtime) VALUES (:tid, :bid, :aid, :delta, CURRENT_TIMESTAMP);
         0.270           0 END;

------------------------------------------------------------
=== Running Mixed OLTP: Clients=16, Threads=4, Duration=180s ===
------------------------------------------------------------
pgbench (18.6 (Ubuntu 18.6-1.pgdg24.04+2))
starting vacuum...end.
progress: 5.0 s, 7487.2 tps, lat 2.130 ms stddev 0.970, 0 failed
progress: 10.0 s, 7136.5 tps, lat 2.240 ms stddev 1.092, 0 failed
progress: 15.0 s, 7858.8 tps, lat 2.035 ms stddev 0.928, 0 failed
progress: 20.0 s, 7432.4 tps, lat 2.151 ms stddev 1.059, 0 failed
progress: 25.0 s, 8043.6 tps, lat 1.988 ms stddev 0.890, 0 failed
progress: 30.0 s, 7951.4 tps, lat 2.011 ms stddev 0.915, 0 failed
progress: 35.0 s, 7936.7 tps, lat 2.015 ms stddev 0.925, 0 failed
progress: 40.0 s, 7505.9 tps, lat 2.130 ms stddev 1.026, 0 failed
progress: 45.0 s, 7764.1 tps, lat 2.059 ms stddev 0.938, 0 failed
progress: 50.0 s, 7319.8 tps, lat 2.185 ms stddev 1.034, 0 failed
progress: 55.0 s, 7863.3 tps, lat 2.033 ms stddev 0.917, 0 failed
progress: 60.0 s, 8053.8 tps, lat 1.986 ms stddev 0.865, 0 failed
progress: 65.0 s, 8019.3 tps, lat 1.994 ms stddev 0.884, 0 failed
progress: 70.0 s, 7792.2 tps, lat 2.052 ms stddev 0.911, 0 failed
progress: 75.0 s, 7927.6 tps, lat 2.017 ms stddev 0.905, 0 failed
progress: 80.0 s, 7275.3 tps, lat 2.198 ms stddev 1.071, 0 failed
progress: 85.0 s, 7771.9 tps, lat 2.057 ms stddev 0.952, 0 failed
progress: 90.0 s, 8039.7 tps, lat 1.989 ms stddev 0.879, 0 failed
progress: 95.0 s, 8006.9 tps, lat 1.997 ms stddev 0.894, 0 failed
progress: 100.0 s, 7971.6 tps, lat 2.006 ms stddev 0.901, 0 failed
progress: 105.0 s, 8027.0 tps, lat 1.992 ms stddev 0.870, 0 failed
progress: 110.0 s, 8043.3 tps, lat 1.988 ms stddev 0.878, 0 failed
progress: 115.0 s, 7749.2 tps, lat 2.063 ms stddev 0.942, 0 failed
progress: 120.0 s, 7400.2 tps, lat 2.161 ms stddev 1.033, 0 failed
progress: 125.0 s, 7805.2 tps, lat 2.049 ms stddev 0.949, 0 failed
progress: 130.0 s, 7670.4 tps, lat 2.085 ms stddev 0.949, 0 failed
progress: 135.0 s, 7525.9 tps, lat 2.125 ms stddev 1.008, 0 failed
progress: 140.0 s, 7962.7 tps, lat 2.008 ms stddev 0.894, 0 failed
progress: 145.0 s, 7914.1 tps, lat 2.021 ms stddev 0.913, 0 failed
progress: 150.0 s, 7917.9 tps, lat 2.019 ms stddev 0.901, 0 failed
progress: 155.0 s, 7345.4 tps, lat 2.177 ms stddev 1.101, 0 failed
progress: 160.0 s, 7426.7 tps, lat 2.153 ms stddev 1.052, 0 failed
progress: 165.0 s, 7836.3 tps, lat 2.041 ms stddev 0.899, 0 failed
progress: 170.0 s, 7816.8 tps, lat 2.046 ms stddev 0.902, 0 failed
progress: 175.0 s, 7754.3 tps, lat 2.062 ms stddev 0.922, 0 failed
progress: 180.0 s, 7774.4 tps, lat 2.057 ms stddev 0.919, 0 failed
transaction type: <builtin: TPC-B (sort of)>
scaling factor: 10
query mode: simple
number of clients: 16
number of threads: 4
maximum number of tries: 1
duration: 180 s
number of transactions actually processed: 1395653
number of failed transactions: 0 (0.000%)
latency average = 2.062 ms
latency stddev = 0.950 ms
initial connection time = 12.735 ms
tps = 7753.427222 (without initial connection time)
statement latencies in milliseconds and failures:
         0.001           0 \set aid random(1, 100000 * :scale)
         0.000           0 \set bid random(1, 1 * :scale)
         0.000           0 \set tid random(1, 10 * :scale)
         0.000           0 \set delta random(-5000, 5000)
         0.079           0 BEGIN;
         0.138           0 UPDATE pgbench_accounts SET abalance = abalance + :delta WHERE aid = :aid;
         0.239           0 SELECT abalance FROM pgbench_accounts WHERE aid = :aid;
         0.301           0 UPDATE pgbench_tellers SET tbalance = tbalance + :delta WHERE tid = :tid;
         0.668           0 UPDATE pgbench_branches SET bbalance = bbalance + :delta WHERE bid = :bid;
         0.162           0 INSERT INTO pgbench_history (tid, bid, aid, delta, mtime) VALUES (:tid, :bid, :aid, :delta, CURRENT_TIMESTAMP);
         0.473           0 END;

------------------------------------------------------------
=== Running Mixed OLTP: Clients=32, Threads=4, Duration=180s ===
------------------------------------------------------------
pgbench (18.6 (Ubuntu 18.6-1.pgdg24.04+2))
starting vacuum...end.
progress: 5.0 s, 6548.3 tps, lat 4.862 ms stddev 2.918, 0 failed
progress: 10.0 s, 6910.7 tps, lat 4.629 ms stddev 2.878, 0 failed
progress: 15.0 s, 6752.8 tps, lat 4.738 ms stddev 2.933, 0 failed
progress: 20.0 s, 6366.8 tps, lat 5.024 ms stddev 3.251, 0 failed
progress: 25.0 s, 7003.1 tps, lat 4.568 ms stddev 2.763, 0 failed
progress: 30.0 s, 6972.6 tps, lat 4.588 ms stddev 2.780, 0 failed
progress: 35.0 s, 7002.3 tps, lat 4.568 ms stddev 2.710, 0 failed
progress: 40.0 s, 7098.7 tps, lat 4.506 ms stddev 2.745, 0 failed
progress: 45.0 s, 7072.3 tps, lat 4.522 ms stddev 2.800, 0 failed
progress: 50.0 s, 7033.4 tps, lat 4.549 ms stddev 2.822, 0 failed
progress: 55.0 s, 7033.2 tps, lat 4.547 ms stddev 2.832, 0 failed
progress: 60.0 s, 7061.4 tps, lat 4.531 ms stddev 2.736, 0 failed
progress: 65.0 s, 6727.3 tps, lat 4.754 ms stddev 2.890, 0 failed
progress: 70.0 s, 6927.0 tps, lat 4.618 ms stddev 2.869, 0 failed
progress: 75.0 s, 7054.3 tps, lat 4.531 ms stddev 2.830, 0 failed
progress: 80.0 s, 6943.2 tps, lat 4.611 ms stddev 2.879, 0 failed
progress: 85.0 s, 6184.4 tps, lat 5.172 ms stddev 3.376, 0 failed
progress: 90.0 s, 6860.7 tps, lat 4.663 ms stddev 3.006, 0 failed
progress: 95.0 s, 7016.5 tps, lat 4.559 ms stddev 2.830, 0 failed
progress: 100.0 s, 6954.7 tps, lat 4.600 ms stddev 2.825, 0 failed
progress: 105.0 s, 7018.3 tps, lat 4.558 ms stddev 2.766, 0 failed
progress: 110.0 s, 7011.8 tps, lat 4.562 ms stddev 2.773, 0 failed
progress: 115.0 s, 6999.6 tps, lat 4.570 ms stddev 2.836, 0 failed
progress: 120.0 s, 7033.6 tps, lat 4.548 ms stddev 2.768, 0 failed
progress: 125.0 s, 6761.7 tps, lat 4.731 ms stddev 3.004, 0 failed
progress: 130.0 s, 7100.8 tps, lat 4.505 ms stddev 2.714, 0 failed
progress: 135.0 s, 6685.0 tps, lat 4.785 ms stddev 3.126, 0 failed
progress: 140.0 s, 7025.0 tps, lat 4.554 ms stddev 2.824, 0 failed
progress: 145.0 s, 6971.9 tps, lat 4.588 ms stddev 2.786, 0 failed
progress: 150.0 s, 6934.3 tps, lat 4.613 ms stddev 2.909, 0 failed
progress: 155.0 s, 6652.9 tps, lat 4.808 ms stddev 3.286, 0 failed
progress: 160.0 s, 7024.2 tps, lat 4.555 ms stddev 2.871, 0 failed
progress: 165.0 s, 6938.4 tps, lat 4.610 ms stddev 2.892, 0 failed
progress: 170.0 s, 6930.8 tps, lat 4.615 ms stddev 2.795, 0 failed
progress: 175.0 s, 6857.6 tps, lat 4.665 ms stddev 2.955, 0 failed
progress: 180.0 s, 6949.6 tps, lat 4.602 ms stddev 2.941, 0 failed
transaction type: <builtin: TPC-B (sort of)>
scaling factor: 10
query mode: simple
number of clients: 32
number of threads: 4
maximum number of tries: 1
duration: 180 s
number of transactions actually processed: 1242127
number of failed transactions: 0 (0.000%)
latency average = 4.635 ms
latency stddev = 2.891 ms
initial connection time = 20.672 ms
tps = 6900.151128 (without initial connection time)
statement latencies in milliseconds and failures:
         0.001           0 \set aid random(1, 100000 * :scale)
         0.000           0 \set bid random(1, 1 * :scale)
         0.000           0 \set tid random(1, 10 * :scale)
         0.000           0 \set delta random(-5000, 5000)
         0.168           0 BEGIN;
         0.256           0 UPDATE pgbench_accounts SET abalance = abalance + :delta WHERE aid = :aid;
         0.423           0 SELECT abalance FROM pgbench_accounts WHERE aid = :aid;
         0.932           0 UPDATE pgbench_tellers SET tbalance = tbalance + :delta WHERE tid = :tid;
         1.884           0 UPDATE pgbench_branches SET bbalance = bbalance + :delta WHERE bid = :bid;
         0.265           0 INSERT INTO pgbench_history (tid, bid, aid, delta, mtime) VALUES (:tid, :bid, :aid, :delta, CURRENT_TIMESTAMP);
         0.705           0 END;

=========================================
=== T052 COMPLETE ===
=========================================
