=========================================
=== CBP-1.0 / T053: SELECT-ONLY SCALING (Scale 10) ===
=== Duration per test: 120s, Interval: 5s ===
=== Timestamp (UTC): 2026-09-13 12:17:39 UTC ===
=========================================

------------------------------------------------------------
=== Running SELECT-Only: Clients=1, Threads=1, Duration=120s ===
------------------------------------------------------------
pgbench (18.6 (Ubuntu 18.6-1.pgdg24.04+2))
starting vacuum...end.
progress: 5.0 s, 19590.8 tps, lat 0.051 ms stddev 0.010, 0 failed
progress: 10.0 s, 20530.6 tps, lat 0.049 ms stddev 0.007, 0 failed
progress: 15.0 s, 20573.5 tps, lat 0.048 ms stddev 0.007, 0 failed
progress: 20.0 s, 21013.3 tps, lat 0.047 ms stddev 0.006, 0 failed
progress: 25.0 s, 20510.7 tps, lat 0.049 ms stddev 0.007, 0 failed
progress: 30.0 s, 20432.2 tps, lat 0.049 ms stddev 0.008, 0 failed
progress: 35.0 s, 20867.7 tps, lat 0.048 ms stddev 0.006, 0 failed
progress: 40.0 s, 20878.8 tps, lat 0.048 ms stddev 0.006, 0 failed
progress: 45.0 s, 20987.7 tps, lat 0.048 ms stddev 0.007, 0 failed
progress: 50.0 s, 20944.9 tps, lat 0.048 ms stddev 0.005, 0 failed
progress: 55.0 s, 20672.8 tps, lat 0.048 ms stddev 0.006, 0 failed
progress: 60.0 s, 20412.4 tps, lat 0.049 ms stddev 0.008, 0 failed
progress: 65.0 s, 20704.0 tps, lat 0.048 ms stddev 0.006, 0 failed
progress: 70.0 s, 20854.9 tps, lat 0.048 ms stddev 0.007, 0 failed
progress: 75.0 s, 20886.2 tps, lat 0.048 ms stddev 0.006, 0 failed
progress: 80.0 s, 20856.4 tps, lat 0.048 ms stddev 0.006, 0 failed
progress: 85.0 s, 20874.7 tps, lat 0.048 ms stddev 0.006, 0 failed
progress: 90.0 s, 20757.5 tps, lat 0.048 ms stddev 0.007, 0 failed
progress: 95.0 s, 20312.7 tps, lat 0.049 ms stddev 0.007, 0 failed
progress: 100.0 s, 20901.1 tps, lat 0.048 ms stddev 0.006, 0 failed
progress: 105.0 s, 21093.1 tps, lat 0.047 ms stddev 0.005, 0 failed
progress: 110.0 s, 20820.8 tps, lat 0.048 ms stddev 0.006, 0 failed
progress: 115.0 s, 20790.3 tps, lat 0.048 ms stddev 0.007, 0 failed
transaction type: <builtin: select only>
scaling factor: 10
query mode: simple
number of clients: 1
number of threads: 1
maximum number of tries: 1
duration: 120 s
number of transactions actually processed: 2485630
number of failed transactions: 0 (0.000%)
latency average = 0.048 ms
latency stddev = 0.007 ms
initial connection time = 2.634 ms
tps = 20714.027131 (without initial connection time)
statement latencies in milliseconds and failures:
         0.000           0 \set aid random(1, 100000 * :scale)
         0.048           0 SELECT abalance FROM pgbench_accounts WHERE aid = :aid;
progress: 120.0 s, 20858.5 tps, lat 0.048 ms stddev 0.006, 0 failed

------------------------------------------------------------
=== Running SELECT-Only: Clients=4, Threads=4, Duration=120s ===
------------------------------------------------------------
pgbench (18.6 (Ubuntu 18.6-1.pgdg24.04+2))
starting vacuum...end.
progress: 5.0 s, 86548.2 tps, lat 0.043 ms stddev 0.016, 0 failed
progress: 10.0 s, 86006.7 tps, lat 0.044 ms stddev 0.017, 0 failed
progress: 15.0 s, 86382.7 tps, lat 0.043 ms stddev 0.016, 0 failed
progress: 20.0 s, 86473.6 tps, lat 0.043 ms stddev 0.017, 0 failed
progress: 25.0 s, 86694.7 tps, lat 0.043 ms stddev 0.016, 0 failed
progress: 30.0 s, 87121.6 tps, lat 0.043 ms stddev 0.016, 0 failed
progress: 35.0 s, 86988.3 tps, lat 0.043 ms stddev 0.016, 0 failed
progress: 40.0 s, 86264.5 tps, lat 0.043 ms stddev 0.016, 0 failed
progress: 45.0 s, 85022.0 tps, lat 0.044 ms stddev 0.017, 0 failed
progress: 50.0 s, 86326.1 tps, lat 0.043 ms stddev 0.016, 0 failed
progress: 55.0 s, 86662.2 tps, lat 0.043 ms stddev 0.016, 0 failed
progress: 60.0 s, 87010.8 tps, lat 0.043 ms stddev 0.016, 0 failed
progress: 65.0 s, 86986.8 tps, lat 0.043 ms stddev 0.017, 0 failed
progress: 70.0 s, 83373.1 tps, lat 0.045 ms stddev 0.017, 0 failed
progress: 75.0 s, 86671.1 tps, lat 0.043 ms stddev 0.017, 0 failed
progress: 80.0 s, 87689.8 tps, lat 0.043 ms stddev 0.016, 0 failed
progress: 85.0 s, 87001.5 tps, lat 0.043 ms stddev 0.015, 0 failed
progress: 90.0 s, 86677.0 tps, lat 0.043 ms stddev 0.016, 0 failed
progress: 95.0 s, 86588.2 tps, lat 0.043 ms stddev 0.017, 0 failed
progress: 100.0 s, 87445.8 tps, lat 0.043 ms stddev 0.015, 0 failed
progress: 105.0 s, 86847.8 tps, lat 0.043 ms stddev 0.016, 0 failed
progress: 110.0 s, 87929.9 tps, lat 0.043 ms stddev 0.015, 0 failed
progress: 115.0 s, 87580.4 tps, lat 0.043 ms stddev 0.016, 0 failed
transaction type: <builtin: select only>
scaling factor: 10
query mode: simple
number of clients: 4
number of threads: 4
maximum number of tries: 1
duration: 120 s
number of transactions actually processed: 10398179
number of failed transactions: 0 (0.000%)
latency average = 0.043 ms
latency stddev = 0.016 ms
initial connection time = 4.179 ms
tps = 86652.683141 (without initial connection time)
statement latencies in milliseconds and failures:
         0.000           0 \set aid random(1, 100000 * :scale)
         0.043           0 SELECT abalance FROM pgbench_accounts WHERE aid = :aid;

------------------------------------------------------------
=== Running SELECT-Only: Clients=8, Threads=4, Duration=120s ===
------------------------------------------------------------
pgbench (18.6 (Ubuntu 18.6-1.pgdg24.04+2))
starting vacuum...end.
progress: 5.0 s, 73580.6 tps, lat 0.108 ms stddev 0.042, 0 failed
progress: 10.0 s, 72554.3 tps, lat 0.109 ms stddev 0.047, 0 failed
progress: 15.0 s, 65411.5 tps, lat 0.121 ms stddev 0.064, 0 failed
progress: 20.0 s, 67767.9 tps, lat 0.116 ms stddev 0.062, 0 failed
progress: 25.0 s, 68809.9 tps, lat 0.115 ms stddev 0.055, 0 failed
progress: 30.0 s, 70816.5 tps, lat 0.112 ms stddev 0.057, 0 failed
progress: 35.0 s, 71663.8 tps, lat 0.110 ms stddev 0.050, 0 failed
progress: 40.0 s, 70408.7 tps, lat 0.112 ms stddev 0.047, 0 failed
progress: 45.0 s, 67201.8 tps, lat 0.118 ms stddev 0.063, 0 failed
progress: 50.0 s, 65283.2 tps, lat 0.121 ms stddev 0.059, 0 failed
progress: 55.0 s, 69237.8 tps, lat 0.114 ms stddev 0.064, 0 failed
progress: 60.0 s, 73967.1 tps, lat 0.107 ms stddev 0.039, 0 failed
progress: 65.0 s, 70133.5 tps, lat 0.113 ms stddev 0.051, 0 failed
progress: 70.0 s, 64751.3 tps, lat 0.122 ms stddev 0.066, 0 failed
progress: 75.0 s, 68216.2 tps, lat 0.116 ms stddev 0.059, 0 failed
progress: 80.0 s, 67522.0 tps, lat 0.117 ms stddev 0.057, 0 failed
progress: 85.0 s, 67109.4 tps, lat 0.118 ms stddev 0.059, 0 failed
progress: 90.0 s, 65520.3 tps, lat 0.120 ms stddev 0.062, 0 failed
progress: 95.0 s, 70594.5 tps, lat 0.112 ms stddev 0.056, 0 failed
progress: 100.0 s, 71011.3 tps, lat 0.111 ms stddev 0.054, 0 failed
progress: 105.0 s, 71957.3 tps, lat 0.110 ms stddev 0.051, 0 failed
progress: 110.0 s, 69332.1 tps, lat 0.114 ms stddev 0.058, 0 failed
progress: 115.0 s, 73122.6 tps, lat 0.108 ms stddev 0.052, 0 failed
progress: 120.0 s, 69964.6 tps, lat 0.113 ms stddev 0.058, 0 failed
transaction type: <builtin: select only>
scaling factor: 10
query mode: simple
number of clients: 8
number of threads: 4
maximum number of tries: 1
duration: 120 s
number of transactions actually processed: 8329795
number of failed transactions: 0 (0.000%)
latency average = 0.114 ms
latency stddev = 0.056 ms
initial connection time = 7.291 ms
tps = 69418.193800 (without initial connection time)
statement latencies in milliseconds and failures:
         0.000           0 \set aid random(1, 100000 * :scale)
         0.113           0 SELECT abalance FROM pgbench_accounts WHERE aid = :aid;

------------------------------------------------------------
=== Running SELECT-Only: Clients=16, Threads=4, Duration=120s ===
------------------------------------------------------------
pgbench (18.6 (Ubuntu 18.6-1.pgdg24.04+2))
starting vacuum...end.
progress: 5.0 s, 63914.1 tps, lat 0.249 ms stddev 0.114, 0 failed
progress: 10.0 s, 62605.4 tps, lat 0.254 ms stddev 0.110, 0 failed
progress: 15.0 s, 62631.6 tps, lat 0.254 ms stddev 0.117, 0 failed
progress: 20.0 s, 61784.1 tps, lat 0.258 ms stddev 0.112, 0 failed
progress: 25.0 s, 63324.6 tps, lat 0.252 ms stddev 0.108, 0 failed
progress: 30.0 s, 62723.4 tps, lat 0.254 ms stddev 0.120, 0 failed
progress: 35.0 s, 63088.4 tps, lat 0.253 ms stddev 0.113, 0 failed
progress: 40.0 s, 64118.5 tps, lat 0.249 ms stddev 0.110, 0 failed
progress: 45.0 s, 61324.4 tps, lat 0.260 ms stddev 0.126, 0 failed
progress: 50.0 s, 62940.3 tps, lat 0.253 ms stddev 0.119, 0 failed
progress: 55.0 s, 65113.7 tps, lat 0.245 ms stddev 0.123, 0 failed
progress: 60.0 s, 63320.5 tps, lat 0.252 ms stddev 0.115, 0 failed
progress: 65.0 s, 61951.3 tps, lat 0.257 ms stddev 0.117, 0 failed
progress: 70.0 s, 61180.4 tps, lat 0.260 ms stddev 0.117, 0 failed
progress: 75.0 s, 64518.4 tps, lat 0.247 ms stddev 0.115, 0 failed
progress: 80.0 s, 64163.1 tps, lat 0.248 ms stddev 0.115, 0 failed
progress: 85.0 s, 62719.0 tps, lat 0.254 ms stddev 0.117, 0 failed
progress: 90.0 s, 62218.9 tps, lat 0.256 ms stddev 0.111, 0 failed
progress: 95.0 s, 61691.6 tps, lat 0.258 ms stddev 0.110, 0 failed
progress: 100.0 s, 61627.1 tps, lat 0.258 ms stddev 0.117, 0 failed
progress: 105.0 s, 62251.4 tps, lat 0.256 ms stddev 0.123, 0 failed
progress: 110.0 s, 64507.7 tps, lat 0.247 ms stddev 0.111, 0 failed
progress: 115.0 s, 65023.7 tps, lat 0.245 ms stddev 0.110, 0 failed
progress: 120.0 s, 67319.9 tps, lat 0.237 ms stddev 0.108, 0 failed
transaction type: <builtin: select only>
scaling factor: 10
query mode: simple
number of clients: 16
number of threads: 4
maximum number of tries: 1
duration: 120 s
number of transactions actually processed: 7580313
number of failed transactions: 0 (0.000%)
latency average = 0.252 ms
latency stddev = 0.115 ms
initial connection time = 12.839 ms
tps = 63172.519435 (without initial connection time)
statement latencies in milliseconds and failures:
         0.000           0 \set aid random(1, 100000 * :scale)
         0.252           0 SELECT abalance FROM pgbench_accounts WHERE aid = :aid;

------------------------------------------------------------
=== Running SELECT-Only: Clients=32, Threads=4, Duration=120s ===
------------------------------------------------------------
pgbench (18.6 (Ubuntu 18.6-1.pgdg24.04+2))
starting vacuum...end.
progress: 5.0 s, 63744.3 tps, lat 0.499 ms stddev 0.306, 0 failed
progress: 10.0 s, 65372.1 tps, lat 0.489 ms stddev 0.300, 0 failed
progress: 15.0 s, 65046.7 tps, lat 0.491 ms stddev 0.289, 0 failed
progress: 20.0 s, 64767.7 tps, lat 0.493 ms stddev 0.284, 0 failed
progress: 25.0 s, 64908.0 tps, lat 0.492 ms stddev 0.290, 0 failed
progress: 30.0 s, 65314.2 tps, lat 0.489 ms stddev 0.302, 0 failed
progress: 35.0 s, 64906.6 tps, lat 0.492 ms stddev 0.285, 0 failed
progress: 40.0 s, 66088.3 tps, lat 0.483 ms stddev 0.294, 0 failed
progress: 45.0 s, 66277.1 tps, lat 0.482 ms stddev 0.293, 0 failed
progress: 50.0 s, 66029.4 tps, lat 0.484 ms stddev 0.293, 0 failed
progress: 55.0 s, 65338.5 tps, lat 0.489 ms stddev 0.288, 0 failed
progress: 60.0 s, 65994.0 tps, lat 0.484 ms stddev 0.293, 0 failed
progress: 65.0 s, 65997.9 tps, lat 0.484 ms stddev 0.295, 0 failed
progress: 70.0 s, 65334.4 tps, lat 0.489 ms stddev 0.308, 0 failed
progress: 75.0 s, 65109.8 tps, lat 0.491 ms stddev 0.302, 0 failed
progress: 80.0 s, 64641.4 tps, lat 0.494 ms stddev 0.298, 0 failed
progress: 85.0 s, 63884.2 tps, lat 0.500 ms stddev 0.280, 0 failed
progress: 90.0 s, 63534.9 tps, lat 0.503 ms stddev 0.262, 0 failed
progress: 95.0 s, 64974.9 tps, lat 0.492 ms stddev 0.287, 0 failed
progress: 100.0 s, 65050.6 tps, lat 0.491 ms stddev 0.287, 0 failed
progress: 105.0 s, 61731.4 tps, lat 0.517 ms stddev 0.262, 0 failed
progress: 110.0 s, 63509.5 tps, lat 0.503 ms stddev 0.266, 0 failed
progress: 115.0 s, 62400.7 tps, lat 0.512 ms stddev 0.272, 0 failed
progress: 120.0 s, 63217.0 tps, lat 0.505 ms stddev 0.284, 0 failed
transaction type: <builtin: select only>
scaling factor: 10
query mode: simple
number of clients: 32
number of threads: 4
maximum number of tries: 1
duration: 120 s
number of transactions actually processed: 7765890
number of failed transactions: 0 (0.000%)
latency average = 0.494 ms
latency stddev = 0.289 ms
initial connection time = 21.140 ms
tps = 64720.038781 (without initial connection time)
statement latencies in milliseconds and failures:
         0.000           0 \set aid random(1, 100000 * :scale)
         0.493           0 SELECT abalance FROM pgbench_accounts WHERE aid = :aid;

=========================================
=== T053 COMPLETE ===
=========================================
